SLURM NODE: kn164
TEXT: I enjoyed the acting, but the story was confusing and the ending left me disappointed.
[{'node_identifiers': tensor([-1,  9, 10,  2,  6]), 'node_attributes': tensor([[ 1.0000,  1.0000,  1.0000,  ...,  1.0000,  1.0000,  1.0000],
        [-0.5525,  0.0110, -0.1672,  ..., -0.0573,  0.0732,  0.7179],
        [-0.8452,  0.4847, -0.0345,  ..., -0.0410, -0.0187,  0.2391],
        [ 0.1066, -0.2573,  0.2883,  ...,  0.4470,  0.5125,  0.3275],
        [-0.5249, -0.3844,  0.3051,  ...,  0.1630,  0.0149,  0.5747]]), 'node_labels': ['[T-1]', 'was', 'confusing', 'enjoyed', 'but'], 'edge_identifiers': tensor([[-1,  9,  9, 10,  9, 10,  2,  6,  6,  2,  6],
        [-1,  9, 10, 10, -1, -1,  2,  2,  6, -1, -1]]), 'edge_weights': tensor([ 1.0000, -0.0703, -0.2181, -0.0626, -0.2063, -0.2778,  0.0767,  0.3110,
         0.0971,  0.2440,  0.1103])}, 
 {'node_identifiers': tensor([-2,  1,  8,  5]), 'node_attributes': tensor([[ 1.0000,  1.0000,  1.0000,  ...,  1.0000,  1.0000,  1.0000],
        [-0.3439,  0.1290, -0.0030,  ...,  0.3391,  0.1531,  0.5330],
        [-0.5124,  0.4453,  0.2314,  ...,  0.5943, -0.0309,  0.3512],
        [-0.4854, -0.1303, -0.2282,  ...,  0.3003,  0.4131, -0.2042]]), 'node_labels': ['[T-2]', 'was', 'disappointed', 'ending'], 'edge_identifiers': tensor([[-2,  1,  8,  8,  1,  8,  5,  5,  5],
        [-2,  1,  1,  8, -2, -2,  5,  8, -2]]), 'edge_weights': tensor([ 1.0000, -0.1712, -0.0594, -0.1307, -0.1124, -0.2067,  0.1748,  0.0898,
         0.1230])}]
Elapsed time: 0.3847801685333252

Tokens/nodes: ['[D]', '[T-1]', 'was', 'confusing', 'enjoyed', 'but', '[T-2]', 'was', 'disappointed', 'ending']
Node attributes:
[1.0, 1.0, 1.0, 1.0, 1.0] ... [1.0, 1.0, 1.0, 1.0, 1.0]
[1.0, 1.0, 1.0, 1.0, 1.0] ... [1.0, 1.0, 1.0, 1.0, 1.0]
[1.0, 1.0, 1.0, 1.0, 1.0] ... [1.0, 1.0, 1.0, 1.0, 1.0]
[-0.5524831414222717, 0.011027060449123383, -0.1672334223985672, -0.31043022871017456, -0.9241157174110413] ... [-0.4561500549316406, 0.5091420412063599, -0.05734609067440033, 0.07320231199264526, 0.7179386019706726]
[-0.8452242016792297, 0.48467114567756653, -0.034450508654117584, -0.6197152733802795, -0.41917142271995544] ... [-0.45554518699645996, 0.5073388814926147, -0.04099515452980995, -0.018738094717264175, 0.2391415685415268]
[0.10660286992788315, -0.2572534382343292, 0.28825342655181885, 0.2314276248216629, -0.10874827206134796] ... [0.6197472214698792, 0.5152859687805176, 0.44700175523757935, 0.5125336050987244, 0.3275087773799896]
[-0.5249293446540833, -0.38442203402519226, 0.3051234483718872, -0.22851970791816711, -1.264273762702942] ... [-0.47536712884902954, 0.5614610314369202, 0.16295866668224335, 0.014948796480894089, 0.5747188925743103]
[-0.3439318537712097, 0.12897717952728271, -0.003015270223841071, -0.7559828162193298, -0.968548595905304] ... [-0.8833677172660828, 0.2507047653198242, 0.3391142785549164, 0.15313977003097534, 0.5329612493515015]
[-0.512446403503418, 0.44531145691871643, 0.2313978523015976, -1.0533555746078491, -0.8512572646141052] ... [-1.012539267539978, 0.09523291885852814, 0.5943313837051392, -0.030941061675548553, 0.35123127698898315]
[-0.485431969165802, -0.13030000030994415, -0.22821678221225739, -0.9267202019691467, -0.7338395714759827] ... [-1.3341337442398071, 0.6952071785926819, 0.30028656125068665, 0.4131445288658142, -0.20419807732105255]
Edge identifiers: tensor([
        [0, 1, 2, 1, 3, 3, 4, 3, 4, 5, 6, 6, 5, 6, 2, 7, 8, 8, 7, 8, 9, 9, 9],
        [0, 0, 0, 1, 3, 4, 4, 1, 1, 5, 5, 6, 1, 1, 2, 7, 7, 8, 2, 2, 9, 8, 2]])
Edge weights: tensor([ 1.0000,  1.0000,  1.0000,  1.0000, -0.0703, -0.2181, -0.0626, -0.2063,
        -0.2778,  0.0767,  0.3110,  0.0971,  0.2440,  0.1103,  1.0000, -0.1712,
        -0.0594, -0.1307, -0.1124, -0.2067,  0.1748,  0.0898,  0.1230])
Document label: tensor([0])
Document identifier: tensor([110])
