SLURM NODE: kn076
TEXT: I enjoyed the acting, but the story was confusing and the ending left me disappointed.
tensor([[ 9, 14, 16],
        [-1, -1, -1]])
tensor([0.0672, 0.1021, 0.2364])
tensor([[ 2,  6, 16],
        [-1, -1, -1]])
tensor([0.1306, 0.0898, 0.0933])
Elapsed time: 0.8224468231201172

Tokens/nodes: ['was', 'left', 'disappointed', 'enjoyed', 'but']
Node attributes: tensor([[-0.5256,  0.0809,  0.3458,  ...,  0.1073,  0.1793,  0.5993],
        [-0.3850,  0.1596,  0.2225,  ...,  0.1874,  0.0897,  0.2142],
        [-0.6037,  0.3428,  0.0567,  ...,  0.5044, -0.0662,  0.3468],
        [ 0.2319, -0.4905,  0.3269,  ...,  0.4796,  0.5055,  0.1618],
        [-0.3225, -0.3413,  0.5570,  ...,  0.5218,  0.0134,  0.4788]])
Edge identifiers: tensor([[0, 0, 1, 1, 2, 3, 4, 4, 4],
        [0, 2, 1, 2, 2, 3, 3, 4, 2]])
Edge weights: tensor([[0.0644, 0.0000],
        [0.0624, 0.0000],
        [0.0922, 0.0000],
        [0.2120, 0.0000],
        [0.0894, 0.1355],
        [0.0000, 0.0862],
        [0.0000, 0.2374],
        [0.0000, 0.0621],
        [0.0000, 0.0842]])
Document label: tensor([0])
Document identifier: tensor([110])
