SLURM NODE: kn149
TEXT: This movie is simply heartwarming...
Elapsed time: 0.3107640743255615

Token threshold: 0.65

Tokens/nodes: ['[D]', '[T-1]', 'is', '##war', '##ming', 'this', 'movie']
Node attributes: tensor([[ 1.0000,  1.0000,  1.0000,  ...,  1.0000,  1.0000,  1.0000],
        [ 1.0000,  1.0000,  1.0000,  ...,  1.0000,  1.0000,  1.0000],
        [-0.6302,  0.0800, -0.5004,  ..., -0.3182, -0.2331, -0.6550],
        ...,
        [-0.6416,  0.1051, -0.5331,  ..., -0.3300, -0.3751, -0.8001],
        [-0.6177,  0.1001, -0.5135,  ..., -0.6697, -0.1644, -0.7478],
        [-0.5254, -0.0905, -0.6391,  ..., -0.7022, -0.2595, -0.6799]])
Edge identifiers: tensor([[0, 1, 1, 2, 2, 3, 4, 4, 2, 3, 4, 5, 5, 6, 6, 5, 6],
        [0, 0, 1, 2, 3, 3, 3, 4, 1, 1, 1, 5, 6, 5, 6, 1, 1]])
Edge weights: tensor([[1.0000, 1.0000],
        [1.0000, 1.0000],
        [1.0000, 1.0000],
        [0.1057, 0.0000],
        [0.1332, 0.0000],
        [0.0826, 0.0000],
        [0.2535, 0.0000],
        [0.0997, 0.0712],
        [0.1142, 0.0000],
        [0.1239, 0.0000],
        [0.1293, 0.1022],
        [0.0000, 0.1024],
        [0.0000, 0.1594],
        [0.0000, 0.1650],
        [0.0000, 0.2202],
        [0.0000, 0.0973],
        [0.0000, 0.0958]])
Document label: tensor([0])
Document identifier: tensor([110])
