SLURM NODE: kn083
TEXT: I enjoyed the acting, but the story was confusing and the ending left me disappointed.
tensor([ 9, 14, 16])
tensor([[ 9, 14, 16],
        [-1, -1, -1]])
tensor([[ 9,  9, 14, 14, 16],
        [ 9, 16, 14, 16, 16]])
tensor([[ 9,  9, 14, 14, 16,  9, 14, 16],
        [ 9, 16, 14, 16, 16, -1, -1, -1]])
>> tensor([[-1, -1, -1],
        [ 9, 14, 16]])
tensor([ 2,  6, 16])
tensor([[ 2,  6, 16],
        [-1, -1, -1]])
tensor([[ 2,  6,  6,  6, 16],
        [ 2,  2,  6, 16, 16]])
tensor([[ 2,  6,  6,  6, 16,  2,  6, 16],
        [ 2,  2,  6, 16, 16, -1, -1, -1]])
>> tensor([[-1, -1, -1],
        [ 2,  6, 16]])
Elapsed time: 0.760725736618042

Tokens/nodes: ['[D]', '[T-1]', 'was', 'left', 'disappointed', 'enjoyed', 'but']
Node attributes: tensor([[ 1.0000,  1.0000,  1.0000,  ...,  1.0000,  1.0000,  1.0000],
        [ 1.0000,  1.0000,  1.0000,  ...,  1.0000,  1.0000,  1.0000],
        [-0.5256,  0.0809,  0.3458,  ...,  0.1073,  0.1793,  0.5993],
        ...,
        [-0.6037,  0.3428,  0.0567,  ...,  0.5044, -0.0662,  0.3468],
        [ 0.2319, -0.4905,  0.3269,  ...,  0.4796,  0.5055,  0.1618],
        [-0.3225, -0.3413,  0.5570,  ...,  0.5218,  0.0134,  0.4788]])
Edge identifiers: tensor([[0, 1, 1, 2, 2, 3, 3, 4, 2, 3, 4, 5, 6, 6, 6, 5, 6],
        [0, 0, 1, 2, 4, 3, 4, 4, 1, 1, 1, 5, 5, 6, 4, 1, 1]])
Edge weights: tensor([[1.0000, 1.0000],
        [1.0000, 1.0000],
        [1.0000, 1.0000],
        [0.0644, 0.0000],
        [0.0624, 0.0000],
        [0.0922, 0.0000],
        [0.2120, 0.0000],
        [0.0894, 0.1355],
        [0.0672, 0.0000],
        [0.1021, 0.0000],
        [0.2364, 0.0933],
        [0.0000, 0.0862],
        [0.0000, 0.2374],
        [0.0000, 0.0621],
        [0.0000, 0.0842],
        [0.0000, 0.1306],
        [0.0000, 0.0898]])
Document label: tensor([0])
Document identifier: tensor([110])
