SLURM NODE: kn114
TEXT: ... spiced with humor ( ' I speak fluent flatula , ' advises Denlopp after a rather , er , bubbly exchange with an alien deckhand ) and witty updatings ( Silver 's parrot has been replaced with Morph , a cute alien creature who mimics everyone and everything around )
Elapsed time: 0.380328893661499

Tokens/nodes: ['[D]', '[T-1]', 'spice', '##d', 'with', 'advises', 'and', 'witty', '##dating', '##s', 'humor', '##pp']
Node attributes: tensor([[ 1.0000,  1.0000,  1.0000,  ...,  1.0000,  1.0000,  1.0000],
        [ 1.0000,  1.0000,  1.0000,  ...,  1.0000,  1.0000,  1.0000],
        [-0.8318, -0.2012, -0.6184,  ...,  0.0282, -0.0415, -0.6611],
        ...,
        [-0.9480, -0.1874, -0.5863,  ..., -0.0589, -0.2860, -0.5733],
        [-1.1147,  0.1214, -0.3757,  ..., -0.3946,  0.2214,  0.1036],
        [-0.4634, -0.3182, -0.2993,  ...,  0.7843,  0.2908, -0.2355]])
Edge identifiers: tensor([[ 0,  1,  1,  2,  2,  2,  3,  3,  3,  4,  4,  4,  5,  6,  6,  6,  7,  7,
          7,  7,  8,  8,  8,  9,  9,  2,  3,  4,  5,  6,  7,  8,  9,  2,  3,  4,
         10, 10, 10, 11,  9,  9, 10, 11],
        [ 0,  0,  1,  2,  3,  4,  2,  3,  4,  2,  3,  4,  5,  6,  7,  8,  6,  7,
          8,  9,  7,  8,  9,  8,  9,  1,  1,  1,  1,  1,  1,  1,  1, 10, 10, 10,
          2,  4, 10, 11,  6,  7,  1,  1]])
Edge weights: tensor([[1.0000, 1.0000],
        [1.0000, 1.0000],
        [1.0000, 1.0000],
        [0.0610, 0.0798],
        [0.0875, 0.0668],
        [0.0904, 0.1091],
        [0.0737, 0.2272],
        [0.0413, 0.0555],
        [0.1274, 0.0000],
        [0.1607, 0.1846],
        [0.0575, 0.0971],
        [0.0466, 0.0618],
        [0.0704, 0.0000],
        [0.0567, 0.0790],
        [0.0518, 0.1083],
        [0.0378, 0.0000],
        [0.0450, 0.0905],
        [0.0495, 0.0963],
        [0.0610, 0.0000],
        [0.0674, 0.0000],
        [0.0640, 0.0000],
        [0.0548, 0.0000],
        [0.1111, 0.0000],
        [0.1234, 0.0000],
        [0.0416, 0.0354],
        [0.0508, 0.0591],
        [0.0567, 0.0552],
        [0.0497, 0.0484],
        [0.0175, 0.0000],
        [0.0793, 0.0369],
        [0.0368, 0.0629],
        [0.0262, 0.0000],
        [0.0308, 0.0254],
        [0.0000, 0.1248],
        [0.0000, 0.0946],
        [0.0000, 0.1219],
        [0.0000, 0.0746],
        [0.0000, 0.0813],
        [0.0000, 0.0516],
        [0.0000, 0.0525],
        [0.0000, 0.0838],
        [0.0000, 0.1635],
        [0.0000, 0.0268],
        [0.0000, 0.0269]])
Document label: tensor([0])
Document identifier: tensor([110])
