SLURM NODE: kn067
TEXT: A disoriented but occasionally disarming saga packed with moments out of an Alice in Wonderland adventure , a stalker thriller , and a condensed season of TV 's Big Brother .
Elapsed time: 0.4002542495727539

Tokens/nodes: ['[D]', '[T-1]', 'a', 'di', '##iente', 'but', 'occasionally', '##ming', 'packed', 'with', 'and']
Node attributes: tensor([[ 1.0000,  1.0000,  1.0000,  ...,  1.0000,  1.0000,  1.0000],
        [ 1.0000,  1.0000,  1.0000,  ...,  1.0000,  1.0000,  1.0000],
        [-1.0787,  0.3402, -0.0167,  ..., -0.2902, -0.1166, -0.1034],
        ...,
        [-0.8945, -0.0328, -0.0271,  ..., -0.0289, -0.2575, -0.2724],
        [-0.8540, -0.2118,  0.0210,  ..., -0.1764, -0.4002, -0.0426],
        [-0.6651, -0.2670, -0.1018,  ..., -0.2853, -0.2081, -0.4315]])
Edge identifiers: tensor([[ 0,  1,  1,  2,  2,  3,  3,  3,  4,  4,  5,  5,  6,  2,  3,  4,  5,  6,
          2,  2,  7,  7,  8,  9,  9, 10, 10,  7,  8,  9, 10],
        [ 0,  0,  1,  2,  4,  2,  3,  5,  3,  4,  5,  6,  6,  1,  1,  1,  1,  1,
          7,  8,  7,  8,  8,  8,  9,  8, 10,  1,  1,  1,  1]])
Edge weights: tensor([[1.0000, 1.0000],
        [1.0000, 1.0000],
        [1.0000, 1.0000],
        [0.1007, 0.0781],
        [0.0850, 0.0000],
        [0.0844, 0.0000],
        [0.0222, 0.0000],
        [0.1013, 0.0000],
        [0.0917, 0.0000],
        [0.0556, 0.0000],
        [0.0701, 0.0000],
        [0.2629, 0.0000],
        [0.1524, 0.0000],
        [0.0931, 0.0736],
        [0.0612, 0.0000],
        [0.0379, 0.0000],
        [0.0462, 0.0000],
        [0.0482, 0.0000],
        [0.0000, 0.0740],
        [0.0000, 0.0799],
        [0.0000, 0.0276],
        [0.0000, 0.0678],
        [0.0000, 0.0963],
        [0.0000, 0.3082],
        [0.0000, 0.0410],
        [0.0000, 0.0788],
        [0.0000, 0.0469],
        [0.0000, 0.0399],
        [0.0000, 0.1525],
        [0.0000, 0.0519],
        [0.0000, 0.0399]])
Document label: tensor([0])
Document identifier: tensor([110])
