SLURM NODE: kn114
TEXT: As an avid fan of the Flashman books by George McDonald Fraser, I looked forward immensely to seeing Flashy on the big screen when this film was first released. Sadly it was a huge disappointment then - so I left it alone for 20 years before going back to watch it again, but it was no better the second time. Mr Fraser is a tremendously skillful writer, but I am not a fan of his film screenplay work with Richard Lester. The penchant for slapstick spoilt 'The Three Musketeers' for me and the same applies here. To me, the whole tone and feel of the film is wrong. The Flashman books are uproariously funny in parts, but they are adventure novels. There is much seriousness in the way the adventures that Flashman has - after all, he is involved in dangerous situations. This is conveyed in the novels, but not conveyed at all on film due to the its comedic style. It is a tremendous shame as it could have a great film had it been a more faithful adaptation of the style of the book. When I first read that the book was to be filmed, the article said that the film was to star Oliver Reed. I rejoiced, as Reed to me was the epitome of Flashman. How I would have loved to see him in the role. Malcolm McDowell is a good actor, but does not fit the visual image of Flashman created by the books (too scrawny looking! Flashman is supposed to be a big strapping fellow). Neverheless Reed was excellent as Bismarck. What kills the film is that it is made as a comedy. The only scene in which it creates the true atmosphere of the book is the scene in which Flashman kills de Gautet (Tom Bell). A great shame, as the production values, costumes, sets etc are superb and the casting is generally excellent - just about everybody in the film is well cast apart from Malcolm McDowell. Possibly the directorship of Richard Lester was responsible for the way the film is, as a recent radio adaptation of 'Flash For Freedom', adapted by Mr Fraser, worked quite well. Perhaps one day we may see Flashman done justice on screen.
Elapsed time: 0.5520281791687012

Tokens/nodes: ['[D]', '[T-1]', 'flash', 'fraser', 'i', 'flash', 'this', 'it', 'disappointment', 'i', 'it', 'watch', 'it', 'but', 'it', 'was', 'no', 'mr', 'the', 'slap', 'spoil', '##t', 'here', 'me', 'whole', 'of', 'the', 'is', 'wrong', 'adventure', 'shame', 'it', '##d', 'as', 'reed', 'was', 'the', '##me', 'of', 'see', 'the', 'does', 'not', 'too', 'kills', 'the', 'is', 'the', 'only', 'a', 'shame', 'production', 'generally', 'just', 'cast', 'mcdowell', 'possibly', 'lester', 'the', 'fraser', 'one', 'day', 'we', 'film', 'better', 'the', '##ske', 'film', 'is', 'much', 'seriousness', 'tremendous', 'as', 'have', 'great', '##ice', 'mcdowell', 'is', 'made', 'it', 'creates', 'great', 'as', 'the', 'are', 'superb', 'the', 'is', 'excellent', 'the', 'film', 'is', 'well', 'the', 'is', 'worked', 'well']
Node attributes: tensor([[ 1.0000,  1.0000,  1.0000,  ...,  1.0000,  1.0000,  1.0000],
        [ 1.0000,  1.0000,  1.0000,  ...,  1.0000,  1.0000,  1.0000],
        [-0.5018, -0.1013,  0.6606,  ...,  0.1744, -0.2849, -0.3351],
        ...,
        [-0.8007, -0.0080, -0.3491,  ..., -0.3343,  0.2700,  0.5342],
        [-0.1103,  0.7234,  0.2535,  ..., -0.5692,  0.1303,  0.3343],
        [-0.4502,  0.3651,  0.3439,  ..., -0.4940,  0.1521, -0.1994]])
Edge identifiers: tensor([[ 0,  1,  1,  ..., 94, 95, 96],
        [ 0,  0,  1,  ...,  1,  1,  1]])
Edge weights: tensor([[1.0000, 1.0000],
        [1.0000, 1.0000],
        [1.0000, 1.0000],
        ...,
        [0.0000, 0.0051],
        [0.0000, 0.0174],
        [0.0000, 0.0063]])
Document label: tensor([0])
Document identifier: tensor([110])
