SLURM NODE: kn048
TEXT: Although I laughed a lot, this has to be one of the worst movies ever made!
Elapsed time: 0.9269633293151855

Tokens/nodes: ['[D]', '[T-1]', 'this', 'one', 'worst', 'laughed']
Node attributes: tensor([[ 1.0000,  1.0000,  1.0000,  ...,  1.0000,  1.0000,  1.0000],
        [ 1.0000,  1.0000,  1.0000,  ...,  1.0000,  1.0000,  1.0000],
        [-0.7900,  0.3779,  0.3779,  ...,  0.3711,  0.4054,  0.1069],
        [-0.2017,  0.4518,  0.1475,  ...,  0.3988,  0.4804,  0.2730],
        [-0.2031,  0.5643,  0.0482,  ...,  0.3235,  0.1593, -0.1641],
        [ 0.0330,  0.3909,  0.5585,  ...,  0.3298,  0.6594, -0.4613]])
Edge identifiers: tensor([[0, 1, 1, 2, 2, 3, 3, 4, 2, 3, 4, 5, 4, 5],
        [0, 0, 1, 2, 4, 3, 4, 4, 1, 1, 1, 5, 5, 1]])
Edge weights: tensor([[1.0000, 1.0000],
        [1.0000, 1.0000],
        [1.0000, 1.0000],
        [0.0567, 0.0000],
        [0.1908, 0.0000],
        [0.0268, 0.0329],
        [0.2698, 0.1914],
        [0.1229, 0.1104],
        [0.0592, 0.0000],
        [0.0663, 0.0568],
        [0.2364, 0.0746],
        [0.0000, 0.0926],
        [0.0000, 0.0746],
        [0.0000, 0.0860]])
Document label: tensor([0])
Document identifier: tensor([110])
