SLURM NODE: kn066
TEXT: This is the grandest, most awesome movie ever -- not!
Elapsed time: 0.8618311882019043

Tokens/nodes: ['[D]', '[T-1]', 'this', 'not', 'is', 'awesome']
Node attributes: tensor([[ 1.0000,  1.0000,  1.0000,  ...,  1.0000,  1.0000,  1.0000],
        [ 1.0000,  1.0000,  1.0000,  ...,  1.0000,  1.0000,  1.0000],
        [-1.1164,  0.4173,  0.1565,  ..., -1.0669,  0.1249, -0.3796],
        [-0.0588,  0.1036,  0.1802,  ...,  0.1057,  0.1160,  0.1401],
        [-0.6695,  0.1078,  0.1181,  ..., -0.6781,  0.2431, -0.1580],
        [-0.4669, -0.0313,  0.0116,  ..., -0.5962,  0.1655, -0.5206]])
Edge identifiers: tensor([[0, 1, 1, 2, 2, 3, 2, 3, 4, 4, 5, 4, 5],
        [0, 0, 1, 2, 3, 3, 1, 1, 4, 5, 5, 1, 1]])
Edge weights: tensor([[1.0000, 1.0000],
        [1.0000, 1.0000],
        [1.0000, 1.0000],
        [0.0800, 0.0000],
        [0.1928, 0.0000],
        [0.0883, 0.0000],
        [0.0581, 0.0000],
        [0.2132, 0.0000],
        [0.0000, 0.0554],
        [0.0000, 0.1143],
        [0.0000, 0.0480],
        [0.0000, 0.0887],
        [0.0000, 0.1504]])
Document label: tensor([0])
Document identifier: tensor([110])
