SLURM NODE: kn067
TEXT: E.T. works because its flabbergasting principals , 14-year-old Robert MacNaughton , 6-year-old Drew Barrymore and 10-year-old Henry Thomas , convince us of the existence of the wise , wizened visitor from a faraway planet .
Elapsed time: 0.9706366062164307

Tokens/nodes: ['[D]', '[T-1]', 'works', 'because', 'its', 'fl', '##ab', 'principals', 'convince', 'us', '##ing', 'wise']
Node attributes: tensor([[ 1.0000,  1.0000,  1.0000,  ...,  1.0000,  1.0000,  1.0000],
        [ 1.0000,  1.0000,  1.0000,  ...,  1.0000,  1.0000,  1.0000],
        [-0.6371,  0.7516, -0.4993,  ...,  0.2146,  0.0542,  0.0752],
        ...,
        [-0.9616,  0.7604, -0.1676,  ...,  0.1969,  0.5524, -0.0023],
        [-0.7055,  0.7393,  0.0945,  ...,  0.3299,  0.2880, -0.1834],
        [-0.8861,  0.2814,  0.4703,  ..., -0.1676, -0.4216, -0.2980]])
Edge identifiers: tensor([[ 0,  1,  1,  2,  2,  3,  3,  3,  4,  4,  4,  4,  5,  5,  5,  5,  6,  6,
          6,  7,  8,  8,  8,  9,  9,  2,  3,  4,  5,  6,  7,  8,  9,  2,  3,  4,
         10, 10,  7,  8, 11, 10, 11],
        [ 0,  0,  1,  2,  3,  2,  3,  8,  2,  3,  4,  7,  2,  4,  5,  6,  5,  6,
          7,  7,  2,  3,  8,  8,  9,  1,  1,  1,  1,  1,  1,  1,  1,  4,  4,  8,
         10,  8,  4,  9, 11,  1,  1]])
Edge weights: tensor([[1.0000, 1.0000],
        [1.0000, 1.0000],
        [1.0000, 1.0000],
        [0.1397, 0.0726],
        [0.1011, 0.1885],
        [0.1268, 0.2029],
        [0.1157, 0.0904],
        [0.0740, 0.0758],
        [0.0526, 0.1113],
        [0.1215, 0.0927],
        [0.0590, 0.0744],
        [0.0727, 0.0808],
        [0.0641, 0.0000],
        [0.0524, 0.0000],
        [0.0342, 0.0000],
        [0.1830, 0.0000],
        [0.0783, 0.0000],
        [0.0424, 0.0000],
        [0.0612, 0.0000],
        [0.0922, 0.0686],
        [0.0747, 0.0000],
        [0.1547, 0.0689],
        [0.1027, 0.0545],
        [0.1011, 0.0733],
        [0.0788, 0.1628],
        [0.0636, 0.1598],
        [0.0681, 0.0999],
        [0.0433, 0.0461],
        [0.0421, 0.0000],
        [0.0317, 0.0000],
        [0.0299, 0.0183],
        [0.0364, 0.0756],
        [0.0611, 0.0507],
        [0.0000, 0.0666],
        [0.0000, 0.0965],
        [0.0000, 0.0813],
        [0.0000, 0.0179],
        [0.0000, 0.0735],
        [0.0000, 0.0955],
        [0.0000, 0.0995],
        [0.0000, 0.0452],
        [0.0000, 0.0196],
        [0.0000, 0.0253]])
Document label: tensor([0])
Document identifier: tensor([110])
