SLURM NODE: kn078
[I 2026-03-25 04:43:56,046] Using an existing study with name 'IMDb-Sliding_windows' instead of creating a new one.
[UPDATE] 50 completed trials using a random sampler. Switching from random to TPE sampling.
Last trial state: 0
Enqueuing hyper-parameters: {'batch_size': 128, 'window_size': 4, 'attention_heads': 8, 'hidden_dimension': 32, 'number_of_hidden_layers': 0, 'dropout_rate': 0.1, 'learning_rate': 0.0001, 'weight_decay': 0.001}
[I 2026-03-25 06:57:14,082] Trial 121 finished with value: 0.9396 and parameters: {'batch_size': 128, 'window_size': 4, 'attention_heads': 8, 'hidden_dimension': 32, 'number_of_hidden_layers': 0, 'dropout_rate': 0.1, 'learning_rate': 0.0001, 'weight_decay': 0.001}. Best is trial 83 with value: 0.9408.
[I 2026-03-25 09:10:11,261] Trial 122 finished with value: 0.9374 and parameters: {'batch_size': 128, 'window_size': 4, 'attention_heads': 6, 'hidden_dimension': 32, 'number_of_hidden_layers': 0, 'dropout_rate': 0.1, 'learning_rate': 0.0001, 'weight_decay': 0.0001}. Best is trial 83 with value: 0.9408.
[I 2026-03-25 09:10:12,025] Trial 123 pruned. Duplicate hyper-parameters, same as those used in trial 121: {'batch_size': 128, 'window_size': 4, 'attention_heads': 8, 'hidden_dimension': 32, 'number_of_hidden_layers': 0, 'dropout_rate': 0.1, 'learning_rate': 0.0001, 'weight_decay': 0.001}.
[I 2026-03-25 11:35:29,409] Trial 124 finished with value: 0.9384 and parameters: {'batch_size': 64, 'window_size': 5, 'attention_heads': 2, 'hidden_dimension': 128, 'number_of_hidden_layers': 2, 'dropout_rate': 0.3, 'learning_rate': 0.001, 'weight_decay': 1e-06}. Best is trial 83 with value: 0.9408.
[I 2026-03-25 13:59:21,407] Trial 125 finished with value: 0.9338 and parameters: {'batch_size': 64, 'window_size': 5, 'attention_heads': 6, 'hidden_dimension': 128, 'number_of_hidden_layers': 0, 'dropout_rate': 0.1, 'learning_rate': 0.0001, 'weight_decay': 1e-06}. Best is trial 83 with value: 0.9408.
[I 2026-03-25 16:46:23,441] Trial 126 finished with value: 0.9314 and parameters: {'batch_size': 16, 'window_size': 3, 'attention_heads': 1, 'hidden_dimension': 32, 'number_of_hidden_layers': 0, 'dropout_rate': 0.2, 'learning_rate': 0.0001, 'weight_decay': 1e-05}. Best is trial 83 with value: 0.9408.
[I 2026-03-25 18:45:43,045] Trial 127 finished with value: 0.9378 and parameters: {'batch_size': 128, 'window_size': 3, 'attention_heads': 8, 'hidden_dimension': 32, 'number_of_hidden_layers': 1, 'dropout_rate': 0.2, 'learning_rate': 0.0001, 'weight_decay': 0.001}. Best is trial 83 with value: 0.9408.
[I 2026-03-25 20:41:46,749] Trial 128 finished with value: 0.9364 and parameters: {'batch_size': 128, 'window_size': 3, 'attention_heads': 6, 'hidden_dimension': 32, 'number_of_hidden_layers': 0, 'dropout_rate': 0.1, 'learning_rate': 0.0003, 'weight_decay': 0.001}. Best is trial 83 with value: 0.9408.
[I 2026-03-25 23:19:08,495] Trial 129 finished with value: 0.9334 and parameters: {'batch_size': 64, 'window_size': 4, 'attention_heads': 8, 'hidden_dimension': 128, 'number_of_hidden_layers': 2, 'dropout_rate': 0.2, 'learning_rate': 1e-05, 'weight_decay': 1e-05}. Best is trial 83 with value: 0.9408.
[I 2026-03-26 02:10:06,403] Trial 130 finished with value: 0.9292 and parameters: {'batch_size': 16, 'window_size': 4, 'attention_heads': 4, 'hidden_dimension': 32, 'number_of_hidden_layers': 1, 'dropout_rate': 0.2, 'learning_rate': 1e-05, 'weight_decay': 1e-05}. Best is trial 83 with value: 0.9408.
[I 2026-03-26 04:24:38,830] Trial 131 finished with value: 0.9344 and parameters: {'batch_size': 128, 'window_size': 3, 'attention_heads': 6, 'hidden_dimension': 128, 'number_of_hidden_layers': 2, 'dropout_rate': 0.1, 'learning_rate': 1e-05, 'weight_decay': 0.001}. Best is trial 83 with value: 0.9408.
[I 2026-03-26 07:18:23,682] Trial 132 finished with value: 0.9292 and parameters: {'batch_size': 16, 'window_size': 2, 'attention_heads': 8, 'hidden_dimension': 32, 'number_of_hidden_layers': 2, 'dropout_rate': 0.1, 'learning_rate': 0.0001, 'weight_decay': 0.001}. Best is trial 83 with value: 0.9408.
[I 2026-03-26 09:17:41,045] Trial 133 finished with value: 0.939 and parameters: {'batch_size': 128, 'window_size': 3, 'attention_heads': 8, 'hidden_dimension': 32, 'number_of_hidden_layers': 0, 'dropout_rate': 0.1, 'learning_rate': 0.0003, 'weight_decay': 1e-05}. Best is trial 83 with value: 0.9408.
[I 2026-03-26 11:26:26,975] Trial 134 finished with value: 0.938 and parameters: {'batch_size': 128, 'window_size': 3, 'attention_heads': 2, 'hidden_dimension': 32, 'number_of_hidden_layers': 0, 'dropout_rate': 0.2, 'learning_rate': 1e-05, 'weight_decay': 1e-05}. Best is trial 83 with value: 0.9408.
[I 2026-03-26 13:32:22,888] Trial 135 finished with value: 0.9378 and parameters: {'batch_size': 128, 'window_size': 3, 'attention_heads': 8, 'hidden_dimension': 32, 'number_of_hidden_layers': 2, 'dropout_rate': 0.1, 'learning_rate': 1e-05, 'weight_decay': 1e-06}. Best is trial 83 with value: 0.9408.
[I 2026-03-26 15:42:53,125] Trial 136 finished with value: 0.9388 and parameters: {'batch_size': 64, 'window_size': 4, 'attention_heads': 4, 'hidden_dimension': 32, 'number_of_hidden_layers': 2, 'dropout_rate': 0.4, 'learning_rate': 1e-05, 'weight_decay': 0.001}. Best is trial 83 with value: 0.9408.
[I 2026-03-26 17:48:16,235] Trial 137 finished with value: 0.935 and parameters: {'batch_size': 128, 'window_size': 3, 'attention_heads': 8, 'hidden_dimension': 64, 'number_of_hidden_layers': 0, 'dropout_rate': 0.1, 'learning_rate': 0.001, 'weight_decay': 1e-06}. Best is trial 83 with value: 0.9408.
[I 2026-03-26 19:47:05,375] Trial 138 finished with value: 0.9322 and parameters: {'batch_size': 128, 'window_size': 5, 'attention_heads': 1, 'hidden_dimension': 64, 'number_of_hidden_layers': 2, 'dropout_rate': 0.4, 'learning_rate': 0.001, 'weight_decay': 0.0001}. Best is trial 83 with value: 0.9408.
[I 2026-03-26 21:48:04,294] Trial 139 finished with value: 0.938 and parameters: {'batch_size': 128, 'window_size': 4, 'attention_heads': 8, 'hidden_dimension': 32, 'number_of_hidden_layers': 1, 'dropout_rate': 0.1, 'learning_rate': 0.0001, 'weight_decay': 1e-06}. Best is trial 83 with value: 0.9408.
[I 2026-03-26 23:40:55,894] Trial 140 finished with value: 0.9372 and parameters: {'batch_size': 128, 'window_size': 2, 'attention_heads': 6, 'hidden_dimension': 32, 'number_of_hidden_layers': 0, 'dropout_rate': 0.1, 'learning_rate': 0.0001, 'weight_decay': 0.001}. Best is trial 83 with value: 0.9408.
[I 2026-03-27 01:40:49,425] Trial 141 finished with value: 0.938 and parameters: {'batch_size': 128, 'window_size': 5, 'attention_heads': 4, 'hidden_dimension': 32, 'number_of_hidden_layers': 0, 'dropout_rate': 0.1, 'learning_rate': 0.001, 'weight_decay': 0.001}. Best is trial 83 with value: 0.9408.
[I 2026-03-27 04:21:56,289] Trial 142 finished with value: 0.9416 and parameters: {'batch_size': 128, 'window_size': 5, 'attention_heads': 8, 'hidden_dimension': 128, 'number_of_hidden_layers': 2, 'dropout_rate': 0.1, 'learning_rate': 0.001, 'weight_decay': 0.0001}. Best is trial 142 with value: 0.9416.
[I 2026-03-27 04:21:56,983] Trial 143 pruned. Duplicate hyper-parameters, same as those used in trial 142: {'batch_size': 128, 'window_size': 5, 'attention_heads': 8, 'hidden_dimension': 128, 'number_of_hidden_layers': 2, 'dropout_rate': 0.1, 'learning_rate': 0.001, 'weight_decay': 0.0001}.
[I 2026-03-27 06:25:30,679] Trial 144 finished with value: 0.9348 and parameters: {'batch_size': 64, 'window_size': 3, 'attention_heads': 1, 'hidden_dimension': 32, 'number_of_hidden_layers': 0, 'dropout_rate': 0.1, 'learning_rate': 0.001, 'weight_decay': 0.001}. Best is trial 142 with value: 0.9416.
[I 2026-03-27 08:57:56,794] Trial 145 finished with value: 0.9338 and parameters: {'batch_size': 32, 'window_size': 3, 'attention_heads': 6, 'hidden_dimension': 64, 'number_of_hidden_layers': 2, 'dropout_rate': 0.4, 'learning_rate': 0.0003, 'weight_decay': 0.0001}. Best is trial 142 with value: 0.9416.
[I 2026-03-27 11:11:44,996] Trial 146 finished with value: 0.9376 and parameters: {'batch_size': 64, 'window_size': 5, 'attention_heads': 6, 'hidden_dimension': 32, 'number_of_hidden_layers': 2, 'dropout_rate': 0.1, 'learning_rate': 0.001, 'weight_decay': 0.001}. Best is trial 142 with value: 0.9416.
[I 2026-03-27 11:11:45,761] Trial 147 pruned. Duplicate hyper-parameters, same as those used in trial 88: {'batch_size': 128, 'window_size': 3, 'attention_heads': 8, 'hidden_dimension': 32, 'number_of_hidden_layers': 0, 'dropout_rate': 0.1, 'learning_rate': 0.0001, 'weight_decay': 0.0001}.
[I 2026-03-27 13:11:20,692] Trial 148 finished with value: 0.939 and parameters: {'batch_size': 128, 'window_size': 3, 'attention_heads': 8, 'hidden_dimension': 32, 'number_of_hidden_layers': 0, 'dropout_rate': 0.2, 'learning_rate': 0.001, 'weight_decay': 0.0001}. Best is trial 142 with value: 0.9416.
[I 2026-03-27 15:05:02,209] Trial 149 finished with value: 0.9378 and parameters: {'batch_size': 128, 'window_size': 2, 'attention_heads': 4, 'hidden_dimension': 32, 'number_of_hidden_layers': 0, 'dropout_rate': 0.1, 'learning_rate': 0.0003, 'weight_decay': 0.001}. Best is trial 142 with value: 0.9416.
[I 2026-03-27 17:38:16,548] Trial 150 finished with value: 0.9378 and parameters: {'batch_size': 64, 'window_size': 4, 'attention_heads': 6, 'hidden_dimension': 128, 'number_of_hidden_layers': 2, 'dropout_rate': 0.1, 'learning_rate': 0.0003, 'weight_decay': 1e-06}. Best is trial 142 with value: 0.9416.
[I 2026-03-27 20:04:05,366] Trial 151 finished with value: 0.937 and parameters: {'batch_size': 32, 'window_size': 5, 'attention_heads': 8, 'hidden_dimension': 32, 'number_of_hidden_layers': 0, 'dropout_rate': 0.2, 'learning_rate': 0.0001, 'weight_decay': 1e-05}. Best is trial 142 with value: 0.9416.
[I 2026-03-27 22:24:58,313] Trial 152 finished with value: 0.9356 and parameters: {'batch_size': 32, 'window_size': 3, 'attention_heads': 4, 'hidden_dimension': 32, 'number_of_hidden_layers': 2, 'dropout_rate': 0.2, 'learning_rate': 1e-05, 'weight_decay': 1e-05}. Best is trial 142 with value: 0.9416.
[I 2026-03-28 02:04:08,763] Trial 153 finished with value: 0.9314 and parameters: {'batch_size': 16, 'window_size': 5, 'attention_heads': 8, 'hidden_dimension': 128, 'number_of_hidden_layers': 2, 'dropout_rate': 0.4, 'learning_rate': 0.001, 'weight_decay': 0.0001}. Best is trial 142 with value: 0.9416.
slurmstepd: error: *** JOB 2554382 ON kn078 CANCELLED AT 2026-03-28T04:43:24 DUE TO TIME LIMIT ***
