SLURM NODE: kn077
[I 2026-02-26 05:21:04,628] Using an existing study with name 'SST-2-Sliding_windows' instead of creating a new one.
Last trial state: 0
Enqueuing hyper-parameters: {'batch_size': 32, 'window_size': 4, 'attention_heads': 4, 'hidden_dimension': 128, 'number_of_hidden_layers': 1, 'dropout_rate': 0.1, 'learning_rate': 1e-05, 'weight_decay': 0.001}
[I 2026-02-26 07:36:43,383] Trial 33 finished with value: 0.908256880733945 and parameters: {'batch_size': 32, 'window_size': 4, 'attention_heads': 4, 'hidden_dimension': 128, 'number_of_hidden_layers': 1, 'dropout_rate': 0.1, 'learning_rate': 1e-05, 'weight_decay': 0.001}. Best is trial 5 with value: 0.9139908256880734.
[I 2026-02-26 07:36:44,097] Trial 34 pruned. Duplicate hyper-parameters, same as those used in trial 0: {'batch_size': 32, 'window_size': 5, 'attention_heads': 6, 'hidden_dimension': 32, 'number_of_hidden_layers': 1, 'dropout_rate': 0.2, 'learning_rate': 0.0003, 'weight_decay': 0.001}.
[I 2026-02-26 07:36:44,756] Trial 35 pruned. Duplicate hyper-parameters, same as those used in trial 1: {'batch_size': 128, 'window_size': 2, 'attention_heads': 8, 'hidden_dimension': 64, 'number_of_hidden_layers': 1, 'dropout_rate': 0.1, 'learning_rate': 0.0001, 'weight_decay': 0.0001}.
[I 2026-02-26 07:36:45,487] Trial 36 pruned. Duplicate hyper-parameters, same as those used in trial 2: {'batch_size': 16, 'window_size': 5, 'attention_heads': 6, 'hidden_dimension': 64, 'number_of_hidden_layers': 2, 'dropout_rate': 0.1, 'learning_rate': 0.001, 'weight_decay': 0.001}.
[I 2026-02-26 07:36:46,163] Trial 37 pruned. Duplicate hyper-parameters, same as those used in trial 3: {'batch_size': 32, 'window_size': 2, 'attention_heads': 6, 'hidden_dimension': 64, 'number_of_hidden_layers': 1, 'dropout_rate': 0.1, 'learning_rate': 0.0003, 'weight_decay': 1e-05}.
[I 2026-02-26 07:36:46,878] Trial 38 pruned. Duplicate hyper-parameters, same as those used in trial 4: {'batch_size': 128, 'window_size': 3, 'attention_heads': 4, 'hidden_dimension': 128, 'number_of_hidden_layers': 0, 'dropout_rate': 0.4, 'learning_rate': 0.001, 'weight_decay': 0.001}.
[I 2026-02-26 07:36:47,635] Trial 39 pruned. Duplicate hyper-parameters, same as those used in trial 5: {'batch_size': 64, 'window_size': 2, 'attention_heads': 4, 'hidden_dimension': 128, 'number_of_hidden_layers': 1, 'dropout_rate': 0.3, 'learning_rate': 1e-05, 'weight_decay': 1e-06}.
[I 2026-02-26 07:36:48,438] Trial 40 pruned. Duplicate hyper-parameters, same as those used in trial 6: {'batch_size': 16, 'window_size': 4, 'attention_heads': 6, 'hidden_dimension': 32, 'number_of_hidden_layers': 1, 'dropout_rate': 0.3, 'learning_rate': 0.0003, 'weight_decay': 1e-05}.
[I 2026-02-26 07:36:49,240] Trial 41 pruned. Duplicate hyper-parameters, same as those used in trial 7: {'batch_size': 64, 'window_size': 2, 'attention_heads': 2, 'hidden_dimension': 32, 'number_of_hidden_layers': 2, 'dropout_rate': 0.3, 'learning_rate': 0.0001, 'weight_decay': 0.001}.
[I 2026-02-26 07:36:49,984] Trial 42 pruned. Duplicate hyper-parameters, same as those used in trial 8: {'batch_size': 16, 'window_size': 2, 'attention_heads': 1, 'hidden_dimension': 32, 'number_of_hidden_layers': 0, 'dropout_rate': 0.4, 'learning_rate': 0.0003, 'weight_decay': 1e-05}.
[I 2026-02-26 07:36:50,728] Trial 43 pruned. Duplicate hyper-parameters, same as those used in trial 9: {'batch_size': 32, 'window_size': 3, 'attention_heads': 4, 'hidden_dimension': 32, 'number_of_hidden_layers': 1, 'dropout_rate': 0.1, 'learning_rate': 0.001, 'weight_decay': 0.0001}.
[I 2026-02-26 07:36:51,743] Trial 44 pruned. Duplicate hyper-parameters, same as those used in trial 10: {'batch_size': 128, 'window_size': 2, 'attention_heads': 6, 'hidden_dimension': 64, 'number_of_hidden_layers': 1, 'dropout_rate': 0.3, 'learning_rate': 0.001, 'weight_decay': 1e-06}.
[I 2026-02-26 07:36:52,683] Trial 45 pruned. Duplicate hyper-parameters, same as those used in trial 11: {'batch_size': 16, 'window_size': 3, 'attention_heads': 4, 'hidden_dimension': 64, 'number_of_hidden_layers': 1, 'dropout_rate': 0.2, 'learning_rate': 0.0003, 'weight_decay': 1e-06}.
[I 2026-02-26 07:36:53,462] Trial 46 pruned. Duplicate hyper-parameters, same as those used in trial 12: {'batch_size': 32, 'window_size': 2, 'attention_heads': 6, 'hidden_dimension': 32, 'number_of_hidden_layers': 2, 'dropout_rate': 0.3, 'learning_rate': 1e-05, 'weight_decay': 0.0001}.
[I 2026-02-26 07:36:54,188] Trial 47 pruned. Duplicate hyper-parameters, same as those used in trial 13: {'batch_size': 64, 'window_size': 3, 'attention_heads': 2, 'hidden_dimension': 128, 'number_of_hidden_layers': 1, 'dropout_rate': 0.4, 'learning_rate': 0.0001, 'weight_decay': 1e-05}.
[I 2026-02-26 07:36:54,904] Trial 48 pruned. Duplicate hyper-parameters, same as those used in trial 14: {'batch_size': 128, 'window_size': 5, 'attention_heads': 8, 'hidden_dimension': 32, 'number_of_hidden_layers': 0, 'dropout_rate': 0.1, 'learning_rate': 1e-05, 'weight_decay': 0.001}.
[I 2026-02-26 07:36:55,663] Trial 49 pruned. Duplicate hyper-parameters, same as those used in trial 15: {'batch_size': 64, 'window_size': 4, 'attention_heads': 4, 'hidden_dimension': 32, 'number_of_hidden_layers': 0, 'dropout_rate': 0.2, 'learning_rate': 1e-05, 'weight_decay': 0.0001}.
[I 2026-02-26 07:36:56,481] Trial 50 pruned. Duplicate hyper-parameters, same as those used in trial 16: {'batch_size': 128, 'window_size': 5, 'attention_heads': 8, 'hidden_dimension': 32, 'number_of_hidden_layers': 0, 'dropout_rate': 0.4, 'learning_rate': 0.001, 'weight_decay': 1e-06}.
[I 2026-02-26 07:36:57,251] Trial 51 pruned. Duplicate hyper-parameters, same as those used in trial 17: {'batch_size': 64, 'window_size': 2, 'attention_heads': 1, 'hidden_dimension': 32, 'number_of_hidden_layers': 0, 'dropout_rate': 0.4, 'learning_rate': 0.0001, 'weight_decay': 1e-06}.
[I 2026-02-26 07:36:57,997] Trial 52 pruned. Duplicate hyper-parameters, same as those used in trial 18: {'batch_size': 16, 'window_size': 5, 'attention_heads': 4, 'hidden_dimension': 32, 'number_of_hidden_layers': 1, 'dropout_rate': 0.1, 'learning_rate': 1e-05, 'weight_decay': 1e-06}.
[I 2026-02-26 07:36:58,727] Trial 53 pruned. Duplicate hyper-parameters, same as those used in trial 19: {'batch_size': 64, 'window_size': 3, 'attention_heads': 8, 'hidden_dimension': 32, 'number_of_hidden_layers': 0, 'dropout_rate': 0.4, 'learning_rate': 0.001, 'weight_decay': 0.0001}.
[I 2026-02-26 07:36:59,488] Trial 54 pruned. Duplicate hyper-parameters, same as those used in trial 20: {'batch_size': 128, 'window_size': 5, 'attention_heads': 6, 'hidden_dimension': 32, 'number_of_hidden_layers': 0, 'dropout_rate': 0.1, 'learning_rate': 0.0003, 'weight_decay': 1e-05}.
[I 2026-02-26 07:37:00,279] Trial 55 pruned. Duplicate hyper-parameters, same as those used in trial 21: {'batch_size': 64, 'window_size': 5, 'attention_heads': 4, 'hidden_dimension': 128, 'number_of_hidden_layers': 2, 'dropout_rate': 0.2, 'learning_rate': 0.0001, 'weight_decay': 1e-06}.
[I 2026-02-26 07:37:01,059] Trial 56 pruned. Duplicate hyper-parameters, same as those used in trial 22: {'batch_size': 64, 'window_size': 4, 'attention_heads': 4, 'hidden_dimension': 32, 'number_of_hidden_layers': 2, 'dropout_rate': 0.2, 'learning_rate': 1e-05, 'weight_decay': 1e-05}.
[I 2026-02-26 07:37:01,767] Trial 57 pruned. Duplicate hyper-parameters, same as those used in trial 23: {'batch_size': 64, 'window_size': 2, 'attention_heads': 8, 'hidden_dimension': 64, 'number_of_hidden_layers': 2, 'dropout_rate': 0.4, 'learning_rate': 0.0001, 'weight_decay': 0.0001}.
[I 2026-02-26 07:37:02,472] Trial 58 pruned. Duplicate hyper-parameters, same as those used in trial 24: {'batch_size': 32, 'window_size': 5, 'attention_heads': 6, 'hidden_dimension': 64, 'number_of_hidden_layers': 1, 'dropout_rate': 0.4, 'learning_rate': 1e-05, 'weight_decay': 1e-06}.
[I 2026-02-26 07:37:03,223] Trial 59 pruned. Duplicate hyper-parameters, same as those used in trial 25: {'batch_size': 64, 'window_size': 3, 'attention_heads': 4, 'hidden_dimension': 64, 'number_of_hidden_layers': 2, 'dropout_rate': 0.3, 'learning_rate': 0.0001, 'weight_decay': 0.001}.
[I 2026-02-26 07:37:04,080] Trial 60 pruned. Duplicate hyper-parameters, same as those used in trial 26: {'batch_size': 16, 'window_size': 2, 'attention_heads': 1, 'hidden_dimension': 64, 'number_of_hidden_layers': 2, 'dropout_rate': 0.1, 'learning_rate': 0.0003, 'weight_decay': 0.001}.
[I 2026-02-26 07:37:04,896] Trial 61 pruned. Duplicate hyper-parameters, same as those used in trial 27: {'batch_size': 64, 'window_size': 4, 'attention_heads': 4, 'hidden_dimension': 64, 'number_of_hidden_layers': 0, 'dropout_rate': 0.3, 'learning_rate': 1e-05, 'weight_decay': 1e-05}.
[I 2026-02-26 07:37:05,633] Trial 62 pruned. Duplicate hyper-parameters, same as those used in trial 28: {'batch_size': 32, 'window_size': 2, 'attention_heads': 1, 'hidden_dimension': 32, 'number_of_hidden_layers': 0, 'dropout_rate': 0.4, 'learning_rate': 1e-05, 'weight_decay': 0.0001}.
[I 2026-02-26 07:37:06,403] Trial 63 pruned. Duplicate hyper-parameters, same as those used in trial 29: {'batch_size': 32, 'window_size': 4, 'attention_heads': 6, 'hidden_dimension': 32, 'number_of_hidden_layers': 2, 'dropout_rate': 0.3, 'learning_rate': 1e-05, 'weight_decay': 0.0001}.
[I 2026-02-26 07:37:07,206] Trial 64 pruned. Duplicate hyper-parameters, same as those used in trial 30: {'batch_size': 64, 'window_size': 5, 'attention_heads': 8, 'hidden_dimension': 32, 'number_of_hidden_layers': 1, 'dropout_rate': 0.3, 'learning_rate': 1e-05, 'weight_decay': 0.0001}.
[I 2026-02-26 07:37:08,002] Trial 65 pruned. Duplicate hyper-parameters, same as those used in trial 31: {'batch_size': 16, 'window_size': 3, 'attention_heads': 4, 'hidden_dimension': 128, 'number_of_hidden_layers': 2, 'dropout_rate': 0.2, 'learning_rate': 1e-05, 'weight_decay': 1e-05}.
[I 2026-02-26 07:37:08,795] Trial 66 pruned. Duplicate hyper-parameters, same as those used in trial 33: {'batch_size': 32, 'window_size': 4, 'attention_heads': 4, 'hidden_dimension': 128, 'number_of_hidden_layers': 1, 'dropout_rate': 0.1, 'learning_rate': 1e-05, 'weight_decay': 0.001}.
[I 2026-02-26 10:29:46,617] Trial 67 finished with value: 0.8990825688073395 and parameters: {'batch_size': 16, 'window_size': 2, 'attention_heads': 8, 'hidden_dimension': 64, 'number_of_hidden_layers': 2, 'dropout_rate': 0.3, 'learning_rate': 0.0003, 'weight_decay': 0.0001}. Best is trial 5 with value: 0.9139908256880734.
[I 2026-02-26 13:17:44,622] Trial 68 finished with value: 0.9036697247706422 and parameters: {'batch_size': 16, 'window_size': 5, 'attention_heads': 1, 'hidden_dimension': 64, 'number_of_hidden_layers': 0, 'dropout_rate': 0.2, 'learning_rate': 0.0003, 'weight_decay': 0.001}. Best is trial 5 with value: 0.9139908256880734.
[I 2026-02-26 15:08:00,828] Trial 69 finished with value: 0.9128440366972477 and parameters: {'batch_size': 128, 'window_size': 3, 'attention_heads': 1, 'hidden_dimension': 32, 'number_of_hidden_layers': 0, 'dropout_rate': 0.1, 'learning_rate': 0.0003, 'weight_decay': 0.0001}. Best is trial 5 with value: 0.9139908256880734.
[I 2026-02-26 17:25:33,685] Trial 70 finished with value: 0.911697247706422 and parameters: {'batch_size': 32, 'window_size': 3, 'attention_heads': 1, 'hidden_dimension': 64, 'number_of_hidden_layers': 2, 'dropout_rate': 0.2, 'learning_rate': 0.0001, 'weight_decay': 0.0001}. Best is trial 5 with value: 0.9139908256880734.
[I 2026-02-26 19:24:52,964] Trial 71 finished with value: 0.9094036697247706 and parameters: {'batch_size': 64, 'window_size': 2, 'attention_heads': 4, 'hidden_dimension': 32, 'number_of_hidden_layers': 2, 'dropout_rate': 0.1, 'learning_rate': 0.0001, 'weight_decay': 0.0001}. Best is trial 5 with value: 0.9139908256880734.
[I 2026-02-26 21:26:07,588] Trial 72 finished with value: 0.9105504587155964 and parameters: {'batch_size': 64, 'window_size': 5, 'attention_heads': 6, 'hidden_dimension': 128, 'number_of_hidden_layers': 2, 'dropout_rate': 0.1, 'learning_rate': 0.001, 'weight_decay': 1e-06}. Best is trial 5 with value: 0.9139908256880734.
[I 2026-02-27 00:15:02,299] Trial 73 finished with value: 0.9036697247706422 and parameters: {'batch_size': 16, 'window_size': 2, 'attention_heads': 6, 'hidden_dimension': 64, 'number_of_hidden_layers': 0, 'dropout_rate': 0.1, 'learning_rate': 0.0003, 'weight_decay': 0.0001}. Best is trial 5 with value: 0.9139908256880734.
[I 2026-02-27 03:07:06,871] Trial 74 finished with value: 0.8956422018348624 and parameters: {'batch_size': 16, 'window_size': 2, 'attention_heads': 1, 'hidden_dimension': 64, 'number_of_hidden_layers': 1, 'dropout_rate': 0.3, 'learning_rate': 1e-05, 'weight_decay': 0.001}. Best is trial 5 with value: 0.9139908256880734.
[I 2026-02-27 05:55:13,507] Trial 75 finished with value: 0.9025229357798165 and parameters: {'batch_size': 16, 'window_size': 4, 'attention_heads': 4, 'hidden_dimension': 64, 'number_of_hidden_layers': 0, 'dropout_rate': 0.4, 'learning_rate': 1e-05, 'weight_decay': 0.001}. Best is trial 5 with value: 0.9139908256880734.
[I 2026-02-27 07:45:22,139] Trial 76 finished with value: 0.9105504587155964 and parameters: {'batch_size': 128, 'window_size': 5, 'attention_heads': 2, 'hidden_dimension': 128, 'number_of_hidden_layers': 2, 'dropout_rate': 0.4, 'learning_rate': 0.0003, 'weight_decay': 0.0001}. Best is trial 5 with value: 0.9139908256880734.
[I 2026-02-27 10:34:45,764] Trial 77 finished with value: 0.9002293577981652 and parameters: {'batch_size': 16, 'window_size': 2, 'attention_heads': 2, 'hidden_dimension': 128, 'number_of_hidden_layers': 1, 'dropout_rate': 0.4, 'learning_rate': 1e-05, 'weight_decay': 1e-06}. Best is trial 5 with value: 0.9139908256880734.
[I 2026-02-27 12:29:51,900] Trial 78 finished with value: 0.911697247706422 and parameters: {'batch_size': 128, 'window_size': 4, 'attention_heads': 6, 'hidden_dimension': 128, 'number_of_hidden_layers': 2, 'dropout_rate': 0.4, 'learning_rate': 0.0001, 'weight_decay': 0.0001}. Best is trial 5 with value: 0.9139908256880734.
[I 2026-02-27 15:23:56,481] Trial 79 finished with value: 0.8990825688073395 and parameters: {'batch_size': 16, 'window_size': 2, 'attention_heads': 6, 'hidden_dimension': 64, 'number_of_hidden_layers': 1, 'dropout_rate': 0.2, 'learning_rate': 0.0001, 'weight_decay': 0.0001}. Best is trial 5 with value: 0.9139908256880734.
[I 2026-02-27 17:38:58,735] Trial 80 finished with value: 0.9048165137614679 and parameters: {'batch_size': 32, 'window_size': 5, 'attention_heads': 6, 'hidden_dimension': 64, 'number_of_hidden_layers': 2, 'dropout_rate': 0.4, 'learning_rate': 0.001, 'weight_decay': 0.0001}. Best is trial 5 with value: 0.9139908256880734.
[I 2026-02-27 20:31:58,264] Trial 81 finished with value: 0.893348623853211 and parameters: {'batch_size': 16, 'window_size': 5, 'attention_heads': 2, 'hidden_dimension': 128, 'number_of_hidden_layers': 2, 'dropout_rate': 0.1, 'learning_rate': 1e-05, 'weight_decay': 0.001}. Best is trial 5 with value: 0.9139908256880734.
[I 2026-02-27 22:49:45,145] Trial 82 finished with value: 0.908256880733945 and parameters: {'batch_size': 32, 'window_size': 5, 'attention_heads': 6, 'hidden_dimension': 32, 'number_of_hidden_layers': 2, 'dropout_rate': 0.4, 'learning_rate': 0.0001, 'weight_decay': 0.0001}. Best is trial 5 with value: 0.9139908256880734.
[I 2026-02-28 00:48:53,584] Trial 83 finished with value: 0.9071100917431193 and parameters: {'batch_size': 64, 'window_size': 3, 'attention_heads': 2, 'hidden_dimension': 32, 'number_of_hidden_layers': 2, 'dropout_rate': 0.3, 'learning_rate': 0.0003, 'weight_decay': 1e-06}. Best is trial 5 with value: 0.9139908256880734.
[UPDATE] 50 completed trials using a random sampler. Switching from random to TPE sampling.
[I 2026-02-28 00:48:54,456] Trial 84 pruned. Duplicate hyper-parameters, same as those used in trial 69: {'batch_size': 128, 'window_size': 3, 'attention_heads': 1, 'hidden_dimension': 32, 'number_of_hidden_layers': 0, 'dropout_rate': 0.1, 'learning_rate': 0.0003, 'weight_decay': 0.0001}.
[I 2026-02-28 02:39:49,084] Trial 85 finished with value: 0.9071100917431193 and parameters: {'batch_size': 128, 'window_size': 2, 'attention_heads': 8, 'hidden_dimension': 64, 'number_of_hidden_layers': 2, 'dropout_rate': 0.1, 'learning_rate': 0.0001, 'weight_decay': 0.001}. Best is trial 5 with value: 0.9139908256880734.
[I 2026-02-28 04:31:51,874] Trial 86 finished with value: 0.9105504587155964 and parameters: {'batch_size': 128, 'window_size': 4, 'attention_heads': 8, 'hidden_dimension': 128, 'number_of_hidden_layers': 1, 'dropout_rate': 0.1, 'learning_rate': 0.0001, 'weight_decay': 0.0001}. Best is trial 5 with value: 0.9139908256880734.
[I 2026-02-28 06:22:40,152] Trial 87 finished with value: 0.9128440366972477 and parameters: {'batch_size': 128, 'window_size': 2, 'attention_heads': 4, 'hidden_dimension': 128, 'number_of_hidden_layers': 1, 'dropout_rate': 0.3, 'learning_rate': 0.001, 'weight_decay': 1e-06}. Best is trial 5 with value: 0.9139908256880734.
[I 2026-02-28 08:16:46,737] Trial 88 finished with value: 0.911697247706422 and parameters: {'batch_size': 128, 'window_size': 4, 'attention_heads': 4, 'hidden_dimension': 128, 'number_of_hidden_layers': 2, 'dropout_rate': 0.3, 'learning_rate': 0.001, 'weight_decay': 1e-06}. Best is trial 5 with value: 0.9139908256880734.
[I 2026-02-28 08:16:47,566] Trial 89 pruned. Duplicate hyper-parameters, same as those used in trial 87: {'batch_size': 128, 'window_size': 2, 'attention_heads': 4, 'hidden_dimension': 128, 'number_of_hidden_layers': 1, 'dropout_rate': 0.3, 'learning_rate': 0.001, 'weight_decay': 1e-06}.
[I 2026-02-28 10:07:00,347] Trial 90 finished with value: 0.908256880733945 and parameters: {'batch_size': 128, 'window_size': 2, 'attention_heads': 4, 'hidden_dimension': 64, 'number_of_hidden_layers': 1, 'dropout_rate': 0.1, 'learning_rate': 1e-05, 'weight_decay': 0.0001}. Best is trial 5 with value: 0.9139908256880734.
[I 2026-02-28 11:57:21,082] Trial 91 finished with value: 0.9105504587155964 and parameters: {'batch_size': 128, 'window_size': 5, 'attention_heads': 6, 'hidden_dimension': 128, 'number_of_hidden_layers': 0, 'dropout_rate': 0.4, 'learning_rate': 0.001, 'weight_decay': 0.001}. Best is trial 5 with value: 0.9139908256880734.
[I 2026-02-28 13:47:48,743] Trial 92 finished with value: 0.9071100917431193 and parameters: {'batch_size': 128, 'window_size': 3, 'attention_heads': 8, 'hidden_dimension': 64, 'number_of_hidden_layers': 1, 'dropout_rate': 0.4, 'learning_rate': 0.0001, 'weight_decay': 0.0001}. Best is trial 5 with value: 0.9139908256880734.
[I 2026-02-28 15:37:06,594] Trial 93 finished with value: 0.911697247706422 and parameters: {'batch_size': 128, 'window_size': 2, 'attention_heads': 1, 'hidden_dimension': 64, 'number_of_hidden_layers': 1, 'dropout_rate': 0.1, 'learning_rate': 0.001, 'weight_decay': 1e-06}. Best is trial 5 with value: 0.9139908256880734.
[I 2026-02-28 17:35:22,048] Trial 94 finished with value: 0.9105504587155964 and parameters: {'batch_size': 64, 'window_size': 2, 'attention_heads': 4, 'hidden_dimension': 32, 'number_of_hidden_layers': 1, 'dropout_rate': 0.3, 'learning_rate': 0.0001, 'weight_decay': 0.001}. Best is trial 5 with value: 0.9139908256880734.
[I 2026-02-28 19:32:39,093] Trial 95 finished with value: 0.908256880733945 and parameters: {'batch_size': 64, 'window_size': 3, 'attention_heads': 2, 'hidden_dimension': 32, 'number_of_hidden_layers': 0, 'dropout_rate': 0.4, 'learning_rate': 0.0001, 'weight_decay': 1e-06}. Best is trial 5 with value: 0.9139908256880734.
[I 2026-02-28 21:22:34,714] Trial 96 finished with value: 0.9071100917431193 and parameters: {'batch_size': 128, 'window_size': 2, 'attention_heads': 2, 'hidden_dimension': 128, 'number_of_hidden_layers': 2, 'dropout_rate': 0.3, 'learning_rate': 0.0001, 'weight_decay': 0.001}. Best is trial 5 with value: 0.9139908256880734.
[I 2026-02-28 23:11:53,539] Trial 97 finished with value: 0.9128440366972477 and parameters: {'batch_size': 128, 'window_size': 3, 'attention_heads': 1, 'hidden_dimension': 128, 'number_of_hidden_layers': 1, 'dropout_rate': 0.4, 'learning_rate': 0.001, 'weight_decay': 0.001}. Best is trial 5 with value: 0.9139908256880734.
[I 2026-03-01 01:01:52,084] Trial 98 finished with value: 0.911697247706422 and parameters: {'batch_size': 128, 'window_size': 4, 'attention_heads': 2, 'hidden_dimension': 128, 'number_of_hidden_layers': 1, 'dropout_rate': 0.4, 'learning_rate': 0.001, 'weight_decay': 0.001}. Best is trial 5 with value: 0.9139908256880734.
[I 2026-03-01 02:49:58,259] Trial 99 finished with value: 0.908256880733945 and parameters: {'batch_size': 128, 'window_size': 3, 'attention_heads': 1, 'hidden_dimension': 128, 'number_of_hidden_layers': 1, 'dropout_rate': 0.4, 'learning_rate': 0.0003, 'weight_decay': 0.001}. Best is trial 5 with value: 0.9139908256880734.
[I 2026-03-01 04:35:32,073] Trial 100 finished with value: 0.9139908256880734 and parameters: {'batch_size': 128, 'window_size': 3, 'attention_heads': 1, 'hidden_dimension': 128, 'number_of_hidden_layers': 1, 'dropout_rate': 0.2, 'learning_rate': 0.001, 'weight_decay': 0.001}. Best is trial 5 with value: 0.9139908256880734.
slurmstepd: error: *** JOB 2282387 ON kn077 CANCELLED AT 2026-03-01T05:20:52 DUE TO TIME LIMIT ***
