SLURM NODE: kn083
[I 2026-03-01 05:47:25,786] Using an existing study with name 'SST-2-Sliding_windows' instead of creating a new one.
[UPDATE] 50 completed trials using a random sampler. Switching from random to TPE sampling.
Last trial state: 0
Enqueuing hyper-parameters: {'batch_size': 128, 'window_size': 5, 'attention_heads': 8, 'hidden_dimension': 128, 'number_of_hidden_layers': 1, 'dropout_rate': 0.2, 'learning_rate': 0.001, 'weight_decay': 0.001}
[I 2026-03-01 07:38:56,135] Trial 102 finished with value: 0.911697247706422 and parameters: {'batch_size': 128, 'window_size': 5, 'attention_heads': 8, 'hidden_dimension': 128, 'number_of_hidden_layers': 1, 'dropout_rate': 0.2, 'learning_rate': 0.001, 'weight_decay': 0.001}. Best is trial 5 with value: 0.9139908256880734.
[I 2026-03-01 09:29:09,179] Trial 103 finished with value: 0.9139908256880734 and parameters: {'batch_size': 128, 'window_size': 3, 'attention_heads': 1, 'hidden_dimension': 128, 'number_of_hidden_layers': 1, 'dropout_rate': 0.2, 'learning_rate': 0.001, 'weight_decay': 0.0001}. Best is trial 5 with value: 0.9139908256880734.
[I 2026-03-01 09:29:10,071] Trial 104 pruned. Duplicate hyper-parameters, same as those used in trial 100: {'batch_size': 128, 'window_size': 3, 'attention_heads': 1, 'hidden_dimension': 128, 'number_of_hidden_layers': 1, 'dropout_rate': 0.2, 'learning_rate': 0.001, 'weight_decay': 0.001}.
[I 2026-03-01 11:18:33,079] Trial 105 finished with value: 0.9105504587155964 and parameters: {'batch_size': 128, 'window_size': 4, 'attention_heads': 1, 'hidden_dimension': 128, 'number_of_hidden_layers': 1, 'dropout_rate': 0.2, 'learning_rate': 0.001, 'weight_decay': 0.0001}. Best is trial 5 with value: 0.9139908256880734.
[I 2026-03-01 13:06:30,419] Trial 106 finished with value: 0.9094036697247706 and parameters: {'batch_size': 128, 'window_size': 2, 'attention_heads': 1, 'hidden_dimension': 128, 'number_of_hidden_layers': 1, 'dropout_rate': 0.4, 'learning_rate': 0.001, 'weight_decay': 0.001}. Best is trial 5 with value: 0.9139908256880734.
[I 2026-03-01 14:59:44,198] Trial 107 finished with value: 0.9105504587155964 and parameters: {'batch_size': 128, 'window_size': 3, 'attention_heads': 4, 'hidden_dimension': 128, 'number_of_hidden_layers': 2, 'dropout_rate': 0.2, 'learning_rate': 0.001, 'weight_decay': 0.0001}. Best is trial 5 with value: 0.9139908256880734.
[I 2026-03-01 16:58:05,465] Trial 108 finished with value: 0.911697247706422 and parameters: {'batch_size': 64, 'window_size': 2, 'attention_heads': 4, 'hidden_dimension': 64, 'number_of_hidden_layers': 2, 'dropout_rate': 0.3, 'learning_rate': 1e-05, 'weight_decay': 1e-06}. Best is trial 5 with value: 0.9139908256880734.
[I 2026-03-01 18:46:35,622] Trial 109 finished with value: 0.9139908256880734 and parameters: {'batch_size': 128, 'window_size': 3, 'attention_heads': 1, 'hidden_dimension': 128, 'number_of_hidden_layers': 2, 'dropout_rate': 0.4, 'learning_rate': 0.001, 'weight_decay': 0.001}. Best is trial 5 with value: 0.9139908256880734.
[I 2026-03-01 20:45:24,730] Trial 110 finished with value: 0.911697247706422 and parameters: {'batch_size': 64, 'window_size': 2, 'attention_heads': 4, 'hidden_dimension': 128, 'number_of_hidden_layers': 1, 'dropout_rate': 0.3, 'learning_rate': 0.001, 'weight_decay': 0.0001}. Best is trial 5 with value: 0.9139908256880734.
[I 2026-03-01 22:34:16,828] Trial 111 finished with value: 0.9128440366972477 and parameters: {'batch_size': 128, 'window_size': 3, 'attention_heads': 1, 'hidden_dimension': 128, 'number_of_hidden_layers': 1, 'dropout_rate': 0.1, 'learning_rate': 0.001, 'weight_decay': 0.0001}. Best is trial 5 with value: 0.9139908256880734.
[I 2026-03-02 00:24:46,150] Trial 112 finished with value: 0.9059633027522935 and parameters: {'batch_size': 128, 'window_size': 3, 'attention_heads': 1, 'hidden_dimension': 128, 'number_of_hidden_layers': 1, 'dropout_rate': 0.2, 'learning_rate': 1e-05, 'weight_decay': 0.0001}. Best is trial 5 with value: 0.9139908256880734.
[I 2026-03-02 02:14:25,825] Trial 113 finished with value: 0.9139908256880734 and parameters: {'batch_size': 128, 'window_size': 3, 'attention_heads': 1, 'hidden_dimension': 128, 'number_of_hidden_layers': 2, 'dropout_rate': 0.4, 'learning_rate': 0.001, 'weight_decay': 0.0001}. Best is trial 5 with value: 0.9139908256880734.
[I 2026-03-02 04:04:28,865] Trial 114 finished with value: 0.911697247706422 and parameters: {'batch_size': 128, 'window_size': 3, 'attention_heads': 1, 'hidden_dimension': 64, 'number_of_hidden_layers': 2, 'dropout_rate': 0.4, 'learning_rate': 0.001, 'weight_decay': 0.0001}. Best is trial 5 with value: 0.9139908256880734.
[I 2026-03-02 06:20:04,783] Trial 115 finished with value: 0.9094036697247706 and parameters: {'batch_size': 32, 'window_size': 3, 'attention_heads': 1, 'hidden_dimension': 32, 'number_of_hidden_layers': 0, 'dropout_rate': 0.1, 'learning_rate': 0.0003, 'weight_decay': 1e-06}. Best is trial 5 with value: 0.9139908256880734.
[I 2026-03-02 08:12:27,709] Trial 116 finished with value: 0.911697247706422 and parameters: {'batch_size': 128, 'window_size': 3, 'attention_heads': 1, 'hidden_dimension': 128, 'number_of_hidden_layers': 2, 'dropout_rate': 0.4, 'learning_rate': 0.0001, 'weight_decay': 0.0001}. Best is trial 5 with value: 0.9139908256880734.
[I 2026-03-02 10:04:51,344] Trial 117 finished with value: 0.9094036697247706 and parameters: {'batch_size': 128, 'window_size': 3, 'attention_heads': 1, 'hidden_dimension': 128, 'number_of_hidden_layers': 0, 'dropout_rate': 0.4, 'learning_rate': 0.001, 'weight_decay': 0.0001}. Best is trial 5 with value: 0.9139908256880734.
[I 2026-03-02 11:59:11,840] Trial 118 finished with value: 0.9151376146788991 and parameters: {'batch_size': 128, 'window_size': 5, 'attention_heads': 8, 'hidden_dimension': 32, 'number_of_hidden_layers': 2, 'dropout_rate': 0.4, 'learning_rate': 0.0001, 'weight_decay': 1e-06}. Best is trial 118 with value: 0.9151376146788991.
[I 2026-03-02 13:51:41,615] Trial 119 finished with value: 0.9139908256880734 and parameters: {'batch_size': 128, 'window_size': 3, 'attention_heads': 1, 'hidden_dimension': 128, 'number_of_hidden_layers': 2, 'dropout_rate': 0.4, 'learning_rate': 0.001, 'weight_decay': 1e-06}. Best is trial 118 with value: 0.9151376146788991.
[I 2026-03-02 13:51:42,546] Trial 120 pruned. Duplicate hyper-parameters, same as those used in trial 118: {'batch_size': 128, 'window_size': 5, 'attention_heads': 8, 'hidden_dimension': 32, 'number_of_hidden_layers': 2, 'dropout_rate': 0.4, 'learning_rate': 0.0001, 'weight_decay': 1e-06}.
[I 2026-03-02 16:49:13,558] Trial 121 finished with value: 0.908256880733945 and parameters: {'batch_size': 16, 'window_size': 3, 'attention_heads': 1, 'hidden_dimension': 128, 'number_of_hidden_layers': 2, 'dropout_rate': 0.4, 'learning_rate': 0.001, 'weight_decay': 1e-06}. Best is trial 118 with value: 0.9151376146788991.
[I 2026-03-02 18:42:14,936] Trial 122 finished with value: 0.9128440366972477 and parameters: {'batch_size': 128, 'window_size': 5, 'attention_heads': 1, 'hidden_dimension': 128, 'number_of_hidden_layers': 2, 'dropout_rate': 0.4, 'learning_rate': 0.001, 'weight_decay': 0.0001}. Best is trial 118 with value: 0.9151376146788991.
[I 2026-03-02 21:02:56,302] Trial 123 finished with value: 0.9059633027522935 and parameters: {'batch_size': 32, 'window_size': 3, 'attention_heads': 1, 'hidden_dimension': 128, 'number_of_hidden_layers': 2, 'dropout_rate': 0.4, 'learning_rate': 0.001, 'weight_decay': 0.001}. Best is trial 118 with value: 0.9151376146788991.
[I 2026-03-02 22:56:29,116] Trial 124 finished with value: 0.9128440366972477 and parameters: {'batch_size': 128, 'window_size': 3, 'attention_heads': 6, 'hidden_dimension': 128, 'number_of_hidden_layers': 2, 'dropout_rate': 0.4, 'learning_rate': 1e-05, 'weight_decay': 0.001}. Best is trial 118 with value: 0.9151376146788991.
[I 2026-03-03 00:45:48,008] Trial 125 finished with value: 0.9139908256880734 and parameters: {'batch_size': 128, 'window_size': 3, 'attention_heads': 1, 'hidden_dimension': 128, 'number_of_hidden_layers': 2, 'dropout_rate': 0.4, 'learning_rate': 0.001, 'weight_decay': 1e-05}. Best is trial 118 with value: 0.9151376146788991.
[I 2026-03-03 02:37:31,289] Trial 126 finished with value: 0.911697247706422 and parameters: {'batch_size': 128, 'window_size': 3, 'attention_heads': 4, 'hidden_dimension': 128, 'number_of_hidden_layers': 2, 'dropout_rate': 0.4, 'learning_rate': 0.001, 'weight_decay': 1e-06}. Best is trial 118 with value: 0.9151376146788991.
[I 2026-03-03 04:29:39,052] Trial 127 finished with value: 0.9059633027522935 and parameters: {'batch_size': 128, 'window_size': 3, 'attention_heads': 8, 'hidden_dimension': 128, 'number_of_hidden_layers': 2, 'dropout_rate': 0.4, 'learning_rate': 0.001, 'weight_decay': 0.0001}. Best is trial 118 with value: 0.9151376146788991.
[I 2026-03-03 06:42:46,609] Trial 128 finished with value: 0.9094036697247706 and parameters: {'batch_size': 128, 'window_size': 3, 'attention_heads': 1, 'hidden_dimension': 32, 'number_of_hidden_layers': 2, 'dropout_rate': 0.4, 'learning_rate': 1e-05, 'weight_decay': 1e-05}. Best is trial 118 with value: 0.9151376146788991.
[I 2026-03-03 06:42:47,682] Trial 129 pruned. Duplicate hyper-parameters, same as those used in trial 125: {'batch_size': 128, 'window_size': 3, 'attention_heads': 1, 'hidden_dimension': 128, 'number_of_hidden_layers': 2, 'dropout_rate': 0.4, 'learning_rate': 0.001, 'weight_decay': 1e-05}.
[I 2026-03-03 08:35:22,841] Trial 130 finished with value: 0.908256880733945 and parameters: {'batch_size': 128, 'window_size': 3, 'attention_heads': 2, 'hidden_dimension': 128, 'number_of_hidden_layers': 2, 'dropout_rate': 0.4, 'learning_rate': 0.001, 'weight_decay': 0.001}. Best is trial 118 with value: 0.9151376146788991.
[I 2026-03-03 10:36:35,048] Trial 131 finished with value: 0.911697247706422 and parameters: {'batch_size': 64, 'window_size': 5, 'attention_heads': 4, 'hidden_dimension': 128, 'number_of_hidden_layers': 0, 'dropout_rate': 0.2, 'learning_rate': 1e-05, 'weight_decay': 0.0001}. Best is trial 118 with value: 0.9151376146788991.
[I 2026-03-03 12:31:12,102] Trial 132 finished with value: 0.9128440366972477 and parameters: {'batch_size': 128, 'window_size': 3, 'attention_heads': 1, 'hidden_dimension': 128, 'number_of_hidden_layers': 2, 'dropout_rate': 0.1, 'learning_rate': 0.001, 'weight_decay': 1e-06}. Best is trial 118 with value: 0.9151376146788991.
[I 2026-03-03 14:24:01,298] Trial 133 finished with value: 0.9094036697247706 and parameters: {'batch_size': 128, 'window_size': 3, 'attention_heads': 2, 'hidden_dimension': 32, 'number_of_hidden_layers': 1, 'dropout_rate': 0.1, 'learning_rate': 0.0003, 'weight_decay': 0.0001}. Best is trial 118 with value: 0.9151376146788991.
[I 2026-03-03 16:16:36,582] Trial 134 finished with value: 0.9105504587155964 and parameters: {'batch_size': 128, 'window_size': 2, 'attention_heads': 1, 'hidden_dimension': 128, 'number_of_hidden_layers': 2, 'dropout_rate': 0.4, 'learning_rate': 0.001, 'weight_decay': 1e-06}. Best is trial 118 with value: 0.9151376146788991.
[I 2026-03-03 18:08:44,035] Trial 135 finished with value: 0.9139908256880734 and parameters: {'batch_size': 128, 'window_size': 2, 'attention_heads': 1, 'hidden_dimension': 64, 'number_of_hidden_layers': 1, 'dropout_rate': 0.3, 'learning_rate': 0.0001, 'weight_decay': 0.0001}. Best is trial 118 with value: 0.9151376146788991.
[I 2026-03-03 20:01:13,133] Trial 136 finished with value: 0.9139908256880734 and parameters: {'batch_size': 128, 'window_size': 3, 'attention_heads': 1, 'hidden_dimension': 32, 'number_of_hidden_layers': 1, 'dropout_rate': 0.2, 'learning_rate': 0.001, 'weight_decay': 0.0001}. Best is trial 118 with value: 0.9151376146788991.
[I 2026-03-03 21:54:02,807] Trial 137 finished with value: 0.9128440366972477 and parameters: {'batch_size': 128, 'window_size': 3, 'attention_heads': 1, 'hidden_dimension': 128, 'number_of_hidden_layers': 2, 'dropout_rate': 0.3, 'learning_rate': 0.001, 'weight_decay': 0.0001}. Best is trial 118 with value: 0.9151376146788991.
[I 2026-03-03 21:54:03,790] Trial 138 pruned. Duplicate hyper-parameters, same as those used in trial 135: {'batch_size': 128, 'window_size': 2, 'attention_heads': 1, 'hidden_dimension': 64, 'number_of_hidden_layers': 1, 'dropout_rate': 0.3, 'learning_rate': 0.0001, 'weight_decay': 0.0001}.
[I 2026-03-03 21:54:04,828] Trial 139 pruned. Duplicate hyper-parameters, same as those used in trial 136: {'batch_size': 128, 'window_size': 3, 'attention_heads': 1, 'hidden_dimension': 32, 'number_of_hidden_layers': 1, 'dropout_rate': 0.2, 'learning_rate': 0.001, 'weight_decay': 0.0001}.
[I 2026-03-04 00:13:42,653] Trial 140 finished with value: 0.9059633027522935 and parameters: {'batch_size': 32, 'window_size': 3, 'attention_heads': 2, 'hidden_dimension': 128, 'number_of_hidden_layers': 1, 'dropout_rate': 0.2, 'learning_rate': 0.001, 'weight_decay': 0.0001}. Best is trial 118 with value: 0.9151376146788991.
[I 2026-03-04 02:06:21,930] Trial 141 finished with value: 0.9151376146788991 and parameters: {'batch_size': 128, 'window_size': 3, 'attention_heads': 8, 'hidden_dimension': 128, 'number_of_hidden_layers': 0, 'dropout_rate': 0.4, 'learning_rate': 1e-05, 'weight_decay': 0.001}. Best is trial 118 with value: 0.9151376146788991.
[I 2026-03-04 04:08:23,556] Trial 142 finished with value: 0.9105504587155964 and parameters: {'batch_size': 64, 'window_size': 5, 'attention_heads': 4, 'hidden_dimension': 128, 'number_of_hidden_layers': 1, 'dropout_rate': 0.4, 'learning_rate': 1e-05, 'weight_decay': 1e-06}. Best is trial 118 with value: 0.9151376146788991.
slurmstepd: error: *** JOB 2303089 ON kn083 CANCELLED AT 2026-03-04T05:47:16 DUE TO TIME LIMIT ***
