SLURM NODE: kn069
[I 2026-03-31 07:11:28,902] Using an existing study with name 'IMDb-Sliding_windows' instead of creating a new one.
[UPDATE] 50 completed trials using a random sampler. Switching from random to TPE sampling.
Last trial state: 0
Enqueuing hyper-parameters: {'batch_size': 128, 'window_size': 5, 'attention_heads': 8, 'hidden_dimension': 128, 'number_of_hidden_layers': 0, 'dropout_rate': 0.4, 'learning_rate': 0.001, 'weight_decay': 0.0001}
[I 2026-03-31 09:31:22,130] Trial 193 finished with value: 0.9374 and parameters: {'batch_size': 128, 'window_size': 5, 'attention_heads': 8, 'hidden_dimension': 128, 'number_of_hidden_layers': 0, 'dropout_rate': 0.4, 'learning_rate': 0.001, 'weight_decay': 0.0001}. Best is trial 142 with value: 0.9416.
[I 2026-03-31 11:59:25,076] Trial 194 finished with value: 0.9364 and parameters: {'batch_size': 128, 'window_size': 5, 'attention_heads': 6, 'hidden_dimension': 128, 'number_of_hidden_layers': 2, 'dropout_rate': 0.1, 'learning_rate': 0.0003, 'weight_decay': 1e-06}. Best is trial 142 with value: 0.9416.
[I 2026-03-31 13:57:36,281] Trial 195 finished with value: 0.9414 and parameters: {'batch_size': 128, 'window_size': 4, 'attention_heads': 4, 'hidden_dimension': 32, 'number_of_hidden_layers': 2, 'dropout_rate': 0.1, 'learning_rate': 0.0001, 'weight_decay': 1e-05}. Best is trial 142 with value: 0.9416.
[I 2026-03-31 13:57:37,055] Trial 196 pruned. Duplicate hyper-parameters, same as those used in trial 195: {'batch_size': 128, 'window_size': 4, 'attention_heads': 4, 'hidden_dimension': 32, 'number_of_hidden_layers': 2, 'dropout_rate': 0.1, 'learning_rate': 0.0001, 'weight_decay': 1e-05}.
[I 2026-03-31 15:50:25,011] Trial 197 finished with value: 0.9376 and parameters: {'batch_size': 128, 'window_size': 4, 'attention_heads': 4, 'hidden_dimension': 32, 'number_of_hidden_layers': 1, 'dropout_rate': 0.1, 'learning_rate': 0.0001, 'weight_decay': 0.001}. Best is trial 142 with value: 0.9416.
[I 2026-03-31 17:49:25,941] Trial 198 finished with value: 0.939 and parameters: {'batch_size': 128, 'window_size': 5, 'attention_heads': 4, 'hidden_dimension': 32, 'number_of_hidden_layers': 0, 'dropout_rate': 0.1, 'learning_rate': 0.0001, 'weight_decay': 1e-05}. Best is trial 142 with value: 0.9416.
[I 2026-03-31 19:48:01,500] Trial 199 finished with value: 0.9362 and parameters: {'batch_size': 128, 'window_size': 2, 'attention_heads': 6, 'hidden_dimension': 32, 'number_of_hidden_layers': 2, 'dropout_rate': 0.1, 'learning_rate': 0.0001, 'weight_decay': 1e-05}. Best is trial 142 with value: 0.9416.
[I 2026-03-31 22:12:23,628] Trial 200 finished with value: 0.9372 and parameters: {'batch_size': 32, 'window_size': 3, 'attention_heads': 4, 'hidden_dimension': 32, 'number_of_hidden_layers': 2, 'dropout_rate': 0.1, 'learning_rate': 0.0001, 'weight_decay': 1e-05}. Best is trial 142 with value: 0.9416.
[I 2026-03-31 22:12:24,279] Trial 201 pruned. Duplicate hyper-parameters, same as those used in trial 95: {'batch_size': 128, 'window_size': 3, 'attention_heads': 8, 'hidden_dimension': 32, 'number_of_hidden_layers': 0, 'dropout_rate': 0.2, 'learning_rate': 0.0001, 'weight_decay': 0.001}.
[I 2026-04-01 00:15:57,489] Trial 202 finished with value: 0.9336 and parameters: {'batch_size': 64, 'window_size': 4, 'attention_heads': 1, 'hidden_dimension': 32, 'number_of_hidden_layers': 2, 'dropout_rate': 0.3, 'learning_rate': 0.0001, 'weight_decay': 0.001}. Best is trial 142 with value: 0.9416.

[UPDATE] Unbound limits: {'batch_size': (np.int64(64), np.int64(128)), 'window_size': (np.int64(3), np.int64(5)), 'attention_heads': (np.int64(2), np.int64(8)), 'hidden_dimension': (np.int64(32), np.int64(128)), 'number_of_hidden_layers': (np.int64(1), np.int64(2)), 'dropout_rate': (np.float64(0.1), np.float64(0.4)), 'learning_rate': (np.float64(1e-05), np.float64(0.001)), 'weight_decay': (np.float64(1e-06), np.float64(0.001))}
[I 2026-04-01 00:15:58,103] A new study created in RDB with name: IMDb-Sliding_windows-unbound
[I 2026-04-01 00:15:58,227] Trial 0 finished with value: 0.9416 and parameters: {'batch_size': 128, 'window_size': 5, 'attention_heads': 8, 'hidden_dimension': 128, 'number_of_hidden_layers': 2, 'dropout_rate': 0.1, 'learning_rate': 0.001, 'weight_decay': 0.0001}.
[I 2026-04-01 00:15:58,227] Trial 1 finished with value: 0.9416 and parameters: {'batch_size': 128, 'window_size': 5, 'attention_heads': 8, 'hidden_dimension': 128, 'number_of_hidden_layers': 2, 'dropout_rate': 0.4, 'learning_rate': 0.001, 'weight_decay': 0.001}.
[I 2026-04-01 00:15:58,227] Trial 2 finished with value: 0.9414 and parameters: {'batch_size': 128, 'window_size': 4, 'attention_heads': 4, 'hidden_dimension': 32, 'number_of_hidden_layers': 2, 'dropout_rate': 0.1, 'learning_rate': 0.0001, 'weight_decay': 1e-05}.
[I 2026-04-01 02:36:57,017] Trial 3 finished with value: 0.935 and parameters: {'batch_size': 88, 'window_size': 5, 'attention_heads': 7, 'hidden_dimension': 90, 'number_of_hidden_layers': 1, 'dropout_rate': 0.1467983561008608, 'learning_rate': 1.3066739238053272e-05, 'weight_decay': 0.0003967605077052988}. Best is trial 0 with value: 0.9416.
[I 2026-04-01 04:47:11,554] Trial 4 finished with value: 0.9342 and parameters: {'batch_size': 104, 'window_size': 5, 'attention_heads': 2, 'hidden_dimension': 126, 'number_of_hidden_layers': 2, 'dropout_rate': 0.16370173320348286, 'learning_rate': 2.3102018878452926e-05, 'weight_decay': 3.549878832196506e-06}. Best is trial 0 with value: 0.9416.
[I 2026-04-01 06:51:40,354] Trial 5 finished with value: 0.935 and parameters: {'batch_size': 80, 'window_size': 4, 'attention_heads': 5, 'hidden_dimension': 60, 'number_of_hidden_layers': 2, 'dropout_rate': 0.14184815819561256, 'learning_rate': 3.8396292998041685e-05, 'weight_decay': 1.2562773503807034e-05}. Best is trial 0 with value: 0.9416.
[I 2026-04-01 09:02:04,174] Trial 6 finished with value: 0.9334 and parameters: {'batch_size': 96, 'window_size': 5, 'attention_heads': 3, 'hidden_dimension': 81, 'number_of_hidden_layers': 2, 'dropout_rate': 0.11393512381599932, 'learning_rate': 0.000164092867306479, 'weight_decay': 3.247673570627449e-06}. Best is trial 0 with value: 0.9416.
[I 2026-04-01 11:30:17,872] Trial 7 finished with value: 0.9382 and parameters: {'batch_size': 64, 'window_size': 5, 'attention_heads': 8, 'hidden_dimension': 110, 'number_of_hidden_layers': 1, 'dropout_rate': 0.12930163420191518, 'learning_rate': 0.000233596350262616, 'weight_decay': 2.091498132903561e-05}. Best is trial 0 with value: 0.9416.
[I 2026-04-01 13:35:36,756] Trial 8 finished with value: 0.9358 and parameters: {'batch_size': 72, 'window_size': 4, 'attention_heads': 2, 'hidden_dimension': 120, 'number_of_hidden_layers': 1, 'dropout_rate': 0.2987566853061946, 'learning_rate': 4.201672054372529e-05, 'weight_decay': 3.632486956676606e-05}. Best is trial 0 with value: 0.9416.
[I 2026-04-01 15:49:09,049] Trial 9 finished with value: 0.9334 and parameters: {'batch_size': 96, 'window_size': 3, 'attention_heads': 8, 'hidden_dimension': 107, 'number_of_hidden_layers': 2, 'dropout_rate': 0.3684482051282947, 'learning_rate': 0.0001569639638866114, 'weight_decay': 0.0005829384542994739}. Best is trial 0 with value: 0.9416.
[I 2026-04-01 17:52:09,554] Trial 10 finished with value: 0.9372 and parameters: {'batch_size': 64, 'window_size': 3, 'attention_heads': 2, 'hidden_dimension': 63, 'number_of_hidden_layers': 1, 'dropout_rate': 0.1814047095321688, 'learning_rate': 0.00045443839603360173, 'weight_decay': 1.1756010900231857e-05}. Best is trial 0 with value: 0.9416.
[I 2026-04-01 19:56:04,647] Trial 11 finished with value: 0.9366 and parameters: {'batch_size': 80, 'window_size': 4, 'attention_heads': 2, 'hidden_dimension': 109, 'number_of_hidden_layers': 1, 'dropout_rate': 0.3960660809801553, 'learning_rate': 0.0003503398491158688, 'weight_decay': 3.945908811099999e-06}. Best is trial 0 with value: 0.9416.
[I 2026-04-01 22:39:52,605] Trial 12 finished with value: 0.9364 and parameters: {'batch_size': 64, 'window_size': 5, 'attention_heads': 6, 'hidden_dimension': 102, 'number_of_hidden_layers': 2, 'dropout_rate': 0.12221339552022711, 'learning_rate': 5.211124595788268e-05, 'weight_decay': 2.2264204303769692e-06}. Best is trial 0 with value: 0.9416.
[I 2026-04-02 00:44:51,356] Trial 13 finished with value: 0.9368 and parameters: {'batch_size': 120, 'window_size': 4, 'attention_heads': 4, 'hidden_dimension': 38, 'number_of_hidden_layers': 1, 'dropout_rate': 0.1975549966080241, 'learning_rate': 0.0002878805718308924, 'weight_decay': 8.178476574339548e-05}. Best is trial 0 with value: 0.9416.
[I 2026-04-02 02:44:31,463] Trial 14 finished with value: 0.9344 and parameters: {'batch_size': 120, 'window_size': 4, 'attention_heads': 2, 'hidden_dimension': 101, 'number_of_hidden_layers': 2, 'dropout_rate': 0.2683831592708489, 'learning_rate': 0.0003482846706526881, 'weight_decay': 3.0296104428212496e-05}. Best is trial 0 with value: 0.9416.
[I 2026-04-02 04:46:48,820] Trial 15 finished with value: 0.9358 and parameters: {'batch_size': 96, 'window_size': 4, 'attention_heads': 2, 'hidden_dimension': 42, 'number_of_hidden_layers': 1, 'dropout_rate': 0.2909231233791342, 'learning_rate': 4.253162363790868e-05, 'weight_decay': 3.35515102272148e-05}. Best is trial 0 with value: 0.9416.
[I 2026-04-02 06:49:23,828] Trial 16 finished with value: 0.937 and parameters: {'batch_size': 128, 'window_size': 3, 'attention_heads': 4, 'hidden_dimension': 105, 'number_of_hidden_layers': 1, 'dropout_rate': 0.12309397294863791, 'learning_rate': 3.797544798678414e-05, 'weight_decay': 3.0455368715396793e-06}. Best is trial 0 with value: 0.9416.
[I 2026-04-02 09:19:14,819] Trial 17 finished with value: 0.9408 and parameters: {'batch_size': 128, 'window_size': 5, 'attention_heads': 6, 'hidden_dimension': 116, 'number_of_hidden_layers': 2, 'dropout_rate': 0.15597101766581076, 'learning_rate': 0.0006097025297491432, 'weight_decay': 4.149795789891592e-05}. Best is trial 0 with value: 0.9416.
[I 2026-04-02 11:22:22,010] Trial 18 finished with value: 0.9358 and parameters: {'batch_size': 120, 'window_size': 5, 'attention_heads': 4, 'hidden_dimension': 42, 'number_of_hidden_layers': 1, 'dropout_rate': 0.2281323365878769, 'learning_rate': 0.0004325432427964555, 'weight_decay': 0.00038211294416912254}. Best is trial 0 with value: 0.9416.
[I 2026-04-02 13:30:38,699] Trial 19 finished with value: 0.9378 and parameters: {'batch_size': 64, 'window_size': 4, 'attention_heads': 4, 'hidden_dimension': 53, 'number_of_hidden_layers': 1, 'dropout_rate': 0.20128455142108842, 'learning_rate': 0.0007688106801474952, 'weight_decay': 9.324140221663498e-06}. Best is trial 0 with value: 0.9416.
[I 2026-04-02 15:59:45,816] Trial 20 finished with value: 0.9348 and parameters: {'batch_size': 96, 'window_size': 5, 'attention_heads': 4, 'hidden_dimension': 126, 'number_of_hidden_layers': 2, 'dropout_rate': 0.17553468874760925, 'learning_rate': 9.874088417386235e-05, 'weight_decay': 7.991621920384356e-06}. Best is trial 0 with value: 0.9416.
[I 2026-04-02 18:16:44,236] Trial 21 finished with value: 0.9392 and parameters: {'batch_size': 80, 'window_size': 3, 'attention_heads': 6, 'hidden_dimension': 80, 'number_of_hidden_layers': 1, 'dropout_rate': 0.18359393927098344, 'learning_rate': 0.0006554382343546282, 'weight_decay': 5.232216089948754e-06}. Best is trial 0 with value: 0.9416.
[I 2026-04-02 20:35:36,143] Trial 22 finished with value: 0.9348 and parameters: {'batch_size': 72, 'window_size': 4, 'attention_heads': 8, 'hidden_dimension': 55, 'number_of_hidden_layers': 2, 'dropout_rate': 0.3284858845986153, 'learning_rate': 2.9872741995638415e-05, 'weight_decay': 0.00015298506868937454}. Best is trial 0 with value: 0.9416.
[I 2026-04-02 23:12:45,625] Trial 23 finished with value: 0.9414 and parameters: {'batch_size': 128, 'window_size': 5, 'attention_heads': 8, 'hidden_dimension': 125, 'number_of_hidden_layers': 2, 'dropout_rate': 0.37794990826693525, 'learning_rate': 0.0009679450250861696, 'weight_decay': 0.00044259787327305703}. Best is trial 0 with value: 0.9416.
[I 2026-04-03 01:13:07,713] Trial 24 finished with value: 0.9372 and parameters: {'batch_size': 128, 'window_size': 4, 'attention_heads': 4, 'hidden_dimension': 34, 'number_of_hidden_layers': 2, 'dropout_rate': 0.1543633032543649, 'learning_rate': 6.88724605264306e-05, 'weight_decay': 7.148543310026896e-06}. Best is trial 0 with value: 0.9416.
[I 2026-04-03 03:16:50,563] Trial 25 finished with value: 0.9352 and parameters: {'batch_size': 112, 'window_size': 4, 'attention_heads': 4, 'hidden_dimension': 38, 'number_of_hidden_layers': 2, 'dropout_rate': 0.10615898058826263, 'learning_rate': 0.0006690328640292699, 'weight_decay': 2.0346913508065577e-05}. Best is trial 0 with value: 0.9416.
[I 2026-04-03 05:54:03,683] Trial 26 finished with value: 0.9382 and parameters: {'batch_size': 128, 'window_size': 5, 'attention_heads': 8, 'hidden_dimension': 126, 'number_of_hidden_layers': 1, 'dropout_rate': 0.13222013470765456, 'learning_rate': 0.000527521376169354, 'weight_decay': 8.510267247211635e-05}. Best is trial 0 with value: 0.9416.
slurmstepd: error: *** JOB 2831196 ON kn069 CANCELLED AT 2026-04-03T07:11:14 DUE TO TIME LIMIT ***
