SLURM NODE: kn084
[I 2026-03-20 05:44:49,351] Using an existing study with name 'IMDb-Sliding_windows' instead of creating a new one.
[UPDATE] 50 completed trials using a random sampler. Switching from random to TPE sampling.
Last trial state: 0
Enqueuing hyper-parameters: {'batch_size': 64, 'window_size': 2, 'attention_heads': 4, 'hidden_dimension': 32, 'number_of_hidden_layers': 2, 'dropout_rate': 0.1, 'learning_rate': 1e-05, 'weight_decay': 1e-06}
[I 2026-03-20 07:49:27,506] Trial 78 finished with value: 0.9386 and parameters: {'batch_size': 64, 'window_size': 2, 'attention_heads': 4, 'hidden_dimension': 32, 'number_of_hidden_layers': 2, 'dropout_rate': 0.1, 'learning_rate': 1e-05, 'weight_decay': 1e-06}. Best is trial 63 with value: 0.9398.
[I 2026-03-20 07:49:28,165] Trial 79 pruned. Duplicate hyper-parameters, same as those used in trial 62: {'batch_size': 64, 'window_size': 2, 'attention_heads': 4, 'hidden_dimension': 32, 'number_of_hidden_layers': 2, 'dropout_rate': 0.1, 'learning_rate': 0.0001, 'weight_decay': 0.0001}.
[I 2026-03-20 07:49:28,788] Trial 80 pruned. Duplicate hyper-parameters, same as those used in trial 71: {'batch_size': 32, 'window_size': 5, 'attention_heads': 6, 'hidden_dimension': 64, 'number_of_hidden_layers': 2, 'dropout_rate': 0.4, 'learning_rate': 0.001, 'weight_decay': 0.0001}.
[I 2026-03-20 07:49:29,866] Trial 81 pruned. Duplicate hyper-parameters, same as those used in trial 78: {'batch_size': 64, 'window_size': 2, 'attention_heads': 4, 'hidden_dimension': 32, 'number_of_hidden_layers': 2, 'dropout_rate': 0.1, 'learning_rate': 1e-05, 'weight_decay': 1e-06}.
[I 2026-03-20 10:41:48,437] Trial 82 finished with value: 0.9284 and parameters: {'batch_size': 16, 'window_size': 2, 'attention_heads': 4, 'hidden_dimension': 32, 'number_of_hidden_layers': 2, 'dropout_rate': 0.2, 'learning_rate': 0.0001, 'weight_decay': 1e-06}. Best is trial 63 with value: 0.9398.
[I 2026-03-20 12:35:55,873] Trial 83 finished with value: 0.9408 and parameters: {'batch_size': 128, 'window_size': 2, 'attention_heads': 4, 'hidden_dimension': 32, 'number_of_hidden_layers': 2, 'dropout_rate': 0.1, 'learning_rate': 0.0001, 'weight_decay': 0.001}. Best is trial 83 with value: 0.9408.
[I 2026-03-20 12:35:56,549] Trial 84 pruned. Duplicate hyper-parameters, same as those used in trial 83: {'batch_size': 128, 'window_size': 2, 'attention_heads': 4, 'hidden_dimension': 32, 'number_of_hidden_layers': 2, 'dropout_rate': 0.1, 'learning_rate': 0.0001, 'weight_decay': 0.001}.
[I 2026-03-20 14:41:10,388] Trial 85 finished with value: 0.9352 and parameters: {'batch_size': 64, 'window_size': 2, 'attention_heads': 4, 'hidden_dimension': 64, 'number_of_hidden_layers': 2, 'dropout_rate': 0.1, 'learning_rate': 0.0001, 'weight_decay': 1e-05}. Best is trial 83 with value: 0.9408.
[I 2026-03-20 16:38:52,325] Trial 86 finished with value: 0.9392 and parameters: {'batch_size': 128, 'window_size': 3, 'attention_heads': 8, 'hidden_dimension': 32, 'number_of_hidden_layers': 0, 'dropout_rate': 0.1, 'learning_rate': 0.0001, 'weight_decay': 0.001}. Best is trial 83 with value: 0.9408.
[I 2026-03-20 18:37:01,346] Trial 87 finished with value: 0.9392 and parameters: {'batch_size': 128, 'window_size': 3, 'attention_heads': 8, 'hidden_dimension': 32, 'number_of_hidden_layers': 0, 'dropout_rate': 0.1, 'learning_rate': 0.0001, 'weight_decay': 1e-06}. Best is trial 83 with value: 0.9408.
[I 2026-03-20 20:33:11,782] Trial 88 finished with value: 0.9392 and parameters: {'batch_size': 128, 'window_size': 3, 'attention_heads': 8, 'hidden_dimension': 32, 'number_of_hidden_layers': 0, 'dropout_rate': 0.1, 'learning_rate': 0.0001, 'weight_decay': 0.0001}. Best is trial 83 with value: 0.9408.
[I 2026-03-20 22:40:37,842] Trial 89 finished with value: 0.9342 and parameters: {'batch_size': 128, 'window_size': 3, 'attention_heads': 8, 'hidden_dimension': 128, 'number_of_hidden_layers': 0, 'dropout_rate': 0.1, 'learning_rate': 0.0001, 'weight_decay': 0.001}. Best is trial 83 with value: 0.9408.
[I 2026-03-20 22:40:38,782] Trial 90 pruned. Duplicate hyper-parameters, same as those used in trial 87: {'batch_size': 128, 'window_size': 3, 'attention_heads': 8, 'hidden_dimension': 32, 'number_of_hidden_layers': 0, 'dropout_rate': 0.1, 'learning_rate': 0.0001, 'weight_decay': 1e-06}.
[I 2026-03-21 00:39:00,305] Trial 91 finished with value: 0.939 and parameters: {'batch_size': 128, 'window_size': 3, 'attention_heads': 8, 'hidden_dimension': 32, 'number_of_hidden_layers': 0, 'dropout_rate': 0.1, 'learning_rate': 0.0003, 'weight_decay': 0.001}. Best is trial 83 with value: 0.9408.
[I 2026-03-21 02:30:48,156] Trial 92 finished with value: 0.9382 and parameters: {'batch_size': 128, 'window_size': 2, 'attention_heads': 8, 'hidden_dimension': 32, 'number_of_hidden_layers': 0, 'dropout_rate': 0.1, 'learning_rate': 0.0001, 'weight_decay': 0.0001}. Best is trial 83 with value: 0.9408.
[I 2026-03-21 04:49:18,370] Trial 93 finished with value: 0.936 and parameters: {'batch_size': 32, 'window_size': 3, 'attention_heads': 8, 'hidden_dimension': 32, 'number_of_hidden_layers': 0, 'dropout_rate': 0.1, 'learning_rate': 0.0001, 'weight_decay': 0.001}. Best is trial 83 with value: 0.9408.
[I 2026-03-21 06:47:40,680] Trial 94 finished with value: 0.9374 and parameters: {'batch_size': 128, 'window_size': 3, 'attention_heads': 8, 'hidden_dimension': 32, 'number_of_hidden_layers': 1, 'dropout_rate': 0.1, 'learning_rate': 0.0003, 'weight_decay': 0.001}. Best is trial 83 with value: 0.9408.
[I 2026-03-21 08:40:47,406] Trial 95 finished with value: 0.9394 and parameters: {'batch_size': 128, 'window_size': 3, 'attention_heads': 8, 'hidden_dimension': 32, 'number_of_hidden_layers': 0, 'dropout_rate': 0.2, 'learning_rate': 0.0001, 'weight_decay': 0.001}. Best is trial 83 with value: 0.9408.
[I 2026-03-21 10:43:46,162] Trial 96 finished with value: 0.9378 and parameters: {'batch_size': 128, 'window_size': 5, 'attention_heads': 8, 'hidden_dimension': 32, 'number_of_hidden_layers': 0, 'dropout_rate': 0.2, 'learning_rate': 0.0001, 'weight_decay': 0.001}. Best is trial 83 with value: 0.9408.
[I 2026-03-21 12:44:33,697] Trial 97 finished with value: 0.9376 and parameters: {'batch_size': 128, 'window_size': 3, 'attention_heads': 8, 'hidden_dimension': 32, 'number_of_hidden_layers': 2, 'dropout_rate': 0.1, 'learning_rate': 0.0001, 'weight_decay': 0.0001}. Best is trial 83 with value: 0.9408.
[I 2026-03-21 14:41:49,099] Trial 98 finished with value: 0.9394 and parameters: {'batch_size': 128, 'window_size': 3, 'attention_heads': 8, 'hidden_dimension': 32, 'number_of_hidden_layers': 0, 'dropout_rate': 0.2, 'learning_rate': 0.0001, 'weight_decay': 1e-05}. Best is trial 83 with value: 0.9408.
[I 2026-03-21 14:41:49,841] Trial 99 pruned. Duplicate hyper-parameters, same as those used in trial 98: {'batch_size': 128, 'window_size': 3, 'attention_heads': 8, 'hidden_dimension': 32, 'number_of_hidden_layers': 0, 'dropout_rate': 0.2, 'learning_rate': 0.0001, 'weight_decay': 1e-05}.
[I 2026-03-21 16:41:55,651] Trial 100 finished with value: 0.9384 and parameters: {'batch_size': 128, 'window_size': 3, 'attention_heads': 8, 'hidden_dimension': 32, 'number_of_hidden_layers': 0, 'dropout_rate': 0.2, 'learning_rate': 0.0003, 'weight_decay': 0.001}. Best is trial 83 with value: 0.9408.
[I 2026-03-21 18:40:49,076] Trial 101 finished with value: 0.9374 and parameters: {'batch_size': 128, 'window_size': 3, 'attention_heads': 4, 'hidden_dimension': 32, 'number_of_hidden_layers': 0, 'dropout_rate': 0.2, 'learning_rate': 0.0001, 'weight_decay': 0.001}. Best is trial 83 with value: 0.9408.
[I 2026-03-21 20:41:17,802] Trial 102 finished with value: 0.9388 and parameters: {'batch_size': 128, 'window_size': 3, 'attention_heads': 8, 'hidden_dimension': 32, 'number_of_hidden_layers': 0, 'dropout_rate': 0.3, 'learning_rate': 0.0001, 'weight_decay': 0.0001}. Best is trial 83 with value: 0.9408.
[I 2026-03-21 22:43:08,857] Trial 103 finished with value: 0.939 and parameters: {'batch_size': 128, 'window_size': 3, 'attention_heads': 8, 'hidden_dimension': 32, 'number_of_hidden_layers': 0, 'dropout_rate': 0.1, 'learning_rate': 0.001, 'weight_decay': 0.001}. Best is trial 83 with value: 0.9408.
[I 2026-03-22 00:42:44,302] Trial 104 finished with value: 0.9384 and parameters: {'batch_size': 128, 'window_size': 3, 'attention_heads': 2, 'hidden_dimension': 32, 'number_of_hidden_layers': 0, 'dropout_rate': 0.1, 'learning_rate': 0.0001, 'weight_decay': 0.001}. Best is trial 83 with value: 0.9408.
[I 2026-03-22 00:42:44,984] Trial 105 pruned. Duplicate hyper-parameters, same as those used in trial 103: {'batch_size': 128, 'window_size': 3, 'attention_heads': 8, 'hidden_dimension': 32, 'number_of_hidden_layers': 0, 'dropout_rate': 0.1, 'learning_rate': 0.001, 'weight_decay': 0.001}.
[I 2026-03-22 02:49:22,941] Trial 106 finished with value: 0.9348 and parameters: {'batch_size': 128, 'window_size': 3, 'attention_heads': 8, 'hidden_dimension': 64, 'number_of_hidden_layers': 0, 'dropout_rate': 0.2, 'learning_rate': 0.0001, 'weight_decay': 0.001}. Best is trial 83 with value: 0.9408.
[I 2026-03-22 05:07:58,196] Trial 107 finished with value: 0.9394 and parameters: {'batch_size': 128, 'window_size': 3, 'attention_heads': 8, 'hidden_dimension': 32, 'number_of_hidden_layers': 0, 'dropout_rate': 0.1, 'learning_rate': 1e-05, 'weight_decay': 0.0001}. Best is trial 83 with value: 0.9408.
[I 2026-03-22 05:07:58,926] Trial 108 pruned. Duplicate hyper-parameters, same as those used in trial 107: {'batch_size': 128, 'window_size': 3, 'attention_heads': 8, 'hidden_dimension': 32, 'number_of_hidden_layers': 0, 'dropout_rate': 0.1, 'learning_rate': 1e-05, 'weight_decay': 0.0001}.
[I 2026-03-22 07:06:47,633] Trial 109 finished with value: 0.9372 and parameters: {'batch_size': 128, 'window_size': 3, 'attention_heads': 8, 'hidden_dimension': 32, 'number_of_hidden_layers': 0, 'dropout_rate': 0.4, 'learning_rate': 0.0001, 'weight_decay': 0.001}. Best is trial 83 with value: 0.9408.
[I 2026-03-22 09:04:19,465] Trial 110 finished with value: 0.9382 and parameters: {'batch_size': 128, 'window_size': 3, 'attention_heads': 6, 'hidden_dimension': 32, 'number_of_hidden_layers': 1, 'dropout_rate': 0.1, 'learning_rate': 0.0001, 'weight_decay': 0.0001}. Best is trial 83 with value: 0.9408.
[I 2026-03-22 12:05:10,642] Trial 111 finished with value: 0.9314 and parameters: {'batch_size': 16, 'window_size': 3, 'attention_heads': 8, 'hidden_dimension': 32, 'number_of_hidden_layers': 0, 'dropout_rate': 0.1, 'learning_rate': 0.0003, 'weight_decay': 0.001}. Best is trial 83 with value: 0.9408.
[I 2026-03-22 14:44:09,284] Trial 112 finished with value: 0.9402 and parameters: {'batch_size': 128, 'window_size': 5, 'attention_heads': 6, 'hidden_dimension': 128, 'number_of_hidden_layers': 2, 'dropout_rate': 0.1, 'learning_rate': 0.001, 'weight_decay': 0.001}. Best is trial 83 with value: 0.9408.
[I 2026-03-22 14:44:10,078] Trial 113 pruned. Duplicate hyper-parameters, same as those used in trial 112: {'batch_size': 128, 'window_size': 5, 'attention_heads': 6, 'hidden_dimension': 128, 'number_of_hidden_layers': 2, 'dropout_rate': 0.1, 'learning_rate': 0.001, 'weight_decay': 0.001}.
[I 2026-03-22 16:43:04,771] Trial 114 finished with value: 0.9344 and parameters: {'batch_size': 128, 'window_size': 3, 'attention_heads': 8, 'hidden_dimension': 64, 'number_of_hidden_layers': 0, 'dropout_rate': 0.1, 'learning_rate': 0.0003, 'weight_decay': 0.001}. Best is trial 83 with value: 0.9408.
[I 2026-03-22 19:04:08,718] Trial 115 finished with value: 0.9328 and parameters: {'batch_size': 32, 'window_size': 4, 'attention_heads': 2, 'hidden_dimension': 32, 'number_of_hidden_layers': 2, 'dropout_rate': 0.2, 'learning_rate': 1e-05, 'weight_decay': 1e-05}. Best is trial 83 with value: 0.9408.
[I 2026-03-22 21:11:01,795] Trial 116 finished with value: 0.9374 and parameters: {'batch_size': 64, 'window_size': 3, 'attention_heads': 8, 'hidden_dimension': 32, 'number_of_hidden_layers': 0, 'dropout_rate': 0.2, 'learning_rate': 0.0001, 'weight_decay': 0.001}. Best is trial 83 with value: 0.9408.
[I 2026-03-23 00:00:20,205] Trial 117 finished with value: 0.931 and parameters: {'batch_size': 16, 'window_size': 3, 'attention_heads': 4, 'hidden_dimension': 32, 'number_of_hidden_layers': 0, 'dropout_rate': 0.1, 'learning_rate': 0.0001, 'weight_decay': 0.0001}. Best is trial 83 with value: 0.9408.
[I 2026-03-23 02:11:05,965] Trial 118 finished with value: 0.9356 and parameters: {'batch_size': 64, 'window_size': 3, 'attention_heads': 8, 'hidden_dimension': 64, 'number_of_hidden_layers': 0, 'dropout_rate': 0.1, 'learning_rate': 0.0001, 'weight_decay': 0.0001}. Best is trial 83 with value: 0.9408.
[I 2026-03-23 05:08:20,434] Trial 119 finished with value: 0.9344 and parameters: {'batch_size': 32, 'window_size': 5, 'attention_heads': 6, 'hidden_dimension': 128, 'number_of_hidden_layers': 2, 'dropout_rate': 0.3, 'learning_rate': 0.001, 'weight_decay': 0.0001}. Best is trial 83 with value: 0.9408.
slurmstepd: error: *** JOB 2449525 ON kn084 CANCELLED AT 2026-03-23T05:44:40 DUE TO TIME LIMIT ***
