SLURM NODE: kn055
[I 2026-03-07 06:30:31,965] Using an existing study with name 'SST-2-Sliding_windows' instead of creating a new one.
Unbound optimization already completed.

[UPDATE] Unbound limits: {'batch_size': (np.int64(32), np.int64(128)), 'window_size': (np.int64(2), np.int64(4)), 'attention_heads': (np.int64(1), np.int64(8)), 'hidden_dimension': (np.int64(32), np.int64(128)), 'number_of_hidden_layers': (np.int64(0), np.int64(2)), 'dropout_rate': (np.float64(0.1), np.float64(0.4)), 'learning_rate': (np.float64(1e-05), np.float64(0.001)), 'weight_decay': (np.float64(1e-06), np.float64(0.001))}
[I 2026-03-07 06:30:32,531] Using an existing study with name 'SST-2-Sliding_windows-unbound' instead of creating a new one.
Last trial state: 0
Enqueuing hyper-parameters: {'batch_size': 72, 'window_size': 3, 'attention_heads': 2, 'hidden_dimension': 99, 'number_of_hidden_layers': 2, 'dropout_rate': 0.21449262627224744, 'learning_rate': 1.4070584304805726e-05, 'weight_decay': 3.939469016702181e-06}
[I 2026-03-07 07:24:19,358] Trial 32 finished with value: 0.9036697247706422 and parameters: {'batch_size': 72, 'window_size': 3, 'attention_heads': 2, 'hidden_dimension': 99, 'number_of_hidden_layers': 2, 'dropout_rate': 0.21449262627224744, 'learning_rate': 1.4070584304805726e-05, 'weight_decay': 3.939469016702181e-06}. Best is trial 0 with value: 0.9162844036697247.
[I 2026-03-07 08:16:50,694] Trial 33 finished with value: 0.9128440366972477 and parameters: {'batch_size': 96, 'window_size': 4, 'attention_heads': 1, 'hidden_dimension': 88, 'number_of_hidden_layers': 2, 'dropout_rate': 0.198265899231786, 'learning_rate': 1.969300348432488e-05, 'weight_decay': 7.448850406215838e-06}. Best is trial 0 with value: 0.9162844036697247.
[I 2026-03-07 09:11:38,111] Trial 34 finished with value: 0.9071100917431193 and parameters: {'batch_size': 64, 'window_size': 3, 'attention_heads': 6, 'hidden_dimension': 32, 'number_of_hidden_layers': 2, 'dropout_rate': 0.2088058638202168, 'learning_rate': 0.0003328269713237246, 'weight_decay': 6.41837854746821e-05}. Best is trial 0 with value: 0.9162844036697247.
[I 2026-03-07 10:05:22,782] Trial 35 finished with value: 0.9059633027522935 and parameters: {'batch_size': 72, 'window_size': 4, 'attention_heads': 2, 'hidden_dimension': 126, 'number_of_hidden_layers': 2, 'dropout_rate': 0.13591720983462022, 'learning_rate': 1.856785208480142e-05, 'weight_decay': 3.615487159849836e-05}. Best is trial 0 with value: 0.9162844036697247.
[I 2026-03-07 10:58:14,505] Trial 36 finished with value: 0.908256880733945 and parameters: {'batch_size': 96, 'window_size': 3, 'attention_heads': 1, 'hidden_dimension': 117, 'number_of_hidden_layers': 2, 'dropout_rate': 0.18137341109819802, 'learning_rate': 3.604495928755309e-05, 'weight_decay': 1.8439518580398473e-06}. Best is trial 0 with value: 0.9162844036697247.
[I 2026-03-07 11:54:38,720] Trial 37 finished with value: 0.9094036697247706 and parameters: {'batch_size': 64, 'window_size': 3, 'attention_heads': 7, 'hidden_dimension': 41, 'number_of_hidden_layers': 2, 'dropout_rate': 0.36828753055951735, 'learning_rate': 0.00022263818776254454, 'weight_decay': 2.444166507620152e-05}. Best is trial 0 with value: 0.9162844036697247.
[I 2026-03-07 12:47:04,459] Trial 38 finished with value: 0.9059633027522935 and parameters: {'batch_size': 104, 'window_size': 2, 'attention_heads': 1, 'hidden_dimension': 108, 'number_of_hidden_layers': 0, 'dropout_rate': 0.35740111779226524, 'learning_rate': 1.7847116822218346e-05, 'weight_decay': 2.379254166142636e-06}. Best is trial 0 with value: 0.9162844036697247.
[I 2026-03-07 13:42:37,184] Trial 39 finished with value: 0.9094036697247706 and parameters: {'batch_size': 64, 'window_size': 2, 'attention_heads': 8, 'hidden_dimension': 40, 'number_of_hidden_layers': 2, 'dropout_rate': 0.30401830357325726, 'learning_rate': 0.00010761814573537224, 'weight_decay': 5.1591603183626054e-05}. Best is trial 0 with value: 0.9162844036697247.
[I 2026-03-07 14:33:59,747] Trial 40 finished with value: 0.908256880733945 and parameters: {'batch_size': 128, 'window_size': 3, 'attention_heads': 3, 'hidden_dimension': 126, 'number_of_hidden_layers': 0, 'dropout_rate': 0.3752910887759655, 'learning_rate': 1.7524786921032755e-05, 'weight_decay': 1.9402924427053686e-05}. Best is trial 0 with value: 0.9162844036697247.
[I 2026-03-07 15:27:56,585] Trial 41 finished with value: 0.9105504587155964 and parameters: {'batch_size': 88, 'window_size': 2, 'attention_heads': 4, 'hidden_dimension': 33, 'number_of_hidden_layers': 0, 'dropout_rate': 0.25658952130796125, 'learning_rate': 0.0008315260624680483, 'weight_decay': 1.730574285848744e-05}. Best is trial 0 with value: 0.9162844036697247.
[I 2026-03-07 16:18:54,819] Trial 42 finished with value: 0.9105504587155964 and parameters: {'batch_size': 112, 'window_size': 2, 'attention_heads': 2, 'hidden_dimension': 39, 'number_of_hidden_layers': 0, 'dropout_rate': 0.1347992717203556, 'learning_rate': 0.00041936677738649064, 'weight_decay': 6.057457116468061e-05}. Best is trial 0 with value: 0.9162844036697247.
[I 2026-03-07 17:10:58,203] Trial 43 finished with value: 0.911697247706422 and parameters: {'batch_size': 128, 'window_size': 4, 'attention_heads': 1, 'hidden_dimension': 111, 'number_of_hidden_layers': 2, 'dropout_rate': 0.13609454253845374, 'learning_rate': 1.6628492343649883e-05, 'weight_decay': 3.7390951032406455e-06}. Best is trial 0 with value: 0.9162844036697247.
[I 2026-03-07 18:01:45,762] Trial 44 finished with value: 0.9174311926605505 and parameters: {'batch_size': 112, 'window_size': 3, 'attention_heads': 5, 'hidden_dimension': 54, 'number_of_hidden_layers': 0, 'dropout_rate': 0.28160984094330305, 'learning_rate': 0.0003655118831438861, 'weight_decay': 6.352527975605887e-05}. Best is trial 44 with value: 0.9174311926605505.
[I 2026-03-07 18:55:30,583] Trial 45 finished with value: 0.9185779816513762 and parameters: {'batch_size': 104, 'window_size': 3, 'attention_heads': 7, 'hidden_dimension': 43, 'number_of_hidden_layers': 0, 'dropout_rate': 0.3128106064234459, 'learning_rate': 0.0004300031564038087, 'weight_decay': 0.0001222748877668034}. Best is trial 45 with value: 0.9185779816513762.
[I 2026-03-07 19:49:35,019] Trial 46 finished with value: 0.911697247706422 and parameters: {'batch_size': 120, 'window_size': 3, 'attention_heads': 6, 'hidden_dimension': 34, 'number_of_hidden_layers': 0, 'dropout_rate': 0.36497806013570033, 'learning_rate': 0.000565225461987807, 'weight_decay': 0.00020826416368440763}. Best is trial 45 with value: 0.9185779816513762.
[I 2026-03-07 20:47:34,273] Trial 47 finished with value: 0.9071100917431193 and parameters: {'batch_size': 112, 'window_size': 4, 'attention_heads': 5, 'hidden_dimension': 70, 'number_of_hidden_layers': 1, 'dropout_rate': 0.270801839937725, 'learning_rate': 0.00024951985867305017, 'weight_decay': 3.668387179649168e-05}. Best is trial 45 with value: 0.9185779816513762.
[I 2026-03-07 21:38:28,903] Trial 48 finished with value: 0.9105504587155964 and parameters: {'batch_size': 104, 'window_size': 4, 'attention_heads': 7, 'hidden_dimension': 49, 'number_of_hidden_layers': 0, 'dropout_rate': 0.2597061064156066, 'learning_rate': 0.0008960043642330811, 'weight_decay': 0.00037092816596176936}. Best is trial 45 with value: 0.9185779816513762.
[I 2026-03-07 22:29:52,102] Trial 49 finished with value: 0.9128440366972477 and parameters: {'batch_size': 112, 'window_size': 3, 'attention_heads': 8, 'hidden_dimension': 55, 'number_of_hidden_layers': 0, 'dropout_rate': 0.2531704257292191, 'learning_rate': 0.0001376392567979893, 'weight_decay': 8.474190360832347e-05}. Best is trial 45 with value: 0.9185779816513762.
[I 2026-03-07 23:24:49,667] Trial 50 finished with value: 0.908256880733945 and parameters: {'batch_size': 56, 'window_size': 2, 'attention_heads': 8, 'hidden_dimension': 77, 'number_of_hidden_layers': 0, 'dropout_rate': 0.31467908286247087, 'learning_rate': 0.0002995328691374052, 'weight_decay': 0.000670184751677119}. Best is trial 45 with value: 0.9185779816513762.
[I 2026-03-08 00:16:00,944] Trial 51 finished with value: 0.9128440366972477 and parameters: {'batch_size': 112, 'window_size': 3, 'attention_heads': 6, 'hidden_dimension': 88, 'number_of_hidden_layers': 0, 'dropout_rate': 0.27543402021781366, 'learning_rate': 0.0007482205821985376, 'weight_decay': 9.043127335838505e-06}. Best is trial 45 with value: 0.9185779816513762.
[I 2026-03-08 01:08:18,827] Trial 52 finished with value: 0.911697247706422 and parameters: {'batch_size': 88, 'window_size': 4, 'attention_heads': 2, 'hidden_dimension': 124, 'number_of_hidden_layers': 2, 'dropout_rate': 0.11604817841191323, 'learning_rate': 3.361952912641825e-05, 'weight_decay': 1.5853763543977045e-06}. Best is trial 45 with value: 0.9185779816513762.
[I 2026-03-08 03:01:17,856] Trial 53 finished with value: 0.9105504587155964 and parameters: {'batch_size': 88, 'window_size': 3, 'attention_heads': 6, 'hidden_dimension': 53, 'number_of_hidden_layers': 0, 'dropout_rate': 0.31368381137310325, 'learning_rate': 0.0002157068532072482, 'weight_decay': 1.6555975053771553e-05}. Best is trial 45 with value: 0.9185779816513762.
[I 2026-03-08 03:53:32,469] Trial 54 finished with value: 0.9139908256880734 and parameters: {'batch_size': 120, 'window_size': 3, 'attention_heads': 1, 'hidden_dimension': 117, 'number_of_hidden_layers': 0, 'dropout_rate': 0.39641589720948484, 'learning_rate': 1.009075794146802e-05, 'weight_decay': 2.3635294992907507e-06}. Best is trial 45 with value: 0.9185779816513762.
[I 2026-03-08 04:46:15,506] Trial 55 finished with value: 0.908256880733945 and parameters: {'batch_size': 96, 'window_size': 4, 'attention_heads': 2, 'hidden_dimension': 126, 'number_of_hidden_layers': 2, 'dropout_rate': 0.2179172800480617, 'learning_rate': 1.3617401759002692e-05, 'weight_decay': 8.85309092366088e-06}. Best is trial 45 with value: 0.9185779816513762.
[I 2026-03-08 05:41:05,316] Trial 56 finished with value: 0.9105504587155964 and parameters: {'batch_size': 64, 'window_size': 3, 'attention_heads': 5, 'hidden_dimension': 48, 'number_of_hidden_layers': 0, 'dropout_rate': 0.2921550758744731, 'learning_rate': 0.0006680566346319369, 'weight_decay': 0.0006984614116209792}. Best is trial 45 with value: 0.9185779816513762.
[I 2026-03-08 06:34:38,234] Trial 57 finished with value: 0.9048165137614679 and parameters: {'batch_size': 88, 'window_size': 4, 'attention_heads': 1, 'hidden_dimension': 128, 'number_of_hidden_layers': 1, 'dropout_rate': 0.20460849666227862, 'learning_rate': 1.0530460654182164e-05, 'weight_decay': 1.5503096056148953e-06}. Best is trial 45 with value: 0.9185779816513762.
[I 2026-03-08 07:26:35,881] Trial 58 finished with value: 0.9128440366972477 and parameters: {'batch_size': 104, 'window_size': 3, 'attention_heads': 5, 'hidden_dimension': 59, 'number_of_hidden_layers': 0, 'dropout_rate': 0.25691270709859304, 'learning_rate': 0.0004283478998812052, 'weight_decay': 7.585611061346947e-05}. Best is trial 45 with value: 0.9185779816513762.
[I 2026-03-08 08:23:59,789] Trial 59 finished with value: 0.9048165137614679 and parameters: {'batch_size': 48, 'window_size': 2, 'attention_heads': 2, 'hidden_dimension': 34, 'number_of_hidden_layers': 0, 'dropout_rate': 0.13462205245422418, 'learning_rate': 0.00028466730099856765, 'weight_decay': 2.8836331254070075e-05}. Best is trial 45 with value: 0.9185779816513762.
[I 2026-03-08 09:15:29,975] Trial 60 finished with value: 0.9128440366972477 and parameters: {'batch_size': 128, 'window_size': 2, 'attention_heads': 8, 'hidden_dimension': 36, 'number_of_hidden_layers': 0, 'dropout_rate': 0.30404660556416313, 'learning_rate': 0.000643821886871647, 'weight_decay': 7.174965149339712e-05}. Best is trial 45 with value: 0.9185779816513762.
[I 2026-03-08 10:10:03,953] Trial 61 finished with value: 0.9071100917431193 and parameters: {'batch_size': 72, 'window_size': 2, 'attention_heads': 6, 'hidden_dimension': 32, 'number_of_hidden_layers': 0, 'dropout_rate': 0.22066651942988616, 'learning_rate': 0.000261574301743995, 'weight_decay': 0.00015885719119252046}. Best is trial 45 with value: 0.9185779816513762.
[I 2026-03-08 11:02:07,649] Trial 62 finished with value: 0.911697247706422 and parameters: {'batch_size': 112, 'window_size': 3, 'attention_heads': 1, 'hidden_dimension': 48, 'number_of_hidden_layers': 0, 'dropout_rate': 0.2679262506922977, 'learning_rate': 0.0002959150887421936, 'weight_decay': 0.00014131164940824788}. Best is trial 45 with value: 0.9185779816513762.
[I 2026-03-08 11:53:21,068] Trial 63 finished with value: 0.9128440366972477 and parameters: {'batch_size': 128, 'window_size': 2, 'attention_heads': 4, 'hidden_dimension': 34, 'number_of_hidden_layers': 0, 'dropout_rate': 0.18481234668703173, 'learning_rate': 0.000972140325803959, 'weight_decay': 0.00014619202059751456}. Best is trial 45 with value: 0.9185779816513762.
[I 2026-03-08 12:47:03,664] Trial 64 finished with value: 0.911697247706422 and parameters: {'batch_size': 112, 'window_size': 3, 'attention_heads': 5, 'hidden_dimension': 43, 'number_of_hidden_layers': 0, 'dropout_rate': 0.15958491263556987, 'learning_rate': 8.000962723555456e-05, 'weight_decay': 0.00018734337893887813}. Best is trial 45 with value: 0.9185779816513762.
[I 2026-03-08 13:46:24,425] Trial 65 finished with value: 0.9139908256880734 and parameters: {'batch_size': 112, 'window_size': 2, 'attention_heads': 3, 'hidden_dimension': 47, 'number_of_hidden_layers': 0, 'dropout_rate': 0.21228051752506927, 'learning_rate': 0.0009253337943247117, 'weight_decay': 5.562729583091044e-05}. Best is trial 45 with value: 0.9185779816513762.
[I 2026-03-08 14:43:42,796] Trial 66 finished with value: 0.9139908256880734 and parameters: {'batch_size': 128, 'window_size': 3, 'attention_heads': 3, 'hidden_dimension': 45, 'number_of_hidden_layers': 1, 'dropout_rate': 0.1461490537206685, 'learning_rate': 0.000216833566078107, 'weight_decay': 5.637351298102715e-05}. Best is trial 45 with value: 0.9185779816513762.
[I 2026-03-08 15:36:13,958] Trial 67 finished with value: 0.9162844036697247 and parameters: {'batch_size': 96, 'window_size': 3, 'attention_heads': 4, 'hidden_dimension': 43, 'number_of_hidden_layers': 0, 'dropout_rate': 0.19399331210423706, 'learning_rate': 0.0003193863061915646, 'weight_decay': 6.987384250115135e-05}. Best is trial 45 with value: 0.9185779816513762.
[I 2026-03-08 16:28:33,618] Trial 68 finished with value: 0.911697247706422 and parameters: {'batch_size': 88, 'window_size': 2, 'attention_heads': 8, 'hidden_dimension': 34, 'number_of_hidden_layers': 2, 'dropout_rate': 0.29469161540723554, 'learning_rate': 0.00034222733853817163, 'weight_decay': 0.00047467964203212455}. Best is trial 45 with value: 0.9185779816513762.
[I 2026-03-08 17:19:48,883] Trial 69 finished with value: 0.9128440366972477 and parameters: {'batch_size': 96, 'window_size': 3, 'attention_heads': 8, 'hidden_dimension': 52, 'number_of_hidden_layers': 0, 'dropout_rate': 0.337366398112384, 'learning_rate': 0.0003724815442972135, 'weight_decay': 0.0001415424131627549}. Best is trial 45 with value: 0.9185779816513762.
[I 2026-03-08 18:12:17,568] Trial 70 finished with value: 0.911697247706422 and parameters: {'batch_size': 80, 'window_size': 2, 'attention_heads': 4, 'hidden_dimension': 35, 'number_of_hidden_layers': 0, 'dropout_rate': 0.10857569572269715, 'learning_rate': 0.0005407179395605316, 'weight_decay': 0.0007272936183959115}. Best is trial 45 with value: 0.9185779816513762.
[I 2026-03-08 19:07:50,170] Trial 71 finished with value: 0.9128440366972477 and parameters: {'batch_size': 56, 'window_size': 3, 'attention_heads': 2, 'hidden_dimension': 101, 'number_of_hidden_layers': 0, 'dropout_rate': 0.18113272559197294, 'learning_rate': 4.5285169225864696e-05, 'weight_decay': 0.0007833189181104549}. Best is trial 45 with value: 0.9185779816513762.
[I 2026-03-08 20:00:55,013] Trial 72 finished with value: 0.911697247706422 and parameters: {'batch_size': 104, 'window_size': 3, 'attention_heads': 4, 'hidden_dimension': 39, 'number_of_hidden_layers': 0, 'dropout_rate': 0.2105918766785661, 'learning_rate': 0.00041269467063935326, 'weight_decay': 4.225888207489208e-05}. Best is trial 45 with value: 0.9185779816513762.
[I 2026-03-08 21:09:05,666] Trial 73 finished with value: 0.911697247706422 and parameters: {'batch_size': 104, 'window_size': 2, 'attention_heads': 5, 'hidden_dimension': 47, 'number_of_hidden_layers': 0, 'dropout_rate': 0.2005255059307409, 'learning_rate': 0.0006782033501621082, 'weight_decay': 0.00014020382543042522}. Best is trial 45 with value: 0.9185779816513762.
[I 2026-03-08 22:03:41,496] Trial 74 finished with value: 0.9071100917431193 and parameters: {'batch_size': 72, 'window_size': 2, 'attention_heads': 7, 'hidden_dimension': 35, 'number_of_hidden_layers': 2, 'dropout_rate': 0.25268835448418137, 'learning_rate': 0.00018191394512556718, 'weight_decay': 0.0002519409240988222}. Best is trial 45 with value: 0.9185779816513762.
[I 2026-03-08 22:54:13,527] Trial 75 finished with value: 0.9094036697247706 and parameters: {'batch_size': 112, 'window_size': 3, 'attention_heads': 4, 'hidden_dimension': 53, 'number_of_hidden_layers': 0, 'dropout_rate': 0.3520510400762483, 'learning_rate': 0.0004009714758771483, 'weight_decay': 3.773341643012505e-05}. Best is trial 45 with value: 0.9185779816513762.
[I 2026-03-08 23:52:05,653] Trial 76 finished with value: 0.9105504587155964 and parameters: {'batch_size': 96, 'window_size': 3, 'attention_heads': 3, 'hidden_dimension': 53, 'number_of_hidden_layers': 1, 'dropout_rate': 0.15433716124973518, 'learning_rate': 0.0003677145903673143, 'weight_decay': 9.511904742413947e-05}. Best is trial 45 with value: 0.9185779816513762.
[I 2026-03-09 00:57:32,478] Trial 77 finished with value: 0.911697247706422 and parameters: {'batch_size': 72, 'window_size': 2, 'attention_heads': 3, 'hidden_dimension': 36, 'number_of_hidden_layers': 1, 'dropout_rate': 0.21196008580938513, 'learning_rate': 0.0006734188689809121, 'weight_decay': 0.0002136575775443601}. Best is trial 45 with value: 0.9185779816513762.
[I 2026-03-09 01:48:11,921] Trial 78 finished with value: 0.911697247706422 and parameters: {'batch_size': 128, 'window_size': 2, 'attention_heads': 7, 'hidden_dimension': 116, 'number_of_hidden_layers': 0, 'dropout_rate': 0.17070512936493246, 'learning_rate': 1.6317457821975504e-05, 'weight_decay': 0.00012251717217682121}. Best is trial 45 with value: 0.9185779816513762.
[I 2026-03-09 02:39:26,593] Trial 79 finished with value: 0.911697247706422 and parameters: {'batch_size': 104, 'window_size': 3, 'attention_heads': 3, 'hidden_dimension': 43, 'number_of_hidden_layers': 0, 'dropout_rate': 0.17760367911182037, 'learning_rate': 0.00018609747060896833, 'weight_decay': 3.852727583441042e-05}. Best is trial 45 with value: 0.9185779816513762.
[I 2026-03-09 03:36:29,573] Trial 80 finished with value: 0.9059633027522935 and parameters: {'batch_size': 56, 'window_size': 2, 'attention_heads': 5, 'hidden_dimension': 41, 'number_of_hidden_layers': 2, 'dropout_rate': 0.36013626964518103, 'learning_rate': 0.0001237111945211515, 'weight_decay': 0.0004345099527255021}. Best is trial 45 with value: 0.9185779816513762.
[I 2026-03-09 04:27:05,653] Trial 81 finished with value: 0.9071100917431193 and parameters: {'batch_size': 120, 'window_size': 2, 'attention_heads': 8, 'hidden_dimension': 35, 'number_of_hidden_layers': 1, 'dropout_rate': 0.39111215896035156, 'learning_rate': 3.272607028639853e-05, 'weight_decay': 2.5010956554173194e-05}. Best is trial 45 with value: 0.9185779816513762.
[I 2026-03-09 05:17:29,457] Trial 82 finished with value: 0.908256880733945 and parameters: {'batch_size': 128, 'window_size': 3, 'attention_heads': 2, 'hidden_dimension': 102, 'number_of_hidden_layers': 0, 'dropout_rate': 0.3924814400229106, 'learning_rate': 2.8801369745628142e-05, 'weight_decay': 4.3692476546206506e-06}. Best is trial 45 with value: 0.9185779816513762.
[I 2026-03-09 06:08:33,597] Trial 83 finished with value: 0.9059633027522935 and parameters: {'batch_size': 120, 'window_size': 2, 'attention_heads': 1, 'hidden_dimension': 120, 'number_of_hidden_layers': 1, 'dropout_rate': 0.389652586952409, 'learning_rate': 1.1250310641676427e-05, 'weight_decay': 8.235733794822275e-06}. Best is trial 45 with value: 0.9185779816513762.
[I 2026-03-09 06:59:32,445] Trial 84 finished with value: 0.9105504587155964 and parameters: {'batch_size': 112, 'window_size': 3, 'attention_heads': 6, 'hidden_dimension': 38, 'number_of_hidden_layers': 1, 'dropout_rate': 0.26306729649636124, 'learning_rate': 0.00024048700355947932, 'weight_decay': 0.00021980262078460534}. Best is trial 45 with value: 0.9185779816513762.
[I 2026-03-09 07:49:58,643] Trial 85 finished with value: 0.9013761467889908 and parameters: {'batch_size': 120, 'window_size': 4, 'attention_heads': 2, 'hidden_dimension': 74, 'number_of_hidden_layers': 0, 'dropout_rate': 0.3838103030982789, 'learning_rate': 1.5661723285356234e-05, 'weight_decay': 1.5675860054699533e-06}. Best is trial 45 with value: 0.9185779816513762.
[I 2026-03-09 08:43:17,700] Trial 86 finished with value: 0.9059633027522935 and parameters: {'batch_size': 112, 'window_size': 3, 'attention_heads': 2, 'hidden_dimension': 109, 'number_of_hidden_layers': 0, 'dropout_rate': 0.33965739669368605, 'learning_rate': 1.2971078831013113e-05, 'weight_decay': 9.46761457892286e-06}. Best is trial 45 with value: 0.9185779816513762.
[I 2026-03-09 09:36:02,689] Trial 87 finished with value: 0.9128440366972477 and parameters: {'batch_size': 88, 'window_size': 3, 'attention_heads': 1, 'hidden_dimension': 117, 'number_of_hidden_layers': 0, 'dropout_rate': 0.3479781802244752, 'learning_rate': 1.0877707372957257e-05, 'weight_decay': 4.08007111575571e-06}. Best is trial 45 with value: 0.9185779816513762.
[I 2026-03-09 10:36:13,925] Trial 88 finished with value: 0.9105504587155964 and parameters: {'batch_size': 40, 'window_size': 4, 'attention_heads': 3, 'hidden_dimension': 114, 'number_of_hidden_layers': 1, 'dropout_rate': 0.16366529605969138, 'learning_rate': 0.0008421557637063071, 'weight_decay': 0.0007657843289876822}. Best is trial 45 with value: 0.9185779816513762.
[I 2026-03-09 11:26:28,589] Trial 89 finished with value: 0.9094036697247706 and parameters: {'batch_size': 128, 'window_size': 2, 'attention_heads': 1, 'hidden_dimension': 128, 'number_of_hidden_layers': 0, 'dropout_rate': 0.3842824999648068, 'learning_rate': 1.0994983362383081e-05, 'weight_decay': 1.1991445482144132e-06}. Best is trial 45 with value: 0.9185779816513762.
[I 2026-03-09 12:17:50,085] Trial 90 finished with value: 0.911697247706422 and parameters: {'batch_size': 104, 'window_size': 4, 'attention_heads': 1, 'hidden_dimension': 114, 'number_of_hidden_layers': 0, 'dropout_rate': 0.3995842730865686, 'learning_rate': 1.5525095889695223e-05, 'weight_decay': 4.144843758250788e-05}. Best is trial 45 with value: 0.9185779816513762.
[I 2026-03-09 13:09:13,524] Trial 91 finished with value: 0.908256880733945 and parameters: {'batch_size': 112, 'window_size': 3, 'attention_heads': 1, 'hidden_dimension': 124, 'number_of_hidden_layers': 0, 'dropout_rate': 0.3676016769617675, 'learning_rate': 1.0170146983090608e-05, 'weight_decay': 1.8969043203860677e-06}. Best is trial 45 with value: 0.9185779816513762.
[I 2026-03-09 13:59:53,531] Trial 92 finished with value: 0.9139908256880734 and parameters: {'batch_size': 112, 'window_size': 2, 'attention_heads': 5, 'hidden_dimension': 35, 'number_of_hidden_layers': 0, 'dropout_rate': 0.23725010892456022, 'learning_rate': 0.0008307610737800122, 'weight_decay': 2.567859304851779e-05}. Best is trial 45 with value: 0.9185779816513762.
[I 2026-03-09 14:52:18,285] Trial 93 finished with value: 0.9151376146788991 and parameters: {'batch_size': 80, 'window_size': 2, 'attention_heads': 4, 'hidden_dimension': 40, 'number_of_hidden_layers': 0, 'dropout_rate': 0.16076980434105692, 'learning_rate': 0.0009900905760726305, 'weight_decay': 4.189629583039691e-05}. Best is trial 45 with value: 0.9185779816513762.
[I 2026-03-09 15:44:51,319] Trial 94 finished with value: 0.9151376146788991 and parameters: {'batch_size': 80, 'window_size': 2, 'attention_heads': 4, 'hidden_dimension': 32, 'number_of_hidden_layers': 0, 'dropout_rate': 0.13351703516109448, 'learning_rate': 0.0009902554757538842, 'weight_decay': 8.500102070187783e-05}. Best is trial 45 with value: 0.9185779816513762.
[I 2026-03-09 16:37:26,878] Trial 95 finished with value: 0.9128440366972477 and parameters: {'batch_size': 80, 'window_size': 3, 'attention_heads': 5, 'hidden_dimension': 37, 'number_of_hidden_layers': 0, 'dropout_rate': 0.1861298224318711, 'learning_rate': 0.0007328411146286263, 'weight_decay': 1.8803870935152495e-05}. Best is trial 45 with value: 0.9185779816513762.
[I 2026-03-09 17:30:08,305] Trial 96 finished with value: 0.911697247706422 and parameters: {'batch_size': 80, 'window_size': 2, 'attention_heads': 4, 'hidden_dimension': 47, 'number_of_hidden_layers': 0, 'dropout_rate': 0.17046917498523478, 'learning_rate': 0.0008780337037466871, 'weight_decay': 4.9113851093434175e-05}. Best is trial 45 with value: 0.9185779816513762.
[I 2026-03-09 18:24:15,225] Trial 97 finished with value: 0.908256880733945 and parameters: {'batch_size': 72, 'window_size': 2, 'attention_heads': 7, 'hidden_dimension': 36, 'number_of_hidden_layers': 1, 'dropout_rate': 0.1106329114973377, 'learning_rate': 0.0005362358059357166, 'weight_decay': 9.919319359025942e-05}. Best is trial 45 with value: 0.9185779816513762.
[I 2026-03-09 19:17:07,210] Trial 98 finished with value: 0.9128440366972477 and parameters: {'batch_size': 80, 'window_size': 2, 'attention_heads': 4, 'hidden_dimension': 46, 'number_of_hidden_layers': 0, 'dropout_rate': 0.257045437780812, 'learning_rate': 0.0007823920442154345, 'weight_decay': 6.222207231542363e-05}. Best is trial 45 with value: 0.9185779816513762.
[I 2026-03-09 20:09:37,244] Trial 99 finished with value: 0.9094036697247706 and parameters: {'batch_size': 88, 'window_size': 3, 'attention_heads': 2, 'hidden_dimension': 122, 'number_of_hidden_layers': 0, 'dropout_rate': 0.3942949327948592, 'learning_rate': 1.0784631380402483e-05, 'weight_decay': 3.362534044132239e-05}. Best is trial 45 with value: 0.9185779816513762.
[I 2026-03-09 21:04:15,996] Trial 100 finished with value: 0.9105504587155964 and parameters: {'batch_size': 64, 'window_size': 2, 'attention_heads': 5, 'hidden_dimension': 39, 'number_of_hidden_layers': 0, 'dropout_rate': 0.2100089784117793, 'learning_rate': 0.0008757425439431581, 'weight_decay': 0.0001271833536599604}. Best is trial 45 with value: 0.9185779816513762.
[I 2026-03-09 21:59:02,619] Trial 101 finished with value: 0.9094036697247706 and parameters: {'batch_size': 80, 'window_size': 2, 'attention_heads': 8, 'hidden_dimension': 32, 'number_of_hidden_layers': 2, 'dropout_rate': 0.32734162124246935, 'learning_rate': 5.1583017842071554e-05, 'weight_decay': 6.277602981419043e-05}. Best is trial 45 with value: 0.9185779816513762.
[I 2026-03-09 22:53:06,722] Trial 102 finished with value: 0.9128440366972477 and parameters: {'batch_size': 88, 'window_size': 2, 'attention_heads': 7, 'hidden_dimension': 99, 'number_of_hidden_layers': 0, 'dropout_rate': 0.396724706391721, 'learning_rate': 1.7004449845528735e-05, 'weight_decay': 3.836963037357767e-05}. Best is trial 45 with value: 0.9185779816513762.
[I 2026-03-09 23:47:06,137] Trial 103 finished with value: 0.9139908256880734 and parameters: {'batch_size': 64, 'window_size': 2, 'attention_heads': 2, 'hidden_dimension': 40, 'number_of_hidden_layers': 0, 'dropout_rate': 0.14991652060863847, 'learning_rate': 0.0007415948424531794, 'weight_decay': 0.000155548806074091}. Best is trial 45 with value: 0.9185779816513762.

[TRIAL] 45 [VALIDATION PERFORMANCE] 0.9185779816513762 [TRAINING LOSS] 0.2255554794153171 [VALIDATION LOSS] 0.25766198999351925 

number                         			 45
value                          			 0.9185779816513762
params_attention_heads         			 7
params_batch_size              			 104
params_dropout_rate            			 0.3128106064234459
params_hidden_dimension        			 43
params_learning_rate           			 0.0004300031564038087
params_number_of_hidden_layers 			 0
params_weight_decay            			 0.0001222748877668034
params_window_size             			 3
user_attrs_duplicate           			 False
user_attrs_epoch               			 1.0
user_attrs_training_loss       			 0.2255554794153171
user_attrs_validation_loss     			 0.25766198999351925

[37] VALIDATION: 0.9151376146788991 TESTING: 0.900054914881933
[38] VALIDATION: 0.9128440366972477 TESTING: 0.9044481054365733
[39] VALIDATION: 0.911697247706422 TESTING: 0.9022515101592532
[40] VALIDATION: 0.9105504587155964 TESTING: 0.9060955518945635
[41] VALIDATION: 0.9094036697247706 TESTING: 0.9066447007138935
[42] VALIDATION: 0.9185779816513762 TESTING: 0.900604063701263
[43] VALIDATION: 0.908256880733945 TESTING: 0.9011532125205931
slurmstepd: error: *** JOB 2342564 ON kn055 CANCELLED AT 2026-03-10T07:30:36 DUE TO TIME LIMIT ***
