SLURM NODE: kn058
[I 2026-03-28 07:01:15,585] Using an existing study with name 'IMDb-Sliding_windows' instead of creating a new one.
[UPDATE] 50 completed trials using a random sampler. Switching from random to TPE sampling.
Last trial state: 0
Enqueuing hyper-parameters: {'batch_size': 16, 'window_size': 5, 'attention_heads': 6, 'hidden_dimension': 128, 'number_of_hidden_layers': 2, 'dropout_rate': 0.1, 'learning_rate': 0.001, 'weight_decay': 1e-05}
[I 2026-03-28 10:36:13,175] Trial 155 finished with value: 0.9386 and parameters: {'batch_size': 16, 'window_size': 5, 'attention_heads': 6, 'hidden_dimension': 128, 'number_of_hidden_layers': 2, 'dropout_rate': 0.1, 'learning_rate': 0.001, 'weight_decay': 1e-05}. Best is trial 142 with value: 0.9416.
[I 2026-03-28 10:36:13,898] Trial 156 pruned. Duplicate hyper-parameters, same as those used in trial 133: {'batch_size': 128, 'window_size': 3, 'attention_heads': 8, 'hidden_dimension': 32, 'number_of_hidden_layers': 0, 'dropout_rate': 0.1, 'learning_rate': 0.0003, 'weight_decay': 1e-05}.
[I 2026-03-28 13:19:05,627] Trial 157 finished with value: 0.9358 and parameters: {'batch_size': 32, 'window_size': 5, 'attention_heads': 4, 'hidden_dimension': 128, 'number_of_hidden_layers': 2, 'dropout_rate': 0.1, 'learning_rate': 0.001, 'weight_decay': 0.001}. Best is trial 142 with value: 0.9416.
[I 2026-03-28 15:29:36,994] Trial 158 finished with value: 0.9374 and parameters: {'batch_size': 128, 'window_size': 4, 'attention_heads': 8, 'hidden_dimension': 32, 'number_of_hidden_layers': 2, 'dropout_rate': 0.1, 'learning_rate': 1e-05, 'weight_decay': 0.001}. Best is trial 142 with value: 0.9416.
[I 2026-03-28 17:45:06,938] Trial 159 finished with value: 0.9388 and parameters: {'batch_size': 64, 'window_size': 3, 'attention_heads': 6, 'hidden_dimension': 64, 'number_of_hidden_layers': 2, 'dropout_rate': 0.4, 'learning_rate': 0.001, 'weight_decay': 0.0001}. Best is trial 142 with value: 0.9416.
[I 2026-03-28 19:52:33,971] Trial 160 finished with value: 0.9392 and parameters: {'batch_size': 64, 'window_size': 5, 'attention_heads': 4, 'hidden_dimension': 32, 'number_of_hidden_layers': 2, 'dropout_rate': 0.2, 'learning_rate': 0.0001, 'weight_decay': 1e-05}. Best is trial 142 with value: 0.9416.
[I 2026-03-28 22:00:29,866] Trial 161 finished with value: 0.9336 and parameters: {'batch_size': 64, 'window_size': 5, 'attention_heads': 2, 'hidden_dimension': 32, 'number_of_hidden_layers': 2, 'dropout_rate': 0.2, 'learning_rate': 0.0001, 'weight_decay': 1e-05}. Best is trial 142 with value: 0.9416.
[I 2026-03-28 22:00:30,479] Trial 162 pruned. Duplicate hyper-parameters, same as those used in trial 160: {'batch_size': 64, 'window_size': 5, 'attention_heads': 4, 'hidden_dimension': 32, 'number_of_hidden_layers': 2, 'dropout_rate': 0.2, 'learning_rate': 0.0001, 'weight_decay': 1e-05}.
[I 2026-03-29 00:54:52,104] Trial 163 finished with value: 0.9332 and parameters: {'batch_size': 16, 'window_size': 4, 'attention_heads': 8, 'hidden_dimension': 32, 'number_of_hidden_layers': 0, 'dropout_rate': 0.1, 'learning_rate': 0.0001, 'weight_decay': 1e-06}. Best is trial 142 with value: 0.9416.
[I 2026-03-29 03:44:04,220] Trial 164 finished with value: 0.9376 and parameters: {'batch_size': 32, 'window_size': 5, 'attention_heads': 8, 'hidden_dimension': 64, 'number_of_hidden_layers': 2, 'dropout_rate': 0.3, 'learning_rate': 0.001, 'weight_decay': 0.0001}. Best is trial 142 with value: 0.9416.
[I 2026-03-29 07:20:18,922] Trial 165 finished with value: 0.94 and parameters: {'batch_size': 16, 'window_size': 4, 'attention_heads': 8, 'hidden_dimension': 128, 'number_of_hidden_layers': 2, 'dropout_rate': 0.1, 'learning_rate': 0.001, 'weight_decay': 0.0001}. Best is trial 142 with value: 0.9416.
[I 2026-03-29 09:19:13,063] Trial 166 finished with value: 0.935 and parameters: {'batch_size': 128, 'window_size': 3, 'attention_heads': 1, 'hidden_dimension': 32, 'number_of_hidden_layers': 0, 'dropout_rate': 0.3, 'learning_rate': 0.0001, 'weight_decay': 1e-05}. Best is trial 142 with value: 0.9416.
[I 2026-03-29 09:19:13,856] Trial 167 pruned. Duplicate hyper-parameters, same as those used in trial 165: {'batch_size': 16, 'window_size': 4, 'attention_heads': 8, 'hidden_dimension': 128, 'number_of_hidden_layers': 2, 'dropout_rate': 0.1, 'learning_rate': 0.001, 'weight_decay': 0.0001}.
[I 2026-03-29 11:30:37,205] Trial 168 finished with value: 0.938 and parameters: {'batch_size': 128, 'window_size': 5, 'attention_heads': 1, 'hidden_dimension': 128, 'number_of_hidden_layers': 2, 'dropout_rate': 0.1, 'learning_rate': 0.001, 'weight_decay': 1e-06}. Best is trial 142 with value: 0.9416.
[I 2026-03-29 13:49:58,000] Trial 169 finished with value: 0.9324 and parameters: {'batch_size': 64, 'window_size': 4, 'attention_heads': 6, 'hidden_dimension': 32, 'number_of_hidden_layers': 2, 'dropout_rate': 0.2, 'learning_rate': 0.0003, 'weight_decay': 1e-05}. Best is trial 142 with value: 0.9416.
[I 2026-03-29 13:49:58,824] Trial 170 pruned. Duplicate hyper-parameters, same as those used in trial 86: {'batch_size': 128, 'window_size': 3, 'attention_heads': 8, 'hidden_dimension': 32, 'number_of_hidden_layers': 0, 'dropout_rate': 0.1, 'learning_rate': 0.0001, 'weight_decay': 0.001}.
[I 2026-03-29 16:10:31,158] Trial 171 finished with value: 0.9388 and parameters: {'batch_size': 128, 'window_size': 5, 'attention_heads': 6, 'hidden_dimension': 128, 'number_of_hidden_layers': 0, 'dropout_rate': 0.1, 'learning_rate': 0.001, 'weight_decay': 1e-06}. Best is trial 142 with value: 0.9416.
[I 2026-03-29 18:27:18,762] Trial 172 finished with value: 0.9376 and parameters: {'batch_size': 128, 'window_size': 2, 'attention_heads': 8, 'hidden_dimension': 128, 'number_of_hidden_layers': 1, 'dropout_rate': 0.1, 'learning_rate': 0.001, 'weight_decay': 0.0001}. Best is trial 142 with value: 0.9416.
[I 2026-03-29 21:06:43,792] Trial 173 finished with value: 0.9378 and parameters: {'batch_size': 32, 'window_size': 5, 'attention_heads': 6, 'hidden_dimension': 64, 'number_of_hidden_layers': 1, 'dropout_rate': 0.4, 'learning_rate': 0.001, 'weight_decay': 1e-05}. Best is trial 142 with value: 0.9416.
[I 2026-03-29 23:06:37,493] Trial 174 finished with value: 0.941 and parameters: {'batch_size': 128, 'window_size': 2, 'attention_heads': 4, 'hidden_dimension': 32, 'number_of_hidden_layers': 2, 'dropout_rate': 0.2, 'learning_rate': 0.0001, 'weight_decay': 1e-05}. Best is trial 142 with value: 0.9416.
[I 2026-03-29 23:06:38,289] Trial 175 pruned. Duplicate hyper-parameters, same as those used in trial 174: {'batch_size': 128, 'window_size': 2, 'attention_heads': 4, 'hidden_dimension': 32, 'number_of_hidden_layers': 2, 'dropout_rate': 0.2, 'learning_rate': 0.0001, 'weight_decay': 1e-05}.
[I 2026-03-29 23:06:38,999] Trial 176 pruned. Duplicate hyper-parameters, same as those used in trial 91: {'batch_size': 128, 'window_size': 3, 'attention_heads': 8, 'hidden_dimension': 32, 'number_of_hidden_layers': 0, 'dropout_rate': 0.1, 'learning_rate': 0.0003, 'weight_decay': 0.001}.
[I 2026-03-30 01:19:48,906] Trial 177 finished with value: 0.9398 and parameters: {'batch_size': 64, 'window_size': 4, 'attention_heads': 4, 'hidden_dimension': 32, 'number_of_hidden_layers': 2, 'dropout_rate': 0.2, 'learning_rate': 0.0001, 'weight_decay': 0.001}. Best is trial 142 with value: 0.9416.
[I 2026-03-30 03:29:18,081] Trial 178 finished with value: 0.9336 and parameters: {'batch_size': 128, 'window_size': 2, 'attention_heads': 4, 'hidden_dimension': 128, 'number_of_hidden_layers': 1, 'dropout_rate': 0.2, 'learning_rate': 0.0001, 'weight_decay': 1e-05}. Best is trial 142 with value: 0.9416.
[I 2026-03-30 03:29:18,906] Trial 179 pruned. Duplicate hyper-parameters, same as those used in trial 177: {'batch_size': 64, 'window_size': 4, 'attention_heads': 4, 'hidden_dimension': 32, 'number_of_hidden_layers': 2, 'dropout_rate': 0.2, 'learning_rate': 0.0001, 'weight_decay': 0.001}.
[I 2026-03-30 07:11:19,992] Trial 180 finished with value: 0.9306 and parameters: {'batch_size': 16, 'window_size': 4, 'attention_heads': 8, 'hidden_dimension': 128, 'number_of_hidden_layers': 2, 'dropout_rate': 0.3, 'learning_rate': 0.0001, 'weight_decay': 0.0001}. Best is trial 142 with value: 0.9416.
[I 2026-03-30 09:21:16,032] Trial 181 finished with value: 0.9364 and parameters: {'batch_size': 128, 'window_size': 3, 'attention_heads': 8, 'hidden_dimension': 32, 'number_of_hidden_layers': 2, 'dropout_rate': 0.3, 'learning_rate': 0.0001, 'weight_decay': 1e-06}. Best is trial 142 with value: 0.9416.
[I 2026-03-30 11:25:33,198] Trial 182 finished with value: 0.9368 and parameters: {'batch_size': 128, 'window_size': 2, 'attention_heads': 8, 'hidden_dimension': 32, 'number_of_hidden_layers': 2, 'dropout_rate': 0.2, 'learning_rate': 0.0001, 'weight_decay': 0.001}. Best is trial 142 with value: 0.9416.
[I 2026-03-30 14:48:21,333] Trial 183 finished with value: 0.9386 and parameters: {'batch_size': 16, 'window_size': 4, 'attention_heads': 6, 'hidden_dimension': 128, 'number_of_hidden_layers': 1, 'dropout_rate': 0.1, 'learning_rate': 0.001, 'weight_decay': 0.0001}. Best is trial 142 with value: 0.9416.
[I 2026-03-30 17:16:09,168] Trial 184 finished with value: 0.9348 and parameters: {'batch_size': 128, 'window_size': 5, 'attention_heads': 8, 'hidden_dimension': 128, 'number_of_hidden_layers': 0, 'dropout_rate': 0.2, 'learning_rate': 0.0001, 'weight_decay': 1e-05}. Best is trial 142 with value: 0.9416.
[I 2026-03-30 20:16:15,024] Trial 185 finished with value: 0.9416 and parameters: {'batch_size': 128, 'window_size': 5, 'attention_heads': 8, 'hidden_dimension': 128, 'number_of_hidden_layers': 2, 'dropout_rate': 0.4, 'learning_rate': 0.001, 'weight_decay': 0.001}. Best is trial 142 with value: 0.9416.
[I 2026-03-30 23:10:53,176] Trial 186 finished with value: 0.939 and parameters: {'batch_size': 64, 'window_size': 5, 'attention_heads': 8, 'hidden_dimension': 128, 'number_of_hidden_layers': 2, 'dropout_rate': 0.2, 'learning_rate': 0.001, 'weight_decay': 1e-06}. Best is trial 142 with value: 0.9416.
[I 2026-03-30 23:10:53,946] Trial 187 pruned. Duplicate hyper-parameters, same as those used in trial 185: {'batch_size': 128, 'window_size': 5, 'attention_heads': 8, 'hidden_dimension': 128, 'number_of_hidden_layers': 2, 'dropout_rate': 0.4, 'learning_rate': 0.001, 'weight_decay': 0.001}.
[I 2026-03-31 01:09:41,872] Trial 188 finished with value: 0.9388 and parameters: {'batch_size': 128, 'window_size': 4, 'attention_heads': 2, 'hidden_dimension': 32, 'number_of_hidden_layers': 0, 'dropout_rate': 0.2, 'learning_rate': 0.0001, 'weight_decay': 0.001}. Best is trial 142 with value: 0.9416.
[I 2026-03-31 03:33:11,177] Trial 189 finished with value: 0.937 and parameters: {'batch_size': 32, 'window_size': 5, 'attention_heads': 2, 'hidden_dimension': 64, 'number_of_hidden_layers': 2, 'dropout_rate': 0.4, 'learning_rate': 0.001, 'weight_decay': 1e-06}. Best is trial 142 with value: 0.9416.
[I 2026-03-31 05:46:52,145] Trial 190 finished with value: 0.9352 and parameters: {'batch_size': 128, 'window_size': 4, 'attention_heads': 4, 'hidden_dimension': 128, 'number_of_hidden_layers': 2, 'dropout_rate': 0.2, 'learning_rate': 0.0001, 'weight_decay': 0.001}. Best is trial 142 with value: 0.9416.
slurmstepd: error: *** JOB 2643791 ON kn058 CANCELLED AT 2026-03-31T07:01:06 DUE TO TIME LIMIT ***
