SLURM NODE: kn083
[I 2026-04-08 04:59:10,216] A new study created in RDB with name: IMDb-1k-Fine-tuning
[I 2026-04-08 05:06:09,586] Trial 0 finished with value: 0.8363636363636363 and parameters: {'batch_size': 32, 'frozen_layers': 0, 'classifier_dropout': 0.1, 'learning_rate': 1e-05, 'weight_decay': 1e-05}. Best is trial 0 with value: 0.8363636363636363.
[I 2026-04-08 05:13:16,109] Trial 1 finished with value: 0.8787878787878788 and parameters: {'batch_size': 16, 'frozen_layers': 4, 'classifier_dropout': 0.4, 'learning_rate': 5e-05, 'weight_decay': 0.0001}. Best is trial 1 with value: 0.8787878787878788.
[I 2026-04-08 05:20:06,803] Trial 2 finished with value: 0.8666666666666667 and parameters: {'batch_size': 32, 'frozen_layers': 0, 'classifier_dropout': 0.4, 'learning_rate': 2e-05, 'weight_decay': 0.001}. Best is trial 1 with value: 0.8787878787878788.
[I 2026-04-08 05:26:29,467] Trial 3 finished with value: 0.8545454545454545 and parameters: {'batch_size': 64, 'frozen_layers': 4, 'classifier_dropout': 0.3, 'learning_rate': 3e-05, 'weight_decay': 1e-06}. Best is trial 1 with value: 0.8787878787878788.
[I 2026-04-08 05:33:32,217] Trial 4 finished with value: 0.8606060606060606 and parameters: {'batch_size': 16, 'frozen_layers': 6, 'classifier_dropout': 0.2, 'learning_rate': 5e-05, 'weight_decay': 1e-06}. Best is trial 1 with value: 0.8787878787878788.
[I 2026-04-08 05:40:11,295] Trial 5 finished with value: 0.8606060606060606 and parameters: {'batch_size': 32, 'frozen_layers': 2, 'classifier_dropout': 0.1, 'learning_rate': 2e-05, 'weight_decay': 0.0001}. Best is trial 1 with value: 0.8787878787878788.
[I 2026-04-08 05:46:28,630] Trial 6 finished with value: 0.8606060606060606 and parameters: {'batch_size': 32, 'frozen_layers': 6, 'classifier_dropout': 0.1, 'learning_rate': 5e-05, 'weight_decay': 0.001}. Best is trial 1 with value: 0.8787878787878788.
[I 2026-04-08 05:53:18,832] Trial 7 finished with value: 0.8606060606060606 and parameters: {'batch_size': 16, 'frozen_layers': 6, 'classifier_dropout': 0.4, 'learning_rate': 5e-05, 'weight_decay': 1e-05}. Best is trial 1 with value: 0.8787878787878788.
[I 2026-04-08 05:59:42,415] Trial 8 finished with value: 0.8606060606060606 and parameters: {'batch_size': 64, 'frozen_layers': 4, 'classifier_dropout': 0.4, 'learning_rate': 5e-05, 'weight_decay': 0.0001}. Best is trial 1 with value: 0.8787878787878788.
[I 2026-04-08 06:06:26,507] Trial 9 finished with value: 0.8424242424242424 and parameters: {'batch_size': 64, 'frozen_layers': 0, 'classifier_dropout': 0.1, 'learning_rate': 2e-05, 'weight_decay': 1e-05}. Best is trial 1 with value: 0.8787878787878788.
[I 2026-04-08 06:14:51,263] Trial 10 finished with value: 0.8606060606060606 and parameters: {'batch_size': 16, 'frozen_layers': 0, 'classifier_dropout': 0.1, 'learning_rate': 5e-05, 'weight_decay': 0.001}. Best is trial 1 with value: 0.8787878787878788.
[I 2026-04-08 06:21:56,560] Trial 11 finished with value: 0.8606060606060606 and parameters: {'batch_size': 16, 'frozen_layers': 6, 'classifier_dropout': 0.2, 'learning_rate': 0.0001, 'weight_decay': 0.0001}. Best is trial 1 with value: 0.8787878787878788.
[I 2026-04-08 06:28:24,574] Trial 12 finished with value: 0.8363636363636363 and parameters: {'batch_size': 32, 'frozen_layers': 4, 'classifier_dropout': 0.1, 'learning_rate': 2e-05, 'weight_decay': 1e-06}. Best is trial 1 with value: 0.8787878787878788.
[I 2026-04-08 06:35:07,838] Trial 13 finished with value: 0.8606060606060606 and parameters: {'batch_size': 32, 'frozen_layers': 2, 'classifier_dropout': 0.4, 'learning_rate': 3e-05, 'weight_decay': 1e-06}. Best is trial 1 with value: 0.8787878787878788.
[I 2026-04-08 06:42:26,182] Trial 14 finished with value: 0.8909090909090909 and parameters: {'batch_size': 16, 'frozen_layers': 2, 'classifier_dropout': 0.3, 'learning_rate': 2e-05, 'weight_decay': 1e-06}. Best is trial 14 with value: 0.8909090909090909.
[I 2026-04-08 06:50:49,051] Trial 15 finished with value: 0.8545454545454545 and parameters: {'batch_size': 64, 'frozen_layers': 4, 'classifier_dropout': 0.2, 'learning_rate': 3e-05, 'weight_decay': 1e-06}. Best is trial 14 with value: 0.8909090909090909.
[I 2026-04-08 06:57:29,872] Trial 16 finished with value: 0.8424242424242424 and parameters: {'batch_size': 32, 'frozen_layers': 2, 'classifier_dropout': 0.1, 'learning_rate': 1e-05, 'weight_decay': 1e-06}. Best is trial 14 with value: 0.8909090909090909.
[I 2026-04-08 07:04:36,328] Trial 17 finished with value: 0.8606060606060606 and parameters: {'batch_size': 16, 'frozen_layers': 6, 'classifier_dropout': 0.3, 'learning_rate': 1e-05, 'weight_decay': 0.0001}. Best is trial 14 with value: 0.8909090909090909.
[I 2026-04-08 07:10:56,000] Trial 18 finished with value: 0.8606060606060606 and parameters: {'batch_size': 32, 'frozen_layers': 6, 'classifier_dropout': 0.1, 'learning_rate': 3e-05, 'weight_decay': 1e-06}. Best is trial 14 with value: 0.8909090909090909.
[I 2026-04-08 07:17:43,373] Trial 19 finished with value: 0.8545454545454545 and parameters: {'batch_size': 32, 'frozen_layers': 0, 'classifier_dropout': 0.4, 'learning_rate': 0.0001, 'weight_decay': 1e-06}. Best is trial 14 with value: 0.8909090909090909.
[I 2026-04-08 07:24:16,199] Trial 20 finished with value: 0.8363636363636363 and parameters: {'batch_size': 32, 'frozen_layers': 4, 'classifier_dropout': 0.2, 'learning_rate': 2e-05, 'weight_decay': 0.001}. Best is trial 14 with value: 0.8909090909090909.
[I 2026-04-08 07:31:28,868] Trial 21 finished with value: 0.8545454545454545 and parameters: {'batch_size': 16, 'frozen_layers': 4, 'classifier_dropout': 0.1, 'learning_rate': 1e-05, 'weight_decay': 1e-05}. Best is trial 14 with value: 0.8909090909090909.
[I 2026-04-08 07:37:56,506] Trial 22 finished with value: 0.8606060606060606 and parameters: {'batch_size': 32, 'frozen_layers': 6, 'classifier_dropout': 0.4, 'learning_rate': 3e-05, 'weight_decay': 1e-05}. Best is trial 14 with value: 0.8909090909090909.
[I 2026-04-08 07:44:33,368] Trial 23 finished with value: 0.8606060606060606 and parameters: {'batch_size': 64, 'frozen_layers': 2, 'classifier_dropout': 0.3, 'learning_rate': 0.0001, 'weight_decay': 0.0001}. Best is trial 14 with value: 0.8909090909090909.
[I 2026-04-08 07:51:11,090] Trial 24 finished with value: 0.8545454545454545 and parameters: {'batch_size': 32, 'frozen_layers': 4, 'classifier_dropout': 0.2, 'learning_rate': 1e-05, 'weight_decay': 0.001}. Best is trial 14 with value: 0.8909090909090909.
[I 2026-04-08 07:58:49,935] Trial 25 finished with value: 0.8787878787878788 and parameters: {'batch_size': 16, 'frozen_layers': 6, 'classifier_dropout': 0.2, 'learning_rate': 2e-05, 'weight_decay': 0.0001}. Best is trial 14 with value: 0.8909090909090909.
[I 2026-04-08 08:06:38,554] Trial 26 finished with value: 0.8484848484848485 and parameters: {'batch_size': 64, 'frozen_layers': 0, 'classifier_dropout': 0.3, 'learning_rate': 1e-05, 'weight_decay': 1e-06}. Best is trial 14 with value: 0.8909090909090909.
[I 2026-04-08 08:15:39,573] Trial 27 finished with value: 0.8606060606060606 and parameters: {'batch_size': 16, 'frozen_layers': 0, 'classifier_dropout': 0.3, 'learning_rate': 5e-05, 'weight_decay': 0.0001}. Best is trial 14 with value: 0.8909090909090909.
[I 2026-04-08 08:23:23,412] Trial 28 finished with value: 0.8606060606060606 and parameters: {'batch_size': 16, 'frozen_layers': 4, 'classifier_dropout': 0.2, 'learning_rate': 0.0001, 'weight_decay': 1e-05}. Best is trial 14 with value: 0.8909090909090909.
[I 2026-04-08 08:30:09,321] Trial 29 finished with value: 0.896969696969697 and parameters: {'batch_size': 32, 'frozen_layers': 2, 'classifier_dropout': 0.3, 'learning_rate': 5e-05, 'weight_decay': 1e-06}. Best is trial 29 with value: 0.896969696969697.
[I 2026-04-08 08:36:42,235] Trial 30 finished with value: 0.8666666666666667 and parameters: {'batch_size': 32, 'frozen_layers': 4, 'classifier_dropout': 0.3, 'learning_rate': 0.0001, 'weight_decay': 0.0001}. Best is trial 29 with value: 0.896969696969697.
[I 2026-04-08 08:46:16,527] Trial 31 finished with value: 0.8363636363636363 and parameters: {'batch_size': 64, 'frozen_layers': 2, 'classifier_dropout': 0.1, 'learning_rate': 1e-05, 'weight_decay': 1e-06}. Best is trial 29 with value: 0.896969696969697.
[I 2026-04-08 08:53:44,390] Trial 32 finished with value: 0.8484848484848485 and parameters: {'batch_size': 32, 'frozen_layers': 4, 'classifier_dropout': 0.2, 'learning_rate': 3e-05, 'weight_decay': 0.0001}. Best is trial 29 with value: 0.896969696969697.
[I 2026-04-08 09:00:07,919] Trial 33 finished with value: 0.8606060606060606 and parameters: {'batch_size': 32, 'frozen_layers': 6, 'classifier_dropout': 0.3, 'learning_rate': 0.0001, 'weight_decay': 0.0001}. Best is trial 29 with value: 0.896969696969697.
[I 2026-04-08 09:07:35,781] Trial 34 finished with value: 0.7818181818181819 and parameters: {'batch_size': 16, 'frozen_layers': 2, 'classifier_dropout': 0.2, 'learning_rate': 0.0001, 'weight_decay': 1e-05}. Best is trial 29 with value: 0.896969696969697.
[I 2026-04-08 09:14:57,400] Trial 35 finished with value: 0.8606060606060606 and parameters: {'batch_size': 16, 'frozen_layers': 4, 'classifier_dropout': 0.1, 'learning_rate': 0.0001, 'weight_decay': 1e-05}. Best is trial 29 with value: 0.896969696969697.
[I 2026-04-08 09:14:57,788] Trial 36 pruned. Duplicate hyper-parameters, same as those used in trial 35: {'batch_size': 16, 'frozen_layers': 4, 'classifier_dropout': 0.1, 'learning_rate': 0.0001, 'weight_decay': 1e-05}.
[I 2026-04-08 09:24:11,041] Trial 37 finished with value: 0.8424242424242424 and parameters: {'batch_size': 64, 'frozen_layers': 4, 'classifier_dropout': 0.2, 'learning_rate': 1e-05, 'weight_decay': 0.0001}. Best is trial 29 with value: 0.896969696969697.
[I 2026-04-08 09:31:29,504] Trial 38 finished with value: 0.8606060606060606 and parameters: {'batch_size': 32, 'frozen_layers': 6, 'classifier_dropout': 0.1, 'learning_rate': 1e-05, 'weight_decay': 1e-05}. Best is trial 29 with value: 0.896969696969697.
[I 2026-04-08 09:38:47,214] Trial 39 finished with value: 0.8606060606060606 and parameters: {'batch_size': 16, 'frozen_layers': 4, 'classifier_dropout': 0.3, 'learning_rate': 0.0001, 'weight_decay': 1e-06}. Best is trial 29 with value: 0.896969696969697.
[I 2026-04-08 09:46:01,362] Trial 40 finished with value: 0.8727272727272727 and parameters: {'batch_size': 16, 'frozen_layers': 6, 'classifier_dropout': 0.4, 'learning_rate': 3e-05, 'weight_decay': 1e-06}. Best is trial 29 with value: 0.896969696969697.
[I 2026-04-08 09:53:18,486] Trial 41 finished with value: 0.8787878787878788 and parameters: {'batch_size': 16, 'frozen_layers': 4, 'classifier_dropout': 0.2, 'learning_rate': 5e-05, 'weight_decay': 1e-06}. Best is trial 29 with value: 0.896969696969697.
[I 2026-04-08 10:01:06,959] Trial 42 finished with value: 0.8606060606060606 and parameters: {'batch_size': 32, 'frozen_layers': 0, 'classifier_dropout': 0.1, 'learning_rate': 3e-05, 'weight_decay': 0.0001}. Best is trial 29 with value: 0.896969696969697.
[I 2026-04-08 10:08:23,034] Trial 43 finished with value: 0.8666666666666667 and parameters: {'batch_size': 16, 'frozen_layers': 4, 'classifier_dropout': 0.3, 'learning_rate': 2e-05, 'weight_decay': 1e-06}. Best is trial 29 with value: 0.896969696969697.
[I 2026-04-08 10:15:06,283] Trial 44 finished with value: 0.8424242424242424 and parameters: {'batch_size': 32, 'frozen_layers': 2, 'classifier_dropout': 0.4, 'learning_rate': 1e-05, 'weight_decay': 1e-05}. Best is trial 29 with value: 0.896969696969697.
[I 2026-04-08 10:22:17,288] Trial 45 finished with value: 0.8666666666666667 and parameters: {'batch_size': 16, 'frozen_layers': 4, 'classifier_dropout': 0.4, 'learning_rate': 2e-05, 'weight_decay': 1e-05}. Best is trial 29 with value: 0.896969696969697.
[I 2026-04-08 10:29:02,468] Trial 46 finished with value: 0.8424242424242424 and parameters: {'batch_size': 64, 'frozen_layers': 0, 'classifier_dropout': 0.2, 'learning_rate': 2e-05, 'weight_decay': 1e-05}. Best is trial 29 with value: 0.896969696969697.
[I 2026-04-08 10:35:47,701] Trial 47 finished with value: 0.8606060606060606 and parameters: {'batch_size': 64, 'frozen_layers': 0, 'classifier_dropout': 0.1, 'learning_rate': 3e-05, 'weight_decay': 0.001}. Best is trial 29 with value: 0.896969696969697.
[I 2026-04-08 10:43:06,701] Trial 48 finished with value: 0.8606060606060606 and parameters: {'batch_size': 32, 'frozen_layers': 6, 'classifier_dropout': 0.4, 'learning_rate': 1e-05, 'weight_decay': 0.001}. Best is trial 29 with value: 0.896969696969697.
[I 2026-04-08 10:49:48,280] Trial 49 finished with value: 0.8424242424242424 and parameters: {'batch_size': 32, 'frozen_layers': 2, 'classifier_dropout': 0.3, 'learning_rate': 1e-05, 'weight_decay': 0.0001}. Best is trial 29 with value: 0.896969696969697.
[I 2026-04-08 10:59:16,916] Trial 50 finished with value: 0.8363636363636363 and parameters: {'batch_size': 64, 'frozen_layers': 2, 'classifier_dropout': 0.1, 'learning_rate': 1e-05, 'weight_decay': 0.0001}. Best is trial 29 with value: 0.896969696969697.
[UPDATE] 50 completed trials using a random sampler. Switching from random to TPE sampling.
[I 2026-04-08 10:59:17,360] Trial 51 pruned. Duplicate hyper-parameters, same as those used in trial 29: {'batch_size': 32, 'frozen_layers': 2, 'classifier_dropout': 0.3, 'learning_rate': 5e-05, 'weight_decay': 1e-06}.
[I 2026-04-08 10:59:17,841] Trial 52 pruned. Duplicate hyper-parameters, same as those used in trial 1: {'batch_size': 16, 'frozen_layers': 4, 'classifier_dropout': 0.4, 'learning_rate': 5e-05, 'weight_decay': 0.0001}.
[I 2026-04-08 10:59:18,276] Trial 53 pruned. Duplicate hyper-parameters, same as those used in trial 40: {'batch_size': 16, 'frozen_layers': 6, 'classifier_dropout': 0.4, 'learning_rate': 3e-05, 'weight_decay': 1e-06}.
[I 2026-04-08 10:59:18,739] Trial 54 pruned. Duplicate hyper-parameters, same as those used in trial 25: {'batch_size': 16, 'frozen_layers': 6, 'classifier_dropout': 0.2, 'learning_rate': 2e-05, 'weight_decay': 0.0001}.
[I 2026-04-08 11:06:32,060] Trial 55 finished with value: 0.8909090909090909 and parameters: {'batch_size': 16, 'frozen_layers': 2, 'classifier_dropout': 0.3, 'learning_rate': 2e-05, 'weight_decay': 0.001}. Best is trial 29 with value: 0.896969696969697.
[I 2026-04-08 11:06:32,576] Trial 56 pruned. Duplicate hyper-parameters, same as those used in trial 55: {'batch_size': 16, 'frozen_layers': 2, 'classifier_dropout': 0.3, 'learning_rate': 2e-05, 'weight_decay': 0.001}.
[I 2026-04-08 11:13:53,295] Trial 57 finished with value: 0.8909090909090909 and parameters: {'batch_size': 16, 'frozen_layers': 2, 'classifier_dropout': 0.2, 'learning_rate': 2e-05, 'weight_decay': 1e-06}. Best is trial 29 with value: 0.896969696969697.
[I 2026-04-08 11:21:20,920] Trial 58 finished with value: 0.8848484848484849 and parameters: {'batch_size': 16, 'frozen_layers': 0, 'classifier_dropout': 0.2, 'learning_rate': 2e-05, 'weight_decay': 1e-06}. Best is trial 29 with value: 0.896969696969697.
[I 2026-04-08 11:21:21,452] Trial 59 pruned. Duplicate hyper-parameters, same as those used in trial 57: {'batch_size': 16, 'frozen_layers': 2, 'classifier_dropout': 0.2, 'learning_rate': 2e-05, 'weight_decay': 1e-06}.
[I 2026-04-08 11:28:50,949] Trial 60 finished with value: 0.8545454545454545 and parameters: {'batch_size': 16, 'frozen_layers': 0, 'classifier_dropout': 0.2, 'learning_rate': 1e-05, 'weight_decay': 1e-06}. Best is trial 29 with value: 0.896969696969697.
[I 2026-04-08 11:28:51,451] Trial 61 pruned. Duplicate hyper-parameters, same as those used in trial 14: {'batch_size': 16, 'frozen_layers': 2, 'classifier_dropout': 0.3, 'learning_rate': 2e-05, 'weight_decay': 1e-06}.
[I 2026-04-08 11:36:14,411] Trial 62 finished with value: 0.8848484848484849 and parameters: {'batch_size': 16, 'frozen_layers': 0, 'classifier_dropout': 0.4, 'learning_rate': 2e-05, 'weight_decay': 0.001}. Best is trial 29 with value: 0.896969696969697.
[I 2026-04-08 11:43:23,756] Trial 63 finished with value: 0.8787878787878788 and parameters: {'batch_size': 16, 'frozen_layers': 6, 'classifier_dropout': 0.4, 'learning_rate': 2e-05, 'weight_decay': 0.001}. Best is trial 29 with value: 0.896969696969697.
[I 2026-04-08 11:43:24,266] Trial 64 pruned. Duplicate hyper-parameters, same as those used in trial 58: {'batch_size': 16, 'frozen_layers': 0, 'classifier_dropout': 0.2, 'learning_rate': 2e-05, 'weight_decay': 1e-06}.
[I 2026-04-08 11:50:45,586] Trial 65 finished with value: 0.8666666666666667 and parameters: {'batch_size': 16, 'frozen_layers': 2, 'classifier_dropout': 0.3, 'learning_rate': 5e-05, 'weight_decay': 1e-05}. Best is trial 29 with value: 0.896969696969697.
[I 2026-04-08 11:58:13,271] Trial 66 finished with value: 0.8848484848484849 and parameters: {'batch_size': 16, 'frozen_layers': 0, 'classifier_dropout': 0.4, 'learning_rate': 2e-05, 'weight_decay': 1e-06}. Best is trial 29 with value: 0.896969696969697.
[I 2026-04-08 11:58:13,809] Trial 67 pruned. Duplicate hyper-parameters, same as those used in trial 66: {'batch_size': 16, 'frozen_layers': 0, 'classifier_dropout': 0.4, 'learning_rate': 2e-05, 'weight_decay': 1e-06}.
[I 2026-04-08 12:04:59,424] Trial 68 finished with value: 0.8424242424242424 and parameters: {'batch_size': 64, 'frozen_layers': 0, 'classifier_dropout': 0.4, 'learning_rate': 2e-05, 'weight_decay': 0.001}. Best is trial 29 with value: 0.896969696969697.
[I 2026-04-08 12:04:59,994] Trial 69 pruned. Duplicate hyper-parameters, same as those used in trial 62: {'batch_size': 16, 'frozen_layers': 0, 'classifier_dropout': 0.4, 'learning_rate': 2e-05, 'weight_decay': 0.001}.
[I 2026-04-08 12:12:02,447] Trial 70 finished with value: 0.8787878787878788 and parameters: {'batch_size': 16, 'frozen_layers': 6, 'classifier_dropout': 0.1, 'learning_rate': 2e-05, 'weight_decay': 1e-06}. Best is trial 29 with value: 0.896969696969697.
[I 2026-04-08 12:18:50,819] Trial 71 finished with value: 0.8909090909090909 and parameters: {'batch_size': 32, 'frozen_layers': 0, 'classifier_dropout': 0.2, 'learning_rate': 5e-05, 'weight_decay': 1e-06}. Best is trial 29 with value: 0.896969696969697.
[I 2026-04-08 12:25:27,052] Trial 72 finished with value: 0.8545454545454545 and parameters: {'batch_size': 64, 'frozen_layers': 2, 'classifier_dropout': 0.4, 'learning_rate': 2e-05, 'weight_decay': 1e-06}. Best is trial 29 with value: 0.896969696969697.
[I 2026-04-08 12:25:27,611] Trial 73 pruned. Duplicate hyper-parameters, same as those used in trial 71: {'batch_size': 32, 'frozen_layers': 0, 'classifier_dropout': 0.2, 'learning_rate': 5e-05, 'weight_decay': 1e-06}.
[I 2026-04-08 12:32:06,738] Trial 74 finished with value: 0.896969696969697 and parameters: {'batch_size': 32, 'frozen_layers': 2, 'classifier_dropout': 0.2, 'learning_rate': 5e-05, 'weight_decay': 0.001}. Best is trial 29 with value: 0.896969696969697.
[I 2026-04-08 12:32:07,290] Trial 75 pruned. Duplicate hyper-parameters, same as those used in trial 74: {'batch_size': 32, 'frozen_layers': 2, 'classifier_dropout': 0.2, 'learning_rate': 5e-05, 'weight_decay': 0.001}.
[I 2026-04-08 12:38:47,317] Trial 76 finished with value: 0.8606060606060606 and parameters: {'batch_size': 32, 'frozen_layers': 2, 'classifier_dropout': 0.3, 'learning_rate': 2e-05, 'weight_decay': 1e-05}. Best is trial 29 with value: 0.896969696969697.
[I 2026-04-08 12:46:04,791] Trial 77 finished with value: 0.8848484848484849 and parameters: {'batch_size': 16, 'frozen_layers': 2, 'classifier_dropout': 0.3, 'learning_rate': 3e-05, 'weight_decay': 0.0001}. Best is trial 29 with value: 0.896969696969697.
[I 2026-04-08 12:53:52,905] Trial 78 finished with value: 0.8606060606060606 and parameters: {'batch_size': 32, 'frozen_layers': 0, 'classifier_dropout': 0.2, 'learning_rate': 3e-05, 'weight_decay': 0.001}. Best is trial 29 with value: 0.896969696969697.
[I 2026-04-08 13:00:43,351] Trial 79 finished with value: 0.8909090909090909 and parameters: {'batch_size': 32, 'frozen_layers': 0, 'classifier_dropout': 0.3, 'learning_rate': 5e-05, 'weight_decay': 0.001}. Best is trial 29 with value: 0.896969696969697.
[I 2026-04-08 13:00:43,811] Trial 80 pruned. Duplicate hyper-parameters, same as those used in trial 79: {'batch_size': 32, 'frozen_layers': 0, 'classifier_dropout': 0.3, 'learning_rate': 5e-05, 'weight_decay': 0.001}.
[I 2026-04-08 13:07:34,914] Trial 81 finished with value: 0.8909090909090909 and parameters: {'batch_size': 32, 'frozen_layers': 0, 'classifier_dropout': 0.1, 'learning_rate': 5e-05, 'weight_decay': 1e-05}. Best is trial 29 with value: 0.896969696969697.
[I 2026-04-08 13:14:24,365] Trial 82 finished with value: 0.8909090909090909 and parameters: {'batch_size': 32, 'frozen_layers': 0, 'classifier_dropout': 0.3, 'learning_rate': 5e-05, 'weight_decay': 1e-05}. Best is trial 29 with value: 0.896969696969697.
[I 2026-04-08 13:14:24,966] Trial 83 pruned. Duplicate hyper-parameters, same as those used in trial 82: {'batch_size': 32, 'frozen_layers': 0, 'classifier_dropout': 0.3, 'learning_rate': 5e-05, 'weight_decay': 1e-05}.
[I 2026-04-08 13:14:25,516] Trial 84 pruned. Duplicate hyper-parameters, same as those used in trial 81: {'batch_size': 32, 'frozen_layers': 0, 'classifier_dropout': 0.1, 'learning_rate': 5e-05, 'weight_decay': 1e-05}.
[I 2026-04-08 13:21:14,802] Trial 85 finished with value: 0.8545454545454545 and parameters: {'batch_size': 32, 'frozen_layers': 0, 'classifier_dropout': 0.2, 'learning_rate': 0.0001, 'weight_decay': 1e-05}. Best is trial 29 with value: 0.896969696969697.
[I 2026-04-08 13:27:55,071] Trial 86 finished with value: 0.896969696969697 and parameters: {'batch_size': 32, 'frozen_layers': 2, 'classifier_dropout': 0.2, 'learning_rate': 5e-05, 'weight_decay': 1e-05}. Best is trial 29 with value: 0.896969696969697.
[I 2026-04-08 13:35:00,894] Trial 87 finished with value: 0.7818181818181819 and parameters: {'batch_size': 16, 'frozen_layers': 2, 'classifier_dropout': 0.1, 'learning_rate': 0.0001, 'weight_decay': 1e-06}. Best is trial 29 with value: 0.896969696969697.
[I 2026-04-08 13:35:01,374] Trial 88 pruned. Duplicate hyper-parameters, same as those used in trial 86: {'batch_size': 32, 'frozen_layers': 2, 'classifier_dropout': 0.2, 'learning_rate': 5e-05, 'weight_decay': 1e-05}.
[I 2026-04-08 13:41:43,498] Trial 89 finished with value: 0.8848484848484849 and parameters: {'batch_size': 64, 'frozen_layers': 0, 'classifier_dropout': 0.2, 'learning_rate': 5e-05, 'weight_decay': 0.001}. Best is trial 29 with value: 0.896969696969697.
[I 2026-04-08 13:48:03,771] Trial 90 finished with value: 0.8606060606060606 and parameters: {'batch_size': 32, 'frozen_layers': 6, 'classifier_dropout': 0.4, 'learning_rate': 5e-05, 'weight_decay': 1e-06}. Best is trial 29 with value: 0.896969696969697.
[I 2026-04-08 13:57:23,133] Trial 91 finished with value: 0.8606060606060606 and parameters: {'batch_size': 16, 'frozen_layers': 2, 'classifier_dropout': 0.2, 'learning_rate': 1e-05, 'weight_decay': 0.001}. Best is trial 29 with value: 0.896969696969697.
[I 2026-04-08 14:04:14,401] Trial 92 finished with value: 0.8909090909090909 and parameters: {'batch_size': 32, 'frozen_layers': 0, 'classifier_dropout': 0.3, 'learning_rate': 5e-05, 'weight_decay': 1e-06}. Best is trial 29 with value: 0.896969696969697.
[I 2026-04-08 14:11:43,534] Trial 93 finished with value: 0.8909090909090909 and parameters: {'batch_size': 16, 'frozen_layers': 2, 'classifier_dropout': 0.4, 'learning_rate': 2e-05, 'weight_decay': 0.0001}. Best is trial 29 with value: 0.896969696969697.
[I 2026-04-08 14:18:30,787] Trial 94 finished with value: 0.8606060606060606 and parameters: {'batch_size': 32, 'frozen_layers': 2, 'classifier_dropout': 0.2, 'learning_rate': 2e-05, 'weight_decay': 1e-06}. Best is trial 29 with value: 0.896969696969697.
[I 2026-04-08 14:24:49,352] Trial 95 finished with value: 0.8666666666666667 and parameters: {'batch_size': 64, 'frozen_layers': 6, 'classifier_dropout': 0.3, 'learning_rate': 5e-05, 'weight_decay': 0.001}. Best is trial 29 with value: 0.896969696969697.
[I 2026-04-08 14:32:16,267] Trial 96 finished with value: 0.8848484848484849 and parameters: {'batch_size': 16, 'frozen_layers': 2, 'classifier_dropout': 0.2, 'learning_rate': 3e-05, 'weight_decay': 1e-06}. Best is trial 29 with value: 0.896969696969697.
[I 2026-04-08 14:39:52,663] Trial 97 finished with value: 0.8666666666666667 and parameters: {'batch_size': 32, 'frozen_layers': 4, 'classifier_dropout': 0.1, 'learning_rate': 5e-05, 'weight_decay': 0.001}. Best is trial 29 with value: 0.896969696969697.
[I 2026-04-08 14:46:41,264] Trial 98 finished with value: 0.8787878787878788 and parameters: {'batch_size': 32, 'frozen_layers': 2, 'classifier_dropout': 0.3, 'learning_rate': 0.0001, 'weight_decay': 1e-06}. Best is trial 29 with value: 0.896969696969697.
[I 2026-04-08 14:55:55,969] Trial 99 finished with value: 0.8606060606060606 and parameters: {'batch_size': 16, 'frozen_layers': 0, 'classifier_dropout': 0.2, 'learning_rate': 5e-05, 'weight_decay': 1e-05}. Best is trial 29 with value: 0.896969696969697.
[I 2026-04-08 15:02:42,848] Trial 100 finished with value: 0.896969696969697 and parameters: {'batch_size': 32, 'frozen_layers': 2, 'classifier_dropout': 0.3, 'learning_rate': 5e-05, 'weight_decay': 0.001}. Best is trial 29 with value: 0.896969696969697.
[I 2026-04-08 15:09:31,482] Trial 101 finished with value: 0.8787878787878788 and parameters: {'batch_size': 32, 'frozen_layers': 2, 'classifier_dropout': 0.3, 'learning_rate': 0.0001, 'weight_decay': 0.001}. Best is trial 29 with value: 0.896969696969697.
[I 2026-04-08 15:17:06,843] Trial 102 finished with value: 0.8666666666666667 and parameters: {'batch_size': 32, 'frozen_layers': 4, 'classifier_dropout': 0.4, 'learning_rate': 5e-05, 'weight_decay': 1e-05}. Best is trial 29 with value: 0.896969696969697.
[I 2026-04-08 15:17:07,435] Trial 103 pruned. Duplicate hyper-parameters, same as those used in trial 100: {'batch_size': 32, 'frozen_layers': 2, 'classifier_dropout': 0.3, 'learning_rate': 5e-05, 'weight_decay': 0.001}.
[I 2026-04-08 15:23:56,992] Trial 104 finished with value: 0.896969696969697 and parameters: {'batch_size': 32, 'frozen_layers': 2, 'classifier_dropout': 0.1, 'learning_rate': 5e-05, 'weight_decay': 0.0001}. Best is trial 29 with value: 0.896969696969697.
[I 2026-04-08 15:23:57,537] Trial 105 pruned. Duplicate hyper-parameters, same as those used in trial 104: {'batch_size': 32, 'frozen_layers': 2, 'classifier_dropout': 0.1, 'learning_rate': 5e-05, 'weight_decay': 0.0001}.
[I 2026-04-08 15:30:46,646] Trial 106 finished with value: 0.896969696969697 and parameters: {'batch_size': 32, 'frozen_layers': 2, 'classifier_dropout': 0.3, 'learning_rate': 5e-05, 'weight_decay': 0.0001}. Best is trial 29 with value: 0.896969696969697.
[I 2026-04-08 15:37:25,945] Trial 107 finished with value: 0.8242424242424242 and parameters: {'batch_size': 64, 'frozen_layers': 2, 'classifier_dropout': 0.1, 'learning_rate': 5e-05, 'weight_decay': 1e-05}. Best is trial 29 with value: 0.896969696969697.
[I 2026-04-08 15:37:26,445] Trial 108 pruned. Duplicate hyper-parameters, same as those used in trial 106: {'batch_size': 32, 'frozen_layers': 2, 'classifier_dropout': 0.3, 'learning_rate': 5e-05, 'weight_decay': 0.0001}.
[I 2026-04-08 15:44:13,828] Trial 109 finished with value: 0.896969696969697 and parameters: {'batch_size': 32, 'frozen_layers': 2, 'classifier_dropout': 0.1, 'learning_rate': 5e-05, 'weight_decay': 1e-06}. Best is trial 29 with value: 0.896969696969697.
[I 2026-04-08 15:44:14,328] Trial 110 pruned. Duplicate hyper-parameters, same as those used in trial 109: {'batch_size': 32, 'frozen_layers': 2, 'classifier_dropout': 0.1, 'learning_rate': 5e-05, 'weight_decay': 1e-06}.
[I 2026-04-08 15:51:04,044] Trial 111 finished with value: 0.896969696969697 and parameters: {'batch_size': 32, 'frozen_layers': 2, 'classifier_dropout': 0.4, 'learning_rate': 5e-05, 'weight_decay': 0.0001}. Best is trial 29 with value: 0.896969696969697.
[I 2026-04-08 15:51:04,602] Trial 112 pruned. Duplicate hyper-parameters, same as those used in trial 111: {'batch_size': 32, 'frozen_layers': 2, 'classifier_dropout': 0.4, 'learning_rate': 5e-05, 'weight_decay': 0.0001}.
[I 2026-04-08 15:58:57,705] Trial 113 finished with value: 0.8787878787878788 and parameters: {'batch_size': 16, 'frozen_layers': 4, 'classifier_dropout': 0.3, 'learning_rate': 5e-05, 'weight_decay': 0.001}. Best is trial 29 with value: 0.896969696969697.
[I 2026-04-08 16:05:37,603] Trial 114 finished with value: 0.8606060606060606 and parameters: {'batch_size': 32, 'frozen_layers': 2, 'classifier_dropout': 0.4, 'learning_rate': 2e-05, 'weight_decay': 0.001}. Best is trial 29 with value: 0.896969696969697.
[I 2026-04-08 16:12:00,849] Trial 115 finished with value: 0.8606060606060606 and parameters: {'batch_size': 32, 'frozen_layers': 6, 'classifier_dropout': 0.2, 'learning_rate': 5e-05, 'weight_decay': 1e-05}. Best is trial 29 with value: 0.896969696969697.
[I 2026-04-08 16:18:52,330] Trial 116 finished with value: 0.8909090909090909 and parameters: {'batch_size': 32, 'frozen_layers': 0, 'classifier_dropout': 0.4, 'learning_rate': 5e-05, 'weight_decay': 0.0001}. Best is trial 29 with value: 0.896969696969697.
[I 2026-04-08 16:25:30,831] Trial 117 finished with value: 0.8242424242424242 and parameters: {'batch_size': 64, 'frozen_layers': 2, 'classifier_dropout': 0.3, 'learning_rate': 5e-05, 'weight_decay': 1e-06}. Best is trial 29 with value: 0.896969696969697.
[I 2026-04-08 16:36:02,569] Trial 118 finished with value: 0.703030303030303 and parameters: {'batch_size': 16, 'frozen_layers': 2, 'classifier_dropout': 0.3, 'learning_rate': 0.0001, 'weight_decay': 0.001}. Best is trial 29 with value: 0.896969696969697.
[I 2026-04-08 16:42:40,772] Trial 119 finished with value: 0.8242424242424242 and parameters: {'batch_size': 64, 'frozen_layers': 2, 'classifier_dropout': 0.2, 'learning_rate': 5e-05, 'weight_decay': 0.0001}. Best is trial 29 with value: 0.896969696969697.
[I 2026-04-08 16:50:14,020] Trial 120 finished with value: 0.8666666666666667 and parameters: {'batch_size': 32, 'frozen_layers': 4, 'classifier_dropout': 0.2, 'learning_rate': 5e-05, 'weight_decay': 1e-06}. Best is trial 29 with value: 0.896969696969697.
[I 2026-04-08 16:58:15,529] Trial 121 finished with value: 0.8424242424242424 and parameters: {'batch_size': 16, 'frozen_layers': 2, 'classifier_dropout': 0.1, 'learning_rate': 5e-05, 'weight_decay': 0.001}. Best is trial 29 with value: 0.896969696969697.
[I 2026-04-08 17:05:02,849] Trial 122 finished with value: 0.896969696969697 and parameters: {'batch_size': 32, 'frozen_layers': 2, 'classifier_dropout': 0.4, 'learning_rate': 5e-05, 'weight_decay': 1e-06}. Best is trial 29 with value: 0.896969696969697.
[I 2026-04-08 17:05:03,343] Trial 123 pruned. Duplicate hyper-parameters, same as those used in trial 122: {'batch_size': 32, 'frozen_layers': 2, 'classifier_dropout': 0.4, 'learning_rate': 5e-05, 'weight_decay': 1e-06}.
[I 2026-04-08 17:11:50,386] Trial 124 finished with value: 0.896969696969697 and parameters: {'batch_size': 32, 'frozen_layers': 2, 'classifier_dropout': 0.2, 'learning_rate': 5e-05, 'weight_decay': 0.0001}. Best is trial 29 with value: 0.896969696969697.
[I 2026-04-08 17:11:50,888] Trial 125 pruned. Duplicate hyper-parameters, same as those used in trial 124: {'batch_size': 32, 'frozen_layers': 2, 'classifier_dropout': 0.2, 'learning_rate': 5e-05, 'weight_decay': 0.0001}.
[I 2026-04-08 17:18:32,080] Trial 126 finished with value: 0.8545454545454545 and parameters: {'batch_size': 64, 'frozen_layers': 2, 'classifier_dropout': 0.3, 'learning_rate': 3e-05, 'weight_decay': 0.001}. Best is trial 29 with value: 0.896969696969697.
[I 2026-04-08 17:25:17,071] Trial 127 finished with value: 0.8787878787878788 and parameters: {'batch_size': 32, 'frozen_layers': 2, 'classifier_dropout': 0.1, 'learning_rate': 0.0001, 'weight_decay': 0.0001}. Best is trial 29 with value: 0.896969696969697.
[I 2026-04-08 17:32:08,091] Trial 128 finished with value: 0.8606060606060606 and parameters: {'batch_size': 32, 'frozen_layers': 2, 'classifier_dropout': 0.4, 'learning_rate': 3e-05, 'weight_decay': 0.0001}. Best is trial 29 with value: 0.896969696969697.
[I 2026-04-08 17:38:56,992] Trial 129 finished with value: 0.896969696969697 and parameters: {'batch_size': 32, 'frozen_layers': 2, 'classifier_dropout': 0.4, 'learning_rate': 5e-05, 'weight_decay': 0.001}. Best is trial 29 with value: 0.896969696969697.
[I 2026-04-08 17:38:57,496] Trial 130 pruned. Duplicate hyper-parameters, same as those used in trial 129: {'batch_size': 32, 'frozen_layers': 2, 'classifier_dropout': 0.4, 'learning_rate': 5e-05, 'weight_decay': 0.001}.
[I 2026-04-08 17:48:15,114] Trial 131 finished with value: 0.8606060606060606 and parameters: {'batch_size': 16, 'frozen_layers': 2, 'classifier_dropout': 0.3, 'learning_rate': 1e-05, 'weight_decay': 1e-06}. Best is trial 29 with value: 0.896969696969697.
[I 2026-04-08 17:55:06,215] Trial 132 finished with value: 0.8606060606060606 and parameters: {'batch_size': 32, 'frozen_layers': 2, 'classifier_dropout': 0.2, 'learning_rate': 3e-05, 'weight_decay': 1e-05}. Best is trial 29 with value: 0.896969696969697.
[I 2026-04-08 18:01:56,533] Trial 133 finished with value: 0.896969696969697 and parameters: {'batch_size': 32, 'frozen_layers': 2, 'classifier_dropout': 0.4, 'learning_rate': 5e-05, 'weight_decay': 1e-05}. Best is trial 29 with value: 0.896969696969697.
[I 2026-04-08 18:01:57,038] Trial 134 pruned. Duplicate hyper-parameters, same as those used in trial 133: {'batch_size': 32, 'frozen_layers': 2, 'classifier_dropout': 0.4, 'learning_rate': 5e-05, 'weight_decay': 1e-05}.
[I 2026-04-08 18:08:43,577] Trial 135 finished with value: 0.896969696969697 and parameters: {'batch_size': 32, 'frozen_layers': 2, 'classifier_dropout': 0.1, 'learning_rate': 5e-05, 'weight_decay': 1e-05}. Best is trial 29 with value: 0.896969696969697.
[I 2026-04-08 18:15:04,858] Trial 136 finished with value: 0.8606060606060606 and parameters: {'batch_size': 32, 'frozen_layers': 6, 'classifier_dropout': 0.3, 'learning_rate': 5e-05, 'weight_decay': 0.0001}. Best is trial 29 with value: 0.896969696969697.
[I 2026-04-08 18:15:05,320] Trial 137 pruned. Duplicate hyper-parameters, same as those used in trial 135: {'batch_size': 32, 'frozen_layers': 2, 'classifier_dropout': 0.1, 'learning_rate': 5e-05, 'weight_decay': 1e-05}.
[I 2026-04-08 18:21:44,196] Trial 138 finished with value: 0.896969696969697 and parameters: {'batch_size': 32, 'frozen_layers': 2, 'classifier_dropout': 0.2, 'learning_rate': 5e-05, 'weight_decay': 1e-06}. Best is trial 29 with value: 0.896969696969697.
[I 2026-04-08 18:21:44,677] Trial 139 pruned. Duplicate hyper-parameters, same as those used in trial 138: {'batch_size': 32, 'frozen_layers': 2, 'classifier_dropout': 0.2, 'learning_rate': 5e-05, 'weight_decay': 1e-06}.
[I 2026-04-08 18:28:04,181] Trial 140 finished with value: 0.8606060606060606 and parameters: {'batch_size': 32, 'frozen_layers': 6, 'classifier_dropout': 0.4, 'learning_rate': 0.0001, 'weight_decay': 1e-05}. Best is trial 29 with value: 0.896969696969697.
[I 2026-04-08 18:35:15,301] Trial 141 finished with value: 0.8424242424242424 and parameters: {'batch_size': 16, 'frozen_layers': 2, 'classifier_dropout': 0.4, 'learning_rate': 5e-05, 'weight_decay': 0.001}. Best is trial 29 with value: 0.896969696969697.
[I 2026-04-08 18:41:59,169] Trial 142 finished with value: 0.8424242424242424 and parameters: {'batch_size': 32, 'frozen_layers': 2, 'classifier_dropout': 0.1, 'learning_rate': 1e-05, 'weight_decay': 0.001}. Best is trial 29 with value: 0.896969696969697.
[I 2026-04-08 18:48:46,367] Trial 143 finished with value: 0.896969696969697 and parameters: {'batch_size': 32, 'frozen_layers': 2, 'classifier_dropout': 0.3, 'learning_rate': 5e-05, 'weight_decay': 1e-05}. Best is trial 29 with value: 0.896969696969697.
[I 2026-04-08 18:48:46,838] Trial 144 pruned. Duplicate hyper-parameters, same as those used in trial 143: {'batch_size': 32, 'frozen_layers': 2, 'classifier_dropout': 0.3, 'learning_rate': 5e-05, 'weight_decay': 1e-05}.
[I 2026-04-08 18:55:29,518] Trial 145 finished with value: 0.8787878787878788 and parameters: {'batch_size': 32, 'frozen_layers': 2, 'classifier_dropout': 0.4, 'learning_rate': 0.0001, 'weight_decay': 1e-06}. Best is trial 29 with value: 0.896969696969697.
[I 2026-04-08 19:02:03,621] Trial 146 finished with value: 0.8242424242424242 and parameters: {'batch_size': 64, 'frozen_layers': 2, 'classifier_dropout': 0.4, 'learning_rate': 5e-05, 'weight_decay': 1e-05}. Best is trial 29 with value: 0.896969696969697.
[I 2026-04-08 19:08:52,528] Trial 147 finished with value: 0.8909090909090909 and parameters: {'batch_size': 32, 'frozen_layers': 0, 'classifier_dropout': 0.2, 'learning_rate': 5e-05, 'weight_decay': 0.0001}. Best is trial 29 with value: 0.896969696969697.
[I 2026-04-08 19:15:34,596] Trial 148 finished with value: 0.896969696969697 and parameters: {'batch_size': 32, 'frozen_layers': 2, 'classifier_dropout': 0.1, 'learning_rate': 5e-05, 'weight_decay': 0.001}. Best is trial 29 with value: 0.896969696969697.
[I 2026-04-08 19:22:17,914] Trial 149 finished with value: 0.8606060606060606 and parameters: {'batch_size': 32, 'frozen_layers': 2, 'classifier_dropout': 0.3, 'learning_rate': 3e-05, 'weight_decay': 1e-06}. Best is trial 29 with value: 0.896969696969697.
[I 2026-04-08 19:29:10,133] Trial 150 finished with value: 0.8666666666666667 and parameters: {'batch_size': 32, 'frozen_layers': 0, 'classifier_dropout': 0.3, 'learning_rate': 2e-05, 'weight_decay': 0.0001}. Best is trial 29 with value: 0.896969696969697.
[I 2026-04-08 19:29:10,552] Trial 151 pruned. Duplicate hyper-parameters, same as those used in trial 148: {'batch_size': 32, 'frozen_layers': 2, 'classifier_dropout': 0.1, 'learning_rate': 5e-05, 'weight_decay': 0.001}.
[I 2026-04-08 19:36:32,244] Trial 152 finished with value: 0.8666666666666667 and parameters: {'batch_size': 16, 'frozen_layers': 2, 'classifier_dropout': 0.2, 'learning_rate': 5e-05, 'weight_decay': 0.0001}. Best is trial 29 with value: 0.896969696969697.
[I 2026-04-08 19:43:50,625] Trial 153 finished with value: 0.8666666666666667 and parameters: {'batch_size': 16, 'frozen_layers': 2, 'classifier_dropout': 0.1, 'learning_rate': 5e-05, 'weight_decay': 1e-06}. Best is trial 29 with value: 0.896969696969697.
[I 2026-04-08 19:50:34,170] Trial 154 finished with value: 0.8606060606060606 and parameters: {'batch_size': 32, 'frozen_layers': 2, 'classifier_dropout': 0.1, 'learning_rate': 3e-05, 'weight_decay': 1e-06}. Best is trial 29 with value: 0.896969696969697.
[I 2026-04-08 19:57:16,585] Trial 155 finished with value: 0.8424242424242424 and parameters: {'batch_size': 32, 'frozen_layers': 2, 'classifier_dropout': 0.3, 'learning_rate': 1e-05, 'weight_decay': 0.001}. Best is trial 29 with value: 0.896969696969697.
[I 2026-04-08 20:04:01,793] Trial 156 finished with value: 0.8424242424242424 and parameters: {'batch_size': 32, 'frozen_layers': 2, 'classifier_dropout': 0.2, 'learning_rate': 1e-05, 'weight_decay': 0.0001}. Best is trial 29 with value: 0.896969696969697.
[I 2026-04-08 20:11:30,473] Trial 157 finished with value: 0.8666666666666667 and parameters: {'batch_size': 32, 'frozen_layers': 4, 'classifier_dropout': 0.3, 'learning_rate': 5e-05, 'weight_decay': 1e-05}. Best is trial 29 with value: 0.896969696969697.
[I 2026-04-08 20:18:12,531] Trial 158 finished with value: 0.8606060606060606 and parameters: {'batch_size': 32, 'frozen_layers': 2, 'classifier_dropout': 0.1, 'learning_rate': 2e-05, 'weight_decay': 1e-06}. Best is trial 29 with value: 0.896969696969697.
[I 2026-04-08 20:18:13,052] Trial 159 pruned. Duplicate hyper-parameters, same as those used in trial 74: {'batch_size': 32, 'frozen_layers': 2, 'classifier_dropout': 0.2, 'learning_rate': 5e-05, 'weight_decay': 0.001}.
[I 2026-04-08 20:24:55,257] Trial 160 finished with value: 0.8787878787878788 and parameters: {'batch_size': 32, 'frozen_layers': 2, 'classifier_dropout': 0.1, 'learning_rate': 0.0001, 'weight_decay': 1e-05}. Best is trial 29 with value: 0.896969696969697.
[I 2026-04-08 20:24:55,733] Trial 161 pruned. Duplicate hyper-parameters, same as those used in trial 29: {'batch_size': 32, 'frozen_layers': 2, 'classifier_dropout': 0.3, 'learning_rate': 5e-05, 'weight_decay': 1e-06}.
[I 2026-04-08 20:31:16,690] Trial 162 finished with value: 0.8606060606060606 and parameters: {'batch_size': 32, 'frozen_layers': 6, 'classifier_dropout': 0.1, 'learning_rate': 5e-05, 'weight_decay': 0.0001}. Best is trial 29 with value: 0.896969696969697.
[I 2026-04-08 20:37:37,796] Trial 163 finished with value: 0.8606060606060606 and parameters: {'batch_size': 32, 'frozen_layers': 6, 'classifier_dropout': 0.4, 'learning_rate': 5e-05, 'weight_decay': 0.001}. Best is trial 29 with value: 0.896969696969697.
[I 2026-04-08 20:44:20,029] Trial 164 finished with value: 0.8606060606060606 and parameters: {'batch_size': 32, 'frozen_layers': 2, 'classifier_dropout': 0.2, 'learning_rate': 2e-05, 'weight_decay': 1e-05}. Best is trial 29 with value: 0.896969696969697.
[I 2026-04-08 20:51:49,321] Trial 165 finished with value: 0.8666666666666667 and parameters: {'batch_size': 16, 'frozen_layers': 2, 'classifier_dropout': 0.4, 'learning_rate': 5e-05, 'weight_decay': 1e-05}. Best is trial 29 with value: 0.896969696969697.
[I 2026-04-08 20:58:34,605] Trial 166 finished with value: 0.8848484848484849 and parameters: {'batch_size': 64, 'frozen_layers': 0, 'classifier_dropout': 0.4, 'learning_rate': 5e-05, 'weight_decay': 1e-06}. Best is trial 29 with value: 0.896969696969697.
[I 2026-04-08 21:05:16,281] Trial 167 finished with value: 0.8606060606060606 and parameters: {'batch_size': 32, 'frozen_layers': 2, 'classifier_dropout': 0.3, 'learning_rate': 2e-05, 'weight_decay': 0.0001}. Best is trial 29 with value: 0.896969696969697.
[I 2026-04-08 21:12:42,553] Trial 168 finished with value: 0.8666666666666667 and parameters: {'batch_size': 16, 'frozen_layers': 2, 'classifier_dropout': 0.3, 'learning_rate': 5e-05, 'weight_decay': 1e-06}. Best is trial 29 with value: 0.896969696969697.
[I 2026-04-08 21:20:10,660] Trial 169 finished with value: 0.8666666666666667 and parameters: {'batch_size': 32, 'frozen_layers': 4, 'classifier_dropout': 0.2, 'learning_rate': 5e-05, 'weight_decay': 0.0001}. Best is trial 29 with value: 0.896969696969697.
[I 2026-04-08 21:26:45,658] Trial 170 finished with value: 0.8242424242424242 and parameters: {'batch_size': 64, 'frozen_layers': 2, 'classifier_dropout': 0.2, 'learning_rate': 5e-05, 'weight_decay': 1e-06}. Best is trial 29 with value: 0.896969696969697.
[I 2026-04-08 21:34:14,242] Trial 171 finished with value: 0.8666666666666667 and parameters: {'batch_size': 32, 'frozen_layers': 4, 'classifier_dropout': 0.1, 'learning_rate': 5e-05, 'weight_decay': 1e-06}. Best is trial 29 with value: 0.896969696969697.
[I 2026-04-08 21:40:49,364] Trial 172 finished with value: 0.8545454545454545 and parameters: {'batch_size': 64, 'frozen_layers': 2, 'classifier_dropout': 0.3, 'learning_rate': 2e-05, 'weight_decay': 0.001}. Best is trial 29 with value: 0.896969696969697.
[I 2026-04-08 21:47:30,054] Trial 173 finished with value: 0.8787878787878788 and parameters: {'batch_size': 32, 'frozen_layers': 2, 'classifier_dropout': 0.4, 'learning_rate': 0.0001, 'weight_decay': 0.0001}. Best is trial 29 with value: 0.896969696969697.
[I 2026-04-08 21:53:51,288] Trial 174 finished with value: 0.8606060606060606 and parameters: {'batch_size': 32, 'frozen_layers': 6, 'classifier_dropout': 0.2, 'learning_rate': 5e-05, 'weight_decay': 0.001}. Best is trial 29 with value: 0.896969696969697.
[I 2026-04-08 22:00:34,037] Trial 175 finished with value: 0.8606060606060606 and parameters: {'batch_size': 32, 'frozen_layers': 2, 'classifier_dropout': 0.3, 'learning_rate': 2e-05, 'weight_decay': 0.001}. Best is trial 29 with value: 0.896969696969697.
[I 2026-04-08 22:07:18,187] Trial 176 finished with value: 0.8606060606060606 and parameters: {'batch_size': 32, 'frozen_layers': 2, 'classifier_dropout': 0.4, 'learning_rate': 3e-05, 'weight_decay': 0.001}. Best is trial 29 with value: 0.896969696969697.
[I 2026-04-08 22:14:03,188] Trial 177 finished with value: 0.8606060606060606 and parameters: {'batch_size': 32, 'frozen_layers': 2, 'classifier_dropout': 0.1, 'learning_rate': 3e-05, 'weight_decay': 1e-05}. Best is trial 29 with value: 0.896969696969697.
[I 2026-04-08 22:20:38,435] Trial 178 finished with value: 0.8242424242424242 and parameters: {'batch_size': 64, 'frozen_layers': 2, 'classifier_dropout': 0.1, 'learning_rate': 5e-05, 'weight_decay': 0.001}. Best is trial 29 with value: 0.896969696969697.
[I 2026-04-08 22:28:06,127] Trial 179 finished with value: 0.8787878787878788 and parameters: {'batch_size': 16, 'frozen_layers': 2, 'classifier_dropout': 0.3, 'learning_rate': 3e-05, 'weight_decay': 0.001}. Best is trial 29 with value: 0.896969696969697.
[I 2026-04-08 22:35:21,729] Trial 180 finished with value: 0.8787878787878788 and parameters: {'batch_size': 16, 'frozen_layers': 6, 'classifier_dropout': 0.3, 'learning_rate': 2e-05, 'weight_decay': 1e-06}. Best is trial 29 with value: 0.896969696969697.
[I 2026-04-08 22:42:56,593] Trial 181 finished with value: 0.8848484848484849 and parameters: {'batch_size': 16, 'frozen_layers': 0, 'classifier_dropout': 0.3, 'learning_rate': 2e-05, 'weight_decay': 0.001}. Best is trial 29 with value: 0.896969696969697.

[UPDATE] Unbound limits: {'batch_size': (np.int64(16), np.int64(64)), 'frozen_layers': (np.int64(0), np.int64(4)), 'classifier_dropout': (np.float64(0.1), np.float64(0.4)), 'learning_rate': (np.float64(3e-05), np.float64(0.0001)), 'weight_decay': (np.float64(0.0001), np.float64(0.001))}
[I 2026-04-08 22:42:57,162] A new study created in RDB with name: IMDb-1k-Fine-tuning-unbound
[I 2026-04-08 22:42:57,228] Trial 0 finished with value: 0.896969696969697 and parameters: {'batch_size': 32, 'frozen_layers': 2, 'classifier_dropout': 0.2, 'learning_rate': 5e-05, 'weight_decay': 0.001}.
[I 2026-04-08 22:42:57,229] Trial 1 finished with value: 0.896969696969697 and parameters: {'batch_size': 32, 'frozen_layers': 2, 'classifier_dropout': 0.3, 'learning_rate': 5e-05, 'weight_decay': 0.001}.
[I 2026-04-08 22:42:57,229] Trial 2 finished with value: 0.896969696969697 and parameters: {'batch_size': 32, 'frozen_layers': 2, 'classifier_dropout': 0.4, 'learning_rate': 5e-05, 'weight_decay': 0.001}.
[I 2026-04-08 22:49:29,600] Trial 3 finished with value: 0.8787878787878788 and parameters: {'batch_size': 32, 'frozen_layers': 4, 'classifier_dropout': 0.31959818254342154, 'learning_rate': 6.168038158199002e-05, 'weight_decay': 0.0001432249371823026}. Best is trial 0 with value: 0.896969696969697.
[I 2026-04-08 22:56:30,136] Trial 4 finished with value: 0.8909090909090909 and parameters: {'batch_size': 24, 'frozen_layers': 0, 'classifier_dropout': 0.3598528437324806, 'learning_rate': 6.186307704341193e-05, 'weight_decay': 0.0005105903209394755}. Best is trial 0 with value: 0.896969696969697.
[I 2026-04-08 23:03:50,050] Trial 5 finished with value: 0.8303030303030303 and parameters: {'batch_size': 16, 'frozen_layers': 4, 'classifier_dropout': 0.34973279224012654, 'learning_rate': 3.873904074108898e-05, 'weight_decay': 0.0001519934830130982}. Best is trial 0 with value: 0.896969696969697.
[I 2026-04-08 23:10:43,519] Trial 6 finished with value: 0.8181818181818182 and parameters: {'batch_size': 24, 'frozen_layers': 1, 'classifier_dropout': 0.2574269294896714, 'learning_rate': 5.046335539165066e-05, 'weight_decay': 0.00019553708662745247}. Best is trial 0 with value: 0.896969696969697.
[I 2026-04-08 23:17:36,483] Trial 7 finished with value: 0.8666666666666667 and parameters: {'batch_size': 48, 'frozen_layers': 0, 'classifier_dropout': 0.18764339456056545, 'learning_rate': 4.6632003580742355e-05, 'weight_decay': 0.0002858051065806936}. Best is trial 0 with value: 0.896969696969697.
[I 2026-04-08 23:24:21,072] Trial 8 finished with value: 0.8303030303030303 and parameters: {'batch_size': 56, 'frozen_layers': 0, 'classifier_dropout': 0.2542703315240835, 'learning_rate': 6.121843755950256e-05, 'weight_decay': 0.00011128853174905746}. Best is trial 0 with value: 0.896969696969697.
[I 2026-04-08 23:32:07,813] Trial 9 finished with value: 0.9030303030303031 and parameters: {'batch_size': 48, 'frozen_layers': 0, 'classifier_dropout': 0.11951547789558387, 'learning_rate': 9.403149345691192e-05, 'weight_decay': 0.0009239150319627245}. Best is trial 9 with value: 0.9030303030303031.
[I 2026-04-08 23:38:48,767] Trial 10 finished with value: 0.8787878787878788 and parameters: {'batch_size': 56, 'frozen_layers': 1, 'classifier_dropout': 0.12930163420191518, 'learning_rate': 6.837418474664327e-05, 'weight_decay': 0.00027551959649510803}. Best is trial 9 with value: 0.9030303030303031.
[I 2026-04-08 23:47:17,690] Trial 11 finished with value: 0.8121212121212121 and parameters: {'batch_size': 16, 'frozen_layers': 2, 'classifier_dropout': 0.11031655633456552, 'learning_rate': 8.965728132196335e-05, 'weight_decay': 0.00018145961353490273}. Best is trial 9 with value: 0.9030303030303031.
[I 2026-04-08 23:54:03,277] Trial 12 finished with value: 0.8424242424242424 and parameters: {'batch_size': 48, 'frozen_layers': 1, 'classifier_dropout': 0.2560204063533433, 'learning_rate': 5.7940793638335996e-05, 'weight_decay': 0.0001530574436550019}. Best is trial 9 with value: 0.9030303030303031.
[I 2026-04-09 00:00:31,060] Trial 13 finished with value: 0.8484848484848485 and parameters: {'batch_size': 64, 'frozen_layers': 3, 'classifier_dropout': 0.38184968246925677, 'learning_rate': 8.810640009855045e-05, 'weight_decay': 0.00039618677904065835}. Best is trial 9 with value: 0.9030303030303031.
[I 2026-04-09 00:07:15,289] Trial 14 finished with value: 0.8666666666666667 and parameters: {'batch_size': 64, 'frozen_layers': 0, 'classifier_dropout': 0.15879485872574356, 'learning_rate': 3.16788671617536e-05, 'weight_decay': 0.00021150972021685588}. Best is trial 9 with value: 0.9030303030303031.
[I 2026-04-09 00:14:56,543] Trial 15 finished with value: 0.8242424242424242 and parameters: {'batch_size': 32, 'frozen_layers': 1, 'classifier_dropout': 0.34862125274557887, 'learning_rate': 4.6095654581465385e-05, 'weight_decay': 0.0001909565280104537}. Best is trial 9 with value: 0.9030303030303031.
[I 2026-04-09 00:21:44,297] Trial 16 finished with value: 0.8666666666666667 and parameters: {'batch_size': 40, 'frozen_layers': 0, 'classifier_dropout': 0.34065909422621193, 'learning_rate': 3.281725122795528e-05, 'weight_decay': 0.0009702573394120733}. Best is trial 9 with value: 0.9030303030303031.
[I 2026-04-09 00:28:28,769] Trial 17 finished with value: 0.8363636363636363 and parameters: {'batch_size': 56, 'frozen_layers': 0, 'classifier_dropout': 0.10165663513708073, 'learning_rate': 8.007716757977903e-05, 'weight_decay': 0.0005091635945818553}. Best is trial 9 with value: 0.9030303030303031.
[I 2026-04-09 00:35:57,464] Trial 18 finished with value: 0.8787878787878788 and parameters: {'batch_size': 56, 'frozen_layers': 3, 'classifier_dropout': 0.12221339552022711, 'learning_rate': 4.619078734619979e-05, 'weight_decay': 0.00013057771348997234}. Best is trial 9 with value: 0.9030303030303031.
[I 2026-04-09 00:42:27,446] Trial 19 finished with value: 0.8484848484848485 and parameters: {'batch_size': 64, 'frozen_layers': 3, 'classifier_dropout': 0.19926940745579477, 'learning_rate': 3.2385795199455616e-05, 'weight_decay': 0.00020463613363481617}. Best is trial 9 with value: 0.9030303030303031.
[I 2026-04-09 00:49:04,798] Trial 20 finished with value: 0.8848484848484849 and parameters: {'batch_size': 32, 'frozen_layers': 3, 'classifier_dropout': 0.29126724140656396, 'learning_rate': 8.730235124152463e-05, 'weight_decay': 0.00029662989987000704}. Best is trial 9 with value: 0.9030303030303031.
[I 2026-04-09 00:56:30,440] Trial 21 finished with value: 0.8121212121212121 and parameters: {'batch_size': 16, 'frozen_layers': 3, 'classifier_dropout': 0.3282355145850693, 'learning_rate': 5.89659325790739e-05, 'weight_decay': 0.0005901564798023387}. Best is trial 9 with value: 0.9030303030303031.
[I 2026-04-09 01:03:09,899] Trial 22 finished with value: 0.8787878787878788 and parameters: {'batch_size': 40, 'frozen_layers': 2, 'classifier_dropout': 0.2282623055075649, 'learning_rate': 3.093231155563182e-05, 'weight_decay': 0.00012820100418916918}. Best is trial 9 with value: 0.9030303030303031.
[I 2026-04-09 01:10:44,141] Trial 23 finished with value: 0.8909090909090909 and parameters: {'batch_size': 40, 'frozen_layers': 2, 'classifier_dropout': 0.21783464962856464, 'learning_rate': 4.483506159209742e-05, 'weight_decay': 0.0008994565884025186}. Best is trial 9 with value: 0.9030303030303031.
[I 2026-04-09 01:17:44,356] Trial 24 finished with value: 0.8787878787878788 and parameters: {'batch_size': 40, 'frozen_layers': 1, 'classifier_dropout': 0.23333767933489952, 'learning_rate': 8.597823023079725e-05, 'weight_decay': 0.0009755427559324174}. Best is trial 9 with value: 0.9030303030303031.
[I 2026-04-09 01:30:19,441] Trial 25 finished with value: 0.896969696969697 and parameters: {'batch_size': 32, 'frozen_layers': 0, 'classifier_dropout': 0.18571479747118308, 'learning_rate': 5.280112896953202e-05, 'weight_decay': 0.0007823987186471419}. Best is trial 9 with value: 0.9030303030303031.
[I 2026-04-09 01:43:04,720] Trial 26 finished with value: 0.8848484848484849 and parameters: {'batch_size': 40, 'frozen_layers': 0, 'classifier_dropout': 0.11161856575118068, 'learning_rate': 8.316353052179683e-05, 'weight_decay': 0.0008944785367641243}. Best is trial 9 with value: 0.9030303030303031.
[I 2026-04-09 01:58:46,912] Trial 27 finished with value: 0.8666666666666667 and parameters: {'batch_size': 48, 'frozen_layers': 2, 'classifier_dropout': 0.1552626501854969, 'learning_rate': 6.686922182203046e-05, 'weight_decay': 0.0007696668733291798}. Best is trial 9 with value: 0.9030303030303031.
[I 2026-04-09 02:12:58,221] Trial 28 finished with value: 0.8787878787878788 and parameters: {'batch_size': 32, 'frozen_layers': 2, 'classifier_dropout': 0.1737379140008071, 'learning_rate': 4.403030102416661e-05, 'weight_decay': 0.0007397222024868639}. Best is trial 9 with value: 0.9030303030303031.
[I 2026-04-09 02:27:38,996] Trial 29 finished with value: 0.8787878787878788 and parameters: {'batch_size': 24, 'frozen_layers': 3, 'classifier_dropout': 0.3228141931382962, 'learning_rate': 3.609712656330604e-05, 'weight_decay': 0.00044483790431913727}. Best is trial 9 with value: 0.9030303030303031.
[I 2026-04-09 02:39:41,141] Trial 30 finished with value: 0.8484848484848485 and parameters: {'batch_size': 32, 'frozen_layers': 4, 'classifier_dropout': 0.24018841747192016, 'learning_rate': 7.32588277345068e-05, 'weight_decay': 0.0009320297234305302}. Best is trial 9 with value: 0.9030303030303031.
[I 2026-04-09 02:52:11,663] Trial 31 finished with value: 0.8909090909090909 and parameters: {'batch_size': 32, 'frozen_layers': 2, 'classifier_dropout': 0.366835182201968, 'learning_rate': 4.654299451889627e-05, 'weight_decay': 0.0007188123848144591}. Best is trial 9 with value: 0.9030303030303031.
[I 2026-04-09 03:05:43,476] Trial 32 finished with value: 0.8606060606060606 and parameters: {'batch_size': 32, 'frozen_layers': 0, 'classifier_dropout': 0.18453732391589261, 'learning_rate': 9.896086548557778e-05, 'weight_decay': 0.000899351657228553}. Best is trial 9 with value: 0.9030303030303031.
[I 2026-04-09 03:20:33,674] Trial 33 finished with value: 0.8848484848484849 and parameters: {'batch_size': 24, 'frozen_layers': 1, 'classifier_dropout': 0.3897428616009091, 'learning_rate': 7.674411039512014e-05, 'weight_decay': 0.0007589215138983812}. Best is trial 9 with value: 0.9030303030303031.
[I 2026-04-09 03:32:39,245] Trial 34 finished with value: 0.8909090909090909 and parameters: {'batch_size': 32, 'frozen_layers': 2, 'classifier_dropout': 0.2514092334837941, 'learning_rate': 4.341236425070738e-05, 'weight_decay': 0.0009193727748772791}. Best is trial 9 with value: 0.9030303030303031.
[I 2026-04-09 03:45:38,144] Trial 35 finished with value: 0.8727272727272727 and parameters: {'batch_size': 40, 'frozen_layers': 2, 'classifier_dropout': 0.34780782520457204, 'learning_rate': 4.724730595381784e-05, 'weight_decay': 0.0009204323247957194}. Best is trial 9 with value: 0.9030303030303031.
[I 2026-04-09 04:00:28,731] Trial 36 finished with value: 0.8787878787878788 and parameters: {'batch_size': 24, 'frozen_layers': 0, 'classifier_dropout': 0.10444013930173762, 'learning_rate': 9.491355909142046e-05, 'weight_decay': 0.0008472562061783535}. Best is trial 9 with value: 0.9030303030303031.
[I 2026-04-09 04:13:21,629] Trial 37 finished with value: 0.8484848484848485 and parameters: {'batch_size': 48, 'frozen_layers': 3, 'classifier_dropout': 0.38770832773318664, 'learning_rate': 3.737192972325936e-05, 'weight_decay': 0.0009640908374778678}. Best is trial 9 with value: 0.9030303030303031.
[I 2026-04-09 04:25:46,326] Trial 38 finished with value: 0.8848484848484849 and parameters: {'batch_size': 56, 'frozen_layers': 1, 'classifier_dropout': 0.15290460753460722, 'learning_rate': 9.562395588181263e-05, 'weight_decay': 0.0006669375450958712}. Best is trial 9 with value: 0.9030303030303031.
[I 2026-04-09 04:33:59,298] Trial 39 finished with value: 0.8787878787878788 and parameters: {'batch_size': 24, 'frozen_layers': 0, 'classifier_dropout': 0.16845540928343083, 'learning_rate': 9.84102830049295e-05, 'weight_decay': 0.0008434851526469203}. Best is trial 9 with value: 0.9030303030303031.
[I 2026-04-09 04:40:40,553] Trial 40 finished with value: 0.8666666666666667 and parameters: {'batch_size': 40, 'frozen_layers': 2, 'classifier_dropout': 0.25272672233196947, 'learning_rate': 5.8767771656140084e-05, 'weight_decay': 0.0006719122197339867}. Best is trial 9 with value: 0.9030303030303031.
[I 2026-04-09 04:47:32,696] Trial 41 finished with value: 0.8545454545454545 and parameters: {'batch_size': 32, 'frozen_layers': 0, 'classifier_dropout': 0.20530264318488084, 'learning_rate': 4.8504247393856345e-05, 'weight_decay': 0.0005431147646098856}. Best is trial 9 with value: 0.9030303030303031.
[I 2026-04-09 04:55:16,294] Trial 42 finished with value: 0.8909090909090909 and parameters: {'batch_size': 32, 'frozen_layers': 1, 'classifier_dropout': 0.11078361256106484, 'learning_rate': 4.862923168696694e-05, 'weight_decay': 0.000924302342756497}. Best is trial 9 with value: 0.9030303030303031.
[I 2026-04-09 05:02:07,602] Trial 43 finished with value: 0.8848484848484849 and parameters: {'batch_size': 32, 'frozen_layers': 0, 'classifier_dropout': 0.1785420005238661, 'learning_rate': 5.390812540302814e-05, 'weight_decay': 0.0008440576141766106}. Best is trial 9 with value: 0.9030303030303031.
[I 2026-04-09 05:08:59,467] Trial 44 finished with value: 0.8303030303030303 and parameters: {'batch_size': 32, 'frozen_layers': 0, 'classifier_dropout': 0.2336991684344256, 'learning_rate': 4.0955986932638265e-05, 'weight_decay': 0.0009480915160457574}. Best is trial 9 with value: 0.9030303030303031.
[I 2026-04-09 05:15:49,454] Trial 45 finished with value: 0.8606060606060606 and parameters: {'batch_size': 24, 'frozen_layers': 2, 'classifier_dropout': 0.21637994675088296, 'learning_rate': 5.754501828283832e-05, 'weight_decay': 0.0008388754848041911}. Best is trial 9 with value: 0.9030303030303031.
[I 2026-04-09 05:22:27,647] Trial 46 finished with value: 0.896969696969697 and parameters: {'batch_size': 32, 'frozen_layers': 3, 'classifier_dropout': 0.3717831901337735, 'learning_rate': 5.491161492485633e-05, 'weight_decay': 0.000937276933567974}. Best is trial 9 with value: 0.9030303030303031.
[I 2026-04-09 05:30:09,869] Trial 47 finished with value: 0.8666666666666667 and parameters: {'batch_size': 48, 'frozen_layers': 1, 'classifier_dropout': 0.3845433173378506, 'learning_rate': 5.785816221997845e-05, 'weight_decay': 0.00088091763289432}. Best is trial 9 with value: 0.9030303030303031.
[I 2026-04-09 05:38:23,173] Trial 48 finished with value: 0.896969696969697 and parameters: {'batch_size': 64, 'frozen_layers': 4, 'classifier_dropout': 0.13101229002544407, 'learning_rate': 9.19455160446467e-05, 'weight_decay': 0.00019113146275097774}. Best is trial 9 with value: 0.9030303030303031.
[I 2026-04-09 05:45:12,364] Trial 49 finished with value: 0.896969696969697 and parameters: {'batch_size': 40, 'frozen_layers': 0, 'classifier_dropout': 0.1273693822664608, 'learning_rate': 8.45710748595112e-05, 'weight_decay': 0.0008591461205772012}. Best is trial 9 with value: 0.9030303030303031.
[I 2026-04-09 05:52:03,105] Trial 50 finished with value: 0.8242424242424242 and parameters: {'batch_size': 24, 'frozen_layers': 2, 'classifier_dropout': 0.35095292795596456, 'learning_rate': 4.308959940028006e-05, 'weight_decay': 0.0009692654929535157}. Best is trial 9 with value: 0.9030303030303031.
[I 2026-04-09 05:58:40,590] Trial 51 finished with value: 0.896969696969697 and parameters: {'batch_size': 32, 'frozen_layers': 3, 'classifier_dropout': 0.38240500603358474, 'learning_rate': 5.184357387874084e-05, 'weight_decay': 0.000634022278096698}. Best is trial 9 with value: 0.9030303030303031.
[I 2026-04-09 06:05:18,095] Trial 52 finished with value: 0.896969696969697 and parameters: {'batch_size': 32, 'frozen_layers': 3, 'classifier_dropout': 0.3971209562055461, 'learning_rate': 5.721856447388496e-05, 'weight_decay': 0.0008981305412546439}. Best is trial 9 with value: 0.9030303030303031.
[I 2026-04-09 06:12:08,478] Trial 53 finished with value: 0.8545454545454545 and parameters: {'batch_size': 32, 'frozen_layers': 0, 'classifier_dropout': 0.10420849929198579, 'learning_rate': 9.72407044143946e-05, 'weight_decay': 0.000982381222070758}. Best is trial 9 with value: 0.9030303030303031.
[I 2026-04-09 06:19:26,845] Trial 54 finished with value: 0.8424242424242424 and parameters: {'batch_size': 64, 'frozen_layers': 4, 'classifier_dropout': 0.3439011159815047, 'learning_rate': 5.201961553974531e-05, 'weight_decay': 0.00030267600378348724}. Best is trial 9 with value: 0.9030303030303031.
[I 2026-04-09 06:26:16,205] Trial 55 finished with value: 0.8666666666666667 and parameters: {'batch_size': 40, 'frozen_layers': 0, 'classifier_dropout': 0.39674096734463393, 'learning_rate': 4.395138087430197e-05, 'weight_decay': 0.0006379917723800068}. Best is trial 9 with value: 0.9030303030303031.
[I 2026-04-09 06:33:52,468] Trial 56 finished with value: 0.9030303030303031 and parameters: {'batch_size': 16, 'frozen_layers': 0, 'classifier_dropout': 0.14297289751242184, 'learning_rate': 4.1331244924330716e-05, 'weight_decay': 0.00037625409756460236}. Best is trial 9 with value: 0.9030303030303031.
[I 2026-04-09 06:41:34,584] Trial 57 finished with value: 0.8848484848484849 and parameters: {'batch_size': 16, 'frozen_layers': 0, 'classifier_dropout': 0.1398083807596841, 'learning_rate': 4.028094342056191e-05, 'weight_decay': 0.00037675772605570685}. Best is trial 9 with value: 0.9030303030303031.
[I 2026-04-09 06:49:13,122] Trial 58 finished with value: 0.8787878787878788 and parameters: {'batch_size': 16, 'frozen_layers': 0, 'classifier_dropout': 0.16136267114278385, 'learning_rate': 3.049781649270029e-05, 'weight_decay': 0.0006251781015317228}. Best is trial 9 with value: 0.9030303030303031.
[I 2026-04-09 06:56:00,116] Trial 59 finished with value: 0.8484848484848485 and parameters: {'batch_size': 56, 'frozen_layers': 0, 'classifier_dropout': 0.1548870053539923, 'learning_rate': 9.581980459478214e-05, 'weight_decay': 0.00096160407939416}. Best is trial 9 with value: 0.9030303030303031.
[I 2026-04-09 07:03:03,204] Trial 60 finished with value: 0.8727272727272727 and parameters: {'batch_size': 24, 'frozen_layers': 0, 'classifier_dropout': 0.1146569036299795, 'learning_rate': 5.1467863029970385e-05, 'weight_decay': 0.00024184390570016146}. Best is trial 9 with value: 0.9030303030303031.
[I 2026-04-09 07:10:26,526] Trial 61 finished with value: 0.8727272727272727 and parameters: {'batch_size': 16, 'frozen_layers': 3, 'classifier_dropout': 0.14072914248631735, 'learning_rate': 5.71395984239766e-05, 'weight_decay': 0.00024070201950804449}. Best is trial 9 with value: 0.9030303030303031.
[I 2026-04-09 07:18:17,583] Trial 62 finished with value: 0.8848484848484849 and parameters: {'batch_size': 32, 'frozen_layers': 0, 'classifier_dropout': 0.17819168893037024, 'learning_rate': 5.184661949174743e-05, 'weight_decay': 0.0006478351178415751}. Best is trial 9 with value: 0.9030303030303031.
[I 2026-04-09 07:25:48,791] Trial 63 finished with value: 0.8727272727272727 and parameters: {'batch_size': 16, 'frozen_layers': 2, 'classifier_dropout': 0.3835507181851675, 'learning_rate': 6.002234812025481e-05, 'weight_decay': 0.00010633750193283863}. Best is trial 9 with value: 0.9030303030303031.
[I 2026-04-09 07:34:31,861] Trial 64 finished with value: 0.896969696969697 and parameters: {'batch_size': 32, 'frozen_layers': 1, 'classifier_dropout': 0.288629619391842, 'learning_rate': 5.338035366946308e-05, 'weight_decay': 0.0009619166015165032}. Best is trial 9 with value: 0.9030303030303031.
[I 2026-04-09 07:41:02,004] Trial 65 finished with value: 0.8666666666666667 and parameters: {'batch_size': 40, 'frozen_layers': 4, 'classifier_dropout': 0.32060491960941856, 'learning_rate': 4.5267976198610695e-05, 'weight_decay': 0.000721061602721869}. Best is trial 9 with value: 0.9030303030303031.
[I 2026-04-09 07:48:39,714] Trial 66 finished with value: 0.8727272727272727 and parameters: {'batch_size': 16, 'frozen_layers': 0, 'classifier_dropout': 0.20845401740157987, 'learning_rate': 4.644656917935416e-05, 'weight_decay': 0.00025219556021122895}. Best is trial 9 with value: 0.9030303030303031.
[I 2026-04-09 07:55:19,087] Trial 67 finished with value: 0.896969696969697 and parameters: {'batch_size': 32, 'frozen_layers': 3, 'classifier_dropout': 0.3017372273558005, 'learning_rate': 5.2812392179636045e-05, 'weight_decay': 0.0009173973370191549}. Best is trial 9 with value: 0.9030303030303031.
[I 2026-04-09 08:02:58,758] Trial 68 finished with value: 0.8606060606060606 and parameters: {'batch_size': 24, 'frozen_layers': 4, 'classifier_dropout': 0.2361355106612863, 'learning_rate': 3.10496549593545e-05, 'weight_decay': 0.00016702957038948823}. Best is trial 9 with value: 0.9030303030303031.
[I 2026-04-09 08:10:33,022] Trial 69 finished with value: 0.8606060606060606 and parameters: {'batch_size': 16, 'frozen_layers': 0, 'classifier_dropout': 0.1496103479479604, 'learning_rate': 5.337716462757944e-05, 'weight_decay': 0.0004904763361487835}. Best is trial 9 with value: 0.9030303030303031.
[I 2026-04-09 08:17:13,596] Trial 70 finished with value: 0.8545454545454545 and parameters: {'batch_size': 48, 'frozen_layers': 2, 'classifier_dropout': 0.3461070983035687, 'learning_rate': 6.126271588904205e-05, 'weight_decay': 0.0008076645304311216}. Best is trial 9 with value: 0.9030303030303031.
[I 2026-04-09 08:24:32,764] Trial 71 finished with value: 0.8727272727272727 and parameters: {'batch_size': 64, 'frozen_layers': 4, 'classifier_dropout': 0.13109423153096617, 'learning_rate': 9.479997181446124e-05, 'weight_decay': 0.00015617724358898011}. Best is trial 9 with value: 0.9030303030303031.
[I 2026-04-09 08:31:52,567] Trial 72 finished with value: 0.8787878787878788 and parameters: {'batch_size': 64, 'frozen_layers': 4, 'classifier_dropout': 0.1845144097127843, 'learning_rate': 9.768057059112128e-05, 'weight_decay': 0.00016308455213899986}. Best is trial 9 with value: 0.9030303030303031.
[I 2026-04-09 08:38:17,120] Trial 73 finished with value: 0.8484848484848485 and parameters: {'batch_size': 64, 'frozen_layers': 4, 'classifier_dropout': 0.22172997073267564, 'learning_rate': 6.72637726072764e-05, 'weight_decay': 0.00036470028869575066}. Best is trial 9 with value: 0.9030303030303031.
[I 2026-04-09 08:46:02,962] Trial 74 finished with value: 0.8545454545454545 and parameters: {'batch_size': 32, 'frozen_layers': 1, 'classifier_dropout': 0.1481999981478673, 'learning_rate': 3.0613318032017855e-05, 'weight_decay': 0.0002641730562622003}. Best is trial 9 with value: 0.9030303030303031.
[I 2026-04-09 08:52:31,673] Trial 75 finished with value: 0.8848484848484849 and parameters: {'batch_size': 40, 'frozen_layers': 4, 'classifier_dropout': 0.1508879098107704, 'learning_rate': 9.049811271295976e-05, 'weight_decay': 0.00013624095660659364}. Best is trial 9 with value: 0.9030303030303031.
[I 2026-04-09 09:01:06,738] Trial 76 finished with value: 0.8424242424242424 and parameters: {'batch_size': 32, 'frozen_layers': 2, 'classifier_dropout': 0.12105194814910165, 'learning_rate': 9.615012179498322e-05, 'weight_decay': 0.0001948704894899567}. Best is trial 9 with value: 0.9030303030303031.
[I 2026-04-09 09:08:34,004] Trial 77 finished with value: 0.8424242424242424 and parameters: {'batch_size': 56, 'frozen_layers': 3, 'classifier_dropout': 0.11342580954584633, 'learning_rate': 4.1885920633923855e-05, 'weight_decay': 0.0009422104045045549}. Best is trial 9 with value: 0.9030303030303031.
[I 2026-04-09 09:15:16,798] Trial 78 finished with value: 0.8787878787878788 and parameters: {'batch_size': 32, 'frozen_layers': 2, 'classifier_dropout': 0.15528961924526508, 'learning_rate': 8.840379267341959e-05, 'weight_decay': 0.00019418726912619858}. Best is trial 9 with value: 0.9030303030303031.
[I 2026-04-09 09:21:49,654] Trial 79 finished with value: 0.8606060606060606 and parameters: {'batch_size': 48, 'frozen_layers': 4, 'classifier_dropout': 0.11116061069103707, 'learning_rate': 6.826727373697603e-05, 'weight_decay': 0.0002580775258260416}. Best is trial 9 with value: 0.9030303030303031.
[I 2026-04-09 09:28:44,869] Trial 80 finished with value: 0.8848484848484849 and parameters: {'batch_size': 24, 'frozen_layers': 1, 'classifier_dropout': 0.3911768410586092, 'learning_rate': 5.548327415732707e-05, 'weight_decay': 0.0008974762233904742}. Best is trial 9 with value: 0.9030303030303031.
[I 2026-04-09 09:35:29,920] Trial 81 finished with value: 0.8606060606060606 and parameters: {'batch_size': 40, 'frozen_layers': 1, 'classifier_dropout': 0.15987410697208557, 'learning_rate': 7.906433498958299e-05, 'weight_decay': 0.0005783484585693689}. Best is trial 9 with value: 0.9030303030303031.
[I 2026-04-09 09:42:18,506] Trial 82 finished with value: 0.8727272727272727 and parameters: {'batch_size': 40, 'frozen_layers': 0, 'classifier_dropout': 0.20121130944095544, 'learning_rate': 6.78109249284589e-05, 'weight_decay': 0.0008595108007463297}. Best is trial 9 with value: 0.9030303030303031.
[I 2026-04-09 09:49:07,736] Trial 83 finished with value: 0.8848484848484849 and parameters: {'batch_size': 40, 'frozen_layers': 0, 'classifier_dropout': 0.11088577167567758, 'learning_rate': 9.966751136103081e-05, 'weight_decay': 0.0008213716172006971}. Best is trial 9 with value: 0.9030303030303031.
[I 2026-04-09 09:55:56,752] Trial 84 finished with value: 0.8606060606060606 and parameters: {'batch_size': 40, 'frozen_layers': 0, 'classifier_dropout': 0.20698916857417443, 'learning_rate': 3.0441865133528535e-05, 'weight_decay': 0.000877469059281836}. Best is trial 9 with value: 0.9030303030303031.
[I 2026-04-09 10:02:38,474] Trial 85 finished with value: 0.8787878787878788 and parameters: {'batch_size': 32, 'frozen_layers': 2, 'classifier_dropout': 0.1505136347166558, 'learning_rate': 8.43682620610802e-05, 'weight_decay': 0.00017509027912748456}. Best is trial 9 with value: 0.9030303030303031.
[I 2026-04-09 10:09:17,873] Trial 86 finished with value: 0.8242424242424242 and parameters: {'batch_size': 48, 'frozen_layers': 2, 'classifier_dropout': 0.11173019161148981, 'learning_rate': 7.601278590936133e-05, 'weight_decay': 0.00018833409917080502}. Best is trial 9 with value: 0.9030303030303031.
[I 2026-04-09 10:15:50,345] Trial 87 finished with value: 0.8909090909090909 and parameters: {'batch_size': 32, 'frozen_layers': 4, 'classifier_dropout': 0.11605863673518553, 'learning_rate': 5.927074338507039e-05, 'weight_decay': 0.00013013875051265356}. Best is trial 9 with value: 0.9030303030303031.
[I 2026-04-09 10:22:19,573] Trial 88 finished with value: 0.8545454545454545 and parameters: {'batch_size': 64, 'frozen_layers': 3, 'classifier_dropout': 0.10828255841080574, 'learning_rate': 7.276728132935908e-05, 'weight_decay': 0.00035846290263493493}. Best is trial 9 with value: 0.9030303030303031.
[I 2026-04-09 10:29:08,599] Trial 89 finished with value: 0.8303030303030303 and parameters: {'batch_size': 40, 'frozen_layers': 0, 'classifier_dropout': 0.11125351336402134, 'learning_rate': 8.012439090581701e-05, 'weight_decay': 0.0008914567983552028}. Best is trial 9 with value: 0.9030303030303031.
[I 2026-04-09 10:36:53,668] Trial 90 finished with value: 0.8727272727272727 and parameters: {'batch_size': 24, 'frozen_layers': 3, 'classifier_dropout': 0.16075777673451583, 'learning_rate': 4.901251259134761e-05, 'weight_decay': 0.0009870028634953786}. Best is trial 9 with value: 0.9030303030303031.
[I 2026-04-09 10:43:31,667] Trial 91 finished with value: 0.8848484848484849 and parameters: {'batch_size': 32, 'frozen_layers': 3, 'classifier_dropout': 0.3210544359023977, 'learning_rate': 5.723416942101542e-05, 'weight_decay': 0.00047150201401814553}. Best is trial 9 with value: 0.9030303030303031.
[I 2026-04-09 10:50:10,923] Trial 92 finished with value: 0.896969696969697 and parameters: {'batch_size': 32, 'frozen_layers': 3, 'classifier_dropout': 0.3941461743990705, 'learning_rate': 4.890409619567357e-05, 'weight_decay': 0.0005968064572760857}. Best is trial 9 with value: 0.9030303030303031.
[I 2026-04-09 10:57:02,547] Trial 93 finished with value: 0.8787878787878788 and parameters: {'batch_size': 32, 'frozen_layers': 0, 'classifier_dropout': 0.2585126638791467, 'learning_rate': 6.914918646181657e-05, 'weight_decay': 0.0009523256366913527}. Best is trial 9 with value: 0.9030303030303031.
[I 2026-04-09 11:03:35,678] Trial 94 finished with value: 0.8424242424242424 and parameters: {'batch_size': 32, 'frozen_layers': 4, 'classifier_dropout': 0.1507914498057233, 'learning_rate': 8.304888079487498e-05, 'weight_decay': 0.00027880470415319214}. Best is trial 9 with value: 0.9030303030303031.
[I 2026-04-09 11:10:15,809] Trial 95 finished with value: 0.8424242424242424 and parameters: {'batch_size': 40, 'frozen_layers': 2, 'classifier_dropout': 0.3712800272354276, 'learning_rate': 6.358965767896801e-05, 'weight_decay': 0.0007674565358165245}. Best is trial 9 with value: 0.9030303030303031.
[I 2026-04-09 11:17:16,990] Trial 96 finished with value: 0.8303030303030303 and parameters: {'batch_size': 24, 'frozen_layers': 0, 'classifier_dropout': 0.35462202662802966, 'learning_rate': 8.115310765712585e-05, 'weight_decay': 0.00039552260822170644}. Best is trial 9 with value: 0.9030303030303031.
[I 2026-04-09 11:23:52,337] Trial 97 finished with value: 0.8727272727272727 and parameters: {'batch_size': 32, 'frozen_layers': 4, 'classifier_dropout': 0.38371059507103455, 'learning_rate': 7.131458778363794e-05, 'weight_decay': 0.0005232422711032758}. Best is trial 9 with value: 0.9030303030303031.
[I 2026-04-09 11:30:21,070] Trial 98 finished with value: 0.8363636363636363 and parameters: {'batch_size': 40, 'frozen_layers': 4, 'classifier_dropout': 0.3407320325884042, 'learning_rate': 4.646979539326353e-05, 'weight_decay': 0.0009491857854314709}. Best is trial 9 with value: 0.9030303030303031.
[I 2026-04-09 11:37:13,201] Trial 99 finished with value: 0.8787878787878788 and parameters: {'batch_size': 24, 'frozen_layers': 1, 'classifier_dropout': 0.11497779138413887, 'learning_rate': 8.40134098176599e-05, 'weight_decay': 0.0009385880186202983}. Best is trial 9 with value: 0.9030303030303031.
[I 2026-04-09 11:44:03,793] Trial 100 finished with value: 0.8666666666666667 and parameters: {'batch_size': 32, 'frozen_layers': 0, 'classifier_dropout': 0.1502394017755334, 'learning_rate': 7.68203708982949e-05, 'weight_decay': 0.0007151963100354188}. Best is trial 9 with value: 0.9030303030303031.
[I 2026-04-09 11:50:40,937] Trial 101 finished with value: 0.8181818181818182 and parameters: {'batch_size': 32, 'frozen_layers': 3, 'classifier_dropout': 0.3859796905507746, 'learning_rate': 5.3591378548545316e-05, 'weight_decay': 0.0009900173974642693}. Best is trial 9 with value: 0.9030303030303031.
[I 2026-04-09 11:57:14,509] Trial 102 finished with value: 0.8727272727272727 and parameters: {'batch_size': 32, 'frozen_layers': 4, 'classifier_dropout': 0.16326235539866557, 'learning_rate': 9.716120347159107e-05, 'weight_decay': 0.00032431199646150167}. Best is trial 9 with value: 0.9030303030303031.

[TRIAL] 56 [VALIDATION PERFORMANCE] 0.9030303030303031 [TRAINING LOSS] 0.33758451238128484 [VALIDATION LOSS] 0.33115916256792843 

number                     			 56
value                      			 0.9030303030303031
params_batch_size          			 16
params_classifier_dropout  			 0.14297289751242184
params_frozen_layers       			 0
params_learning_rate       			 4.1331244924330716e-05
params_weight_decay        			 0.00037625409756460236
user_attrs_duplicate       			 False
user_attrs_epoch           			 2
user_attrs_training_loss   			 0.33758451238128484
user_attrs_validation_loss 			 0.33115916256792843

[37] VALIDATION: 0.8484848484848485 TESTING: 0.8656716417910447
[38] VALIDATION: 0.8848484848484849 TESTING: 0.9044776119402985
[39] VALIDATION: 0.8363636363636363 TESTING: 0.9194029850746268
[40] VALIDATION: 0.8545454545454545 TESTING: 0.8746268656716418
[41] VALIDATION: 0.8727272727272727 TESTING: 0.9223880597014925
[42] VALIDATION: 0.9030303030303031 TESTING: 0.9343283582089552
[43] VALIDATION: 0.8363636363636363 TESTING: 0.8835820895522388
[44] VALIDATION: 0.8787878787878788 TESTING: 0.9223880597014925
[45] VALIDATION: 0.8606060606060606 TESTING: 0.8895522388059701
[46] VALIDATION: 0.8666666666666667 TESTING: 0.8865671641791045

Validation performance: 83.64 & 86.42 ± 2.14 & 90.3
Testing performance: 86.57 & 90.03 ± 2.35 & 93.43

[TRIAL] 9 [VALIDATION PERFORMANCE] 0.9030303030303031 [TRAINING LOSS] 0.34100137650966644 [VALIDATION LOSS] 0.3843263929540461 

number                     			 9
value                      			 0.9030303030303031
params_batch_size          			 48
params_classifier_dropout  			 0.11951547789558387
params_frozen_layers       			 0
params_learning_rate       			 9.403149345691192e-05
params_weight_decay        			 0.0009239150319627245
user_attrs_duplicate       			 False
user_attrs_epoch           			 2
user_attrs_training_loss   			 0.34100137650966644
user_attrs_validation_loss 			 0.3843263929540461

[37] VALIDATION: 0.8545454545454545 TESTING: 0.8835820895522388
[38] VALIDATION: 0.8848484848484849 TESTING: 0.9014925373134328
[39] VALIDATION: 0.8484848484848485 TESTING: 0.8925373134328358
[40] VALIDATION: 0.8606060606060606 TESTING: 0.8985074626865671
[41] VALIDATION: 0.8484848484848485 TESTING: 0.9074626865671642
[42] VALIDATION: 0.9030303030303031 TESTING: 0.9074626865671642
[43] VALIDATION: 0.8666666666666667 TESTING: 0.8955223880597015
[44] VALIDATION: 0.8666666666666667 TESTING: 0.9044776119402985
[45] VALIDATION: 0.8606060606060606 TESTING: 0.8776119402985074
[46] VALIDATION: 0.8242424242424242 TESTING: 0.8955223880597015

Validation performance: 82.42 & 86.18 ± 2.13 & 90.3
Testing performance: 87.76 & 89.64 ± 0.99 & 90.75

[TRIAL] 52 [VALIDATION PERFORMANCE] 0.896969696969697 [TRAINING LOSS] 0.30066192968218935 [VALIDATION LOSS] 0.34401157032698393 

number                     			 52
value                      			 0.896969696969697
params_batch_size          			 32
params_classifier_dropout  			 0.3971209562055461
params_frozen_layers       			 3
params_learning_rate       			 5.721856447388496e-05
params_weight_decay        			 0.0008981305412546439
user_attrs_duplicate       			 False
user_attrs_epoch           			 2
user_attrs_training_loss   			 0.30066192968218935
user_attrs_validation_loss 			 0.34401157032698393

[37] VALIDATION: 0.8727272727272727 TESTING: 0.9014925373134328
[38] VALIDATION: 0.8545454545454545 TESTING: 0.8955223880597015
[39] VALIDATION: 0.8727272727272727 TESTING: 0.8686567164179104
[40] VALIDATION: 0.8545454545454545 TESTING: 0.8865671641791045
[41] VALIDATION: 0.8666666666666667 TESTING: 0.9194029850746268
[42] VALIDATION: 0.896969696969697 TESTING: 0.9164179104477612
[43] VALIDATION: 0.8787878787878788 TESTING: 0.9343283582089552
[44] VALIDATION: 0.8424242424242424 TESTING: 0.8656716417910447
[45] VALIDATION: 0.8303030303030303 TESTING: 0.8507462686567164
[46] VALIDATION: 0.8484848484848485 TESTING: 0.8686567164179104

Validation performance: 83.03 & 86.18 ± 1.95 & 89.7
Testing performance: 85.07 & 89.07 ± 2.74 & 93.43

[IMDb-1k] Elapsed time: 2097.1646485328674 minutes.
