SLURM NODE: kn064
[I 2026-02-15 06:29:24,098] Using an existing study with name 'Ohsumed-Fine-tuning' instead of creating a new one.
Unbound optimization already completed.

[UPDATE] Unbound limits: {'batch_size': (np.int64(16), np.int64(64)), 'frozen_layers': (np.int64(0), np.int64(4)), 'classifier_dropout': (np.float64(0.1), np.float64(0.4)), 'learning_rate': (np.float64(3e-05), np.float64(0.0001)), 'weight_decay': (np.float64(0.0001), np.float64(0.001))}
[I 2026-02-15 06:29:24,608] Using an existing study with name 'Ohsumed-Fine-tuning-unbound' instead of creating a new one.
Unbound optimization already completed.

[TRIAL] 3 [VALIDATION PERFORMANCE] 0.6676563902589727 [TRAINING LOSS] 0.3808744988222232 [VALIDATION LOSS] 1.2471466362476349 

number                     			 3
value                      			 0.6676563902589727
params_batch_size          			 32
params_classifier_dropout  			 0.31959818254342154
params_frozen_layers       			 4
params_learning_rate       			 6.168038158199002e-05
params_weight_decay        			 0.0001432249371823026
user_attrs_duplicate       			 False
user_attrs_epoch           			 6
user_attrs_training_loss   			 0.3808744988222232
user_attrs_validation_loss 			 1.2471466362476349

[37] VALIDATION: 0.6365968551835579 TESTING: 0.6156981952526565
[38] VALIDATION: 0.5980999617696707 TESTING: 0.5950479632370778
[39] VALIDATION: 0.5883666521113927 TESTING: 0.5771511742315785
[40] VALIDATION: 0.6195586332994204 TESTING: 0.6010454988463867
[41] VALIDATION: 0.6051349102622914 TESTING: 0.5709835923945495
[42] VALIDATION: 0.6676563902589727 TESTING: 0.6230034340908509
[43] VALIDATION: 0.6288891600797001 TESTING: 0.6152618468282427
[44] VALIDATION: 0.6375499216511203 TESTING: 0.6004602321176038
[45] VALIDATION: 0.5734393581607126 TESTING: 0.5839437523811111
[46] VALIDATION: 0.6263326786164971 TESTING: 0.6105605720052578

Validation performance: 57.34 & 61.82 ± 2.75 & 66.77
Testing performance: 57.1 & 59.93 ± 1.75 & 62.3

[TRIAL] 0 [VALIDATION PERFORMANCE] 0.6655671610890869 [TRAINING LOSS] 0.3984224796295166 [VALIDATION LOSS] 1.296379487622868 

number                     			 0
value                      			 0.6655671610890869
params_batch_size          			 32
params_classifier_dropout  			 0.4
params_frozen_layers       			 2
params_learning_rate       			 5e-05
params_weight_decay        			 0.001
user_attrs_duplicate       			 False
user_attrs_epoch           			 6
user_attrs_training_loss   			 0.3984224796295166
user_attrs_validation_loss 			 1.296379487622868

[37] VALIDATION: 0.6734529770717578 TESTING: 0.6179585444602054
[38] VALIDATION: 0.6106377028663522 TESTING: 0.5912382552301227
[39] VALIDATION: 0.6271242913132155 TESTING: 0.6233693944043004
[40] VALIDATION: 0.6346242230177814 TESTING: 0.601091375961543
[41] VALIDATION: 0.6034628360616515 TESTING: 0.5841473801186311
[42] VALIDATION: 0.6655671610890869 TESTING: 0.6283301292268698
[43] VALIDATION: 0.6340034185399849 TESTING: 0.6374266098785091
[44] VALIDATION: 0.6197150071132603 TESTING: 0.6022125536237659
[45] VALIDATION: 0.5735469441177063 TESTING: 0.5920117434975051
[46] VALIDATION: 0.6251879310740327 TESTING: 0.6246466540348037

Validation performance: 57.35 & 62.67 ± 2.88 & 67.35
Testing performance: 58.41 & 61.02 ± 1.83 & 63.74

[TRIAL] 1 [VALIDATION PERFORMANCE] 0.6655671610890869 [TRAINING LOSS] 0.3984224796295166 [VALIDATION LOSS] 1.296379487622868 

number                     			 1
value                      			 0.6655671610890869
params_batch_size          			 32
params_classifier_dropout  			 0.3
params_frozen_layers       			 2
params_learning_rate       			 5e-05
params_weight_decay        			 0.001
user_attrs_duplicate       			 False
user_attrs_epoch           			 6
user_attrs_training_loss   			 0.3984224796295166
user_attrs_validation_loss 			 1.296379487622868

[37] VALIDATION: 0.6734529770717578 TESTING: 0.6179585444602054
[38] VALIDATION: 0.6106377028663522 TESTING: 0.5912382552301227
[39] VALIDATION: 0.6271242913132155 TESTING: 0.6233693944043004
[40] VALIDATION: 0.6346242230177814 TESTING: 0.601091375961543
[41] VALIDATION: 0.6034628360616515 TESTING: 0.5841473801186311
[42] VALIDATION: 0.6655671610890869 TESTING: 0.6283301292268698
[43] VALIDATION: 0.6340034185399849 TESTING: 0.6374266098785091
[44] VALIDATION: 0.6197150071132603 TESTING: 0.6022125536237659
[45] VALIDATION: 0.5735469441177063 TESTING: 0.5920117434975051
[46] VALIDATION: 0.6251879310740327 TESTING: 0.6246466540348037

Validation performance: 57.35 & 62.67 ± 2.88 & 67.35
Testing performance: 58.41 & 61.02 ± 1.83 & 63.74

[Ohsumed] Elapsed time: 178.45062015851337 minutes.
