SLURM NODE: kn067
[I 2026-02-15 06:29:25,039] Using an existing study with name 'SST-2-Fine-tuning' instead of creating a new one.
Unbound optimization already completed.

[UPDATE] Unbound limits: {'batch_size': (np.int64(16), np.int64(64)), 'frozen_layers': (np.int64(2), np.int64(6)), 'classifier_dropout': (np.float64(0.1), np.float64(0.4)), 'learning_rate': (np.float64(5e-05), np.float64(0.0001)), 'weight_decay': (np.float64(0.0001), np.float64(0.001))}
[I 2026-02-15 06:29:25,705] Using an existing study with name 'SST-2-Fine-tuning-unbound' instead of creating a new one.
Last trial state: 0
Enqueuing hyper-parameters: {'batch_size': 32, 'frozen_layers': 3, 'classifier_dropout': 0.34862125274557887, 'learning_rate': 6.402704472836576e-05, 'weight_decay': 0.0001909565280104537}
[I 2026-02-15 06:54:46,147] Trial 16 finished with value: 0.9151376146788991 and parameters: {'batch_size': 32, 'frozen_layers': 3, 'classifier_dropout': 0.34862125274557887, 'learning_rate': 6.402704472836576e-05, 'weight_decay': 0.0001909565280104537}. Best is trial 5 with value: 0.9208715596330275.
[I 2026-02-15 06:54:46,565] Trial 17 pruned. Duplicate hyper-parameters, same as those used in trial 3: {'batch_size': 32, 'frozen_layers': 6, 'classifier_dropout': 0.31959818254342154, 'learning_rate': 7.57153902708686e-05, 'weight_decay': 0.0001432249371823026}.
[I 2026-02-15 06:54:47,048] Trial 18 pruned. Duplicate hyper-parameters, same as those used in trial 4: {'batch_size': 24, 'frozen_layers': 2, 'classifier_dropout': 0.3598528437324806, 'learning_rate': 7.584442335012204e-05, 'weight_decay': 0.0005105903209394755}.
[I 2026-02-15 06:54:47,537] Trial 19 pruned. Duplicate hyper-parameters, same as those used in trial 5: {'batch_size': 16, 'frozen_layers': 6, 'classifier_dropout': 0.34973279224012654, 'learning_rate': 5.792825495506353e-05, 'weight_decay': 0.0001519934830130982}.
[I 2026-02-15 06:54:47,982] Trial 20 pruned. Duplicate hyper-parameters, same as those used in trial 6: {'batch_size': 24, 'frozen_layers': 3, 'classifier_dropout': 0.2574269294896714, 'learning_rate': 6.745255603940727e-05, 'weight_decay': 0.00019553708662745247}.
[I 2026-02-15 06:54:48,408] Trial 21 pruned. Duplicate hyper-parameters, same as those used in trial 7: {'batch_size': 48, 'frozen_layers': 2, 'classifier_dropout': 0.18764339456056545, 'learning_rate': 6.445489547191887e-05, 'weight_decay': 0.0002858051065806936}.
[I 2026-02-15 06:54:48,954] Trial 22 pruned. Duplicate hyper-parameters, same as those used in trial 8: {'batch_size': 56, 'frozen_layers': 2, 'classifier_dropout': 0.2542703315240835, 'learning_rate': 7.538840576969886e-05, 'weight_decay': 0.00011128853174905746}.
[I 2026-02-15 06:54:49,407] Trial 23 pruned. Duplicate hyper-parameters, same as those used in trial 9: {'batch_size': 48, 'frozen_layers': 2, 'classifier_dropout': 0.11951547789558387, 'learning_rate': 9.651904440775355e-05, 'weight_decay': 0.0009239150319627245}.
[I 2026-02-15 07:22:12,654] Trial 24 finished with value: 0.9128440366972477 and parameters: {'batch_size': 16, 'frozen_layers': 4, 'classifier_dropout': 0.12778983502597666, 'learning_rate': 8.234797887805373e-05, 'weight_decay': 0.0006344840250252585}. Best is trial 5 with value: 0.9208715596330275.
[I 2026-02-15 07:46:46,127] Trial 25 finished with value: 0.9094036697247706 and parameters: {'batch_size': 40, 'frozen_layers': 5, 'classifier_dropout': 0.11284305507428907, 'learning_rate': 9.186769333569718e-05, 'weight_decay': 0.0007616411720524087}. Best is trial 5 with value: 0.9208715596330275.
[I 2026-02-15 08:14:04,788] Trial 26 finished with value: 0.9094036697247706 and parameters: {'batch_size': 16, 'frozen_layers': 4, 'classifier_dropout': 0.10125589394672199, 'learning_rate': 7.935915437057607e-05, 'weight_decay': 0.0002847016763948375}. Best is trial 5 with value: 0.9208715596330275.
[I 2026-02-15 08:39:06,783] Trial 27 finished with value: 0.9013761467889908 and parameters: {'batch_size': 64, 'frozen_layers': 3, 'classifier_dropout': 0.12097559409531906, 'learning_rate': 8.203502880991826e-05, 'weight_decay': 0.00018214109348390042}. Best is trial 5 with value: 0.9208715596330275.
[I 2026-02-15 09:04:17,901] Trial 28 finished with value: 0.9048165137614679 and parameters: {'batch_size': 40, 'frozen_layers': 3, 'classifier_dropout': 0.16512355095780146, 'learning_rate': 9.861485512874876e-05, 'weight_decay': 0.0007830514943509448}. Best is trial 5 with value: 0.9208715596330275.
[I 2026-02-15 09:31:42,238] Trial 29 finished with value: 0.908256880733945 and parameters: {'batch_size': 16, 'frozen_layers': 4, 'classifier_dropout': 0.1264863347023258, 'learning_rate': 7.180299747574676e-05, 'weight_decay': 0.0001484104232254421}. Best is trial 5 with value: 0.9208715596330275.
[I 2026-02-15 09:56:25,715] Trial 30 finished with value: 0.9185779816513762 and parameters: {'batch_size': 32, 'frozen_layers': 5, 'classifier_dropout': 0.12798150328963298, 'learning_rate': 6.928262093500989e-05, 'weight_decay': 0.00032093635801274637}. Best is trial 5 with value: 0.9208715596330275.
[I 2026-02-15 10:22:13,971] Trial 31 finished with value: 0.9105504587155964 and parameters: {'batch_size': 56, 'frozen_layers': 3, 'classifier_dropout': 0.14670751060242393, 'learning_rate': 6.990572605171252e-05, 'weight_decay': 0.0007421445585357757}. Best is trial 5 with value: 0.9208715596330275.
[I 2026-02-15 10:47:52,359] Trial 32 finished with value: 0.9174311926605505 and parameters: {'batch_size': 32, 'frozen_layers': 4, 'classifier_dropout': 0.39250911617304557, 'learning_rate': 8.892649383075519e-05, 'weight_decay': 0.0008543147749314164}. Best is trial 5 with value: 0.9208715596330275.
[I 2026-02-15 11:12:44,059] Trial 33 finished with value: 0.9162844036697247 and parameters: {'batch_size': 32, 'frozen_layers': 4, 'classifier_dropout': 0.1007111394369349, 'learning_rate': 9.609419383057447e-05, 'weight_decay': 0.0009842194002444996}. Best is trial 5 with value: 0.9208715596330275.
[I 2026-02-15 11:37:34,633] Trial 34 finished with value: 0.9162844036697247 and parameters: {'batch_size': 32, 'frozen_layers': 5, 'classifier_dropout': 0.3714798033625445, 'learning_rate': 5.5360455455680466e-05, 'weight_decay': 0.00030752865319157586}. Best is trial 5 with value: 0.9208715596330275.
[I 2026-02-15 12:03:23,327] Trial 35 finished with value: 0.9128440366972477 and parameters: {'batch_size': 24, 'frozen_layers': 5, 'classifier_dropout': 0.32633849122786857, 'learning_rate': 9.765074801325845e-05, 'weight_decay': 0.0008891795874002158}. Best is trial 5 with value: 0.9208715596330275.
[I 2026-02-15 12:29:33,960] Trial 36 finished with value: 0.9105504587155964 and parameters: {'batch_size': 40, 'frozen_layers': 3, 'classifier_dropout': 0.11339101897967616, 'learning_rate': 7.962925456109774e-05, 'weight_decay': 0.00030537111371072825}. Best is trial 5 with value: 0.9208715596330275.
[I 2026-02-15 12:55:41,479] Trial 37 finished with value: 0.9128440366972477 and parameters: {'batch_size': 24, 'frozen_layers': 4, 'classifier_dropout': 0.10655221359017163, 'learning_rate': 6.767371320622754e-05, 'weight_decay': 0.00027698375124044026}. Best is trial 5 with value: 0.9208715596330275.
[I 2026-02-15 13:20:32,833] Trial 38 finished with value: 0.9174311926605505 and parameters: {'batch_size': 32, 'frozen_layers': 5, 'classifier_dropout': 0.23766343132202972, 'learning_rate': 5.839822315055718e-05, 'weight_decay': 0.00010703899284373558}. Best is trial 5 with value: 0.9208715596330275.
[I 2026-02-15 13:45:04,796] Trial 39 finished with value: 0.9185779816513762 and parameters: {'batch_size': 56, 'frozen_layers': 5, 'classifier_dropout': 0.19039060374360312, 'learning_rate': 8.191196356610169e-05, 'weight_decay': 0.00023626472269218794}. Best is trial 5 with value: 0.9208715596330275.
[I 2026-02-15 14:12:29,731] Trial 40 finished with value: 0.908256880733945 and parameters: {'batch_size': 16, 'frozen_layers': 4, 'classifier_dropout': 0.38049702934309415, 'learning_rate': 9.76263228148099e-05, 'weight_decay': 0.00037807395833646697}. Best is trial 5 with value: 0.9208715596330275.
[I 2026-02-15 14:37:37,341] Trial 41 finished with value: 0.9094036697247706 and parameters: {'batch_size': 40, 'frozen_layers': 3, 'classifier_dropout': 0.11663197898674461, 'learning_rate': 8.760629067130385e-05, 'weight_decay': 0.0004588047194213024}. Best is trial 5 with value: 0.9208715596330275.
[I 2026-02-15 15:05:56,732] Trial 42 finished with value: 0.9128440366972477 and parameters: {'batch_size': 32, 'frozen_layers': 4, 'classifier_dropout': 0.2971341285185215, 'learning_rate': 9.549466211152733e-05, 'weight_decay': 0.0008047014440808704}. Best is trial 5 with value: 0.9208715596330275.
[I 2026-02-15 15:37:47,356] Trial 43 finished with value: 0.9128440366972477 and parameters: {'batch_size': 32, 'frozen_layers': 4, 'classifier_dropout': 0.38702359137503106, 'learning_rate': 9.76747738316683e-05, 'weight_decay': 0.0009192147241514284}. Best is trial 5 with value: 0.9208715596330275.
[I 2026-02-15 16:07:13,133] Trial 44 finished with value: 0.9128440366972477 and parameters: {'batch_size': 24, 'frozen_layers': 2, 'classifier_dropout': 0.12079141121321181, 'learning_rate': 8.587196848439779e-05, 'weight_decay': 0.0003942693362533229}. Best is trial 5 with value: 0.9208715596330275.
[I 2026-02-15 16:32:21,172] Trial 45 finished with value: 0.9208715596330275 and parameters: {'batch_size': 32, 'frozen_layers': 3, 'classifier_dropout': 0.10863619676725272, 'learning_rate': 6.832297918583109e-05, 'weight_decay': 0.00031720706401657217}. Best is trial 5 with value: 0.9208715596330275.
[I 2026-02-15 16:57:48,978] Trial 46 finished with value: 0.9105504587155964 and parameters: {'batch_size': 32, 'frozen_layers': 2, 'classifier_dropout': 0.11563975601030528, 'learning_rate': 6.446480322120374e-05, 'weight_decay': 0.0006286490042579698}. Best is trial 5 with value: 0.9208715596330275.
[I 2026-02-15 17:22:07,180] Trial 47 finished with value: 0.911697247706422 and parameters: {'batch_size': 32, 'frozen_layers': 6, 'classifier_dropout': 0.39198768754705127, 'learning_rate': 5.7245782870746716e-05, 'weight_decay': 0.00011066737582739648}. Best is trial 5 with value: 0.9208715596330275.
[I 2026-02-15 17:47:33,274] Trial 48 finished with value: 0.9105504587155964 and parameters: {'batch_size': 24, 'frozen_layers': 3, 'classifier_dropout': 0.10731862321388688, 'learning_rate': 5.8583667754070217e-05, 'weight_decay': 0.00016397142115510765}. Best is trial 5 with value: 0.9208715596330275.
[I 2026-02-15 18:12:35,352] Trial 49 finished with value: 0.9059633027522935 and parameters: {'batch_size': 56, 'frozen_layers': 3, 'classifier_dropout': 0.19018966839705725, 'learning_rate': 8.869087475469592e-05, 'weight_decay': 0.00031507098945063127}. Best is trial 5 with value: 0.9208715596330275.
[I 2026-02-15 18:37:03,251] Trial 50 finished with value: 0.9105504587155964 and parameters: {'batch_size': 40, 'frozen_layers': 5, 'classifier_dropout': 0.2885483659530912, 'learning_rate': 5.635851696644266e-05, 'weight_decay': 0.00014501558162103898}. Best is trial 5 with value: 0.9208715596330275.
[I 2026-02-15 19:02:38,682] Trial 51 finished with value: 0.9071100917431193 and parameters: {'batch_size': 24, 'frozen_layers': 3, 'classifier_dropout': 0.2982046182082396, 'learning_rate': 5.200022433802774e-05, 'weight_decay': 0.0004225240905868799}. Best is trial 5 with value: 0.9208715596330275.
[I 2026-02-15 19:27:14,335] Trial 52 finished with value: 0.9185779816513762 and parameters: {'batch_size': 32, 'frozen_layers': 5, 'classifier_dropout': 0.1797324204143319, 'learning_rate': 9.845721866133281e-05, 'weight_decay': 0.0007225645667435676}. Best is trial 5 with value: 0.9208715596330275.
[I 2026-02-15 19:52:23,245] Trial 53 finished with value: 0.908256880733945 and parameters: {'batch_size': 32, 'frozen_layers': 3, 'classifier_dropout': 0.30797895295660055, 'learning_rate': 9.573999414635656e-05, 'weight_decay': 0.0009486919037359751}. Best is trial 5 with value: 0.9208715596330275.
[I 2026-02-15 20:16:38,718] Trial 54 finished with value: 0.908256880733945 and parameters: {'batch_size': 40, 'frozen_layers': 6, 'classifier_dropout': 0.300427370802625, 'learning_rate': 5.4754977336194265e-05, 'weight_decay': 0.0002628074325121853}. Best is trial 5 with value: 0.9208715596330275.
[I 2026-02-15 20:41:57,779] Trial 55 finished with value: 0.9162844036697247 and parameters: {'batch_size': 24, 'frozen_layers': 4, 'classifier_dropout': 0.3236315252471539, 'learning_rate': 9.598139133674875e-05, 'weight_decay': 0.0009091821314982772}. Best is trial 5 with value: 0.9208715596330275.
[I 2026-02-15 21:07:26,457] Trial 56 finished with value: 0.9139908256880734 and parameters: {'batch_size': 32, 'frozen_layers': 2, 'classifier_dropout': 0.14055302063679626, 'learning_rate': 7.500436397834284e-05, 'weight_decay': 0.00014855978363103494}. Best is trial 5 with value: 0.9208715596330275.
[I 2026-02-15 21:35:35,578] Trial 57 finished with value: 0.9002293577981652 and parameters: {'batch_size': 16, 'frozen_layers': 2, 'classifier_dropout': 0.12437387516462803, 'learning_rate': 7.78363988453205e-05, 'weight_decay': 0.00031712373604232187}. Best is trial 5 with value: 0.9208715596330275.
[I 2026-02-15 21:59:44,549] Trial 58 finished with value: 0.9174311926605505 and parameters: {'batch_size': 64, 'frozen_layers': 6, 'classifier_dropout': 0.3010010596055367, 'learning_rate': 6.079688910280925e-05, 'weight_decay': 0.00028134155940556994}. Best is trial 5 with value: 0.9208715596330275.
[I 2026-02-15 22:27:14,463] Trial 59 finished with value: 0.9151376146788991 and parameters: {'batch_size': 16, 'frozen_layers': 5, 'classifier_dropout': 0.3214952235320246, 'learning_rate': 6.841495876695745e-05, 'weight_decay': 0.0001599665617831384}. Best is trial 5 with value: 0.9208715596330275.
[I 2026-02-15 22:52:04,591] Trial 60 finished with value: 0.9139908256880734 and parameters: {'batch_size': 32, 'frozen_layers': 4, 'classifier_dropout': 0.10170201023023358, 'learning_rate': 7.655258259331901e-05, 'weight_decay': 0.0002955269334967245}. Best is trial 5 with value: 0.9208715596330275.
[I 2026-02-15 23:17:41,029] Trial 61 finished with value: 0.9002293577981652 and parameters: {'batch_size': 48, 'frozen_layers': 2, 'classifier_dropout': 0.11878276963287558, 'learning_rate': 8.266233764593865e-05, 'weight_decay': 0.0004314279631656959}. Best is trial 5 with value: 0.9208715596330275.
[I 2026-02-15 23:41:57,184] Trial 62 finished with value: 0.9071100917431193 and parameters: {'batch_size': 32, 'frozen_layers': 6, 'classifier_dropout': 0.15077879262233052, 'learning_rate': 5.8854587657594735e-05, 'weight_decay': 0.0004217918138151442}. Best is trial 5 with value: 0.9208715596330275.
[I 2026-02-16 00:06:05,223] Trial 63 finished with value: 0.9128440366972477 and parameters: {'batch_size': 40, 'frozen_layers': 6, 'classifier_dropout': 0.3522072596144214, 'learning_rate': 5.0012122940557875e-05, 'weight_decay': 0.00013522283654443995}. Best is trial 5 with value: 0.9208715596330275.
[I 2026-02-16 00:31:07,008] Trial 64 finished with value: 0.9128440366972477 and parameters: {'batch_size': 48, 'frozen_layers': 4, 'classifier_dropout': 0.13179916176400555, 'learning_rate': 6.35631457313288e-05, 'weight_decay': 0.00031611837468393893}. Best is trial 5 with value: 0.9208715596330275.
[I 2026-02-16 00:56:43,232] Trial 65 finished with value: 0.9002293577981652 and parameters: {'batch_size': 32, 'frozen_layers': 2, 'classifier_dropout': 0.39670649128810853, 'learning_rate': 9.996393692660983e-05, 'weight_decay': 0.0005917211905915621}. Best is trial 5 with value: 0.9208715596330275.
[I 2026-02-16 01:21:26,064] Trial 66 finished with value: 0.9151376146788991 and parameters: {'batch_size': 32, 'frozen_layers': 5, 'classifier_dropout': 0.155028469877119, 'learning_rate': 7.238445222058615e-05, 'weight_decay': 0.0005705812062972294}. Best is trial 5 with value: 0.9208715596330275.
[I 2026-02-16 01:53:09,191] Trial 67 finished with value: 0.911697247706422 and parameters: {'batch_size': 24, 'frozen_layers': 4, 'classifier_dropout': 0.3284159366911449, 'learning_rate': 8.134641101762373e-05, 'weight_decay': 0.0008268326019751533}. Best is trial 5 with value: 0.9208715596330275.
[I 2026-02-16 02:19:46,663] Trial 68 finished with value: 0.9105504587155964 and parameters: {'batch_size': 32, 'frozen_layers': 6, 'classifier_dropout': 0.29882154746145473, 'learning_rate': 5.137362712886147e-05, 'weight_decay': 0.00023947309842395353}. Best is trial 5 with value: 0.9208715596330275.
[I 2026-02-16 02:47:07,659] Trial 69 finished with value: 0.9139908256880734 and parameters: {'batch_size': 40, 'frozen_layers': 4, 'classifier_dropout': 0.11733010118543047, 'learning_rate': 7.291086447528228e-05, 'weight_decay': 0.00029601732476536156}. Best is trial 5 with value: 0.9208715596330275.
[I 2026-02-16 03:15:51,023] Trial 70 finished with value: 0.9036697247706422 and parameters: {'batch_size': 24, 'frozen_layers': 4, 'classifier_dropout': 0.3191101577650685, 'learning_rate': 5.230987529850646e-05, 'weight_decay': 0.00013350706620813825}. Best is trial 5 with value: 0.9208715596330275.
[I 2026-02-16 03:40:19,926] Trial 71 finished with value: 0.9208715596330275 and parameters: {'batch_size': 32, 'frozen_layers': 5, 'classifier_dropout': 0.22135903512269942, 'learning_rate': 6.961570980478902e-05, 'weight_decay': 0.00029176159366759086}. Best is trial 5 with value: 0.9208715596330275.
[I 2026-02-16 04:04:51,753] Trial 72 finished with value: 0.9139908256880734 and parameters: {'batch_size': 32, 'frozen_layers': 5, 'classifier_dropout': 0.24516685373076527, 'learning_rate': 8.080582988603845e-05, 'weight_decay': 0.0003185006186492818}. Best is trial 5 with value: 0.9208715596330275.
[I 2026-02-16 04:29:05,215] Trial 73 finished with value: 0.9094036697247706 and parameters: {'batch_size': 32, 'frozen_layers': 6, 'classifier_dropout': 0.16352085700100571, 'learning_rate': 6.63277388371674e-05, 'weight_decay': 0.00022106631886570133}. Best is trial 5 with value: 0.9208715596330275.
[I 2026-02-16 04:54:12,226] Trial 74 finished with value: 0.9105504587155964 and parameters: {'batch_size': 32, 'frozen_layers': 3, 'classifier_dropout': 0.1084164021264268, 'learning_rate': 5.8616120429739236e-05, 'weight_decay': 0.0003187025834262912}. Best is trial 5 with value: 0.9208715596330275.
[I 2026-02-16 05:19:10,375] Trial 75 finished with value: 0.9025229357798165 and parameters: {'batch_size': 40, 'frozen_layers': 3, 'classifier_dropout': 0.12722000517545362, 'learning_rate': 9.970880986217641e-05, 'weight_decay': 0.0007889649176548818}. Best is trial 5 with value: 0.9208715596330275.
[I 2026-02-16 05:43:40,025] Trial 76 finished with value: 0.8990825688073395 and parameters: {'batch_size': 32, 'frozen_layers': 5, 'classifier_dropout': 0.23473340506439547, 'learning_rate': 6.46254896163238e-05, 'weight_decay': 0.00026097802419300354}. Best is trial 5 with value: 0.9208715596330275.
[I 2026-02-16 06:08:25,336] Trial 77 finished with value: 0.9139908256880734 and parameters: {'batch_size': 56, 'frozen_layers': 4, 'classifier_dropout': 0.39598313943639596, 'learning_rate': 9.506207653364606e-05, 'weight_decay': 0.0008906058862766303}. Best is trial 5 with value: 0.9208715596330275.
[I 2026-02-16 06:35:47,700] Trial 78 finished with value: 0.8944954128440367 and parameters: {'batch_size': 16, 'frozen_layers': 4, 'classifier_dropout': 0.15556492155322754, 'learning_rate': 9.815635756298118e-05, 'weight_decay': 0.000856721447360659}. Best is trial 5 with value: 0.9208715596330275.
[I 2026-02-16 07:00:20,953] Trial 79 finished with value: 0.9002293577981652 and parameters: {'batch_size': 24, 'frozen_layers': 6, 'classifier_dropout': 0.34068563127003604, 'learning_rate': 5.471173623335095e-05, 'weight_decay': 0.00015067834252049765}. Best is trial 5 with value: 0.9208715596330275.
[I 2026-02-16 07:29:19,100] Trial 80 finished with value: 0.9048165137614679 and parameters: {'batch_size': 40, 'frozen_layers': 2, 'classifier_dropout': 0.13319906623268818, 'learning_rate': 7.823171567493277e-05, 'weight_decay': 0.000296448360738083}. Best is trial 5 with value: 0.9208715596330275.
[I 2026-02-16 07:53:53,396] Trial 81 finished with value: 0.9139908256880734 and parameters: {'batch_size': 24, 'frozen_layers': 6, 'classifier_dropout': 0.1231864626368452, 'learning_rate': 7.938150206584126e-05, 'weight_decay': 0.0003440602763125644}. Best is trial 5 with value: 0.9208715596330275.
[I 2026-02-16 08:18:01,617] Trial 82 finished with value: 0.9151376146788991 and parameters: {'batch_size': 64, 'frozen_layers': 6, 'classifier_dropout': 0.16376315200738228, 'learning_rate': 7.968881463514841e-05, 'weight_decay': 0.0002841024469639716}. Best is trial 5 with value: 0.9208715596330275.
[I 2026-02-16 08:42:29,086] Trial 83 finished with value: 0.9139908256880734 and parameters: {'batch_size': 56, 'frozen_layers': 5, 'classifier_dropout': 0.18392252999900216, 'learning_rate': 8.750785710211285e-05, 'weight_decay': 0.00014870604315105572}. Best is trial 5 with value: 0.9208715596330275.
[I 2026-02-16 09:07:13,752] Trial 84 finished with value: 0.9025229357798165 and parameters: {'batch_size': 56, 'frozen_layers': 4, 'classifier_dropout': 0.10531434499607856, 'learning_rate': 8.353814117643546e-05, 'weight_decay': 0.0002537160776837624}. Best is trial 5 with value: 0.9208715596330275.
[I 2026-02-16 09:32:05,303] Trial 85 finished with value: 0.9208715596330275 and parameters: {'batch_size': 56, 'frozen_layers': 4, 'classifier_dropout': 0.2673338680955894, 'learning_rate': 6.323515645252524e-05, 'weight_decay': 0.0005002527028525306}. Best is trial 5 with value: 0.9208715596330275.
[I 2026-02-16 09:57:33,259] Trial 86 finished with value: 0.9094036697247706 and parameters: {'batch_size': 56, 'frozen_layers': 3, 'classifier_dropout': 0.29016219217144035, 'learning_rate': 7.026694202633772e-05, 'weight_decay': 0.000709936477704588}. Best is trial 5 with value: 0.9208715596330275.
[I 2026-02-16 10:22:25,798] Trial 87 finished with value: 0.9094036697247706 and parameters: {'batch_size': 32, 'frozen_layers': 4, 'classifier_dropout': 0.218896688581117, 'learning_rate': 5.362193189031337e-05, 'weight_decay': 0.00045311728447314736}. Best is trial 5 with value: 0.9208715596330275.
