SLURM NODE: kn047
[I 2026-02-27 07:11:42,228] Using an existing study with name 'IMDb-Fine-tuning' instead of creating a new one.
Unbound optimization already completed.

[UPDATE] Unbound limits: {'batch_size': (np.int64(16), np.int64(64)), 'frozen_layers': (np.int64(0), np.int64(4)), 'classifier_dropout': (np.float64(0.1), np.float64(0.3)), 'learning_rate': (np.float64(1e-05), np.float64(3e-05)), 'weight_decay': (np.float64(1e-06), np.float64(0.001))}
[I 2026-02-27 07:11:42,896] Using an existing study with name 'IMDb-Fine-tuning-unbound' instead of creating a new one.
Unbound optimization already completed.

[TRIAL] 52 [VALIDATION PERFORMANCE] 0.9372 [TRAINING LOSS] 0.09375961495639935 [VALIDATION LOSS] 0.2125765750559209 

number                     			 52
value                      			 0.9372
params_batch_size          			 32
params_classifier_dropout  			 0.2711177647840791
params_frozen_layers       			 1
params_learning_rate       			 2.241506705576533e-05
params_weight_decay        			 1.1754993947040527e-06
user_attrs_duplicate       			 False
user_attrs_epoch           			 3.0
user_attrs_training_loss   			 0.09375961495639935
user_attrs_validation_loss 			 0.2125765750559209

[37] VALIDATION: 0.9404 TESTING: 0.94344
[38] VALIDATION: 0.9436 TESTING: 0.94208
[39] VALIDATION: 0.9356 TESTING: 0.93936
[40] VALIDATION: 0.9432 TESTING: 0.94388
[41] VALIDATION: 0.9318 TESTING: 0.93564
[42] VALIDATION: 0.9388 TESTING: 0.94368
[43] VALIDATION: 0.945 TESTING: 0.94336
[44] VALIDATION: 0.9386 TESTING: 0.93968
[45] VALIDATION: 0.9344 TESTING: 0.93892
[46] VALIDATION: 0.9414 TESTING: 0.946

Validation performance: 93.18 & 93.93 ± 0.43 & 94.5
Testing performance: 93.56 & 94.16 ± 0.31 & 94.6

[TRIAL] 38 [VALIDATION PERFORMANCE] 0.9372 [TRAINING LOSS] 0.09439415666083359 [VALIDATION LOSS] 0.21484280517324805 

number                     			 38
value                      			 0.9372
params_batch_size          			 32
params_classifier_dropout  			 0.1344205572711081
params_frozen_layers       			 2
params_learning_rate       			 2.3888060698880288e-05
params_weight_decay        			 0.00010631330163030217
user_attrs_duplicate       			 False
user_attrs_epoch           			 3.0
user_attrs_training_loss   			 0.09439415666083359
user_attrs_validation_loss 			 0.21484280517324805

[37] VALIDATION: 0.9406 TESTING: 0.94132
[38] VALIDATION: 0.9408 TESTING: 0.94016
[39] VALIDATION: 0.9428 TESTING: 0.9446
[40] VALIDATION: 0.941 TESTING: 0.9418
[41] VALIDATION: 0.931 TESTING: 0.9354
[42] VALIDATION: 0.9396 TESTING: 0.94564
[43] VALIDATION: 0.9422 TESTING: 0.94444
[44] VALIDATION: 0.931 TESTING: 0.93144
[45] VALIDATION: 0.9336 TESTING: 0.93788
[46] VALIDATION: 0.94 TESTING: 0.94364

Validation performance: 93.1 & 93.83 ± 0.46 & 94.28
Testing performance: 93.14 & 94.06 ± 0.45 & 94.56

[TRIAL] 24 [VALIDATION PERFORMANCE] 0.937 [TRAINING LOSS] 0.09556036479771138 [VALIDATION LOSS] 0.2113911359236859 

number                     			 24
value                      			 0.937
params_batch_size          			 32
params_classifier_dropout  			 0.11903163614749167
params_frozen_layers       			 2
params_learning_rate       			 2.398780629245418e-05
params_weight_decay        			 6.790172120338904e-05
user_attrs_duplicate       			 False
user_attrs_epoch           			 3.0
user_attrs_training_loss   			 0.09556036479771138
user_attrs_validation_loss 			 0.2113911359236859

[37] VALIDATION: 0.9396 TESTING: 0.94164
[38] VALIDATION: 0.9402 TESTING: 0.94056
[39] VALIDATION: 0.9386 TESTING: 0.94336
[40] VALIDATION: 0.9406 TESTING: 0.94132
[41] VALIDATION: 0.9304 TESTING: 0.93532
[42] VALIDATION: 0.9402 TESTING: 0.9444
[43] VALIDATION: 0.9432 TESTING: 0.94344
[44] VALIDATION: 0.9398 TESTING: 0.941
[45] VALIDATION: 0.9338 TESTING: 0.93696
[46] VALIDATION: 0.937 TESTING: 0.94232

Validation performance: 93.04 & 93.83 ± 0.37 & 94.32
Testing performance: 93.53 & 94.1 ± 0.29 & 94.44

[IMDb] Elapsed time: 881.5134413838387 minutes.
