SLURM NODE: kn046
[I 2026-02-09 09:38:16,929] Using an existing study with name 'SST-2-Fine-tuning' instead of creating a new one.
Unbound optimization already completed.

[UPDATE] Unbound limits: {'frozen_layers': (np.int64(0), np.int64(2)), 'classifier_dropout': (np.float64(0.1), np.float64(0.4)), 'learning_rate': (np.float64(3e-05), np.float64(0.0001)), 'weight_decay': (np.float64(1e-06), np.float64(0.001)), 'label_smoothing': (np.float64(0.1), np.float64(0.15)), 'gradient_clipping': (np.float64(0.5), np.float64(1.0))}
[I 2026-02-09 09:38:17,702] Using an existing study with name 'SST-2-Fine-tuning-unbound' instead of creating a new one.
Unbound optimization already completed.

[TRIAL] 0 [VALIDATION PERFORMANCE] 0.9277522935779816 [TRAINING LOSS] 0.2733838721629112 [VALIDATION LOSS] 0.4032497618879591 

number                     			 0
value                      			 0.9277522935779816
params_classifier_dropout  			 0.3
params_frozen_layers       			 0
params_gradient_clipping   			 0.5
params_label_smoothing     			 0.15
params_learning_rate       			 5e-05
params_weight_decay        			 0.0001
user_attrs_duplicate       			 False
user_attrs_epoch           			 6
user_attrs_training_loss   			 0.2733838721629112
user_attrs_validation_loss 			 0.4032497618879591

[37] VALIDATION: 0.9128440366972477 TESTING: 0.9028006589785832
[38] VALIDATION: 0.9036697247706422 TESTING: 0.9060955518945635
[39] VALIDATION: 0.9094036697247706 TESTING: 0.9170785282811642
[40] VALIDATION: 0.9243119266055045 TESTING: 0.9126853377265239
[41] VALIDATION: 0.911697247706422 TESTING: 0.9104887424492037
[42] VALIDATION: 0.9277522935779816 TESTING: 0.9115870400878638
[43] VALIDATION: 0.9094036697247706 TESTING: 0.9110378912685337
[44] VALIDATION: 0.9105504587155964 TESTING: 0.9126853377265239
[45] VALIDATION: 0.9128440366972477 TESTING: 0.9198242723778144
[46] VALIDATION: 0.8956422018348624 TESTING: 0.8984074684239429

Validation performance: 89.56 & 91.18 ± 0.91 & 92.78
Testing performance: 89.84 & 91.03 ± 0.64 & 91.98

[TRIAL] 1 [VALIDATION PERFORMANCE] 0.9277522935779816 [TRAINING LOSS] 0.2733838721629112 [VALIDATION LOSS] 0.4032497618879591 

number                     			 1
value                      			 0.9277522935779816
params_classifier_dropout  			 0.1
params_frozen_layers       			 0
params_gradient_clipping   			 0.5
params_label_smoothing     			 0.15
params_learning_rate       			 5e-05
params_weight_decay        			 1e-06
user_attrs_duplicate       			 False
user_attrs_epoch           			 6
user_attrs_training_loss   			 0.2733838721629112
user_attrs_validation_loss 			 0.4032497618879591

[37] VALIDATION: 0.9128440366972477 TESTING: 0.9028006589785832
[38] VALIDATION: 0.9036697247706422 TESTING: 0.9060955518945635
[39] VALIDATION: 0.9094036697247706 TESTING: 0.9170785282811642
[40] VALIDATION: 0.9243119266055045 TESTING: 0.9126853377265239
[41] VALIDATION: 0.911697247706422 TESTING: 0.9104887424492037
[42] VALIDATION: 0.9277522935779816 TESTING: 0.9115870400878638
[43] VALIDATION: 0.9094036697247706 TESTING: 0.9110378912685337
[44] VALIDATION: 0.9105504587155964 TESTING: 0.9126853377265239
[45] VALIDATION: 0.9128440366972477 TESTING: 0.9198242723778144
[46] VALIDATION: 0.8956422018348624 TESTING: 0.8984074684239429

Validation performance: 89.56 & 91.18 ± 0.91 & 92.78
Testing performance: 89.84 & 91.03 ± 0.64 & 91.98

[TRIAL] 2 [VALIDATION PERFORMANCE] 0.9277522935779816 [TRAINING LOSS] 0.2733838721629112 [VALIDATION LOSS] 0.4032497618879591 

number                     			 2
value                      			 0.9277522935779816
params_classifier_dropout  			 0.4
params_frozen_layers       			 0
params_gradient_clipping   			 0.5
params_label_smoothing     			 0.15
params_learning_rate       			 5e-05
params_weight_decay        			 0.0001
user_attrs_duplicate       			 False
user_attrs_epoch           			 6
user_attrs_training_loss   			 0.2733838721629112
user_attrs_validation_loss 			 0.4032497618879591

[37] VALIDATION: 0.9128440366972477 TESTING: 0.9028006589785832
[38] VALIDATION: 0.9036697247706422 TESTING: 0.9060955518945635
[39] VALIDATION: 0.9094036697247706 TESTING: 0.9170785282811642
[40] VALIDATION: 0.9243119266055045 TESTING: 0.9126853377265239
[41] VALIDATION: 0.911697247706422 TESTING: 0.9104887424492037
slurmstepd: error: *** JOB 2116298 ON kn046 CANCELLED AT 2026-02-09T10:11:01 ***
