SLURM NODE: kn078
[I 2026-02-24 06:09:48,766] Using an existing study with name 'IMDb-Fine-tuning' instead of creating a new one.
Unbound optimization already completed.

[UPDATE] Unbound limits: {'batch_size': (np.int64(16), np.int64(64)), 'frozen_layers': (np.int64(0), np.int64(4)), 'classifier_dropout': (np.float64(0.1), np.float64(0.3)), 'learning_rate': (np.float64(1e-05), np.float64(3e-05)), 'weight_decay': (np.float64(1e-06), np.float64(0.001))}
[I 2026-02-24 06:09:49,986] Using an existing study with name 'IMDb-Fine-tuning-unbound' instead of creating a new one.
Last trial state: 0
Enqueuing hyper-parameters: {'batch_size': 32, 'frozen_layers': 0, 'classifier_dropout': 0.16421804399693693, 'learning_rate': 2.1815342730725846e-05, 'weight_decay': 5.80903016470329e-05}
[I 2026-02-24 07:23:01,300] Trial 90 finished with value: 0.9316 and parameters: {'batch_size': 32, 'frozen_layers': 0, 'classifier_dropout': 0.16421804399693693, 'learning_rate': 2.1815342730725846e-05, 'weight_decay': 5.80903016470329e-05}. Best is trial 38 with value: 0.9372.
[I 2026-02-24 08:52:39,665] Trial 91 finished with value: 0.9312 and parameters: {'batch_size': 24, 'frozen_layers': 4, 'classifier_dropout': 0.1385480930861862, 'learning_rate': 1.604538523731277e-05, 'weight_decay': 0.0004672242460307048}. Best is trial 38 with value: 0.9372.
[I 2026-02-24 10:01:36,484] Trial 92 finished with value: 0.9282 and parameters: {'batch_size': 40, 'frozen_layers': 1, 'classifier_dropout': 0.20908246753680065, 'learning_rate': 2.121985167808077e-05, 'weight_decay': 2.8813641049610537e-05}. Best is trial 38 with value: 0.9372.
[I 2026-02-24 11:25:02,681] Trial 93 finished with value: 0.9228 and parameters: {'batch_size': 32, 'frozen_layers': 3, 'classifier_dropout': 0.23985454277831464, 'learning_rate': 1.0551313755672437e-05, 'weight_decay': 6.717885808344103e-05}. Best is trial 38 with value: 0.9372.
[I 2026-02-24 12:37:14,360] Trial 94 finished with value: 0.9328 and parameters: {'batch_size': 32, 'frozen_layers': 3, 'classifier_dropout': 0.14214269509078328, 'learning_rate': 1.8613861884437327e-05, 'weight_decay': 2.269553096315143e-05}. Best is trial 38 with value: 0.9372.
[I 2026-02-24 13:48:51,251] Trial 95 finished with value: 0.9338 and parameters: {'batch_size': 32, 'frozen_layers': 3, 'classifier_dropout': 0.12532108318542357, 'learning_rate': 2.3082570320360034e-05, 'weight_decay': 0.00014388454342377106}. Best is trial 38 with value: 0.9372.
[I 2026-02-24 15:01:39,364] Trial 96 finished with value: 0.9326 and parameters: {'batch_size': 32, 'frozen_layers': 1, 'classifier_dropout': 0.11528356874435043, 'learning_rate': 2.616019703269374e-05, 'weight_decay': 0.00015603785931891682}. Best is trial 38 with value: 0.9372.
[I 2026-02-24 16:23:48,094] Trial 97 finished with value: 0.9298 and parameters: {'batch_size': 24, 'frozen_layers': 1, 'classifier_dropout': 0.12649363825356405, 'learning_rate': 2.2871776884117687e-05, 'weight_decay': 6.716557187565553e-05}. Best is trial 38 with value: 0.9372.
[I 2026-02-24 17:33:57,842] Trial 98 finished with value: 0.9314 and parameters: {'batch_size': 40, 'frozen_layers': 0, 'classifier_dropout': 0.1755529964926441, 'learning_rate': 2.923830637896896e-05, 'weight_decay': 0.0009954451621845923}. Best is trial 38 with value: 0.9372.
[I 2026-02-24 18:55:47,221] Trial 99 finished with value: 0.9224 and parameters: {'batch_size': 32, 'frozen_layers': 2, 'classifier_dropout': 0.11823727347774653, 'learning_rate': 1.1594880679681131e-05, 'weight_decay': 1.4305167945338512e-05}. Best is trial 38 with value: 0.9372.
[I 2026-02-24 20:07:25,172] Trial 100 finished with value: 0.928 and parameters: {'batch_size': 32, 'frozen_layers': 2, 'classifier_dropout': 0.2202581521383797, 'learning_rate': 2.48018385426918e-05, 'weight_decay': 0.0005496229240783249}. Best is trial 38 with value: 0.9372.
[I 2026-02-24 21:27:02,599] Trial 101 finished with value: 0.9296 and parameters: {'batch_size': 24, 'frozen_layers': 2, 'classifier_dropout': 0.16707112221858472, 'learning_rate': 2.498279076928279e-05, 'weight_decay': 2.9067544858434674e-05}. Best is trial 38 with value: 0.9372.
[I 2026-02-24 22:43:49,083] Trial 102 finished with value: 0.9328 and parameters: {'batch_size': 48, 'frozen_layers': 1, 'classifier_dropout': 0.10273324738947405, 'learning_rate': 1.7553196091379817e-05, 'weight_decay': 1.366555459701482e-06}. Best is trial 38 with value: 0.9372.
[I 2026-02-24 23:55:13,416] Trial 103 finished with value: 0.931 and parameters: {'batch_size': 32, 'frozen_layers': 3, 'classifier_dropout': 0.1000601109292823, 'learning_rate': 1.8068978331814104e-05, 'weight_decay': 0.0001410840112061245}. Best is trial 38 with value: 0.9372.
[I 2026-02-25 01:07:50,624] Trial 104 finished with value: 0.9334 and parameters: {'batch_size': 32, 'frozen_layers': 1, 'classifier_dropout': 0.18223560179444045, 'learning_rate': 1.570951709227067e-05, 'weight_decay': 0.0005020178972229443}. Best is trial 38 with value: 0.9372.

[TRIAL] 52 [VALIDATION PERFORMANCE] 0.9372 [TRAINING LOSS] 0.09375961495639935 [VALIDATION LOSS] 0.2125765750559209 

number                     			 52
value                      			 0.9372
params_batch_size          			 32
params_classifier_dropout  			 0.2711177647840791
params_frozen_layers       			 1
params_learning_rate       			 2.241506705576533e-05
params_weight_decay        			 1.1754993947040527e-06
user_attrs_duplicate       			 False
user_attrs_epoch           			 3.0
user_attrs_training_loss   			 0.09375961495639935
user_attrs_validation_loss 			 0.2125765750559209

[37] VALIDATION: 0.9404 TESTING: 0.94344
[38] VALIDATION: 0.9436 TESTING: 0.94208
[39] VALIDATION: 0.9356 TESTING: 0.93936
[40] VALIDATION: 0.9432 TESTING: 0.94388
[41] VALIDATION: 0.9318 TESTING: 0.93564
[42] VALIDATION: 0.9388 TESTING: 0.94368
[43] VALIDATION: 0.945 TESTING: 0.94336
[44] VALIDATION: 0.9386 TESTING: 0.93968
[45] VALIDATION: 0.9344 TESTING: 0.93892
[46] VALIDATION: 0.9414 TESTING: 0.946

Validation performance: 93.18 & 93.93 ± 0.43 & 94.5
Testing performance: 93.56 & 94.16 ± 0.31 & 94.6

[TRIAL] 38 [VALIDATION PERFORMANCE] 0.9372 [TRAINING LOSS] 0.09439415666083359 [VALIDATION LOSS] 0.21484280517324805 

number                     			 38
value                      			 0.9372
params_batch_size          			 32
params_classifier_dropout  			 0.1344205572711081
params_frozen_layers       			 2
params_learning_rate       			 2.3888060698880288e-05
params_weight_decay        			 0.00010631330163030217
user_attrs_duplicate       			 False
user_attrs_epoch           			 3.0
user_attrs_training_loss   			 0.09439415666083359
user_attrs_validation_loss 			 0.21484280517324805

[37] VALIDATION: 0.9406 TESTING: 0.94132
[38] VALIDATION: 0.9408 TESTING: 0.94016
[39] VALIDATION: 0.9428 TESTING: 0.9446
[40] VALIDATION: 0.941 TESTING: 0.9418
[41] VALIDATION: 0.931 TESTING: 0.9354
[42] VALIDATION: 0.9396 TESTING: 0.94564
[43] VALIDATION: 0.9422 TESTING: 0.94444
[44] VALIDATION: 0.931 TESTING: 0.93144
[45] VALIDATION: 0.9336 TESTING: 0.93788
[46] VALIDATION: 0.94 TESTING: 0.94364

Validation performance: 93.1 & 93.83 ± 0.46 & 94.28
Testing performance: 93.14 & 94.06 ± 0.45 & 94.56

[TRIAL] 24 [VALIDATION PERFORMANCE] 0.937 [TRAINING LOSS] 0.09556036479771138 [VALIDATION LOSS] 0.2113911359236859 

number                     			 24
value                      			 0.937
params_batch_size          			 32
params_classifier_dropout  			 0.11903163614749167
params_frozen_layers       			 2
params_learning_rate       			 2.398780629245418e-05
params_weight_decay        			 6.790172120338904e-05
user_attrs_duplicate       			 False
user_attrs_epoch           			 3.0
user_attrs_training_loss   			 0.09556036479771138
user_attrs_validation_loss 			 0.2113911359236859

[37] VALIDATION: 0.9396 TESTING: 0.94164
slurmstepd: error: *** JOB 2261378 ON kn078 CANCELLED AT 2026-02-27T06:09:47 DUE TO TIME LIMIT ***
