SLURM NODE: kn073
[I 2026-02-10 04:53:24,335] Using an existing study with name 'SST-2-Fine-tuning' instead of creating a new one.
Unbound optimization already completed.

[UPDATE] Unbound limits: {'frozen_layers': (np.int64(0), np.int64(2)), 'classifier_dropout': (np.float64(0.1), np.float64(0.4)), 'learning_rate': (np.float64(3e-05), np.float64(0.0001)), 'weight_decay': (np.float64(1e-06), np.float64(0.001)), 'label_smoothing': (np.float64(0.1), np.float64(0.15)), 'gradient_clipping': (np.float64(0.5), np.float64(1.0))}
[I 2026-02-10 04:53:25,365] Using an existing study with name 'SST-2-Fine-tuning-unbound' instead of creating a new one.
Unbound optimization already completed.

[TRIAL] 0 [VALIDATION PERFORMANCE] 0.9277522935779816 [TRAINING LOSS] 0.2733838721629112 [VALIDATION LOSS] 0.4032497618879591 

number                     			 0
value                      			 0.9277522935779816
params_classifier_dropout  			 0.3
params_frozen_layers       			 0
params_gradient_clipping   			 0.5
params_label_smoothing     			 0.15
params_learning_rate       			 5e-05
params_weight_decay        			 0.0001
user_attrs_duplicate       			 False
user_attrs_epoch           			 6
user_attrs_training_loss   			 0.2733838721629112
user_attrs_validation_loss 			 0.4032497618879591

[37] VALIDATION: 0.9128440366972477 TESTING: 0.9028006589785832
[38] VALIDATION: 0.9036697247706422 TESTING: 0.9060955518945635
[39] VALIDATION: 0.9094036697247706 TESTING: 0.9170785282811642
[40] VALIDATION: 0.9243119266055045 TESTING: 0.9126853377265239
