SLURM NODE: kn059
[I 2026-02-05 11:35:39,555] A new study created in RDB with name: AGNews-Fine-tuning
[I 2026-02-05 12:09:15,361] Trial 0 finished with value: 0.9095 and parameters: {'frozen_layers': 2, 'classifier_dropout': 0.4, 'learning_rate': 5e-05, 'weight_decay': 0.001, 'label_smoothing': 0.15, 'gradient_clipping': 2.0}. Best is trial 0 with value: 0.9095.
[I 2026-02-05 12:36:21,073] Trial 1 finished with value: 0.9165416666666667 and parameters: {'frozen_layers': 0, 'classifier_dropout': 0.2, 'learning_rate': 2e-05, 'weight_decay': 1e-06, 'label_smoothing': 0.05, 'gradient_clipping': 1.5}. Best is trial 1 with value: 0.9165416666666667.
[I 2026-02-05 13:06:42,977] Trial 2 finished with value: 0.9011666666666667 and parameters: {'frozen_layers': 0, 'classifier_dropout': 0.2, 'learning_rate': 0.0001, 'weight_decay': 0.0001, 'label_smoothing': 0.1, 'gradient_clipping': 1.5}. Best is trial 1 with value: 0.9165416666666667.
[I 2026-02-05 13:30:10,188] Trial 3 finished with value: 0.9152916666666666 and parameters: {'frozen_layers': 2, 'classifier_dropout': 0.2, 'learning_rate': 5e-05, 'weight_decay': 1e-06, 'label_smoothing': 0.1, 'gradient_clipping': 0.5}. Best is trial 1 with value: 0.9165416666666667.
[I 2026-02-05 13:53:37,425] Trial 4 finished with value: 0.911 and parameters: {'frozen_layers': 2, 'classifier_dropout': 0.1, 'learning_rate': 0.0001, 'weight_decay': 0.0001, 'label_smoothing': 0.05, 'gradient_clipping': 0.5}. Best is trial 1 with value: 0.9165416666666667.
[I 2026-02-05 14:16:51,554] Trial 5 finished with value: 0.9154583333333334 and parameters: {'frozen_layers': 4, 'classifier_dropout': 0.1, 'learning_rate': 2e-05, 'weight_decay': 1e-05, 'label_smoothing': 0.0, 'gradient_clipping': 0.5}. Best is trial 1 with value: 0.9165416666666667.
[I 2026-02-05 14:40:34,593] Trial 6 finished with value: 0.9172083333333333 and parameters: {'frozen_layers': 0, 'classifier_dropout': 0.1, 'learning_rate': 2e-05, 'weight_decay': 0.0001, 'label_smoothing': 0.15, 'gradient_clipping': 2.0}. Best is trial 6 with value: 0.9172083333333333.
[I 2026-02-05 15:06:53,156] Trial 7 finished with value: 0.9125833333333333 and parameters: {'frozen_layers': 6, 'classifier_dropout': 0.4, 'learning_rate': 1e-05, 'weight_decay': 0.001, 'label_smoothing': 0.0, 'gradient_clipping': 1.0}. Best is trial 6 with value: 0.9172083333333333.
[I 2026-02-05 15:29:49,663] Trial 8 finished with value: 0.9082083333333333 and parameters: {'frozen_layers': 6, 'classifier_dropout': 0.4, 'learning_rate': 5e-05, 'weight_decay': 1e-05, 'label_smoothing': 0.1, 'gradient_clipping': 0.5}. Best is trial 6 with value: 0.9172083333333333.
[I 2026-02-05 15:56:40,466] Trial 9 finished with value: 0.9156666666666666 and parameters: {'frozen_layers': 2, 'classifier_dropout': 0.2, 'learning_rate': 3e-05, 'weight_decay': 0.001, 'label_smoothing': 0.15, 'gradient_clipping': 1.0}. Best is trial 6 with value: 0.9172083333333333.
[I 2026-02-05 16:23:12,029] Trial 10 finished with value: 0.9112916666666667 and parameters: {'frozen_layers': 4, 'classifier_dropout': 0.3, 'learning_rate': 5e-05, 'weight_decay': 1e-05, 'label_smoothing': 0.15, 'gradient_clipping': 1.5}. Best is trial 6 with value: 0.9172083333333333.
[I 2026-02-05 16:46:40,791] Trial 11 finished with value: 0.9167916666666667 and parameters: {'frozen_layers': 2, 'classifier_dropout': 0.2, 'learning_rate': 2e-05, 'weight_decay': 1e-05, 'label_smoothing': 0.0, 'gradient_clipping': 0.5}. Best is trial 6 with value: 0.9172083333333333.
[I 2026-02-05 17:12:59,560] Trial 12 finished with value: 0.9129583333333333 and parameters: {'frozen_layers': 6, 'classifier_dropout': 0.2, 'learning_rate': 1e-05, 'weight_decay': 1e-06, 'label_smoothing': 0.15, 'gradient_clipping': 2.0}. Best is trial 6 with value: 0.9172083333333333.
[I 2026-02-05 17:36:37,468] Trial 13 finished with value: 0.9097083333333333 and parameters: {'frozen_layers': 0, 'classifier_dropout': 0.3, 'learning_rate': 5e-05, 'weight_decay': 0.0001, 'label_smoothing': 0.15, 'gradient_clipping': 0.5}. Best is trial 6 with value: 0.9172083333333333.
[I 2026-02-05 18:03:27,483] Trial 14 finished with value: 0.9163333333333333 and parameters: {'frozen_layers': 2, 'classifier_dropout': 0.2, 'learning_rate': 1e-05, 'weight_decay': 0.001, 'label_smoothing': 0.0, 'gradient_clipping': 1.5}. Best is trial 6 with value: 0.9172083333333333.
[I 2026-02-05 18:30:18,939] Trial 15 finished with value: 0.9162083333333333 and parameters: {'frozen_layers': 2, 'classifier_dropout': 0.3, 'learning_rate': 1e-05, 'weight_decay': 0.0001, 'label_smoothing': 0.15, 'gradient_clipping': 0.5}. Best is trial 6 with value: 0.9172083333333333.
[I 2026-02-05 19:00:26,659] Trial 16 finished with value: 0.908875 and parameters: {'frozen_layers': 2, 'classifier_dropout': 0.2, 'learning_rate': 0.0001, 'weight_decay': 1e-05, 'label_smoothing': 0.15, 'gradient_clipping': 0.5}. Best is trial 6 with value: 0.9172083333333333.
[I 2026-02-05 19:23:41,499] Trial 17 finished with value: 0.911125 and parameters: {'frozen_layers': 4, 'classifier_dropout': 0.3, 'learning_rate': 0.0001, 'weight_decay': 0.001, 'label_smoothing': 0.15, 'gradient_clipping': 0.5}. Best is trial 6 with value: 0.9172083333333333.
[I 2026-02-05 19:46:39,237] Trial 18 finished with value: 0.9047083333333333 and parameters: {'frozen_layers': 6, 'classifier_dropout': 0.2, 'learning_rate': 0.0001, 'weight_decay': 1e-05, 'label_smoothing': 0.1, 'gradient_clipping': 0.5}. Best is trial 6 with value: 0.9172083333333333.
[I 2026-02-05 20:13:43,085] Trial 19 finished with value: 0.9144583333333334 and parameters: {'frozen_layers': 0, 'classifier_dropout': 0.3, 'learning_rate': 3e-05, 'weight_decay': 1e-06, 'label_smoothing': 0.1, 'gradient_clipping': 2.0}. Best is trial 6 with value: 0.9172083333333333.
[I 2026-02-05 20:40:02,338] Trial 20 finished with value: 0.912875 and parameters: {'frozen_layers': 6, 'classifier_dropout': 0.3, 'learning_rate': 1e-05, 'weight_decay': 1e-06, 'label_smoothing': 0.05, 'gradient_clipping': 1.0}. Best is trial 6 with value: 0.9172083333333333.
[I 2026-02-05 21:03:43,410] Trial 21 finished with value: 0.9147083333333333 and parameters: {'frozen_layers': 0, 'classifier_dropout': 0.3, 'learning_rate': 3e-05, 'weight_decay': 0.0001, 'label_smoothing': 0.05, 'gradient_clipping': 2.0}. Best is trial 6 with value: 0.9172083333333333.
[I 2026-02-05 21:30:35,976] Trial 22 finished with value: 0.9170416666666666 and parameters: {'frozen_layers': 2, 'classifier_dropout': 0.1, 'learning_rate': 1e-05, 'weight_decay': 0.0001, 'label_smoothing': 0.05, 'gradient_clipping': 2.0}. Best is trial 6 with value: 0.9172083333333333.
[I 2026-02-05 21:54:20,958] Trial 23 finished with value: 0.915375 and parameters: {'frozen_layers': 0, 'classifier_dropout': 0.3, 'learning_rate': 2e-05, 'weight_decay': 0.001, 'label_smoothing': 0.1, 'gradient_clipping': 0.5}. Best is trial 6 with value: 0.9172083333333333.
[I 2026-02-05 22:21:09,168] Trial 24 finished with value: 0.9101666666666667 and parameters: {'frozen_layers': 2, 'classifier_dropout': 0.2, 'learning_rate': 5e-05, 'weight_decay': 0.0001, 'label_smoothing': 0.05, 'gradient_clipping': 2.0}. Best is trial 6 with value: 0.9172083333333333.
[I 2026-02-05 22:21:09,645] Trial 25 pruned. Duplicate hyper-parameters, same as those used in trial 10: {'frozen_layers': 4, 'classifier_dropout': 0.3, 'learning_rate': 5e-05, 'weight_decay': 1e-05, 'label_smoothing': 0.15, 'gradient_clipping': 1.5}.
[I 2026-02-05 22:44:14,385] Trial 26 finished with value: 0.9162916666666666 and parameters: {'frozen_layers': 6, 'classifier_dropout': 0.1, 'learning_rate': 5e-05, 'weight_decay': 0.001, 'label_smoothing': 0.1, 'gradient_clipping': 0.5}. Best is trial 6 with value: 0.9172083333333333.
[I 2026-02-05 23:07:58,575] Trial 27 finished with value: 0.916125 and parameters: {'frozen_layers': 0, 'classifier_dropout': 0.1, 'learning_rate': 2e-05, 'weight_decay': 1e-06, 'label_smoothing': 0.15, 'gradient_clipping': 1.0}. Best is trial 6 with value: 0.9172083333333333.
[I 2026-02-05 23:31:41,977] Trial 28 finished with value: 0.910375 and parameters: {'frozen_layers': 0, 'classifier_dropout': 0.2, 'learning_rate': 3e-05, 'weight_decay': 0.0001, 'label_smoothing': 0.0, 'gradient_clipping': 1.5}. Best is trial 6 with value: 0.9172083333333333.
[I 2026-02-05 23:55:24,948] Trial 29 finished with value: 0.9134166666666667 and parameters: {'frozen_layers': 0, 'classifier_dropout': 0.3, 'learning_rate': 3e-05, 'weight_decay': 0.0001, 'label_smoothing': 0.15, 'gradient_clipping': 1.5}. Best is trial 6 with value: 0.9172083333333333.
[I 2026-02-06 00:22:18,523] Trial 30 finished with value: 0.91525 and parameters: {'frozen_layers': 2, 'classifier_dropout': 0.2, 'learning_rate': 1e-05, 'weight_decay': 0.001, 'label_smoothing': 0.0, 'gradient_clipping': 0.5}. Best is trial 6 with value: 0.9172083333333333.
[I 2026-02-06 00:48:56,573] Trial 31 finished with value: 0.917 and parameters: {'frozen_layers': 4, 'classifier_dropout': 0.2, 'learning_rate': 3e-05, 'weight_decay': 1e-05, 'label_smoothing': 0.15, 'gradient_clipping': 0.5}. Best is trial 6 with value: 0.9172083333333333.
[I 2026-02-06 01:12:40,851] Trial 32 finished with value: 0.9157916666666667 and parameters: {'frozen_layers': 0, 'classifier_dropout': 0.3, 'learning_rate': 3e-05, 'weight_decay': 1e-06, 'label_smoothing': 0.15, 'gradient_clipping': 2.0}. Best is trial 6 with value: 0.9172083333333333.
[I 2026-02-06 01:36:23,431] Trial 33 finished with value: 0.9127083333333333 and parameters: {'frozen_layers': 0, 'classifier_dropout': 0.3, 'learning_rate': 5e-05, 'weight_decay': 0.001, 'label_smoothing': 0.05, 'gradient_clipping': 1.0}. Best is trial 6 with value: 0.9172083333333333.
[I 2026-02-06 02:02:43,791] Trial 34 finished with value: 0.91525 and parameters: {'frozen_layers': 6, 'classifier_dropout': 0.4, 'learning_rate': 3e-05, 'weight_decay': 0.0001, 'label_smoothing': 0.1, 'gradient_clipping': 1.0}. Best is trial 6 with value: 0.9172083333333333.
[I 2026-02-06 02:26:13,323] Trial 35 finished with value: 0.9165833333333333 and parameters: {'frozen_layers': 2, 'classifier_dropout': 0.3, 'learning_rate': 2e-05, 'weight_decay': 0.001, 'label_smoothing': 0.0, 'gradient_clipping': 1.0}. Best is trial 6 with value: 0.9172083333333333.
[I 2026-02-06 02:49:12,405] Trial 36 finished with value: 0.9081666666666667 and parameters: {'frozen_layers': 6, 'classifier_dropout': 0.2, 'learning_rate': 0.0001, 'weight_decay': 1e-05, 'label_smoothing': 0.0, 'gradient_clipping': 1.0}. Best is trial 6 with value: 0.9172083333333333.
[I 2026-02-06 03:12:12,491] Trial 37 finished with value: 0.903125 and parameters: {'frozen_layers': 6, 'classifier_dropout': 0.4, 'learning_rate': 0.0001, 'weight_decay': 1e-05, 'label_smoothing': 0.05, 'gradient_clipping': 1.0}. Best is trial 6 with value: 0.9172083333333333.
[I 2026-02-06 03:35:15,524] Trial 38 finished with value: 0.915375 and parameters: {'frozen_layers': 6, 'classifier_dropout': 0.3, 'learning_rate': 2e-05, 'weight_decay': 0.001, 'label_smoothing': 0.15, 'gradient_clipping': 0.5}. Best is trial 6 with value: 0.9172083333333333.
[I 2026-02-06 03:58:47,781] Trial 39 finished with value: 0.917 and parameters: {'frozen_layers': 2, 'classifier_dropout': 0.3, 'learning_rate': 2e-05, 'weight_decay': 1e-05, 'label_smoothing': 0.05, 'gradient_clipping': 1.5}. Best is trial 6 with value: 0.9172083333333333.
[I 2026-02-06 04:25:21,113] Trial 40 finished with value: 0.911125 and parameters: {'frozen_layers': 4, 'classifier_dropout': 0.4, 'learning_rate': 5e-05, 'weight_decay': 0.0001, 'label_smoothing': 0.05, 'gradient_clipping': 1.5}. Best is trial 6 with value: 0.9172083333333333.
[I 2026-02-06 04:48:51,243] Trial 41 finished with value: 0.9117916666666667 and parameters: {'frozen_layers': 2, 'classifier_dropout': 0.1, 'learning_rate': 0.0001, 'weight_decay': 0.001, 'label_smoothing': 0.1, 'gradient_clipping': 1.5}. Best is trial 6 with value: 0.9172083333333333.
[I 2026-02-06 05:12:05,948] Trial 42 finished with value: 0.9176666666666666 and parameters: {'frozen_layers': 4, 'classifier_dropout': 0.1, 'learning_rate': 5e-05, 'weight_decay': 0.0001, 'label_smoothing': 0.05, 'gradient_clipping': 2.0}. Best is trial 42 with value: 0.9176666666666666.
[I 2026-02-06 05:38:41,130] Trial 43 finished with value: 0.9159583333333333 and parameters: {'frozen_layers': 4, 'classifier_dropout': 0.1, 'learning_rate': 2e-05, 'weight_decay': 1e-06, 'label_smoothing': 0.0, 'gradient_clipping': 1.5}. Best is trial 42 with value: 0.9176666666666666.
[I 2026-02-06 06:02:07,492] Trial 44 finished with value: 0.9146666666666666 and parameters: {'frozen_layers': 2, 'classifier_dropout': 0.1, 'learning_rate': 3e-05, 'weight_decay': 1e-05, 'label_smoothing': 0.15, 'gradient_clipping': 0.5}. Best is trial 42 with value: 0.9176666666666666.
[I 2026-02-06 06:25:46,557] Trial 45 finished with value: 0.9096666666666666 and parameters: {'frozen_layers': 0, 'classifier_dropout': 0.2, 'learning_rate': 5e-05, 'weight_decay': 0.0001, 'label_smoothing': 0.15, 'gradient_clipping': 2.0}. Best is trial 42 with value: 0.9176666666666666.
[I 2026-02-06 06:52:36,035] Trial 46 finished with value: 0.9162083333333333 and parameters: {'frozen_layers': 2, 'classifier_dropout': 0.4, 'learning_rate': 1e-05, 'weight_decay': 0.001, 'label_smoothing': 0.15, 'gradient_clipping': 0.5}. Best is trial 42 with value: 0.9176666666666666.
[I 2026-02-06 07:16:01,481] Trial 47 finished with value: 0.9146666666666666 and parameters: {'frozen_layers': 2, 'classifier_dropout': 0.2, 'learning_rate': 3e-05, 'weight_decay': 1e-05, 'label_smoothing': 0.15, 'gradient_clipping': 0.5}. Best is trial 42 with value: 0.9176666666666666.
[I 2026-02-06 07:39:39,653] Trial 48 finished with value: 0.9164583333333334 and parameters: {'frozen_layers': 0, 'classifier_dropout': 0.2, 'learning_rate': 2e-05, 'weight_decay': 1e-06, 'label_smoothing': 0.15, 'gradient_clipping': 1.5}. Best is trial 42 with value: 0.9176666666666666.
[I 2026-02-06 08:02:36,690] Trial 49 finished with value: 0.908875 and parameters: {'frozen_layers': 6, 'classifier_dropout': 0.2, 'learning_rate': 5e-05, 'weight_decay': 1e-06, 'label_smoothing': 0.05, 'gradient_clipping': 1.5}. Best is trial 42 with value: 0.9176666666666666.
[I 2026-02-06 08:26:13,871] Trial 50 finished with value: 0.9097083333333333 and parameters: {'frozen_layers': 0, 'classifier_dropout': 0.1, 'learning_rate': 5e-05, 'weight_decay': 1e-06, 'label_smoothing': 0.15, 'gradient_clipping': 0.5}. Best is trial 42 with value: 0.9176666666666666.
[I 2026-02-06 08:52:47,093] Trial 51 finished with value: 0.9156666666666666 and parameters: {'frozen_layers': 4, 'classifier_dropout': 0.3, 'learning_rate': 3e-05, 'weight_decay': 0.0001, 'label_smoothing': 0.1, 'gradient_clipping': 2.0}. Best is trial 42 with value: 0.9176666666666666.
[I 2026-02-06 09:16:12,534] Trial 52 finished with value: 0.9098333333333334 and parameters: {'frozen_layers': 2, 'classifier_dropout': 0.2, 'learning_rate': 5e-05, 'weight_decay': 1e-06, 'label_smoothing': 0.0, 'gradient_clipping': 2.0}. Best is trial 42 with value: 0.9176666666666666.
[I 2026-02-06 09:42:46,352] Trial 53 finished with value: 0.9140416666666666 and parameters: {'frozen_layers': 4, 'classifier_dropout': 0.3, 'learning_rate': 1e-05, 'weight_decay': 0.001, 'label_smoothing': 0.0, 'gradient_clipping': 1.5}. Best is trial 42 with value: 0.9176666666666666.
[I 2026-02-06 10:06:28,044] Trial 54 finished with value: 0.912 and parameters: {'frozen_layers': 0, 'classifier_dropout': 0.3, 'learning_rate': 3e-05, 'weight_decay': 1e-05, 'label_smoothing': 0.15, 'gradient_clipping': 1.0}. Best is trial 42 with value: 0.9176666666666666.
[I 2026-02-06 10:30:08,120] Trial 55 finished with value: 0.9096666666666666 and parameters: {'frozen_layers': 0, 'classifier_dropout': 0.4, 'learning_rate': 5e-05, 'weight_decay': 1e-06, 'label_smoothing': 0.15, 'gradient_clipping': 2.0}. Best is trial 42 with value: 0.9176666666666666.
[I 2026-02-06 10:56:26,231] Trial 56 finished with value: 0.9128333333333334 and parameters: {'frozen_layers': 6, 'classifier_dropout': 0.3, 'learning_rate': 2e-05, 'weight_decay': 0.0001, 'label_smoothing': 0.1, 'gradient_clipping': 2.0}. Best is trial 42 with value: 0.9176666666666666.
[I 2026-02-06 11:26:47,068] Trial 57 finished with value: 0.9011666666666667 and parameters: {'frozen_layers': 0, 'classifier_dropout': 0.1, 'learning_rate': 0.0001, 'weight_decay': 0.0001, 'label_smoothing': 0.1, 'gradient_clipping': 1.5}. Best is trial 42 with value: 0.9176666666666666.
[I 2026-02-06 11:50:02,325] Trial 58 finished with value: 0.9177083333333333 and parameters: {'frozen_layers': 4, 'classifier_dropout': 0.2, 'learning_rate': 2e-05, 'weight_decay': 1e-05, 'label_smoothing': 0.05, 'gradient_clipping': 1.0}. Best is trial 58 with value: 0.9177083333333333.
[I 2026-02-06 12:23:28,574] Trial 59 finished with value: 0.9067916666666667 and parameters: {'frozen_layers': 2, 'classifier_dropout': 0.2, 'learning_rate': 0.0001, 'weight_decay': 1e-05, 'label_smoothing': 0.15, 'gradient_clipping': 2.0}. Best is trial 58 with value: 0.9177083333333333.
[I 2026-02-06 12:47:07,909] Trial 60 finished with value: 0.9057916666666667 and parameters: {'frozen_layers': 0, 'classifier_dropout': 0.3, 'learning_rate': 0.0001, 'weight_decay': 0.001, 'label_smoothing': 0.1, 'gradient_clipping': 0.5}. Best is trial 58 with value: 0.9177083333333333.
[I 2026-02-06 13:10:02,277] Trial 61 finished with value: 0.9047083333333333 and parameters: {'frozen_layers': 6, 'classifier_dropout': 0.4, 'learning_rate': 0.0001, 'weight_decay': 0.0001, 'label_smoothing': 0.1, 'gradient_clipping': 0.5}. Best is trial 58 with value: 0.9177083333333333.
[I 2026-02-06 13:37:06,870] Trial 62 finished with value: 0.9165416666666667 and parameters: {'frozen_layers': 0, 'classifier_dropout': 0.3, 'learning_rate': 2e-05, 'weight_decay': 1e-05, 'label_smoothing': 0.05, 'gradient_clipping': 1.5}. Best is trial 58 with value: 0.9177083333333333.
[I 2026-02-06 14:03:40,713] Trial 63 finished with value: 0.916875 and parameters: {'frozen_layers': 4, 'classifier_dropout': 0.4, 'learning_rate': 2e-05, 'weight_decay': 0.001, 'label_smoothing': 0.1, 'gradient_clipping': 2.0}. Best is trial 58 with value: 0.9177083333333333.
[I 2026-02-06 14:29:57,140] Trial 64 finished with value: 0.916125 and parameters: {'frozen_layers': 6, 'classifier_dropout': 0.4, 'learning_rate': 3e-05, 'weight_decay': 0.001, 'label_smoothing': 0.1, 'gradient_clipping': 1.5}. Best is trial 58 with value: 0.9177083333333333.
[I 2026-02-06 14:53:35,066] Trial 65 finished with value: 0.916125 and parameters: {'frozen_layers': 0, 'classifier_dropout': 0.2, 'learning_rate': 2e-05, 'weight_decay': 1e-06, 'label_smoothing': 0.15, 'gradient_clipping': 1.0}. Best is trial 58 with value: 0.9177083333333333.
[I 2026-02-06 15:16:30,541] Trial 66 finished with value: 0.9079583333333333 and parameters: {'frozen_layers': 6, 'classifier_dropout': 0.2, 'learning_rate': 0.0001, 'weight_decay': 1e-05, 'label_smoothing': 0.0, 'gradient_clipping': 0.5}. Best is trial 58 with value: 0.9177083333333333.
[I 2026-02-06 15:39:42,008] Trial 67 finished with value: 0.9121666666666667 and parameters: {'frozen_layers': 4, 'classifier_dropout': 0.3, 'learning_rate': 5e-05, 'weight_decay': 1e-05, 'label_smoothing': 0.0, 'gradient_clipping': 1.5}. Best is trial 58 with value: 0.9177083333333333.
[I 2026-02-06 16:06:40,993] Trial 68 finished with value: 0.9063333333333333 and parameters: {'frozen_layers': 0, 'classifier_dropout': 0.3, 'learning_rate': 0.0001, 'weight_decay': 0.0001, 'label_smoothing': 0.05, 'gradient_clipping': 2.0}. Best is trial 58 with value: 0.9177083333333333.
[I 2026-02-06 16:29:53,587] Trial 69 finished with value: 0.9165 and parameters: {'frozen_layers': 4, 'classifier_dropout': 0.3, 'learning_rate': 3e-05, 'weight_decay': 0.0001, 'label_smoothing': 0.0, 'gradient_clipping': 1.5}. Best is trial 58 with value: 0.9177083333333333.
[I 2026-02-06 16:53:29,587] Trial 70 finished with value: 0.9051666666666667 and parameters: {'frozen_layers': 0, 'classifier_dropout': 0.1, 'learning_rate': 5e-05, 'weight_decay': 0.001, 'label_smoothing': 0.0, 'gradient_clipping': 1.5}. Best is trial 58 with value: 0.9177083333333333.
[I 2026-02-06 17:16:57,389] Trial 71 finished with value: 0.9165 and parameters: {'frozen_layers': 2, 'classifier_dropout': 0.3, 'learning_rate': 3e-05, 'weight_decay': 0.001, 'label_smoothing': 0.05, 'gradient_clipping': 0.5}. Best is trial 58 with value: 0.9177083333333333.
[I 2026-02-06 17:40:35,463] Trial 72 finished with value: 0.9146666666666666 and parameters: {'frozen_layers': 0, 'classifier_dropout': 0.2, 'learning_rate': 5e-05, 'weight_decay': 0.0001, 'label_smoothing': 0.0, 'gradient_clipping': 1.5}. Best is trial 58 with value: 0.9177083333333333.
[I 2026-02-06 18:07:08,289] Trial 73 finished with value: 0.9167916666666667 and parameters: {'frozen_layers': 4, 'classifier_dropout': 0.2, 'learning_rate': 2e-05, 'weight_decay': 1e-06, 'label_smoothing': 0.1, 'gradient_clipping': 1.5}. Best is trial 58 with value: 0.9177083333333333.
[I 2026-02-06 18:33:41,643] Trial 74 finished with value: 0.9154583333333334 and parameters: {'frozen_layers': 4, 'classifier_dropout': 0.1, 'learning_rate': 1e-05, 'weight_decay': 1e-05, 'label_smoothing': 0.15, 'gradient_clipping': 1.5}. Best is trial 58 with value: 0.9177083333333333.
[I 2026-02-06 19:00:30,072] Trial 75 finished with value: 0.9159583333333333 and parameters: {'frozen_layers': 2, 'classifier_dropout': 0.3, 'learning_rate': 1e-05, 'weight_decay': 1e-05, 'label_smoothing': 0.0, 'gradient_clipping': 2.0}. Best is trial 58 with value: 0.9177083333333333.
[I 2026-02-06 19:23:44,061] Trial 76 finished with value: 0.9152083333333333 and parameters: {'frozen_layers': 4, 'classifier_dropout': 0.3, 'learning_rate': 0.0001, 'weight_decay': 0.001, 'label_smoothing': 0.15, 'gradient_clipping': 2.0}. Best is trial 58 with value: 0.9177083333333333.
[I 2026-02-06 19:46:40,623] Trial 77 finished with value: 0.9047083333333333 and parameters: {'frozen_layers': 6, 'classifier_dropout': 0.2, 'learning_rate': 0.0001, 'weight_decay': 1e-06, 'label_smoothing': 0.1, 'gradient_clipping': 0.5}. Best is trial 58 with value: 0.9177083333333333.
[I 2026-02-06 20:09:36,532] Trial 78 finished with value: 0.9079583333333333 and parameters: {'frozen_layers': 6, 'classifier_dropout': 0.1, 'learning_rate': 0.0001, 'weight_decay': 0.0001, 'label_smoothing': 0.0, 'gradient_clipping': 0.5}. Best is trial 58 with value: 0.9177083333333333.
[I 2026-02-06 20:33:13,602] Trial 79 finished with value: 0.9035 and parameters: {'frozen_layers': 0, 'classifier_dropout': 0.1, 'learning_rate': 5e-05, 'weight_decay': 0.0001, 'label_smoothing': 0.1, 'gradient_clipping': 0.5}. Best is trial 58 with value: 0.9177083333333333.
[I 2026-02-06 20:56:26,143] Trial 80 finished with value: 0.907875 and parameters: {'frozen_layers': 4, 'classifier_dropout': 0.4, 'learning_rate': 0.0001, 'weight_decay': 1e-05, 'label_smoothing': 0.15, 'gradient_clipping': 1.0}. Best is trial 58 with value: 0.9177083333333333.
[I 2026-02-06 21:22:59,449] Trial 81 finished with value: 0.9148333333333334 and parameters: {'frozen_layers': 4, 'classifier_dropout': 0.1, 'learning_rate': 1e-05, 'weight_decay': 0.0001, 'label_smoothing': 0.1, 'gradient_clipping': 1.0}. Best is trial 58 with value: 0.9177083333333333.
[I 2026-02-06 21:49:13,519] Trial 82 finished with value: 0.9140416666666666 and parameters: {'frozen_layers': 6, 'classifier_dropout': 0.1, 'learning_rate': 0.0001, 'weight_decay': 0.0001, 'label_smoothing': 0.15, 'gradient_clipping': 2.0}. Best is trial 58 with value: 0.9177083333333333.
[I 2026-02-06 22:15:31,244] Trial 83 finished with value: 0.9131666666666667 and parameters: {'frozen_layers': 6, 'classifier_dropout': 0.1, 'learning_rate': 1e-05, 'weight_decay': 0.001, 'label_smoothing': 0.15, 'gradient_clipping': 1.5}. Best is trial 58 with value: 0.9177083333333333.
[I 2026-02-06 22:42:34,107] Trial 84 finished with value: 0.9153333333333333 and parameters: {'frozen_layers': 0, 'classifier_dropout': 0.4, 'learning_rate': 2e-05, 'weight_decay': 1e-06, 'label_smoothing': 0.1, 'gradient_clipping': 2.0}. Best is trial 58 with value: 0.9177083333333333.
[I 2026-02-06 23:08:51,696] Trial 85 finished with value: 0.915875 and parameters: {'frozen_layers': 6, 'classifier_dropout': 0.4, 'learning_rate': 3e-05, 'weight_decay': 1e-05, 'label_smoothing': 0.15, 'gradient_clipping': 2.0}. Best is trial 58 with value: 0.9177083333333333.
[I 2026-02-06 23:31:51,310] Trial 86 finished with value: 0.9155 and parameters: {'frozen_layers': 6, 'classifier_dropout': 0.4, 'learning_rate': 2e-05, 'weight_decay': 0.0001, 'label_smoothing': 0.15, 'gradient_clipping': 1.5}. Best is trial 58 with value: 0.9177083333333333.
[I 2026-02-06 23:55:27,166] Trial 87 finished with value: 0.9092083333333333 and parameters: {'frozen_layers': 0, 'classifier_dropout': 0.1, 'learning_rate': 3e-05, 'weight_decay': 0.001, 'label_smoothing': 0.0, 'gradient_clipping': 1.0}. Best is trial 58 with value: 0.9177083333333333.
[I 2026-02-07 00:19:07,854] Trial 88 finished with value: 0.91525 and parameters: {'frozen_layers': 0, 'classifier_dropout': 0.2, 'learning_rate': 2e-05, 'weight_decay': 1e-06, 'label_smoothing': 0.05, 'gradient_clipping': 0.5}. Best is trial 58 with value: 0.9177083333333333.
[I 2026-02-07 00:42:20,281] Trial 89 finished with value: 0.9079166666666667 and parameters: {'frozen_layers': 4, 'classifier_dropout': 0.4, 'learning_rate': 5e-05, 'weight_decay': 0.0001, 'label_smoothing': 0.05, 'gradient_clipping': 1.0}. Best is trial 58 with value: 0.9177083333333333.
[I 2026-02-07 01:09:05,566] Trial 90 finished with value: 0.8979583333333333 and parameters: {'frozen_layers': 2, 'classifier_dropout': 0.1, 'learning_rate': 0.0001, 'weight_decay': 0.0001, 'label_smoothing': 0.0, 'gradient_clipping': 2.0}. Best is trial 58 with value: 0.9177083333333333.
[I 2026-02-07 01:35:51,782] Trial 91 finished with value: 0.9101666666666667 and parameters: {'frozen_layers': 2, 'classifier_dropout': 0.4, 'learning_rate': 5e-05, 'weight_decay': 0.0001, 'label_smoothing': 0.05, 'gradient_clipping': 2.0}. Best is trial 58 with value: 0.9177083333333333.
[I 2026-02-07 01:59:30,797] Trial 92 finished with value: 0.9096666666666666 and parameters: {'frozen_layers': 0, 'classifier_dropout': 0.1, 'learning_rate': 5e-05, 'weight_decay': 1e-05, 'label_smoothing': 0.15, 'gradient_clipping': 2.0}. Best is trial 58 with value: 0.9177083333333333.
[I 2026-02-07 02:23:11,852] Trial 93 finished with value: 0.9164583333333334 and parameters: {'frozen_layers': 0, 'classifier_dropout': 0.4, 'learning_rate': 1e-05, 'weight_decay': 0.0001, 'label_smoothing': 0.1, 'gradient_clipping': 0.5}. Best is trial 58 with value: 0.9177083333333333.
[I 2026-02-07 02:50:03,550] Trial 94 finished with value: 0.91625 and parameters: {'frozen_layers': 2, 'classifier_dropout': 0.3, 'learning_rate': 1e-05, 'weight_decay': 1e-05, 'label_smoothing': 0.1, 'gradient_clipping': 0.5}. Best is trial 58 with value: 0.9177083333333333.
[I 2026-02-07 03:16:37,071] Trial 95 finished with value: 0.9190833333333334 and parameters: {'frozen_layers': 4, 'classifier_dropout': 0.4, 'learning_rate': 0.0001, 'weight_decay': 1e-06, 'label_smoothing': 0.1, 'gradient_clipping': 1.5}. Best is trial 95 with value: 0.9190833333333334.
[I 2026-02-07 03:16:37,533] Trial 96 pruned. Duplicate hyper-parameters, same as those used in trial 81: {'frozen_layers': 4, 'classifier_dropout': 0.1, 'learning_rate': 1e-05, 'weight_decay': 0.0001, 'label_smoothing': 0.1, 'gradient_clipping': 1.0}.
[I 2026-02-07 03:43:12,596] Trial 97 finished with value: 0.9174166666666667 and parameters: {'frozen_layers': 4, 'classifier_dropout': 0.4, 'learning_rate': 2e-05, 'weight_decay': 0.0001, 'label_smoothing': 0.05, 'gradient_clipping': 2.0}. Best is trial 95 with value: 0.9190833333333334.
[I 2026-02-07 04:06:39,037] Trial 98 finished with value: 0.9143333333333333 and parameters: {'frozen_layers': 2, 'classifier_dropout': 0.4, 'learning_rate': 3e-05, 'weight_decay': 1e-05, 'label_smoothing': 0.1, 'gradient_clipping': 0.5}. Best is trial 95 with value: 0.9190833333333334.
[I 2026-02-07 04:30:20,749] Trial 99 finished with value: 0.910375 and parameters: {'frozen_layers': 0, 'classifier_dropout': 0.4, 'learning_rate': 3e-05, 'weight_decay': 1e-06, 'label_smoothing': 0.0, 'gradient_clipping': 1.5}. Best is trial 95 with value: 0.9190833333333334.
[I 2026-02-07 04:30:21,210] Trial 100 pruned. Duplicate hyper-parameters, same as those used in trial 56: {'frozen_layers': 6, 'classifier_dropout': 0.3, 'learning_rate': 2e-05, 'weight_decay': 0.0001, 'label_smoothing': 0.1, 'gradient_clipping': 2.0}.
[I 2026-02-07 04:53:37,250] Trial 101 finished with value: 0.9166666666666666 and parameters: {'frozen_layers': 4, 'classifier_dropout': 0.1, 'learning_rate': 3e-05, 'weight_decay': 1e-05, 'label_smoothing': 0.0, 'gradient_clipping': 1.0}. Best is trial 95 with value: 0.9190833333333334.
[I 2026-02-07 05:16:37,726] Trial 102 finished with value: 0.9144583333333334 and parameters: {'frozen_layers': 6, 'classifier_dropout': 0.2, 'learning_rate': 3e-05, 'weight_decay': 1e-05, 'label_smoothing': 0.1, 'gradient_clipping': 0.5}. Best is trial 95 with value: 0.9190833333333334.
[I 2026-02-07 05:40:08,194] Trial 103 finished with value: 0.9079583333333333 and parameters: {'frozen_layers': 2, 'classifier_dropout': 0.3, 'learning_rate': 0.0001, 'weight_decay': 0.0001, 'label_smoothing': 0.15, 'gradient_clipping': 1.0}. Best is trial 95 with value: 0.9190833333333334.
[I 2026-02-07 06:06:43,869] Trial 104 finished with value: 0.91525 and parameters: {'frozen_layers': 4, 'classifier_dropout': 0.2, 'learning_rate': 3e-05, 'weight_decay': 1e-06, 'label_smoothing': 0.05, 'gradient_clipping': 1.5}. Best is trial 95 with value: 0.9190833333333334.
[I 2026-02-07 06:30:21,755] Trial 105 finished with value: 0.9082083333333333 and parameters: {'frozen_layers': 0, 'classifier_dropout': 0.3, 'learning_rate': 5e-05, 'weight_decay': 1e-06, 'label_smoothing': 0.0, 'gradient_clipping': 0.5}. Best is trial 95 with value: 0.9190833333333334.
[I 2026-02-07 06:53:36,978] Trial 106 finished with value: 0.9176666666666666 and parameters: {'frozen_layers': 4, 'classifier_dropout': 0.4, 'learning_rate': 5e-05, 'weight_decay': 1e-06, 'label_smoothing': 0.05, 'gradient_clipping': 2.0}. Best is trial 95 with value: 0.9190833333333334.
[I 2026-02-07 07:17:05,217] Trial 107 finished with value: 0.9117916666666667 and parameters: {'frozen_layers': 2, 'classifier_dropout': 0.3, 'learning_rate': 0.0001, 'weight_decay': 0.001, 'label_smoothing': 0.1, 'gradient_clipping': 1.5}. Best is trial 95 with value: 0.9190833333333334.
[I 2026-02-07 07:40:32,860] Trial 108 finished with value: 0.9143333333333333 and parameters: {'frozen_layers': 2, 'classifier_dropout': 0.2, 'learning_rate': 3e-05, 'weight_decay': 0.001, 'label_smoothing': 0.0, 'gradient_clipping': 0.5}. Best is trial 95 with value: 0.9190833333333334.
[I 2026-02-07 08:04:12,347] Trial 109 finished with value: 0.9135833333333333 and parameters: {'frozen_layers': 0, 'classifier_dropout': 0.2, 'learning_rate': 5e-05, 'weight_decay': 1e-06, 'label_smoothing': 0.15, 'gradient_clipping': 1.5}. Best is trial 95 with value: 0.9190833333333334.
[I 2026-02-07 08:31:03,241] Trial 110 finished with value: 0.9174166666666667 and parameters: {'frozen_layers': 2, 'classifier_dropout': 0.1, 'learning_rate': 1e-05, 'weight_decay': 0.0001, 'label_smoothing': 0.1, 'gradient_clipping': 1.0}. Best is trial 95 with value: 0.9190833333333334.
[I 2026-02-07 08:54:02,119] Trial 111 finished with value: 0.913 and parameters: {'frozen_layers': 6, 'classifier_dropout': 0.4, 'learning_rate': 5e-05, 'weight_decay': 1e-05, 'label_smoothing': 0.15, 'gradient_clipping': 1.5}. Best is trial 95 with value: 0.9190833333333334.
[I 2026-02-07 09:17:02,851] Trial 112 finished with value: 0.9157916666666667 and parameters: {'frozen_layers': 6, 'classifier_dropout': 0.2, 'learning_rate': 2e-05, 'weight_decay': 0.0001, 'label_smoothing': 0.15, 'gradient_clipping': 1.0}. Best is trial 95 with value: 0.9190833333333334.
[I 2026-02-07 09:40:41,120] Trial 113 finished with value: 0.9067916666666667 and parameters: {'frozen_layers': 0, 'classifier_dropout': 0.3, 'learning_rate': 5e-05, 'weight_decay': 1e-06, 'label_smoothing': 0.05, 'gradient_clipping': 0.5}. Best is trial 95 with value: 0.9190833333333334.
[I 2026-02-07 10:03:39,736] Trial 114 finished with value: 0.910625 and parameters: {'frozen_layers': 6, 'classifier_dropout': 0.2, 'learning_rate': 0.0001, 'weight_decay': 1e-06, 'label_smoothing': 0.15, 'gradient_clipping': 0.5}. Best is trial 95 with value: 0.9190833333333334.
[I 2026-02-07 10:26:40,606] Trial 115 finished with value: 0.9136666666666666 and parameters: {'frozen_layers': 6, 'classifier_dropout': 0.3, 'learning_rate': 3e-05, 'weight_decay': 1e-05, 'label_smoothing': 0.15, 'gradient_clipping': 0.5}. Best is trial 95 with value: 0.9190833333333334.
[I 2026-02-07 10:50:07,967] Trial 116 finished with value: 0.8953333333333333 and parameters: {'frozen_layers': 2, 'classifier_dropout': 0.3, 'learning_rate': 0.0001, 'weight_decay': 1e-06, 'label_smoothing': 0.0, 'gradient_clipping': 1.0}. Best is trial 95 with value: 0.9190833333333334.
[I 2026-02-07 11:13:20,845] Trial 117 finished with value: 0.9150833333333334 and parameters: {'frozen_layers': 4, 'classifier_dropout': 0.3, 'learning_rate': 5e-05, 'weight_decay': 1e-06, 'label_smoothing': 0.1, 'gradient_clipping': 2.0}. Best is trial 95 with value: 0.9190833333333334.
[I 2026-02-07 11:37:03,283] Trial 118 finished with value: 0.9146666666666666 and parameters: {'frozen_layers': 0, 'classifier_dropout': 0.1, 'learning_rate': 2e-05, 'weight_decay': 1e-06, 'label_smoothing': 0.05, 'gradient_clipping': 1.0}. Best is trial 95 with value: 0.9190833333333334.
[I 2026-02-07 12:00:32,387] Trial 119 finished with value: 0.9179583333333333 and parameters: {'frozen_layers': 2, 'classifier_dropout': 0.1, 'learning_rate': 3e-05, 'weight_decay': 1e-05, 'label_smoothing': 0.15, 'gradient_clipping': 2.0}. Best is trial 95 with value: 0.9190833333333334.
[I 2026-02-07 12:27:23,989] Trial 120 finished with value: 0.9174166666666667 and parameters: {'frozen_layers': 2, 'classifier_dropout': 0.3, 'learning_rate': 1e-05, 'weight_decay': 0.001, 'label_smoothing': 0.1, 'gradient_clipping': 1.0}. Best is trial 95 with value: 0.9190833333333334.
[I 2026-02-07 12:50:52,066] Trial 121 finished with value: 0.910875 and parameters: {'frozen_layers': 2, 'classifier_dropout': 0.4, 'learning_rate': 0.0001, 'weight_decay': 0.001, 'label_smoothing': 0.1, 'gradient_clipping': 0.5}. Best is trial 95 with value: 0.9190833333333334.
[I 2026-02-07 12:50:52,545] Trial 122 pruned. Duplicate hyper-parameters, same as those used in trial 11: {'frozen_layers': 2, 'classifier_dropout': 0.2, 'learning_rate': 2e-05, 'weight_decay': 1e-05, 'label_smoothing': 0.0, 'gradient_clipping': 0.5}.
[I 2026-02-07 13:14:20,934] Trial 123 finished with value: 0.9177916666666667 and parameters: {'frozen_layers': 2, 'classifier_dropout': 0.1, 'learning_rate': 2e-05, 'weight_decay': 0.001, 'label_smoothing': 0.05, 'gradient_clipping': 0.5}. Best is trial 95 with value: 0.9190833333333334.
[I 2026-02-07 13:40:55,733] Trial 124 finished with value: 0.9147916666666667 and parameters: {'frozen_layers': 4, 'classifier_dropout': 0.3, 'learning_rate': 0.0001, 'weight_decay': 0.0001, 'label_smoothing': 0.15, 'gradient_clipping': 2.0}. Best is trial 95 with value: 0.9190833333333334.
[I 2026-02-07 14:03:54,046] Trial 125 finished with value: 0.9099166666666667 and parameters: {'frozen_layers': 6, 'classifier_dropout': 0.4, 'learning_rate': 5e-05, 'weight_decay': 0.001, 'label_smoothing': 0.0, 'gradient_clipping': 0.5}. Best is trial 95 with value: 0.9190833333333334.
[I 2026-02-07 14:30:30,253] Trial 126 finished with value: 0.9145416666666667 and parameters: {'frozen_layers': 4, 'classifier_dropout': 0.3, 'learning_rate': 1e-05, 'weight_decay': 0.001, 'label_smoothing': 0.05, 'gradient_clipping': 0.5}. Best is trial 95 with value: 0.9190833333333334.
[I 2026-02-07 14:53:43,335] Trial 127 finished with value: 0.909625 and parameters: {'frozen_layers': 4, 'classifier_dropout': 0.1, 'learning_rate': 3e-05, 'weight_decay': 0.001, 'label_smoothing': 0.0, 'gradient_clipping': 0.5}. Best is trial 95 with value: 0.9190833333333334.
[I 2026-02-07 15:19:58,686] Trial 128 finished with value: 0.9160416666666666 and parameters: {'frozen_layers': 6, 'classifier_dropout': 0.3, 'learning_rate': 5e-05, 'weight_decay': 1e-06, 'label_smoothing': 0.1, 'gradient_clipping': 2.0}. Best is trial 95 with value: 0.9190833333333334.
[I 2026-02-07 15:50:19,750] Trial 129 finished with value: 0.9011666666666667 and parameters: {'frozen_layers': 0, 'classifier_dropout': 0.3, 'learning_rate': 0.0001, 'weight_decay': 1e-06, 'label_smoothing': 0.1, 'gradient_clipping': 1.5}. Best is trial 95 with value: 0.9190833333333334.
[I 2026-02-07 16:16:54,395] Trial 130 finished with value: 0.916875 and parameters: {'frozen_layers': 4, 'classifier_dropout': 0.3, 'learning_rate': 2e-05, 'weight_decay': 1e-05, 'label_smoothing': 0.1, 'gradient_clipping': 2.0}. Best is trial 95 with value: 0.9190833333333334.
[I 2026-02-07 16:43:42,674] Trial 131 finished with value: 0.917125 and parameters: {'frozen_layers': 2, 'classifier_dropout': 0.4, 'learning_rate': 1e-05, 'weight_decay': 1e-06, 'label_smoothing': 0.1, 'gradient_clipping': 2.0}. Best is trial 95 with value: 0.9190833333333334.
[I 2026-02-07 17:07:12,475] Trial 132 finished with value: 0.9150416666666666 and parameters: {'frozen_layers': 2, 'classifier_dropout': 0.3, 'learning_rate': 3e-05, 'weight_decay': 0.0001, 'label_smoothing': 0.05, 'gradient_clipping': 2.0}. Best is trial 95 with value: 0.9190833333333334.
[I 2026-02-07 17:34:01,915] Trial 133 finished with value: 0.9175416666666667 and parameters: {'frozen_layers': 2, 'classifier_dropout': 0.3, 'learning_rate': 5e-05, 'weight_decay': 0.0001, 'label_smoothing': 0.15, 'gradient_clipping': 1.5}. Best is trial 95 with value: 0.9190833333333334.
[I 2026-02-07 18:00:38,404] Trial 134 finished with value: 0.91525 and parameters: {'frozen_layers': 4, 'classifier_dropout': 0.3, 'learning_rate': 1e-05, 'weight_decay': 1e-05, 'label_smoothing': 0.1, 'gradient_clipping': 2.0}. Best is trial 95 with value: 0.9190833333333334.
[I 2026-02-07 18:24:21,578] Trial 135 finished with value: 0.9119166666666667 and parameters: {'frozen_layers': 0, 'classifier_dropout': 0.1, 'learning_rate': 3e-05, 'weight_decay': 0.001, 'label_smoothing': 0.15, 'gradient_clipping': 1.0}. Best is trial 95 with value: 0.9190833333333334.
[I 2026-02-07 18:47:38,411] Trial 136 finished with value: 0.9185416666666667 and parameters: {'frozen_layers': 4, 'classifier_dropout': 0.4, 'learning_rate': 3e-05, 'weight_decay': 1e-05, 'label_smoothing': 0.15, 'gradient_clipping': 2.0}. Best is trial 95 with value: 0.9190833333333334.
[I 2026-02-07 19:13:57,258] Trial 137 finished with value: 0.912875 and parameters: {'frozen_layers': 6, 'classifier_dropout': 0.3, 'learning_rate': 2e-05, 'weight_decay': 1e-05, 'label_smoothing': 0.05, 'gradient_clipping': 0.5}. Best is trial 95 with value: 0.9190833333333334.
[I 2026-02-07 19:40:33,671] Trial 138 finished with value: 0.914875 and parameters: {'frozen_layers': 4, 'classifier_dropout': 0.1, 'learning_rate': 1e-05, 'weight_decay': 0.0001, 'label_smoothing': 0.05, 'gradient_clipping': 2.0}. Best is trial 95 with value: 0.9190833333333334.
[I 2026-02-07 20:07:25,995] Trial 139 finished with value: 0.916625 and parameters: {'frozen_layers': 2, 'classifier_dropout': 0.3, 'learning_rate': 1e-05, 'weight_decay': 0.001, 'label_smoothing': 0.05, 'gradient_clipping': 1.0}. Best is trial 95 with value: 0.9190833333333334.
[I 2026-02-07 20:30:39,382] Trial 140 finished with value: 0.9045416666666667 and parameters: {'frozen_layers': 4, 'classifier_dropout': 0.3, 'learning_rate': 0.0001, 'weight_decay': 0.0001, 'label_smoothing': 0.0, 'gradient_clipping': 0.5}. Best is trial 95 with value: 0.9190833333333334.
[I 2026-02-07 20:54:10,692] Trial 141 finished with value: 0.9119583333333333 and parameters: {'frozen_layers': 2, 'classifier_dropout': 0.3, 'learning_rate': 0.0001, 'weight_decay': 0.001, 'label_smoothing': 0.1, 'gradient_clipping': 2.0}. Best is trial 95 with value: 0.9190833333333334.
[I 2026-02-07 21:17:53,928] Trial 142 finished with value: 0.91475 and parameters: {'frozen_layers': 0, 'classifier_dropout': 0.2, 'learning_rate': 5e-05, 'weight_decay': 0.0001, 'label_smoothing': 0.1, 'gradient_clipping': 1.5}. Best is trial 95 with value: 0.9190833333333334.
[I 2026-02-07 21:44:15,775] Trial 143 finished with value: 0.9129583333333333 and parameters: {'frozen_layers': 6, 'classifier_dropout': 0.3, 'learning_rate': 1e-05, 'weight_decay': 0.0001, 'label_smoothing': 0.15, 'gradient_clipping': 2.0}. Best is trial 95 with value: 0.9190833333333334.
[I 2026-02-07 22:07:46,176] Trial 144 finished with value: 0.9170416666666666 and parameters: {'frozen_layers': 2, 'classifier_dropout': 0.3, 'learning_rate': 2e-05, 'weight_decay': 1e-06, 'label_smoothing': 0.0, 'gradient_clipping': 1.5}. Best is trial 95 with value: 0.9190833333333334.
[I 2026-02-07 22:31:03,242] Trial 145 finished with value: 0.91375 and parameters: {'frozen_layers': 4, 'classifier_dropout': 0.2, 'learning_rate': 5e-05, 'weight_decay': 0.001, 'label_smoothing': 0.1, 'gradient_clipping': 2.0}. Best is trial 95 with value: 0.9190833333333334.
[I 2026-02-07 22:57:42,629] Trial 146 finished with value: 0.9167083333333333 and parameters: {'frozen_layers': 4, 'classifier_dropout': 0.4, 'learning_rate': 2e-05, 'weight_decay': 0.001, 'label_smoothing': 0.1, 'gradient_clipping': 1.0}. Best is trial 95 with value: 0.9190833333333334.
[I 2026-02-07 23:20:41,600] Trial 147 finished with value: 0.9099166666666667 and parameters: {'frozen_layers': 6, 'classifier_dropout': 0.4, 'learning_rate': 5e-05, 'weight_decay': 0.0001, 'label_smoothing': 0.0, 'gradient_clipping': 0.5}. Best is trial 95 with value: 0.9190833333333334.
[I 2026-02-07 23:47:02,543] Trial 148 finished with value: 0.9135833333333333 and parameters: {'frozen_layers': 6, 'classifier_dropout': 0.1, 'learning_rate': 2e-05, 'weight_decay': 1e-05, 'label_smoothing': 0.05, 'gradient_clipping': 1.0}. Best is trial 95 with value: 0.9190833333333334.
[I 2026-02-08 00:14:04,132] Trial 149 finished with value: 0.9007916666666667 and parameters: {'frozen_layers': 0, 'classifier_dropout': 0.3, 'learning_rate': 0.0001, 'weight_decay': 0.0001, 'label_smoothing': 0.0, 'gradient_clipping': 2.0}. Best is trial 95 with value: 0.9190833333333334.
[I 2026-02-08 00:37:35,937] Trial 150 finished with value: 0.9166666666666666 and parameters: {'frozen_layers': 2, 'classifier_dropout': 0.4, 'learning_rate': 2e-05, 'weight_decay': 0.001, 'label_smoothing': 0.15, 'gradient_clipping': 0.5}. Best is trial 95 with value: 0.9190833333333334.
[I 2026-02-08 01:04:44,826] Trial 151 finished with value: 0.915625 and parameters: {'frozen_layers': 0, 'classifier_dropout': 0.1, 'learning_rate': 1e-05, 'weight_decay': 1e-05, 'label_smoothing': 0.05, 'gradient_clipping': 2.0}. Best is trial 95 with value: 0.9190833333333334.
[I 2026-02-08 01:27:45,484] Trial 152 finished with value: 0.91525 and parameters: {'frozen_layers': 6, 'classifier_dropout': 0.2, 'learning_rate': 3e-05, 'weight_decay': 1e-06, 'label_smoothing': 0.0, 'gradient_clipping': 1.0}. Best is trial 95 with value: 0.9190833333333334.
[I 2026-02-08 01:54:00,606] Trial 153 finished with value: 0.910125 and parameters: {'frozen_layers': 6, 'classifier_dropout': 0.4, 'learning_rate': 5e-05, 'weight_decay': 1e-06, 'label_smoothing': 0.15, 'gradient_clipping': 0.5}. Best is trial 95 with value: 0.9190833333333334.
[UPDATE] 150 completed trials using a random sampler. Switching from random to TPE sampling.
[I 2026-02-08 01:54:01,127] Trial 154 pruned. Duplicate hyper-parameters, same as those used in trial 131: {'frozen_layers': 2, 'classifier_dropout': 0.4, 'learning_rate': 1e-05, 'weight_decay': 1e-06, 'label_smoothing': 0.1, 'gradient_clipping': 2.0}.
[I 2026-02-08 01:54:01,721] Trial 155 pruned. Duplicate hyper-parameters, same as those used in trial 133: {'frozen_layers': 2, 'classifier_dropout': 0.3, 'learning_rate': 5e-05, 'weight_decay': 0.0001, 'label_smoothing': 0.15, 'gradient_clipping': 1.5}.
[I 2026-02-08 01:54:02,366] Trial 156 pruned. Duplicate hyper-parameters, same as those used in trial 123: {'frozen_layers': 2, 'classifier_dropout': 0.1, 'learning_rate': 2e-05, 'weight_decay': 0.001, 'label_smoothing': 0.05, 'gradient_clipping': 0.5}.
[I 2026-02-08 01:54:02,947] Trial 157 pruned. Duplicate hyper-parameters, same as those used in trial 144: {'frozen_layers': 2, 'classifier_dropout': 0.3, 'learning_rate': 2e-05, 'weight_decay': 1e-06, 'label_smoothing': 0.0, 'gradient_clipping': 1.5}.
[I 2026-02-08 01:54:03,544] Trial 158 pruned. Duplicate hyper-parameters, same as those used in trial 95: {'frozen_layers': 4, 'classifier_dropout': 0.4, 'learning_rate': 0.0001, 'weight_decay': 1e-06, 'label_smoothing': 0.1, 'gradient_clipping': 1.5}.
[I 2026-02-08 01:54:04,116] Trial 159 pruned. Duplicate hyper-parameters, same as those used in trial 6: {'frozen_layers': 0, 'classifier_dropout': 0.1, 'learning_rate': 2e-05, 'weight_decay': 0.0001, 'label_smoothing': 0.15, 'gradient_clipping': 2.0}.
[I 2026-02-08 01:54:04,673] Trial 160 pruned. Duplicate hyper-parameters, same as those used in trial 119: {'frozen_layers': 2, 'classifier_dropout': 0.1, 'learning_rate': 3e-05, 'weight_decay': 1e-05, 'label_smoothing': 0.15, 'gradient_clipping': 2.0}.
[I 2026-02-08 01:54:05,259] Trial 161 pruned. Duplicate hyper-parameters, same as those used in trial 58: {'frozen_layers': 4, 'classifier_dropout': 0.2, 'learning_rate': 2e-05, 'weight_decay': 1e-05, 'label_smoothing': 0.05, 'gradient_clipping': 1.0}.
[I 2026-02-08 01:54:05,817] Trial 162 pruned. Duplicate hyper-parameters, same as those used in trial 97: {'frozen_layers': 4, 'classifier_dropout': 0.4, 'learning_rate': 2e-05, 'weight_decay': 0.0001, 'label_smoothing': 0.05, 'gradient_clipping': 2.0}.
[I 2026-02-08 02:17:23,988] Trial 163 finished with value: 0.915375 and parameters: {'frozen_layers': 4, 'classifier_dropout': 0.2, 'learning_rate': 5e-05, 'weight_decay': 1e-05, 'label_smoothing': 0.15, 'gradient_clipping': 0.5}. Best is trial 95 with value: 0.9190833333333334.
[I 2026-02-08 02:44:16,112] Trial 164 finished with value: 0.916625 and parameters: {'frozen_layers': 2, 'classifier_dropout': 0.1, 'learning_rate': 1e-05, 'weight_decay': 0.0001, 'label_smoothing': 0.05, 'gradient_clipping': 1.0}. Best is trial 95 with value: 0.9190833333333334.
[I 2026-02-08 02:44:16,638] Trial 165 pruned. Duplicate hyper-parameters, same as those used in trial 39: {'frozen_layers': 2, 'classifier_dropout': 0.3, 'learning_rate': 2e-05, 'weight_decay': 1e-05, 'label_smoothing': 0.05, 'gradient_clipping': 1.5}.
[I 2026-02-08 03:07:33,713] Trial 166 finished with value: 0.9176666666666666 and parameters: {'frozen_layers': 4, 'classifier_dropout': 0.1, 'learning_rate': 5e-05, 'weight_decay': 1e-06, 'label_smoothing': 0.05, 'gradient_clipping': 2.0}. Best is trial 95 with value: 0.9190833333333334.
[I 2026-02-08 03:07:34,323] Trial 167 pruned. Duplicate hyper-parameters, same as those used in trial 166: {'frozen_layers': 4, 'classifier_dropout': 0.1, 'learning_rate': 5e-05, 'weight_decay': 1e-06, 'label_smoothing': 0.05, 'gradient_clipping': 2.0}.
[I 2026-02-08 03:30:50,969] Trial 168 finished with value: 0.9185416666666667 and parameters: {'frozen_layers': 4, 'classifier_dropout': 0.2, 'learning_rate': 3e-05, 'weight_decay': 1e-05, 'label_smoothing': 0.15, 'gradient_clipping': 2.0}. Best is trial 95 with value: 0.9190833333333334.
[I 2026-02-08 03:54:08,503] Trial 169 finished with value: 0.9185416666666667 and parameters: {'frozen_layers': 4, 'classifier_dropout': 0.4, 'learning_rate': 3e-05, 'weight_decay': 1e-06, 'label_smoothing': 0.15, 'gradient_clipping': 2.0}. Best is trial 95 with value: 0.9190833333333334.
[I 2026-02-08 04:17:25,139] Trial 170 finished with value: 0.9185416666666667 and parameters: {'frozen_layers': 4, 'classifier_dropout': 0.4, 'learning_rate': 3e-05, 'weight_decay': 0.0001, 'label_smoothing': 0.15, 'gradient_clipping': 2.0}. Best is trial 95 with value: 0.9190833333333334.
[I 2026-02-08 04:17:25,672] Trial 171 pruned. Duplicate hyper-parameters, same as those used in trial 169: {'frozen_layers': 4, 'classifier_dropout': 0.4, 'learning_rate': 3e-05, 'weight_decay': 1e-06, 'label_smoothing': 0.15, 'gradient_clipping': 2.0}.
[I 2026-02-08 04:41:08,904] Trial 172 finished with value: 0.916125 and parameters: {'frozen_layers': 0, 'classifier_dropout': 0.3, 'learning_rate': 1e-05, 'weight_decay': 0.001, 'label_smoothing': 0.1, 'gradient_clipping': 1.0}. Best is trial 95 with value: 0.9190833333333334.
[I 2026-02-08 04:41:09,412] Trial 173 pruned. Duplicate hyper-parameters, same as those used in trial 168: {'frozen_layers': 4, 'classifier_dropout': 0.2, 'learning_rate': 3e-05, 'weight_decay': 1e-05, 'label_smoothing': 0.15, 'gradient_clipping': 2.0}.
[I 2026-02-08 05:07:45,174] Trial 174 finished with value: 0.9169166666666667 and parameters: {'frozen_layers': 4, 'classifier_dropout': 0.4, 'learning_rate': 3e-05, 'weight_decay': 1e-05, 'label_smoothing': 0.05, 'gradient_clipping': 2.0}. Best is trial 95 with value: 0.9190833333333334.
[I 2026-02-08 05:07:45,688] Trial 175 pruned. Duplicate hyper-parameters, same as those used in trial 106: {'frozen_layers': 4, 'classifier_dropout': 0.4, 'learning_rate': 5e-05, 'weight_decay': 1e-06, 'label_smoothing': 0.05, 'gradient_clipping': 2.0}.
[I 2026-02-08 05:07:46,181] Trial 176 pruned. Duplicate hyper-parameters, same as those used in trial 170: {'frozen_layers': 4, 'classifier_dropout': 0.4, 'learning_rate': 3e-05, 'weight_decay': 0.0001, 'label_smoothing': 0.15, 'gradient_clipping': 2.0}.
[I 2026-02-08 05:31:18,159] Trial 177 finished with value: 0.915625 and parameters: {'frozen_layers': 2, 'classifier_dropout': 0.1, 'learning_rate': 2e-05, 'weight_decay': 0.0001, 'label_smoothing': 0.05, 'gradient_clipping': 2.0}. Best is trial 95 with value: 0.9190833333333334.
[I 2026-02-08 05:58:11,371] Trial 178 finished with value: 0.9174166666666667 and parameters: {'frozen_layers': 2, 'classifier_dropout': 0.1, 'learning_rate': 1e-05, 'weight_decay': 0.0001, 'label_smoothing': 0.1, 'gradient_clipping': 1.5}. Best is trial 95 with value: 0.9190833333333334.
[I 2026-02-08 06:25:04,179] Trial 179 finished with value: 0.9174166666666667 and parameters: {'frozen_layers': 2, 'classifier_dropout': 0.1, 'learning_rate': 1e-05, 'weight_decay': 1e-05, 'label_smoothing': 0.1, 'gradient_clipping': 1.5}. Best is trial 95 with value: 0.9190833333333334.
[I 2026-02-08 06:25:04,718] Trial 180 pruned. Duplicate hyper-parameters, same as those used in trial 178: {'frozen_layers': 2, 'classifier_dropout': 0.1, 'learning_rate': 1e-05, 'weight_decay': 0.0001, 'label_smoothing': 0.1, 'gradient_clipping': 1.5}.
[I 2026-02-08 06:25:05,251] Trial 181 pruned. Duplicate hyper-parameters, same as those used in trial 179: {'frozen_layers': 2, 'classifier_dropout': 0.1, 'learning_rate': 1e-05, 'weight_decay': 1e-05, 'label_smoothing': 0.1, 'gradient_clipping': 1.5}.
[I 2026-02-08 06:51:58,782] Trial 182 finished with value: 0.9174166666666667 and parameters: {'frozen_layers': 2, 'classifier_dropout': 0.1, 'learning_rate': 1e-05, 'weight_decay': 0.001, 'label_smoothing': 0.1, 'gradient_clipping': 1.0}. Best is trial 95 with value: 0.9190833333333334.
[I 2026-02-08 07:18:51,377] Trial 183 finished with value: 0.9174166666666667 and parameters: {'frozen_layers': 2, 'classifier_dropout': 0.2, 'learning_rate': 1e-05, 'weight_decay': 0.0001, 'label_smoothing': 0.1, 'gradient_clipping': 1.0}. Best is trial 95 with value: 0.9190833333333334.
[I 2026-02-08 07:18:51,910] Trial 184 pruned. Duplicate hyper-parameters, same as those used in trial 182: {'frozen_layers': 2, 'classifier_dropout': 0.1, 'learning_rate': 1e-05, 'weight_decay': 0.001, 'label_smoothing': 0.1, 'gradient_clipping': 1.0}.
[I 2026-02-08 07:18:52,414] Trial 185 pruned. Duplicate hyper-parameters, same as those used in trial 183: {'frozen_layers': 2, 'classifier_dropout': 0.2, 'learning_rate': 1e-05, 'weight_decay': 0.0001, 'label_smoothing': 0.1, 'gradient_clipping': 1.0}.
[I 2026-02-08 07:45:44,621] Trial 186 finished with value: 0.9174166666666667 and parameters: {'frozen_layers': 2, 'classifier_dropout': 0.4, 'learning_rate': 1e-05, 'weight_decay': 0.0001, 'label_smoothing': 0.1, 'gradient_clipping': 1.0}. Best is trial 95 with value: 0.9190833333333334.
[I 2026-02-08 07:45:45,163] Trial 187 pruned. Duplicate hyper-parameters, same as those used in trial 42: {'frozen_layers': 4, 'classifier_dropout': 0.1, 'learning_rate': 5e-05, 'weight_decay': 0.0001, 'label_smoothing': 0.05, 'gradient_clipping': 2.0}.
[I 2026-02-08 08:12:19,572] Trial 188 finished with value: 0.912625 and parameters: {'frozen_layers': 4, 'classifier_dropout': 0.4, 'learning_rate': 3e-05, 'weight_decay': 1e-05, 'label_smoothing': 0.15, 'gradient_clipping': 1.5}. Best is trial 95 with value: 0.9190833333333334.
[I 2026-02-08 08:12:20,120] Trial 189 pruned. Duplicate hyper-parameters, same as those used in trial 136: {'frozen_layers': 4, 'classifier_dropout': 0.4, 'learning_rate': 3e-05, 'weight_decay': 1e-05, 'label_smoothing': 0.15, 'gradient_clipping': 2.0}.
[I 2026-02-08 08:12:20,618] Trial 190 pruned. Duplicate hyper-parameters, same as those used in trial 120: {'frozen_layers': 2, 'classifier_dropout': 0.3, 'learning_rate': 1e-05, 'weight_decay': 0.001, 'label_smoothing': 0.1, 'gradient_clipping': 1.0}.
[I 2026-02-08 08:12:21,097] Trial 191 pruned. Duplicate hyper-parameters, same as those used in trial 186: {'frozen_layers': 2, 'classifier_dropout': 0.4, 'learning_rate': 1e-05, 'weight_decay': 0.0001, 'label_smoothing': 0.1, 'gradient_clipping': 1.0}.
[I 2026-02-08 08:35:51,882] Trial 192 finished with value: 0.9169166666666667 and parameters: {'frozen_layers': 2, 'classifier_dropout': 0.1, 'learning_rate': 2e-05, 'weight_decay': 0.0001, 'label_smoothing': 0.1, 'gradient_clipping': 1.0}. Best is trial 95 with value: 0.9190833333333334.
[I 2026-02-08 08:59:08,262] Trial 193 finished with value: 0.9185416666666667 and parameters: {'frozen_layers': 4, 'classifier_dropout': 0.3, 'learning_rate': 3e-05, 'weight_decay': 1e-05, 'label_smoothing': 0.15, 'gradient_clipping': 2.0}. Best is trial 95 with value: 0.9190833333333334.
[I 2026-02-08 08:59:08,814] Trial 194 pruned. Duplicate hyper-parameters, same as those used in trial 193: {'frozen_layers': 4, 'classifier_dropout': 0.3, 'learning_rate': 3e-05, 'weight_decay': 1e-05, 'label_smoothing': 0.15, 'gradient_clipping': 2.0}.
[I 2026-02-08 09:22:40,110] Trial 195 finished with value: 0.9069583333333333 and parameters: {'frozen_layers': 2, 'classifier_dropout': 0.1, 'learning_rate': 0.0001, 'weight_decay': 1e-05, 'label_smoothing': 0.1, 'gradient_clipping': 0.5}. Best is trial 95 with value: 0.9190833333333334.
[I 2026-02-08 09:49:30,250] Trial 196 finished with value: 0.9145 and parameters: {'frozen_layers': 2, 'classifier_dropout': 0.1, 'learning_rate': 0.0001, 'weight_decay': 1e-05, 'label_smoothing': 0.15, 'gradient_clipping': 1.5}. Best is trial 95 with value: 0.9190833333333334.
[I 2026-02-08 10:13:00,661] Trial 197 finished with value: 0.9121666666666667 and parameters: {'frozen_layers': 2, 'classifier_dropout': 0.1, 'learning_rate': 5e-05, 'weight_decay': 0.001, 'label_smoothing': 0.05, 'gradient_clipping': 2.0}. Best is trial 95 with value: 0.9190833333333334.
[I 2026-02-08 10:13:01,230] Trial 198 pruned. Duplicate hyper-parameters, same as those used in trial 110: {'frozen_layers': 2, 'classifier_dropout': 0.1, 'learning_rate': 1e-05, 'weight_decay': 0.0001, 'label_smoothing': 0.1, 'gradient_clipping': 1.0}.
[I 2026-02-08 10:39:35,765] Trial 199 finished with value: 0.9159166666666667 and parameters: {'frozen_layers': 4, 'classifier_dropout': 0.3, 'learning_rate': 3e-05, 'weight_decay': 1e-06, 'label_smoothing': 0.15, 'gradient_clipping': 1.0}. Best is trial 95 with value: 0.9190833333333334.
[I 2026-02-08 11:06:13,331] Trial 200 finished with value: 0.917 and parameters: {'frozen_layers': 4, 'classifier_dropout': 0.3, 'learning_rate': 3e-05, 'weight_decay': 0.0001, 'label_smoothing': 0.15, 'gradient_clipping': 0.5}. Best is trial 95 with value: 0.9190833333333334.
[I 2026-02-08 11:33:06,271] Trial 201 finished with value: 0.9175 and parameters: {'frozen_layers': 2, 'classifier_dropout': 0.3, 'learning_rate': 3e-05, 'weight_decay': 0.0001, 'label_smoothing': 0.1, 'gradient_clipping': 1.0}. Best is trial 95 with value: 0.9190833333333334.
slurmstepd: error: *** JOB 2103584 ON kn059 CANCELLED AT 2026-02-08T11:35:53 DUE TO TIME LIMIT ***
