SLURM NODE: kn077
[I 2026-02-12 05:41:46,283] A new study created in RDB with name: SST-2-Fine-tuning
[I 2026-02-12 06:08:28,915] Trial 0 finished with value: 0.9094036697247706 and parameters: {'batch_size': 32, 'frozen_layers': 0, 'classifier_dropout': 0.1, 'learning_rate': 1e-05, 'weight_decay': 1e-05}. Best is trial 0 with value: 0.9094036697247706.
[I 2026-02-12 06:35:59,498] Trial 1 finished with value: 0.9185779816513762 and parameters: {'batch_size': 16, 'frozen_layers': 4, 'classifier_dropout': 0.4, 'learning_rate': 5e-05, 'weight_decay': 0.0001}. Best is trial 1 with value: 0.9185779816513762.
[I 2026-02-12 07:02:35,101] Trial 2 finished with value: 0.9151376146788991 and parameters: {'batch_size': 32, 'frozen_layers': 0, 'classifier_dropout': 0.4, 'learning_rate': 2e-05, 'weight_decay': 0.001}. Best is trial 1 with value: 0.9185779816513762.
[I 2026-02-12 07:27:36,916] Trial 3 finished with value: 0.911697247706422 and parameters: {'batch_size': 64, 'frozen_layers': 4, 'classifier_dropout': 0.3, 'learning_rate': 3e-05, 'weight_decay': 1e-06}. Best is trial 1 with value: 0.9185779816513762.
[I 2026-02-12 07:55:48,378] Trial 4 finished with value: 0.9071100917431193 and parameters: {'batch_size': 16, 'frozen_layers': 6, 'classifier_dropout': 0.2, 'learning_rate': 5e-05, 'weight_decay': 1e-06}. Best is trial 1 with value: 0.9185779816513762.
[I 2026-02-12 08:21:25,880] Trial 5 finished with value: 0.9105504587155964 and parameters: {'batch_size': 32, 'frozen_layers': 2, 'classifier_dropout': 0.1, 'learning_rate': 2e-05, 'weight_decay': 0.0001}. Best is trial 1 with value: 0.9185779816513762.
[I 2026-02-12 08:45:50,058] Trial 6 finished with value: 0.9105504587155964 and parameters: {'batch_size': 32, 'frozen_layers': 6, 'classifier_dropout': 0.1, 'learning_rate': 5e-05, 'weight_decay': 0.001}. Best is trial 1 with value: 0.9185779816513762.
[I 2026-02-12 09:13:15,891] Trial 7 finished with value: 0.9071100917431193 and parameters: {'batch_size': 16, 'frozen_layers': 6, 'classifier_dropout': 0.4, 'learning_rate': 5e-05, 'weight_decay': 1e-05}. Best is trial 1 with value: 0.9185779816513762.
[I 2026-02-12 09:38:11,704] Trial 8 finished with value: 0.9094036697247706 and parameters: {'batch_size': 64, 'frozen_layers': 4, 'classifier_dropout': 0.4, 'learning_rate': 5e-05, 'weight_decay': 0.0001}. Best is trial 1 with value: 0.9185779816513762.
[I 2026-02-12 10:04:20,451] Trial 9 finished with value: 0.911697247706422 and parameters: {'batch_size': 64, 'frozen_layers': 0, 'classifier_dropout': 0.1, 'learning_rate': 2e-05, 'weight_decay': 1e-05}. Best is trial 1 with value: 0.9185779816513762.
[I 2026-02-12 10:32:58,015] Trial 10 finished with value: 0.9139908256880734 and parameters: {'batch_size': 16, 'frozen_layers': 0, 'classifier_dropout': 0.1, 'learning_rate': 5e-05, 'weight_decay': 0.001}. Best is trial 1 with value: 0.9185779816513762.
[I 2026-02-12 11:00:28,168] Trial 11 finished with value: 0.9174311926605505 and parameters: {'batch_size': 16, 'frozen_layers': 6, 'classifier_dropout': 0.2, 'learning_rate': 0.0001, 'weight_decay': 0.0001}. Best is trial 1 with value: 0.9185779816513762.
[I 2026-02-12 11:25:40,244] Trial 12 finished with value: 0.9151376146788991 and parameters: {'batch_size': 32, 'frozen_layers': 4, 'classifier_dropout': 0.1, 'learning_rate': 2e-05, 'weight_decay': 1e-06}. Best is trial 1 with value: 0.9185779816513762.
[I 2026-02-12 11:51:19,049] Trial 13 finished with value: 0.9105504587155964 and parameters: {'batch_size': 32, 'frozen_layers': 2, 'classifier_dropout': 0.4, 'learning_rate': 3e-05, 'weight_decay': 1e-06}. Best is trial 1 with value: 0.9185779816513762.
[I 2026-02-12 12:19:37,909] Trial 14 finished with value: 0.9071100917431193 and parameters: {'batch_size': 16, 'frozen_layers': 2, 'classifier_dropout': 0.3, 'learning_rate': 2e-05, 'weight_decay': 1e-06}. Best is trial 1 with value: 0.9185779816513762.
[I 2026-02-12 12:44:35,799] Trial 15 finished with value: 0.911697247706422 and parameters: {'batch_size': 64, 'frozen_layers': 4, 'classifier_dropout': 0.2, 'learning_rate': 3e-05, 'weight_decay': 1e-06}. Best is trial 1 with value: 0.9185779816513762.
[I 2026-02-12 13:10:15,420] Trial 16 finished with value: 0.9162844036697247 and parameters: {'batch_size': 32, 'frozen_layers': 2, 'classifier_dropout': 0.1, 'learning_rate': 1e-05, 'weight_decay': 1e-06}. Best is trial 1 with value: 0.9185779816513762.
[I 2026-02-12 13:37:41,337] Trial 17 finished with value: 0.9094036697247706 and parameters: {'batch_size': 16, 'frozen_layers': 6, 'classifier_dropout': 0.3, 'learning_rate': 1e-05, 'weight_decay': 0.0001}. Best is trial 1 with value: 0.9185779816513762.
[I 2026-02-12 14:02:08,621] Trial 18 finished with value: 0.8967889908256881 and parameters: {'batch_size': 32, 'frozen_layers': 6, 'classifier_dropout': 0.1, 'learning_rate': 3e-05, 'weight_decay': 1e-06}. Best is trial 1 with value: 0.9185779816513762.
[I 2026-02-12 14:28:29,517] Trial 19 finished with value: 0.8956422018348624 and parameters: {'batch_size': 32, 'frozen_layers': 0, 'classifier_dropout': 0.4, 'learning_rate': 0.0001, 'weight_decay': 1e-06}. Best is trial 1 with value: 0.9185779816513762.
[I 2026-02-12 14:53:40,509] Trial 20 finished with value: 0.9151376146788991 and parameters: {'batch_size': 32, 'frozen_layers': 4, 'classifier_dropout': 0.2, 'learning_rate': 2e-05, 'weight_decay': 0.001}. Best is trial 1 with value: 0.9185779816513762.
[I 2026-02-12 15:21:41,031] Trial 21 finished with value: 0.9128440366972477 and parameters: {'batch_size': 16, 'frozen_layers': 4, 'classifier_dropout': 0.1, 'learning_rate': 1e-05, 'weight_decay': 1e-05}. Best is trial 1 with value: 0.9185779816513762.
[I 2026-02-12 15:45:59,094] Trial 22 finished with value: 0.8967889908256881 and parameters: {'batch_size': 32, 'frozen_layers': 6, 'classifier_dropout': 0.4, 'learning_rate': 3e-05, 'weight_decay': 1e-05}. Best is trial 1 with value: 0.9185779816513762.
[I 2026-02-12 16:11:30,559] Trial 23 finished with value: 0.9094036697247706 and parameters: {'batch_size': 64, 'frozen_layers': 2, 'classifier_dropout': 0.3, 'learning_rate': 0.0001, 'weight_decay': 0.0001}. Best is trial 1 with value: 0.9185779816513762.
[I 2026-02-12 16:36:36,720] Trial 24 finished with value: 0.9162844036697247 and parameters: {'batch_size': 32, 'frozen_layers': 4, 'classifier_dropout': 0.2, 'learning_rate': 1e-05, 'weight_decay': 0.001}. Best is trial 1 with value: 0.9185779816513762.
[I 2026-02-12 17:04:37,457] Trial 25 finished with value: 0.9128440366972477 and parameters: {'batch_size': 16, 'frozen_layers': 6, 'classifier_dropout': 0.2, 'learning_rate': 2e-05, 'weight_decay': 0.0001}. Best is trial 1 with value: 0.9185779816513762.
[I 2026-02-12 17:30:52,278] Trial 26 finished with value: 0.9094036697247706 and parameters: {'batch_size': 64, 'frozen_layers': 0, 'classifier_dropout': 0.3, 'learning_rate': 1e-05, 'weight_decay': 1e-06}. Best is trial 1 with value: 0.9185779816513762.
[I 2026-02-12 17:59:49,884] Trial 27 finished with value: 0.9139908256880734 and parameters: {'batch_size': 16, 'frozen_layers': 0, 'classifier_dropout': 0.3, 'learning_rate': 5e-05, 'weight_decay': 0.0001}. Best is trial 1 with value: 0.9185779816513762.
[I 2026-02-12 18:27:45,595] Trial 28 finished with value: 0.911697247706422 and parameters: {'batch_size': 16, 'frozen_layers': 4, 'classifier_dropout': 0.2, 'learning_rate': 0.0001, 'weight_decay': 1e-05}. Best is trial 1 with value: 0.9185779816513762.
[I 2026-02-12 18:53:24,500] Trial 29 finished with value: 0.9185779816513762 and parameters: {'batch_size': 32, 'frozen_layers': 2, 'classifier_dropout': 0.3, 'learning_rate': 5e-05, 'weight_decay': 1e-06}. Best is trial 1 with value: 0.9185779816513762.
[I 2026-02-12 19:18:31,057] Trial 30 finished with value: 0.9162844036697247 and parameters: {'batch_size': 32, 'frozen_layers': 4, 'classifier_dropout': 0.3, 'learning_rate': 0.0001, 'weight_decay': 0.0001}. Best is trial 1 with value: 0.9185779816513762.
[I 2026-02-12 19:44:10,712] Trial 31 finished with value: 0.9059633027522935 and parameters: {'batch_size': 64, 'frozen_layers': 2, 'classifier_dropout': 0.1, 'learning_rate': 1e-05, 'weight_decay': 1e-06}. Best is trial 1 with value: 0.9185779816513762.
[I 2026-02-12 20:09:23,393] Trial 32 finished with value: 0.908256880733945 and parameters: {'batch_size': 32, 'frozen_layers': 4, 'classifier_dropout': 0.2, 'learning_rate': 3e-05, 'weight_decay': 0.0001}. Best is trial 1 with value: 0.9185779816513762.
[I 2026-02-12 20:33:56,880] Trial 33 finished with value: 0.9071100917431193 and parameters: {'batch_size': 32, 'frozen_layers': 6, 'classifier_dropout': 0.3, 'learning_rate': 0.0001, 'weight_decay': 0.0001}. Best is trial 1 with value: 0.9185779816513762.
[I 2026-02-12 21:06:32,268] Trial 34 finished with value: 0.9071100917431193 and parameters: {'batch_size': 16, 'frozen_layers': 2, 'classifier_dropout': 0.2, 'learning_rate': 0.0001, 'weight_decay': 1e-05}. Best is trial 1 with value: 0.9185779816513762.
[I 2026-02-12 21:34:46,288] Trial 35 finished with value: 0.911697247706422 and parameters: {'batch_size': 16, 'frozen_layers': 4, 'classifier_dropout': 0.1, 'learning_rate': 0.0001, 'weight_decay': 1e-05}. Best is trial 1 with value: 0.9185779816513762.
[I 2026-02-12 21:34:46,692] Trial 36 pruned. Duplicate hyper-parameters, same as those used in trial 35: {'batch_size': 16, 'frozen_layers': 4, 'classifier_dropout': 0.1, 'learning_rate': 0.0001, 'weight_decay': 1e-05}.
[I 2026-02-12 21:59:50,234] Trial 37 finished with value: 0.9105504587155964 and parameters: {'batch_size': 64, 'frozen_layers': 4, 'classifier_dropout': 0.2, 'learning_rate': 1e-05, 'weight_decay': 0.0001}. Best is trial 1 with value: 0.9185779816513762.
[I 2026-02-12 22:24:23,494] Trial 38 finished with value: 0.911697247706422 and parameters: {'batch_size': 32, 'frozen_layers': 6, 'classifier_dropout': 0.1, 'learning_rate': 1e-05, 'weight_decay': 1e-05}. Best is trial 1 with value: 0.9185779816513762.
[I 2026-02-12 22:52:25,353] Trial 39 finished with value: 0.911697247706422 and parameters: {'batch_size': 16, 'frozen_layers': 4, 'classifier_dropout': 0.3, 'learning_rate': 0.0001, 'weight_decay': 1e-06}. Best is trial 1 with value: 0.9185779816513762.
[I 2026-02-12 23:20:10,235] Trial 40 finished with value: 0.911697247706422 and parameters: {'batch_size': 16, 'frozen_layers': 6, 'classifier_dropout': 0.4, 'learning_rate': 3e-05, 'weight_decay': 1e-06}. Best is trial 1 with value: 0.9185779816513762.
[I 2026-02-12 23:48:39,269] Trial 41 finished with value: 0.9185779816513762 and parameters: {'batch_size': 16, 'frozen_layers': 4, 'classifier_dropout': 0.2, 'learning_rate': 5e-05, 'weight_decay': 1e-06}. Best is trial 1 with value: 0.9185779816513762.
[I 2026-02-13 00:15:10,715] Trial 42 finished with value: 0.9128440366972477 and parameters: {'batch_size': 32, 'frozen_layers': 0, 'classifier_dropout': 0.1, 'learning_rate': 3e-05, 'weight_decay': 0.0001}. Best is trial 1 with value: 0.9185779816513762.
[I 2026-02-13 00:43:10,273] Trial 43 finished with value: 0.9128440366972477 and parameters: {'batch_size': 16, 'frozen_layers': 4, 'classifier_dropout': 0.3, 'learning_rate': 2e-05, 'weight_decay': 1e-06}. Best is trial 1 with value: 0.9185779816513762.
[I 2026-02-13 01:08:53,112] Trial 44 finished with value: 0.9162844036697247 and parameters: {'batch_size': 32, 'frozen_layers': 2, 'classifier_dropout': 0.4, 'learning_rate': 1e-05, 'weight_decay': 1e-05}. Best is trial 1 with value: 0.9185779816513762.
[I 2026-02-13 01:36:47,850] Trial 45 finished with value: 0.9128440366972477 and parameters: {'batch_size': 16, 'frozen_layers': 4, 'classifier_dropout': 0.4, 'learning_rate': 2e-05, 'weight_decay': 1e-05}. Best is trial 1 with value: 0.9185779816513762.
[I 2026-02-13 02:02:59,086] Trial 46 finished with value: 0.911697247706422 and parameters: {'batch_size': 64, 'frozen_layers': 0, 'classifier_dropout': 0.2, 'learning_rate': 2e-05, 'weight_decay': 1e-05}. Best is trial 1 with value: 0.9185779816513762.
[I 2026-02-13 02:29:13,095] Trial 47 finished with value: 0.911697247706422 and parameters: {'batch_size': 64, 'frozen_layers': 0, 'classifier_dropout': 0.1, 'learning_rate': 3e-05, 'weight_decay': 0.001}. Best is trial 1 with value: 0.9185779816513762.
[I 2026-02-13 02:53:46,442] Trial 48 finished with value: 0.911697247706422 and parameters: {'batch_size': 32, 'frozen_layers': 6, 'classifier_dropout': 0.4, 'learning_rate': 1e-05, 'weight_decay': 0.001}. Best is trial 1 with value: 0.9185779816513762.
[I 2026-02-13 03:19:32,733] Trial 49 finished with value: 0.9162844036697247 and parameters: {'batch_size': 32, 'frozen_layers': 2, 'classifier_dropout': 0.3, 'learning_rate': 1e-05, 'weight_decay': 0.0001}. Best is trial 1 with value: 0.9185779816513762.
[I 2026-02-13 03:45:04,599] Trial 50 finished with value: 0.9059633027522935 and parameters: {'batch_size': 64, 'frozen_layers': 2, 'classifier_dropout': 0.1, 'learning_rate': 1e-05, 'weight_decay': 0.0001}. Best is trial 1 with value: 0.9185779816513762.
[UPDATE] 50 completed trials using a random sampler. Switching from random to TPE sampling.
[I 2026-02-13 03:45:05,086] Trial 51 pruned. Duplicate hyper-parameters, same as those used in trial 1: {'batch_size': 16, 'frozen_layers': 4, 'classifier_dropout': 0.4, 'learning_rate': 5e-05, 'weight_decay': 0.0001}.
[I 2026-02-13 03:45:05,527] Trial 52 pruned. Duplicate hyper-parameters, same as those used in trial 29: {'batch_size': 32, 'frozen_layers': 2, 'classifier_dropout': 0.3, 'learning_rate': 5e-05, 'weight_decay': 1e-06}.
[I 2026-02-13 03:45:05,935] Trial 53 pruned. Duplicate hyper-parameters, same as those used in trial 41: {'batch_size': 16, 'frozen_layers': 4, 'classifier_dropout': 0.2, 'learning_rate': 5e-05, 'weight_decay': 1e-06}.
[I 2026-02-13 04:11:22,287] Trial 54 finished with value: 0.9094036697247706 and parameters: {'batch_size': 32, 'frozen_layers': 0, 'classifier_dropout': 0.1, 'learning_rate': 1e-05, 'weight_decay': 1e-06}. Best is trial 1 with value: 0.9185779816513762.
[I 2026-02-13 04:36:56,858] Trial 55 finished with value: 0.9162844036697247 and parameters: {'batch_size': 32, 'frozen_layers': 2, 'classifier_dropout': 0.2, 'learning_rate': 1e-05, 'weight_decay': 0.001}. Best is trial 1 with value: 0.9185779816513762.
[I 2026-02-13 04:36:57,367] Trial 56 pruned. Duplicate hyper-parameters, same as those used in trial 11: {'batch_size': 16, 'frozen_layers': 6, 'classifier_dropout': 0.2, 'learning_rate': 0.0001, 'weight_decay': 0.0001}.
[I 2026-02-13 05:02:29,472] Trial 57 finished with value: 0.9105504587155964 and parameters: {'batch_size': 32, 'frozen_layers': 2, 'classifier_dropout': 0.2, 'learning_rate': 2e-05, 'weight_decay': 1e-06}. Best is trial 1 with value: 0.9185779816513762.
[I 2026-02-13 05:02:29,917] Trial 58 pruned. Duplicate hyper-parameters, same as those used in trial 24: {'batch_size': 32, 'frozen_layers': 4, 'classifier_dropout': 0.2, 'learning_rate': 1e-05, 'weight_decay': 0.001}.
[I 2026-02-13 05:02:30,359] Trial 59 pruned. Duplicate hyper-parameters, same as those used in trial 16: {'batch_size': 32, 'frozen_layers': 2, 'classifier_dropout': 0.1, 'learning_rate': 1e-05, 'weight_decay': 1e-06}.
[I 2026-02-13 05:31:30,903] Trial 60 finished with value: 0.8922018348623854 and parameters: {'batch_size': 16, 'frozen_layers': 0, 'classifier_dropout': 0.4, 'learning_rate': 0.0001, 'weight_decay': 0.0001}. Best is trial 1 with value: 0.9185779816513762.
[I 2026-02-13 05:31:31,444] Trial 61 pruned. Duplicate hyper-parameters, same as those used in trial 30: {'batch_size': 32, 'frozen_layers': 4, 'classifier_dropout': 0.3, 'learning_rate': 0.0001, 'weight_decay': 0.0001}.
[I 2026-02-13 05:59:36,657] Trial 62 finished with value: 0.9151376146788991 and parameters: {'batch_size': 16, 'frozen_layers': 4, 'classifier_dropout': 0.2, 'learning_rate': 5e-05, 'weight_decay': 0.001}. Best is trial 1 with value: 0.9185779816513762.
[I 2026-02-13 06:24:36,899] Trial 63 finished with value: 0.9162844036697247 and parameters: {'batch_size': 32, 'frozen_layers': 4, 'classifier_dropout': 0.2, 'learning_rate': 0.0001, 'weight_decay': 1e-06}. Best is trial 1 with value: 0.9185779816513762.
[I 2026-02-13 06:49:35,086] Trial 64 finished with value: 0.9059633027522935 and parameters: {'batch_size': 32, 'frozen_layers': 4, 'classifier_dropout': 0.1, 'learning_rate': 5e-05, 'weight_decay': 0.0001}. Best is trial 1 with value: 0.9185779816513762.
[I 2026-02-13 07:14:34,489] Trial 65 finished with value: 0.9162844036697247 and parameters: {'batch_size': 32, 'frozen_layers': 4, 'classifier_dropout': 0.3, 'learning_rate': 1e-05, 'weight_decay': 1e-06}. Best is trial 1 with value: 0.9185779816513762.
[I 2026-02-13 07:39:58,447] Trial 66 finished with value: 0.9059633027522935 and parameters: {'batch_size': 32, 'frozen_layers': 2, 'classifier_dropout': 0.3, 'learning_rate': 0.0001, 'weight_decay': 1e-05}. Best is trial 1 with value: 0.9185779816513762.
[I 2026-02-13 08:04:50,872] Trial 67 finished with value: 0.9197247706422018 and parameters: {'batch_size': 32, 'frozen_layers': 4, 'classifier_dropout': 0.1, 'learning_rate': 0.0001, 'weight_decay': 0.001}. Best is trial 67 with value: 0.9197247706422018.
[I 2026-02-13 08:29:40,569] Trial 68 finished with value: 0.9105504587155964 and parameters: {'batch_size': 64, 'frozen_layers': 4, 'classifier_dropout': 0.3, 'learning_rate': 1e-05, 'weight_decay': 0.001}. Best is trial 67 with value: 0.9197247706422018.
[I 2026-02-13 08:29:41,066] Trial 69 pruned. Duplicate hyper-parameters, same as those used in trial 67: {'batch_size': 32, 'frozen_layers': 4, 'classifier_dropout': 0.1, 'learning_rate': 0.0001, 'weight_decay': 0.001}.
[I 2026-02-13 08:54:52,851] Trial 70 finished with value: 0.9048165137614679 and parameters: {'batch_size': 32, 'frozen_layers': 4, 'classifier_dropout': 0.4, 'learning_rate': 5e-05, 'weight_decay': 0.001}. Best is trial 67 with value: 0.9197247706422018.
[I 2026-02-13 09:19:48,483] Trial 71 finished with value: 0.9071100917431193 and parameters: {'batch_size': 64, 'frozen_layers': 4, 'classifier_dropout': 0.1, 'learning_rate': 0.0001, 'weight_decay': 1e-06}. Best is trial 67 with value: 0.9197247706422018.
[I 2026-02-13 09:48:26,095] Trial 72 finished with value: 0.9151376146788991 and parameters: {'batch_size': 16, 'frozen_layers': 2, 'classifier_dropout': 0.1, 'learning_rate': 3e-05, 'weight_decay': 1e-06}. Best is trial 67 with value: 0.9197247706422018.
[I 2026-02-13 10:14:03,474] Trial 73 finished with value: 0.9185779816513762 and parameters: {'batch_size': 32, 'frozen_layers': 2, 'classifier_dropout': 0.2, 'learning_rate': 5e-05, 'weight_decay': 1e-05}. Best is trial 67 with value: 0.9197247706422018.
[I 2026-02-13 10:14:03,948] Trial 74 pruned. Duplicate hyper-parameters, same as those used in trial 73: {'batch_size': 32, 'frozen_layers': 2, 'classifier_dropout': 0.2, 'learning_rate': 5e-05, 'weight_decay': 1e-05}.
[I 2026-02-13 10:39:28,296] Trial 75 finished with value: 0.9059633027522935 and parameters: {'batch_size': 64, 'frozen_layers': 2, 'classifier_dropout': 0.4, 'learning_rate': 5e-05, 'weight_decay': 1e-06}. Best is trial 67 with value: 0.9197247706422018.
[I 2026-02-13 11:05:02,635] Trial 76 finished with value: 0.9185779816513762 and parameters: {'batch_size': 32, 'frozen_layers': 2, 'classifier_dropout': 0.1, 'learning_rate': 5e-05, 'weight_decay': 1e-06}. Best is trial 67 with value: 0.9197247706422018.
[I 2026-02-13 11:05:03,136] Trial 77 pruned. Duplicate hyper-parameters, same as those used in trial 76: {'batch_size': 32, 'frozen_layers': 2, 'classifier_dropout': 0.1, 'learning_rate': 5e-05, 'weight_decay': 1e-06}.
[I 2026-02-13 11:31:07,526] Trial 78 finished with value: 0.9162844036697247 and parameters: {'batch_size': 64, 'frozen_layers': 0, 'classifier_dropout': 0.2, 'learning_rate': 5e-05, 'weight_decay': 1e-06}. Best is trial 67 with value: 0.9197247706422018.
[I 2026-02-13 11:55:32,087] Trial 79 finished with value: 0.9139908256880734 and parameters: {'batch_size': 32, 'frozen_layers': 6, 'classifier_dropout': 0.2, 'learning_rate': 5e-05, 'weight_decay': 0.0001}. Best is trial 67 with value: 0.9197247706422018.
[I 2026-02-13 12:19:52,212] Trial 80 finished with value: 0.9139908256880734 and parameters: {'batch_size': 32, 'frozen_layers': 6, 'classifier_dropout': 0.4, 'learning_rate': 5e-05, 'weight_decay': 1e-06}. Best is trial 67 with value: 0.9197247706422018.
[I 2026-02-13 12:46:14,158] Trial 81 finished with value: 0.9094036697247706 and parameters: {'batch_size': 32, 'frozen_layers': 0, 'classifier_dropout': 0.2, 'learning_rate': 0.0001, 'weight_decay': 0.001}. Best is trial 67 with value: 0.9197247706422018.
[I 2026-02-13 13:11:42,832] Trial 82 finished with value: 0.9059633027522935 and parameters: {'batch_size': 32, 'frozen_layers': 2, 'classifier_dropout': 0.1, 'learning_rate': 0.0001, 'weight_decay': 1e-06}. Best is trial 67 with value: 0.9197247706422018.
[I 2026-02-13 13:38:01,052] Trial 83 finished with value: 0.9094036697247706 and parameters: {'batch_size': 32, 'frozen_layers': 0, 'classifier_dropout': 0.2, 'learning_rate': 1e-05, 'weight_decay': 1e-05}. Best is trial 67 with value: 0.9197247706422018.
[I 2026-02-13 14:06:44,023] Trial 84 finished with value: 0.9128440366972477 and parameters: {'batch_size': 16, 'frozen_layers': 4, 'classifier_dropout': 0.4, 'learning_rate': 1e-05, 'weight_decay': 0.001}. Best is trial 67 with value: 0.9197247706422018.
[I 2026-02-13 14:30:59,149] Trial 85 finished with value: 0.9139908256880734 and parameters: {'batch_size': 64, 'frozen_layers': 6, 'classifier_dropout': 0.2, 'learning_rate': 5e-05, 'weight_decay': 1e-05}. Best is trial 67 with value: 0.9197247706422018.
[I 2026-02-13 14:59:24,016] Trial 86 finished with value: 0.9174311926605505 and parameters: {'batch_size': 16, 'frozen_layers': 6, 'classifier_dropout': 0.1, 'learning_rate': 0.0001, 'weight_decay': 0.0001}. Best is trial 67 with value: 0.9197247706422018.
[I 2026-02-13 15:27:57,046] Trial 87 finished with value: 0.9174311926605505 and parameters: {'batch_size': 16, 'frozen_layers': 6, 'classifier_dropout': 0.3, 'learning_rate': 0.0001, 'weight_decay': 1e-05}. Best is trial 67 with value: 0.9197247706422018.
[I 2026-02-13 15:27:57,520] Trial 88 pruned. Duplicate hyper-parameters, same as those used in trial 86: {'batch_size': 16, 'frozen_layers': 6, 'classifier_dropout': 0.1, 'learning_rate': 0.0001, 'weight_decay': 0.0001}.
[I 2026-02-13 15:27:58,015] Trial 89 pruned. Duplicate hyper-parameters, same as those used in trial 87: {'batch_size': 16, 'frozen_layers': 6, 'classifier_dropout': 0.3, 'learning_rate': 0.0001, 'weight_decay': 1e-05}.
[I 2026-02-13 15:56:21,117] Trial 90 finished with value: 0.911697247706422 and parameters: {'batch_size': 16, 'frozen_layers': 6, 'classifier_dropout': 0.2, 'learning_rate': 3e-05, 'weight_decay': 1e-05}. Best is trial 67 with value: 0.9197247706422018.
[I 2026-02-13 16:24:47,103] Trial 91 finished with value: 0.9048165137614679 and parameters: {'batch_size': 16, 'frozen_layers': 6, 'classifier_dropout': 0.4, 'learning_rate': 0.0001, 'weight_decay': 0.001}. Best is trial 67 with value: 0.9197247706422018.
[I 2026-02-13 16:54:33,289] Trial 92 finished with value: 0.9139908256880734 and parameters: {'batch_size': 16, 'frozen_layers': 0, 'classifier_dropout': 0.4, 'learning_rate': 5e-05, 'weight_decay': 1e-06}. Best is trial 67 with value: 0.9197247706422018.
[I 2026-02-13 17:26:23,179] Trial 93 finished with value: 0.9048165137614679 and parameters: {'batch_size': 16, 'frozen_layers': 0, 'classifier_dropout': 0.2, 'learning_rate': 3e-05, 'weight_decay': 0.0001}. Best is trial 67 with value: 0.9197247706422018.
[I 2026-02-13 17:51:28,326] Trial 94 finished with value: 0.908256880733945 and parameters: {'batch_size': 32, 'frozen_layers': 4, 'classifier_dropout': 0.1, 'learning_rate': 3e-05, 'weight_decay': 1e-05}. Best is trial 67 with value: 0.9197247706422018.
[I 2026-02-13 18:17:07,580] Trial 95 finished with value: 0.9105504587155964 and parameters: {'batch_size': 32, 'frozen_layers': 2, 'classifier_dropout': 0.1, 'learning_rate': 3e-05, 'weight_decay': 0.001}. Best is trial 67 with value: 0.9197247706422018.
[I 2026-02-13 18:45:22,983] Trial 96 finished with value: 0.9071100917431193 and parameters: {'batch_size': 16, 'frozen_layers': 6, 'classifier_dropout': 0.1, 'learning_rate': 5e-05, 'weight_decay': 1e-06}. Best is trial 67 with value: 0.9197247706422018.
[I 2026-02-13 19:11:00,341] Trial 97 finished with value: 0.9185779816513762 and parameters: {'batch_size': 32, 'frozen_layers': 2, 'classifier_dropout': 0.2, 'learning_rate': 5e-05, 'weight_decay': 1e-06}. Best is trial 67 with value: 0.9197247706422018.
[I 2026-02-13 19:41:09,694] Trial 98 finished with value: 0.9185779816513762 and parameters: {'batch_size': 32, 'frozen_layers': 0, 'classifier_dropout': 0.3, 'learning_rate': 5e-05, 'weight_decay': 1e-06}. Best is trial 67 with value: 0.9197247706422018.
[I 2026-02-13 20:06:22,454] Trial 99 finished with value: 0.9059633027522935 and parameters: {'batch_size': 32, 'frozen_layers': 4, 'classifier_dropout': 0.3, 'learning_rate': 5e-05, 'weight_decay': 1e-06}. Best is trial 67 with value: 0.9197247706422018.
[I 2026-02-13 20:36:34,545] Trial 100 finished with value: 0.9185779816513762 and parameters: {'batch_size': 32, 'frozen_layers': 0, 'classifier_dropout': 0.1, 'learning_rate': 5e-05, 'weight_decay': 1e-06}. Best is trial 67 with value: 0.9197247706422018.
[I 2026-02-13 20:36:35,041] Trial 101 pruned. Duplicate hyper-parameters, same as those used in trial 100: {'batch_size': 32, 'frozen_layers': 0, 'classifier_dropout': 0.1, 'learning_rate': 5e-05, 'weight_decay': 1e-06}.
[I 2026-02-13 20:36:35,528] Trial 102 pruned. Duplicate hyper-parameters, same as those used in trial 98: {'batch_size': 32, 'frozen_layers': 0, 'classifier_dropout': 0.3, 'learning_rate': 5e-05, 'weight_decay': 1e-06}.
[I 2026-02-13 21:02:14,824] Trial 103 finished with value: 0.9151376146788991 and parameters: {'batch_size': 32, 'frozen_layers': 2, 'classifier_dropout': 0.3, 'learning_rate': 5e-05, 'weight_decay': 0.001}. Best is trial 67 with value: 0.9197247706422018.
[I 2026-02-13 21:02:15,497] Trial 104 pruned. Duplicate hyper-parameters, same as those used in trial 97: {'batch_size': 32, 'frozen_layers': 2, 'classifier_dropout': 0.2, 'learning_rate': 5e-05, 'weight_decay': 1e-06}.
[I 2026-02-13 21:31:30,473] Trial 105 finished with value: 0.908256880733945 and parameters: {'batch_size': 16, 'frozen_layers': 2, 'classifier_dropout': 0.1, 'learning_rate': 0.0001, 'weight_decay': 0.001}. Best is trial 67 with value: 0.9197247706422018.
[I 2026-02-13 22:00:50,395] Trial 106 finished with value: 0.9025229357798165 and parameters: {'batch_size': 16, 'frozen_layers': 2, 'classifier_dropout': 0.3, 'learning_rate': 5e-05, 'weight_decay': 1e-06}. Best is trial 67 with value: 0.9197247706422018.
[I 2026-02-13 22:25:03,801] Trial 107 finished with value: 0.9128440366972477 and parameters: {'batch_size': 64, 'frozen_layers': 6, 'classifier_dropout': 0.1, 'learning_rate': 0.0001, 'weight_decay': 0.0001}. Best is trial 67 with value: 0.9197247706422018.
[I 2026-02-13 22:53:41,245] Trial 108 finished with value: 0.9071100917431193 and parameters: {'batch_size': 16, 'frozen_layers': 6, 'classifier_dropout': 0.4, 'learning_rate': 5e-05, 'weight_decay': 0.0001}. Best is trial 67 with value: 0.9197247706422018.
[I 2026-02-13 23:19:28,356] Trial 109 finished with value: 0.9185779816513762 and parameters: {'batch_size': 32, 'frozen_layers': 2, 'classifier_dropout': 0.4, 'learning_rate': 5e-05, 'weight_decay': 0.0001}. Best is trial 67 with value: 0.9197247706422018.
[I 2026-02-13 23:48:03,239] Trial 110 finished with value: 0.9174311926605505 and parameters: {'batch_size': 16, 'frozen_layers': 6, 'classifier_dropout': 0.2, 'learning_rate': 0.0001, 'weight_decay': 1e-06}. Best is trial 67 with value: 0.9197247706422018.
[I 2026-02-13 23:48:03,856] Trial 111 pruned. Duplicate hyper-parameters, same as those used in trial 109: {'batch_size': 32, 'frozen_layers': 2, 'classifier_dropout': 0.4, 'learning_rate': 5e-05, 'weight_decay': 0.0001}.
[I 2026-02-14 00:13:38,831] Trial 112 finished with value: 0.9059633027522935 and parameters: {'batch_size': 64, 'frozen_layers': 2, 'classifier_dropout': 0.1, 'learning_rate': 5e-05, 'weight_decay': 1e-05}. Best is trial 67 with value: 0.9197247706422018.
[I 2026-02-14 00:39:24,783] Trial 113 finished with value: 0.9105504587155964 and parameters: {'batch_size': 32, 'frozen_layers': 2, 'classifier_dropout': 0.3, 'learning_rate': 3e-05, 'weight_decay': 1e-06}. Best is trial 67 with value: 0.9197247706422018.
[I 2026-02-14 01:05:08,497] Trial 114 finished with value: 0.9185779816513762 and parameters: {'batch_size': 32, 'frozen_layers': 2, 'classifier_dropout': 0.2, 'learning_rate': 5e-05, 'weight_decay': 0.0001}. Best is trial 67 with value: 0.9197247706422018.
[I 2026-02-14 01:05:08,980] Trial 115 pruned. Duplicate hyper-parameters, same as those used in trial 114: {'batch_size': 32, 'frozen_layers': 2, 'classifier_dropout': 0.2, 'learning_rate': 5e-05, 'weight_decay': 0.0001}.
[I 2026-02-14 01:30:40,730] Trial 116 finished with value: 0.9059633027522935 and parameters: {'batch_size': 64, 'frozen_layers': 2, 'classifier_dropout': 0.2, 'learning_rate': 5e-05, 'weight_decay': 0.0001}. Best is trial 67 with value: 0.9197247706422018.
[I 2026-02-14 01:59:22,816] Trial 117 finished with value: 0.9185779816513762 and parameters: {'batch_size': 16, 'frozen_layers': 4, 'classifier_dropout': 0.2, 'learning_rate': 5e-05, 'weight_decay': 0.0001}. Best is trial 67 with value: 0.9197247706422018.
[I 2026-02-14 02:29:36,453] Trial 118 finished with value: 0.9185779816513762 and parameters: {'batch_size': 32, 'frozen_layers': 0, 'classifier_dropout': 0.4, 'learning_rate': 5e-05, 'weight_decay': 0.0001}. Best is trial 67 with value: 0.9197247706422018.
[I 2026-02-14 02:58:15,823] Trial 119 finished with value: 0.9185779816513762 and parameters: {'batch_size': 16, 'frozen_layers': 4, 'classifier_dropout': 0.2, 'learning_rate': 5e-05, 'weight_decay': 1e-05}. Best is trial 67 with value: 0.9197247706422018.
[I 2026-02-14 02:58:16,385] Trial 120 pruned. Duplicate hyper-parameters, same as those used in trial 117: {'batch_size': 16, 'frozen_layers': 4, 'classifier_dropout': 0.2, 'learning_rate': 5e-05, 'weight_decay': 0.0001}.
[I 2026-02-14 03:26:57,596] Trial 121 finished with value: 0.9185779816513762 and parameters: {'batch_size': 16, 'frozen_layers': 4, 'classifier_dropout': 0.3, 'learning_rate': 5e-05, 'weight_decay': 0.0001}. Best is trial 67 with value: 0.9197247706422018.
[I 2026-02-14 03:57:08,171] Trial 122 finished with value: 0.9185779816513762 and parameters: {'batch_size': 32, 'frozen_layers': 0, 'classifier_dropout': 0.4, 'learning_rate': 5e-05, 'weight_decay': 1e-05}. Best is trial 67 with value: 0.9197247706422018.
[I 2026-02-14 03:57:08,897] Trial 123 pruned. Duplicate hyper-parameters, same as those used in trial 118: {'batch_size': 32, 'frozen_layers': 0, 'classifier_dropout': 0.4, 'learning_rate': 5e-05, 'weight_decay': 0.0001}.
[I 2026-02-14 04:27:20,267] Trial 124 finished with value: 0.9185779816513762 and parameters: {'batch_size': 32, 'frozen_layers': 0, 'classifier_dropout': 0.3, 'learning_rate': 5e-05, 'weight_decay': 0.0001}. Best is trial 67 with value: 0.9197247706422018.
[I 2026-02-14 04:53:01,926] Trial 125 finished with value: 0.9151376146788991 and parameters: {'batch_size': 32, 'frozen_layers': 2, 'classifier_dropout': 0.2, 'learning_rate': 5e-05, 'weight_decay': 0.001}. Best is trial 67 with value: 0.9197247706422018.
[I 2026-02-14 05:21:53,392] Trial 126 finished with value: 0.9174311926605505 and parameters: {'batch_size': 16, 'frozen_layers': 4, 'classifier_dropout': 0.4, 'learning_rate': 3e-05, 'weight_decay': 0.0001}. Best is trial 67 with value: 0.9197247706422018.
[I 2026-02-14 05:50:33,224] Trial 127 finished with value: 0.9128440366972477 and parameters: {'batch_size': 16, 'frozen_layers': 4, 'classifier_dropout': 0.2, 'learning_rate': 1e-05, 'weight_decay': 1e-06}. Best is trial 67 with value: 0.9197247706422018.
[I 2026-02-14 06:16:20,532] Trial 128 finished with value: 0.9105504587155964 and parameters: {'batch_size': 32, 'frozen_layers': 2, 'classifier_dropout': 0.2, 'learning_rate': 3e-05, 'weight_decay': 1e-05}. Best is trial 67 with value: 0.9197247706422018.
[I 2026-02-14 06:42:03,302] Trial 129 finished with value: 0.9185779816513762 and parameters: {'batch_size': 32, 'frozen_layers': 2, 'classifier_dropout': 0.4, 'learning_rate': 5e-05, 'weight_decay': 1e-06}. Best is trial 67 with value: 0.9197247706422018.
[I 2026-02-14 07:10:51,488] Trial 130 finished with value: 0.9185779816513762 and parameters: {'batch_size': 16, 'frozen_layers': 4, 'classifier_dropout': 0.4, 'learning_rate': 5e-05, 'weight_decay': 1e-06}. Best is trial 67 with value: 0.9197247706422018.
[I 2026-02-14 07:10:51,989] Trial 131 pruned. Duplicate hyper-parameters, same as those used in trial 119: {'batch_size': 16, 'frozen_layers': 4, 'classifier_dropout': 0.2, 'learning_rate': 5e-05, 'weight_decay': 1e-05}.
[I 2026-02-14 07:37:16,319] Trial 132 finished with value: 0.9094036697247706 and parameters: {'batch_size': 32, 'frozen_layers': 0, 'classifier_dropout': 0.4, 'learning_rate': 1e-05, 'weight_decay': 0.0001}. Best is trial 67 with value: 0.9197247706422018.
[I 2026-02-14 08:03:00,277] Trial 133 finished with value: 0.9059633027522935 and parameters: {'batch_size': 32, 'frozen_layers': 2, 'classifier_dropout': 0.4, 'learning_rate': 0.0001, 'weight_decay': 0.0001}. Best is trial 67 with value: 0.9197247706422018.
[I 2026-02-14 08:32:37,818] Trial 134 finished with value: 0.9025229357798165 and parameters: {'batch_size': 16, 'frozen_layers': 2, 'classifier_dropout': 0.4, 'learning_rate': 5e-05, 'weight_decay': 0.0001}. Best is trial 67 with value: 0.9197247706422018.
[I 2026-02-14 09:02:46,999] Trial 135 finished with value: 0.9185779816513762 and parameters: {'batch_size': 32, 'frozen_layers': 0, 'classifier_dropout': 0.2, 'learning_rate': 5e-05, 'weight_decay': 1e-06}. Best is trial 67 with value: 0.9197247706422018.
[I 2026-02-14 09:27:11,358] Trial 136 finished with value: 0.9139908256880734 and parameters: {'batch_size': 32, 'frozen_layers': 6, 'classifier_dropout': 0.3, 'learning_rate': 5e-05, 'weight_decay': 1e-06}. Best is trial 67 with value: 0.9197247706422018.
[I 2026-02-14 09:52:26,287] Trial 137 finished with value: 0.9197247706422018 and parameters: {'batch_size': 32, 'frozen_layers': 4, 'classifier_dropout': 0.4, 'learning_rate': 0.0001, 'weight_decay': 0.001}. Best is trial 67 with value: 0.9197247706422018.
[I 2026-02-14 10:18:06,275] Trial 138 finished with value: 0.9185779816513762 and parameters: {'batch_size': 32, 'frozen_layers': 2, 'classifier_dropout': 0.1, 'learning_rate': 5e-05, 'weight_decay': 0.0001}. Best is trial 67 with value: 0.9197247706422018.
[I 2026-02-14 10:18:06,733] Trial 139 pruned. Duplicate hyper-parameters, same as those used in trial 137: {'batch_size': 32, 'frozen_layers': 4, 'classifier_dropout': 0.4, 'learning_rate': 0.0001, 'weight_decay': 0.001}.
[I 2026-02-14 10:43:17,797] Trial 140 finished with value: 0.9197247706422018 and parameters: {'batch_size': 32, 'frozen_layers': 4, 'classifier_dropout': 0.3, 'learning_rate': 0.0001, 'weight_decay': 0.001}. Best is trial 67 with value: 0.9197247706422018.
[I 2026-02-14 11:08:12,671] Trial 141 finished with value: 0.9025229357798165 and parameters: {'batch_size': 64, 'frozen_layers': 4, 'classifier_dropout': 0.3, 'learning_rate': 0.0001, 'weight_decay': 0.001}. Best is trial 67 with value: 0.9197247706422018.
[I 2026-02-14 11:37:22,503] Trial 142 finished with value: 0.9025229357798165 and parameters: {'batch_size': 16, 'frozen_layers': 2, 'classifier_dropout': 0.2, 'learning_rate': 5e-05, 'weight_decay': 1e-06}. Best is trial 67 with value: 0.9197247706422018.
[I 2026-02-14 12:03:04,414] Trial 143 finished with value: 0.9185779816513762 and parameters: {'batch_size': 32, 'frozen_layers': 2, 'classifier_dropout': 0.3, 'learning_rate': 5e-05, 'weight_decay': 1e-05}. Best is trial 67 with value: 0.9197247706422018.
[I 2026-02-14 12:03:04,942] Trial 144 pruned. Duplicate hyper-parameters, same as those used in trial 140: {'batch_size': 32, 'frozen_layers': 4, 'classifier_dropout': 0.3, 'learning_rate': 0.0001, 'weight_decay': 0.001}.
[I 2026-02-14 12:28:17,190] Trial 145 finished with value: 0.9162844036697247 and parameters: {'batch_size': 32, 'frozen_layers': 4, 'classifier_dropout': 0.1, 'learning_rate': 1e-05, 'weight_decay': 0.001}. Best is trial 67 with value: 0.9197247706422018.
[I 2026-02-14 12:53:29,948] Trial 146 finished with value: 0.9162844036697247 and parameters: {'batch_size': 32, 'frozen_layers': 4, 'classifier_dropout': 0.4, 'learning_rate': 0.0001, 'weight_decay': 1e-06}. Best is trial 67 with value: 0.9197247706422018.
[I 2026-02-14 13:22:12,583] Trial 147 finished with value: 0.9185779816513762 and parameters: {'batch_size': 16, 'frozen_layers': 4, 'classifier_dropout': 0.1, 'learning_rate': 5e-05, 'weight_decay': 0.0001}. Best is trial 67 with value: 0.9197247706422018.
[I 2026-02-14 13:48:35,001] Trial 148 finished with value: 0.9185779816513762 and parameters: {'batch_size': 32, 'frozen_layers': 0, 'classifier_dropout': 0.1, 'learning_rate': 5e-05, 'weight_decay': 0.001}. Best is trial 67 with value: 0.9197247706422018.
[I 2026-02-14 14:13:02,669] Trial 149 finished with value: 0.9071100917431193 and parameters: {'batch_size': 32, 'frozen_layers': 6, 'classifier_dropout': 0.1, 'learning_rate': 0.0001, 'weight_decay': 0.001}. Best is trial 67 with value: 0.9197247706422018.
[I 2026-02-14 14:38:16,695] Trial 150 finished with value: 0.9151376146788991 and parameters: {'batch_size': 32, 'frozen_layers': 4, 'classifier_dropout': 0.3, 'learning_rate': 2e-05, 'weight_decay': 0.001}. Best is trial 67 with value: 0.9197247706422018.
[I 2026-02-14 15:03:30,352] Trial 151 finished with value: 0.9059633027522935 and parameters: {'batch_size': 32, 'frozen_layers': 4, 'classifier_dropout': 0.4, 'learning_rate': 5e-05, 'weight_decay': 0.0001}. Best is trial 67 with value: 0.9197247706422018.
[I 2026-02-14 15:29:38,694] Trial 152 finished with value: 0.9162844036697247 and parameters: {'batch_size': 64, 'frozen_layers': 0, 'classifier_dropout': 0.4, 'learning_rate': 5e-05, 'weight_decay': 0.0001}. Best is trial 67 with value: 0.9197247706422018.
[I 2026-02-14 15:56:03,302] Trial 153 finished with value: 0.9094036697247706 and parameters: {'batch_size': 32, 'frozen_layers': 0, 'classifier_dropout': 0.4, 'learning_rate': 0.0001, 'weight_decay': 0.001}. Best is trial 67 with value: 0.9197247706422018.
[I 2026-02-14 16:21:11,940] Trial 154 finished with value: 0.9059633027522935 and parameters: {'batch_size': 32, 'frozen_layers': 4, 'classifier_dropout': 0.2, 'learning_rate': 5e-05, 'weight_decay': 1e-06}. Best is trial 67 with value: 0.9197247706422018.
[I 2026-02-14 16:46:23,111] Trial 155 finished with value: 0.908256880733945 and parameters: {'batch_size': 32, 'frozen_layers': 4, 'classifier_dropout': 0.4, 'learning_rate': 3e-05, 'weight_decay': 0.001}. Best is trial 67 with value: 0.9197247706422018.
[I 2026-02-14 17:12:40,715] Trial 156 finished with value: 0.8956422018348624 and parameters: {'batch_size': 32, 'frozen_layers': 0, 'classifier_dropout': 0.3, 'learning_rate': 0.0001, 'weight_decay': 1e-06}. Best is trial 67 with value: 0.9197247706422018.
[I 2026-02-14 17:38:22,208] Trial 157 finished with value: 0.9105504587155964 and parameters: {'batch_size': 32, 'frozen_layers': 2, 'classifier_dropout': 0.2, 'learning_rate': 2e-05, 'weight_decay': 0.0001}. Best is trial 67 with value: 0.9197247706422018.
[I 2026-02-14 18:03:35,880] Trial 158 finished with value: 0.9162844036697247 and parameters: {'batch_size': 32, 'frozen_layers': 4, 'classifier_dropout': 0.1, 'learning_rate': 0.0001, 'weight_decay': 1e-05}. Best is trial 67 with value: 0.9197247706422018.
[I 2026-02-14 18:28:01,094] Trial 159 finished with value: 0.9139908256880734 and parameters: {'batch_size': 32, 'frozen_layers': 6, 'classifier_dropout': 0.1, 'learning_rate': 5e-05, 'weight_decay': 1e-06}. Best is trial 67 with value: 0.9197247706422018.
[I 2026-02-14 18:52:29,147] Trial 160 finished with value: 0.9139908256880734 and parameters: {'batch_size': 32, 'frozen_layers': 6, 'classifier_dropout': 0.4, 'learning_rate': 5e-05, 'weight_decay': 0.0001}. Best is trial 67 with value: 0.9197247706422018.
[I 2026-02-14 19:22:05,879] Trial 161 finished with value: 0.9139908256880734 and parameters: {'batch_size': 16, 'frozen_layers': 0, 'classifier_dropout': 0.2, 'learning_rate': 5e-05, 'weight_decay': 0.0001}. Best is trial 67 with value: 0.9197247706422018.
[I 2026-02-14 19:50:49,429] Trial 162 finished with value: 0.9185779816513762 and parameters: {'batch_size': 16, 'frozen_layers': 4, 'classifier_dropout': 0.3, 'learning_rate': 5e-05, 'weight_decay': 1e-05}. Best is trial 67 with value: 0.9197247706422018.
[I 2026-02-14 20:16:01,910] Trial 163 finished with value: 0.9197247706422018 and parameters: {'batch_size': 32, 'frozen_layers': 4, 'classifier_dropout': 0.2, 'learning_rate': 0.0001, 'weight_decay': 0.001}. Best is trial 67 with value: 0.9197247706422018.
[I 2026-02-14 20:16:02,507] Trial 164 pruned. Duplicate hyper-parameters, same as those used in trial 163: {'batch_size': 32, 'frozen_layers': 4, 'classifier_dropout': 0.2, 'learning_rate': 0.0001, 'weight_decay': 0.001}.
[I 2026-02-14 20:45:41,465] Trial 165 finished with value: 0.9139908256880734 and parameters: {'batch_size': 16, 'frozen_layers': 0, 'classifier_dropout': 0.2, 'learning_rate': 5e-05, 'weight_decay': 1e-05}. Best is trial 67 with value: 0.9197247706422018.
[I 2026-02-14 21:14:37,439] Trial 166 finished with value: 0.8990825688073395 and parameters: {'batch_size': 16, 'frozen_layers': 4, 'classifier_dropout': 0.2, 'learning_rate': 0.0001, 'weight_decay': 0.001}. Best is trial 67 with value: 0.9197247706422018.
[I 2026-02-14 21:39:02,398] Trial 167 finished with value: 0.9139908256880734 and parameters: {'batch_size': 32, 'frozen_layers': 6, 'classifier_dropout': 0.2, 'learning_rate': 5e-05, 'weight_decay': 1e-05}. Best is trial 67 with value: 0.9197247706422018.
[I 2026-02-14 22:08:22,339] Trial 168 finished with value: 0.908256880733945 and parameters: {'batch_size': 16, 'frozen_layers': 2, 'classifier_dropout': 0.2, 'learning_rate': 1e-05, 'weight_decay': 0.0001}. Best is trial 67 with value: 0.9197247706422018.
[I 2026-02-14 22:34:03,164] Trial 169 finished with value: 0.9059633027522935 and parameters: {'batch_size': 32, 'frozen_layers': 2, 'classifier_dropout': 0.2, 'learning_rate': 0.0001, 'weight_decay': 1e-05}. Best is trial 67 with value: 0.9197247706422018.
[I 2026-02-14 22:58:54,265] Trial 170 finished with value: 0.9094036697247706 and parameters: {'batch_size': 64, 'frozen_layers': 4, 'classifier_dropout': 0.2, 'learning_rate': 5e-05, 'weight_decay': 0.0001}. Best is trial 67 with value: 0.9197247706422018.
[I 2026-02-14 23:27:55,394] Trial 171 finished with value: 0.911697247706422 and parameters: {'batch_size': 16, 'frozen_layers': 4, 'classifier_dropout': 0.3, 'learning_rate': 0.0001, 'weight_decay': 0.0001}. Best is trial 67 with value: 0.9197247706422018.
[I 2026-02-14 23:53:33,115] Trial 172 finished with value: 0.9185779816513762 and parameters: {'batch_size': 32, 'frozen_layers': 2, 'classifier_dropout': 0.3, 'learning_rate': 5e-05, 'weight_decay': 0.0001}. Best is trial 67 with value: 0.9197247706422018.
[I 2026-02-14 23:53:33,945] Trial 173 pruned. Duplicate hyper-parameters, same as those used in trial 121: {'batch_size': 16, 'frozen_layers': 4, 'classifier_dropout': 0.3, 'learning_rate': 5e-05, 'weight_decay': 0.0001}.
[I 2026-02-15 00:19:12,833] Trial 174 finished with value: 0.9185779816513762 and parameters: {'batch_size': 32, 'frozen_layers': 2, 'classifier_dropout': 0.1, 'learning_rate': 5e-05, 'weight_decay': 1e-05}. Best is trial 67 with value: 0.9197247706422018.

[UPDATE] Unbound limits: {'batch_size': (np.int64(16), np.int64(64)), 'frozen_layers': (np.int64(2), np.int64(6)), 'classifier_dropout': (np.float64(0.1), np.float64(0.4)), 'learning_rate': (np.float64(5e-05), np.float64(0.0001)), 'weight_decay': (np.float64(0.0001), np.float64(0.001))}
[I 2026-02-15 00:19:13,346] A new study created in RDB with name: SST-2-Fine-tuning-unbound
[I 2026-02-15 00:19:13,421] Trial 0 finished with value: 0.9197247706422018 and parameters: {'batch_size': 32, 'frozen_layers': 4, 'classifier_dropout': 0.1, 'learning_rate': 0.0001, 'weight_decay': 0.001}.
[I 2026-02-15 00:19:13,421] Trial 1 finished with value: 0.9197247706422018 and parameters: {'batch_size': 32, 'frozen_layers': 4, 'classifier_dropout': 0.4, 'learning_rate': 0.0001, 'weight_decay': 0.001}.
[I 2026-02-15 00:19:13,421] Trial 2 finished with value: 0.9197247706422018 and parameters: {'batch_size': 32, 'frozen_layers': 4, 'classifier_dropout': 0.3, 'learning_rate': 0.0001, 'weight_decay': 0.001}.
[I 2026-02-15 00:43:38,233] Trial 3 finished with value: 0.9128440366972477 and parameters: {'batch_size': 32, 'frozen_layers': 6, 'classifier_dropout': 0.31959818254342154, 'learning_rate': 7.57153902708686e-05, 'weight_decay': 0.0001432249371823026}. Best is trial 0 with value: 0.9197247706422018.
[I 2026-02-15 01:20:42,336] Trial 4 finished with value: 0.9025229357798165 and parameters: {'batch_size': 24, 'frozen_layers': 2, 'classifier_dropout': 0.3598528437324806, 'learning_rate': 7.584442335012204e-05, 'weight_decay': 0.0005105903209394755}. Best is trial 0 with value: 0.9197247706422018.
[I 2026-02-15 01:49:38,829] Trial 5 finished with value: 0.9208715596330275 and parameters: {'batch_size': 16, 'frozen_layers': 6, 'classifier_dropout': 0.34973279224012654, 'learning_rate': 5.792825495506353e-05, 'weight_decay': 0.0001519934830130982}. Best is trial 5 with value: 0.9208715596330275.
[I 2026-02-15 02:15:32,228] Trial 6 finished with value: 0.9071100917431193 and parameters: {'batch_size': 24, 'frozen_layers': 3, 'classifier_dropout': 0.2574269294896714, 'learning_rate': 6.745255603940727e-05, 'weight_decay': 0.00019553708662745247}. Best is trial 5 with value: 0.9208715596330275.
[I 2026-02-15 02:41:11,719] Trial 7 finished with value: 0.911697247706422 and parameters: {'batch_size': 48, 'frozen_layers': 2, 'classifier_dropout': 0.18764339456056545, 'learning_rate': 6.445489547191887e-05, 'weight_decay': 0.0002858051065806936}. Best is trial 5 with value: 0.9208715596330275.
[I 2026-02-15 03:06:37,105] Trial 8 finished with value: 0.9059633027522935 and parameters: {'batch_size': 56, 'frozen_layers': 2, 'classifier_dropout': 0.2542703315240835, 'learning_rate': 7.538840576969886e-05, 'weight_decay': 0.00011128853174905746}. Best is trial 5 with value: 0.9208715596330275.
[I 2026-02-15 03:32:16,112] Trial 9 finished with value: 0.9174311926605505 and parameters: {'batch_size': 48, 'frozen_layers': 2, 'classifier_dropout': 0.11951547789558387, 'learning_rate': 9.651904440775355e-05, 'weight_decay': 0.0009239150319627245}. Best is trial 5 with value: 0.9208715596330275.
[I 2026-02-15 03:57:38,462] Trial 10 finished with value: 0.9208715596330275 and parameters: {'batch_size': 56, 'frozen_layers': 3, 'classifier_dropout': 0.12930163420191518, 'learning_rate': 8.034237566240418e-05, 'weight_decay': 0.00027551959649510803}. Best is trial 5 with value: 0.9208715596330275.
[I 2026-02-15 04:26:30,514] Trial 11 finished with value: 0.8990825688073395 and parameters: {'batch_size': 16, 'frozen_layers': 4, 'classifier_dropout': 0.11031655633456552, 'learning_rate': 9.390802805515341e-05, 'weight_decay': 0.00018145961353490273}. Best is trial 5 with value: 0.9208715596330275.
[I 2026-02-15 04:51:59,640] Trial 12 finished with value: 0.9094036697247706 and parameters: {'batch_size': 48, 'frozen_layers': 3, 'classifier_dropout': 0.2560204063533433, 'learning_rate': 7.303755012255128e-05, 'weight_decay': 0.0001530574436550019}. Best is trial 5 with value: 0.9208715596330275.
[I 2026-02-15 05:16:35,773] Trial 13 finished with value: 0.908256880733945 and parameters: {'batch_size': 64, 'frozen_layers': 5, 'classifier_dropout': 0.38184968246925677, 'learning_rate': 9.296936780589202e-05, 'weight_decay': 0.00039618677904065835}. Best is trial 5 with value: 0.9208715596330275.
[I 2026-02-15 05:41:58,876] Trial 14 finished with value: 0.9094036697247706 and parameters: {'batch_size': 64, 'frozen_layers': 2, 'classifier_dropout': 0.15879485872574356, 'learning_rate': 5.159228641444239e-05, 'weight_decay': 0.00021150972021685588}. Best is trial 5 with value: 0.9208715596330275.
slurmstepd: error: *** JOB 2131765 ON kn077 CANCELLED AT 2026-02-15T05:42:04 DUE TO TIME LIMIT ***
