SLURM NODE: kn069
[I 2026-02-27 06:41:58,905] Using an existing study with name 'IMDb-Fine-tuning-Truncated' instead of creating a new one.
Unbound optimization already completed.

[UPDATE] Unbound limits: {'batch_size': (np.int64(16), np.int64(64)), 'frozen_layers': (np.int64(0), np.int64(2)), 'classifier_dropout': (np.float64(0.2), np.float64(0.4)), 'learning_rate': (np.float64(1e-05), np.float64(3e-05)), 'weight_decay': (np.float64(1e-06), np.float64(0.001))}
[I 2026-02-27 06:41:59,551] Using an existing study with name 'IMDb-Fine-tuning-Truncated-unbound' instead of creating a new one.
Unbound optimization already completed.

[TRIAL] 31 [VALIDATION PERFORMANCE] 0.931 [TRAINING LOSS] 0.17817578870600786 [VALIDATION LOSS] 0.1874827812455452 

number                     			 31
value                      			 0.931
params_batch_size          			 32
params_classifier_dropout  			 0.27271109887435985
params_frozen_layers       			 0
params_learning_rate       			 1.8595219758234258e-05
params_weight_decay        			 1.152991240097361e-05
user_attrs_duplicate       			 False
user_attrs_epoch           			 2.0
user_attrs_training_loss   			 0.17817578870600786
user_attrs_validation_loss 			 0.1874827812455452

[37] VALIDATION: 0.9352 TESTING: 0.93664
[38] VALIDATION: 0.9288 TESTING: 0.92876
[39] VALIDATION: 0.9328 TESTING: 0.93852
[40] VALIDATION: 0.93 TESTING: 0.93292
[41] VALIDATION: 0.9252 TESTING: 0.92664
[42] VALIDATION: 0.933 TESTING: 0.93328
[43] VALIDATION: 0.926 TESTING: 0.92796
[44] VALIDATION: 0.9376 TESTING: 0.937
[45] VALIDATION: 0.9256 TESTING: 0.92788
[46] VALIDATION: 0.9328 TESTING: 0.93392

Validation performance: 92.52 & 93.07 ± 0.43 & 93.76
Testing performance: 92.66 & 93.24 ± 0.43 & 93.85

[TRIAL] 76 [VALIDATION PERFORMANCE] 0.9306 [TRAINING LOSS] 0.1808941648624385 [VALIDATION LOSS] 0.18852346491329608 

number                     			 76
value                      			 0.9306
params_batch_size          			 32
params_classifier_dropout  			 0.37687168017224976
params_frozen_layers       			 0
params_learning_rate       			 1.6913137970052855e-05
params_weight_decay        			 1.7860440113455325e-05
user_attrs_duplicate       			 False
user_attrs_epoch           			 2.0
user_attrs_training_loss   			 0.1808941648624385
user_attrs_validation_loss 			 0.18852346491329608

[37] VALIDATION: 0.9316 TESTING: 0.93484
[38] VALIDATION: 0.9234 TESTING: 0.92608
[39] VALIDATION: 0.934 TESTING: 0.9382
[40] VALIDATION: 0.934 TESTING: 0.935
[41] VALIDATION: 0.9246 TESTING: 0.93196
[42] VALIDATION: 0.9318 TESTING: 0.93372
[43] VALIDATION: 0.9276 TESTING: 0.92788
[44] VALIDATION: 0.9326 TESTING: 0.93484
[45] VALIDATION: 0.9338 TESTING: 0.93676
[46] VALIDATION: 0.932 TESTING: 0.9358

Validation performance: 92.34 & 93.05 ± 0.39 & 93.4
Testing performance: 92.61 & 93.35 ± 0.38 & 93.82

[TRIAL] 82 [VALIDATION PERFORMANCE] 0.9302 [TRAINING LOSS] 0.17959473048821806 [VALIDATION LOSS] 0.1882143566728967 

number                     			 82
value                      			 0.9302
params_batch_size          			 32
params_classifier_dropout  			 0.3389044161649195
params_frozen_layers       			 0
params_learning_rate       			 1.8451766614913403e-05
params_weight_decay        			 3.5354656007632106e-06
user_attrs_duplicate       			 False
user_attrs_epoch           			 2.0
user_attrs_training_loss   			 0.17959473048821806
user_attrs_validation_loss 			 0.1882143566728967

[37] VALIDATION: 0.9322 TESTING: 0.93444
[38] VALIDATION: 0.9268 TESTING: 0.92816
[39] VALIDATION: 0.933 TESTING: 0.93732
[40] VALIDATION: 0.9396 TESTING: 0.9396
[41] VALIDATION: 0.9242 TESTING: 0.92644
[42] VALIDATION: 0.9338 TESTING: 0.93508
[43] VALIDATION: 0.926 TESTING: 0.93008
[44] VALIDATION: 0.9348 TESTING: 0.93596
[45] VALIDATION: 0.9268 TESTING: 0.92892
[46] VALIDATION: 0.9328 TESTING: 0.93484

Validation performance: 92.42 & 93.1 ± 0.48 & 93.96
Testing performance: 92.64 & 93.31 ± 0.44 & 93.96

[IMDb] Elapsed time: 1831.5137971758843 minutes.
