SLURM NODE: kn065
[I 2026-04-08 05:02:23,998] A new study created in RDB with name: IMDb-1k-Fine-tuning-Truncated
[I 2026-04-08 05:06:05,393] Trial 0 finished with value: 0.7575757575757576 and parameters: {'batch_size': 32, 'frozen_layers': 0, 'classifier_dropout': 0.1, 'learning_rate': 1e-05, 'weight_decay': 1e-05}. Best is trial 0 with value: 0.7575757575757576.
[I 2026-04-08 05:08:30,915] Trial 1 finished with value: 0.7818181818181819 and parameters: {'batch_size': 16, 'frozen_layers': 4, 'classifier_dropout': 0.4, 'learning_rate': 5e-05, 'weight_decay': 0.0001}. Best is trial 1 with value: 0.7818181818181819.
[I 2026-04-08 05:11:52,116] Trial 2 finished with value: 0.7757575757575758 and parameters: {'batch_size': 32, 'frozen_layers': 0, 'classifier_dropout': 0.4, 'learning_rate': 2e-05, 'weight_decay': 0.001}. Best is trial 1 with value: 0.7818181818181819.
[I 2026-04-08 05:14:58,527] Trial 3 finished with value: 0.7454545454545455 and parameters: {'batch_size': 64, 'frozen_layers': 4, 'classifier_dropout': 0.3, 'learning_rate': 3e-05, 'weight_decay': 1e-06}. Best is trial 1 with value: 0.7818181818181819.
[I 2026-04-08 05:17:41,185] Trial 4 finished with value: 0.793939393939394 and parameters: {'batch_size': 16, 'frozen_layers': 6, 'classifier_dropout': 0.2, 'learning_rate': 5e-05, 'weight_decay': 1e-06}. Best is trial 4 with value: 0.793939393939394.
[I 2026-04-08 05:20:57,543] Trial 5 finished with value: 0.7757575757575758 and parameters: {'batch_size': 32, 'frozen_layers': 2, 'classifier_dropout': 0.1, 'learning_rate': 2e-05, 'weight_decay': 0.0001}. Best is trial 4 with value: 0.793939393939394.
[I 2026-04-08 05:23:42,090] Trial 6 finished with value: 0.8242424242424242 and parameters: {'batch_size': 32, 'frozen_layers': 6, 'classifier_dropout': 0.1, 'learning_rate': 5e-05, 'weight_decay': 0.001}. Best is trial 6 with value: 0.8242424242424242.
[I 2026-04-08 05:26:23,385] Trial 7 finished with value: 0.793939393939394 and parameters: {'batch_size': 16, 'frozen_layers': 6, 'classifier_dropout': 0.4, 'learning_rate': 5e-05, 'weight_decay': 1e-05}. Best is trial 6 with value: 0.8242424242424242.
[I 2026-04-08 05:29:10,904] Trial 8 finished with value: 0.7818181818181819 and parameters: {'batch_size': 64, 'frozen_layers': 4, 'classifier_dropout': 0.4, 'learning_rate': 5e-05, 'weight_decay': 0.0001}. Best is trial 6 with value: 0.8242424242424242.
[I 2026-04-08 05:32:32,842] Trial 9 finished with value: 0.7757575757575758 and parameters: {'batch_size': 64, 'frozen_layers': 0, 'classifier_dropout': 0.1, 'learning_rate': 2e-05, 'weight_decay': 1e-05}. Best is trial 6 with value: 0.8242424242424242.
[I 2026-04-08 05:35:00,943] Trial 10 finished with value: 0.7454545454545455 and parameters: {'batch_size': 16, 'frozen_layers': 0, 'classifier_dropout': 0.1, 'learning_rate': 5e-05, 'weight_decay': 0.001}. Best is trial 6 with value: 0.8242424242424242.
[I 2026-04-08 05:37:23,496] Trial 11 finished with value: 0.7878787878787878 and parameters: {'batch_size': 16, 'frozen_layers': 6, 'classifier_dropout': 0.2, 'learning_rate': 0.0001, 'weight_decay': 0.0001}. Best is trial 6 with value: 0.8242424242424242.
[I 2026-04-08 05:40:36,509] Trial 12 finished with value: 0.8 and parameters: {'batch_size': 32, 'frozen_layers': 4, 'classifier_dropout': 0.1, 'learning_rate': 2e-05, 'weight_decay': 1e-06}. Best is trial 6 with value: 0.8242424242424242.
[I 2026-04-08 05:43:29,884] Trial 13 finished with value: 0.7878787878787878 and parameters: {'batch_size': 32, 'frozen_layers': 2, 'classifier_dropout': 0.4, 'learning_rate': 3e-05, 'weight_decay': 1e-06}. Best is trial 6 with value: 0.8242424242424242.
[I 2026-04-08 05:46:41,385] Trial 14 finished with value: 0.7878787878787878 and parameters: {'batch_size': 16, 'frozen_layers': 2, 'classifier_dropout': 0.3, 'learning_rate': 2e-05, 'weight_decay': 1e-06}. Best is trial 6 with value: 0.8242424242424242.
[I 2026-04-08 05:49:48,449] Trial 15 finished with value: 0.7454545454545455 and parameters: {'batch_size': 64, 'frozen_layers': 4, 'classifier_dropout': 0.2, 'learning_rate': 3e-05, 'weight_decay': 1e-06}. Best is trial 6 with value: 0.8242424242424242.
[I 2026-04-08 05:53:09,013] Trial 16 finished with value: 0.7272727272727273 and parameters: {'batch_size': 32, 'frozen_layers': 2, 'classifier_dropout': 0.1, 'learning_rate': 1e-05, 'weight_decay': 1e-06}. Best is trial 6 with value: 0.8242424242424242.
[I 2026-04-08 05:56:40,369] Trial 17 finished with value: 0.7515151515151515 and parameters: {'batch_size': 16, 'frozen_layers': 6, 'classifier_dropout': 0.3, 'learning_rate': 1e-05, 'weight_decay': 0.0001}. Best is trial 6 with value: 0.8242424242424242.
[I 2026-04-08 05:59:45,423] Trial 18 finished with value: 0.806060606060606 and parameters: {'batch_size': 32, 'frozen_layers': 6, 'classifier_dropout': 0.1, 'learning_rate': 3e-05, 'weight_decay': 1e-06}. Best is trial 6 with value: 0.8242424242424242.
[I 2026-04-08 06:02:00,450] Trial 19 finished with value: 0.7575757575757576 and parameters: {'batch_size': 32, 'frozen_layers': 0, 'classifier_dropout': 0.4, 'learning_rate': 0.0001, 'weight_decay': 1e-06}. Best is trial 6 with value: 0.8242424242424242.
[I 2026-04-08 06:05:14,823] Trial 20 finished with value: 0.8 and parameters: {'batch_size': 32, 'frozen_layers': 4, 'classifier_dropout': 0.2, 'learning_rate': 2e-05, 'weight_decay': 0.001}. Best is trial 6 with value: 0.8242424242424242.
[I 2026-04-08 06:08:46,906] Trial 21 finished with value: 0.7878787878787878 and parameters: {'batch_size': 16, 'frozen_layers': 4, 'classifier_dropout': 0.1, 'learning_rate': 1e-05, 'weight_decay': 1e-05}. Best is trial 6 with value: 0.8242424242424242.
[I 2026-04-08 06:11:51,740] Trial 22 finished with value: 0.806060606060606 and parameters: {'batch_size': 32, 'frozen_layers': 6, 'classifier_dropout': 0.4, 'learning_rate': 3e-05, 'weight_decay': 1e-05}. Best is trial 6 with value: 0.8242424242424242.
[I 2026-04-08 06:14:43,649] Trial 23 finished with value: 0.806060606060606 and parameters: {'batch_size': 64, 'frozen_layers': 2, 'classifier_dropout': 0.3, 'learning_rate': 0.0001, 'weight_decay': 0.0001}. Best is trial 6 with value: 0.8242424242424242.
[I 2026-04-08 06:17:58,406] Trial 24 finished with value: 0.7393939393939394 and parameters: {'batch_size': 32, 'frozen_layers': 4, 'classifier_dropout': 0.2, 'learning_rate': 1e-05, 'weight_decay': 0.001}. Best is trial 6 with value: 0.8242424242424242.
[I 2026-04-08 06:21:05,191] Trial 25 finished with value: 0.7878787878787878 and parameters: {'batch_size': 16, 'frozen_layers': 6, 'classifier_dropout': 0.2, 'learning_rate': 2e-05, 'weight_decay': 0.0001}. Best is trial 6 with value: 0.8242424242424242.
[I 2026-04-08 06:24:27,505] Trial 26 finished with value: 0.7333333333333333 and parameters: {'batch_size': 64, 'frozen_layers': 0, 'classifier_dropout': 0.3, 'learning_rate': 1e-05, 'weight_decay': 1e-06}. Best is trial 6 with value: 0.8242424242424242.
[I 2026-04-08 06:26:58,354] Trial 27 finished with value: 0.7515151515151515 and parameters: {'batch_size': 16, 'frozen_layers': 0, 'classifier_dropout': 0.3, 'learning_rate': 5e-05, 'weight_decay': 0.0001}. Best is trial 6 with value: 0.8242424242424242.
[I 2026-04-08 06:30:21,765] Trial 28 finished with value: 0.7696969696969697 and parameters: {'batch_size': 16, 'frozen_layers': 4, 'classifier_dropout': 0.2, 'learning_rate': 0.0001, 'weight_decay': 1e-05}. Best is trial 6 with value: 0.8242424242424242.
[I 2026-04-08 06:33:17,714] Trial 29 finished with value: 0.806060606060606 and parameters: {'batch_size': 32, 'frozen_layers': 2, 'classifier_dropout': 0.3, 'learning_rate': 5e-05, 'weight_decay': 1e-06}. Best is trial 6 with value: 0.8242424242424242.
[I 2026-04-08 06:35:53,031] Trial 30 finished with value: 0.7636363636363637 and parameters: {'batch_size': 32, 'frozen_layers': 4, 'classifier_dropout': 0.3, 'learning_rate': 0.0001, 'weight_decay': 0.0001}. Best is trial 6 with value: 0.8242424242424242.
[I 2026-04-08 06:39:16,768] Trial 31 finished with value: 0.7272727272727273 and parameters: {'batch_size': 64, 'frozen_layers': 2, 'classifier_dropout': 0.1, 'learning_rate': 1e-05, 'weight_decay': 1e-06}. Best is trial 6 with value: 0.8242424242424242.
[I 2026-04-08 06:42:15,012] Trial 32 finished with value: 0.7878787878787878 and parameters: {'batch_size': 32, 'frozen_layers': 4, 'classifier_dropout': 0.2, 'learning_rate': 3e-05, 'weight_decay': 0.0001}. Best is trial 6 with value: 0.8242424242424242.
[I 2026-04-08 06:44:26,055] Trial 33 finished with value: 0.8121212121212121 and parameters: {'batch_size': 32, 'frozen_layers': 6, 'classifier_dropout': 0.3, 'learning_rate': 0.0001, 'weight_decay': 0.0001}. Best is trial 6 with value: 0.8242424242424242.
[I 2026-04-08 06:47:25,095] Trial 34 finished with value: 0.7515151515151515 and parameters: {'batch_size': 16, 'frozen_layers': 2, 'classifier_dropout': 0.2, 'learning_rate': 0.0001, 'weight_decay': 1e-05}. Best is trial 6 with value: 0.8242424242424242.
[I 2026-04-08 06:51:18,963] Trial 35 finished with value: 0.7696969696969697 and parameters: {'batch_size': 16, 'frozen_layers': 4, 'classifier_dropout': 0.1, 'learning_rate': 0.0001, 'weight_decay': 1e-05}. Best is trial 6 with value: 0.8242424242424242.
[I 2026-04-08 06:51:19,352] Trial 36 pruned. Duplicate hyper-parameters, same as those used in trial 35: {'batch_size': 16, 'frozen_layers': 4, 'classifier_dropout': 0.1, 'learning_rate': 0.0001, 'weight_decay': 1e-05}.
[I 2026-04-08 06:54:42,480] Trial 37 finished with value: 0.696969696969697 and parameters: {'batch_size': 64, 'frozen_layers': 4, 'classifier_dropout': 0.2, 'learning_rate': 1e-05, 'weight_decay': 0.0001}. Best is trial 6 with value: 0.8242424242424242.
[I 2026-04-08 06:57:58,354] Trial 38 finished with value: 0.7454545454545455 and parameters: {'batch_size': 32, 'frozen_layers': 6, 'classifier_dropout': 0.1, 'learning_rate': 1e-05, 'weight_decay': 1e-05}. Best is trial 6 with value: 0.8242424242424242.
[I 2026-04-08 07:01:49,163] Trial 39 finished with value: 0.7696969696969697 and parameters: {'batch_size': 16, 'frozen_layers': 4, 'classifier_dropout': 0.3, 'learning_rate': 0.0001, 'weight_decay': 1e-06}. Best is trial 6 with value: 0.8242424242424242.
[I 2026-04-08 07:04:13,233] Trial 40 finished with value: 0.7878787878787878 and parameters: {'batch_size': 16, 'frozen_layers': 6, 'classifier_dropout': 0.4, 'learning_rate': 3e-05, 'weight_decay': 1e-06}. Best is trial 6 with value: 0.8242424242424242.
[I 2026-04-08 07:06:58,173] Trial 41 finished with value: 0.7818181818181819 and parameters: {'batch_size': 16, 'frozen_layers': 4, 'classifier_dropout': 0.2, 'learning_rate': 5e-05, 'weight_decay': 1e-06}. Best is trial 6 with value: 0.8242424242424242.
[I 2026-04-08 07:09:58,203] Trial 42 finished with value: 0.7757575757575758 and parameters: {'batch_size': 32, 'frozen_layers': 0, 'classifier_dropout': 0.1, 'learning_rate': 3e-05, 'weight_decay': 0.0001}. Best is trial 6 with value: 0.8242424242424242.
[I 2026-04-08 07:13:10,272] Trial 43 finished with value: 0.806060606060606 and parameters: {'batch_size': 16, 'frozen_layers': 4, 'classifier_dropout': 0.3, 'learning_rate': 2e-05, 'weight_decay': 1e-06}. Best is trial 6 with value: 0.8242424242424242.
[I 2026-04-08 07:16:36,884] Trial 44 finished with value: 0.7272727272727273 and parameters: {'batch_size': 32, 'frozen_layers': 2, 'classifier_dropout': 0.4, 'learning_rate': 1e-05, 'weight_decay': 1e-05}. Best is trial 6 with value: 0.8242424242424242.
[I 2026-04-08 07:20:11,914] Trial 45 finished with value: 0.806060606060606 and parameters: {'batch_size': 16, 'frozen_layers': 4, 'classifier_dropout': 0.4, 'learning_rate': 2e-05, 'weight_decay': 1e-05}. Best is trial 6 with value: 0.8242424242424242.
[I 2026-04-08 07:23:39,864] Trial 46 finished with value: 0.7757575757575758 and parameters: {'batch_size': 64, 'frozen_layers': 0, 'classifier_dropout': 0.2, 'learning_rate': 2e-05, 'weight_decay': 1e-05}. Best is trial 6 with value: 0.8242424242424242.
[I 2026-04-08 07:27:07,300] Trial 47 finished with value: 0.7636363636363637 and parameters: {'batch_size': 64, 'frozen_layers': 0, 'classifier_dropout': 0.1, 'learning_rate': 3e-05, 'weight_decay': 0.001}. Best is trial 6 with value: 0.8242424242424242.
[I 2026-04-08 07:30:21,543] Trial 48 finished with value: 0.7454545454545455 and parameters: {'batch_size': 32, 'frozen_layers': 6, 'classifier_dropout': 0.4, 'learning_rate': 1e-05, 'weight_decay': 0.001}. Best is trial 6 with value: 0.8242424242424242.
[I 2026-04-08 07:33:49,834] Trial 49 finished with value: 0.7272727272727273 and parameters: {'batch_size': 32, 'frozen_layers': 2, 'classifier_dropout': 0.3, 'learning_rate': 1e-05, 'weight_decay': 0.0001}. Best is trial 6 with value: 0.8242424242424242.
[I 2026-04-08 07:37:11,897] Trial 50 finished with value: 0.7272727272727273 and parameters: {'batch_size': 64, 'frozen_layers': 2, 'classifier_dropout': 0.1, 'learning_rate': 1e-05, 'weight_decay': 0.0001}. Best is trial 6 with value: 0.8242424242424242.
[UPDATE] 50 completed trials using a random sampler. Switching from random to TPE sampling.
[I 2026-04-08 07:37:12,315] Trial 51 pruned. Duplicate hyper-parameters, same as those used in trial 6: {'batch_size': 32, 'frozen_layers': 6, 'classifier_dropout': 0.1, 'learning_rate': 5e-05, 'weight_decay': 0.001}.
[I 2026-04-08 07:37:12,732] Trial 52 pruned. Duplicate hyper-parameters, same as those used in trial 29: {'batch_size': 32, 'frozen_layers': 2, 'classifier_dropout': 0.3, 'learning_rate': 5e-05, 'weight_decay': 1e-06}.
[I 2026-04-08 07:37:13,189] Trial 53 pruned. Duplicate hyper-parameters, same as those used in trial 23: {'batch_size': 64, 'frozen_layers': 2, 'classifier_dropout': 0.3, 'learning_rate': 0.0001, 'weight_decay': 0.0001}.
[I 2026-04-08 07:39:21,460] Trial 54 finished with value: 0.8121212121212121 and parameters: {'batch_size': 32, 'frozen_layers': 6, 'classifier_dropout': 0.3, 'learning_rate': 0.0001, 'weight_decay': 1e-06}. Best is trial 6 with value: 0.8242424242424242.
[I 2026-04-08 07:39:22,004] Trial 55 pruned. Duplicate hyper-parameters, same as those used in trial 54: {'batch_size': 32, 'frozen_layers': 6, 'classifier_dropout': 0.3, 'learning_rate': 0.0001, 'weight_decay': 1e-06}.
[I 2026-04-08 07:39:22,617] Trial 56 pruned. Duplicate hyper-parameters, same as those used in trial 22: {'batch_size': 32, 'frozen_layers': 6, 'classifier_dropout': 0.4, 'learning_rate': 3e-05, 'weight_decay': 1e-05}.
[I 2026-04-08 07:39:23,168] Trial 57 pruned. Duplicate hyper-parameters, same as those used in trial 18: {'batch_size': 32, 'frozen_layers': 6, 'classifier_dropout': 0.1, 'learning_rate': 3e-05, 'weight_decay': 1e-06}.
[I 2026-04-08 07:41:31,794] Trial 58 finished with value: 0.8121212121212121 and parameters: {'batch_size': 32, 'frozen_layers': 6, 'classifier_dropout': 0.4, 'learning_rate': 0.0001, 'weight_decay': 0.0001}. Best is trial 6 with value: 0.8242424242424242.
[I 2026-04-08 07:41:32,242] Trial 59 pruned. Duplicate hyper-parameters, same as those used in trial 58: {'batch_size': 32, 'frozen_layers': 6, 'classifier_dropout': 0.4, 'learning_rate': 0.0001, 'weight_decay': 0.0001}.
[I 2026-04-08 07:44:17,118] Trial 60 finished with value: 0.8181818181818182 and parameters: {'batch_size': 32, 'frozen_layers': 6, 'classifier_dropout': 0.3, 'learning_rate': 5e-05, 'weight_decay': 0.0001}. Best is trial 6 with value: 0.8242424242424242.
[I 2026-04-08 07:44:17,548] Trial 61 pruned. Duplicate hyper-parameters, same as those used in trial 60: {'batch_size': 32, 'frozen_layers': 6, 'classifier_dropout': 0.3, 'learning_rate': 5e-05, 'weight_decay': 0.0001}.
[I 2026-04-08 07:44:17,963] Trial 62 pruned. Duplicate hyper-parameters, same as those used in trial 33: {'batch_size': 32, 'frozen_layers': 6, 'classifier_dropout': 0.3, 'learning_rate': 0.0001, 'weight_decay': 0.0001}.
[I 2026-04-08 07:46:23,485] Trial 63 finished with value: 0.806060606060606 and parameters: {'batch_size': 64, 'frozen_layers': 6, 'classifier_dropout': 0.1, 'learning_rate': 0.0001, 'weight_decay': 0.0001}. Best is trial 6 with value: 0.8242424242424242.
[I 2026-04-08 07:49:08,958] Trial 64 finished with value: 0.8181818181818182 and parameters: {'batch_size': 32, 'frozen_layers': 6, 'classifier_dropout': 0.4, 'learning_rate': 5e-05, 'weight_decay': 0.0001}. Best is trial 6 with value: 0.8242424242424242.
[I 2026-04-08 07:52:08,394] Trial 65 finished with value: 0.7878787878787878 and parameters: {'batch_size': 32, 'frozen_layers': 2, 'classifier_dropout': 0.1, 'learning_rate': 3e-05, 'weight_decay': 0.001}. Best is trial 6 with value: 0.8242424242424242.
[I 2026-04-08 07:54:54,720] Trial 66 finished with value: 0.8181818181818182 and parameters: {'batch_size': 32, 'frozen_layers': 6, 'classifier_dropout': 0.4, 'learning_rate': 5e-05, 'weight_decay': 1e-06}. Best is trial 6 with value: 0.8242424242424242.
[I 2026-04-08 07:54:55,200] Trial 67 pruned. Duplicate hyper-parameters, same as those used in trial 66: {'batch_size': 32, 'frozen_layers': 6, 'classifier_dropout': 0.4, 'learning_rate': 5e-05, 'weight_decay': 1e-06}.
[I 2026-04-08 07:57:12,740] Trial 68 finished with value: 0.7151515151515152 and parameters: {'batch_size': 32, 'frozen_layers': 0, 'classifier_dropout': 0.3, 'learning_rate': 0.0001, 'weight_decay': 0.001}. Best is trial 6 with value: 0.8242424242424242.
[I 2026-04-08 07:57:13,197] Trial 69 pruned. Duplicate hyper-parameters, same as those used in trial 64: {'batch_size': 32, 'frozen_layers': 6, 'classifier_dropout': 0.4, 'learning_rate': 5e-05, 'weight_decay': 0.0001}.
[I 2026-04-08 07:59:24,376] Trial 70 finished with value: 0.7818181818181819 and parameters: {'batch_size': 32, 'frozen_layers': 4, 'classifier_dropout': 0.4, 'learning_rate': 5e-05, 'weight_decay': 0.001}. Best is trial 6 with value: 0.8242424242424242.
[I 2026-04-08 08:01:28,975] Trial 71 finished with value: 0.806060606060606 and parameters: {'batch_size': 64, 'frozen_layers': 6, 'classifier_dropout': 0.4, 'learning_rate': 0.0001, 'weight_decay': 1e-06}. Best is trial 6 with value: 0.8242424242424242.
[I 2026-04-08 08:04:12,747] Trial 72 finished with value: 0.793939393939394 and parameters: {'batch_size': 16, 'frozen_layers': 6, 'classifier_dropout': 0.3, 'learning_rate': 5e-05, 'weight_decay': 0.001}. Best is trial 6 with value: 0.8242424242424242.
[I 2026-04-08 08:07:19,007] Trial 73 finished with value: 0.7696969696969697 and parameters: {'batch_size': 32, 'frozen_layers': 6, 'classifier_dropout': 0.4, 'learning_rate': 2e-05, 'weight_decay': 1e-06}. Best is trial 6 with value: 0.8242424242424242.
[I 2026-04-08 08:10:45,860] Trial 74 finished with value: 0.7575757575757576 and parameters: {'batch_size': 32, 'frozen_layers': 0, 'classifier_dropout': 0.4, 'learning_rate': 1e-05, 'weight_decay': 0.0001}. Best is trial 6 with value: 0.8242424242424242.
[I 2026-04-08 08:13:30,572] Trial 75 finished with value: 0.8181818181818182 and parameters: {'batch_size': 32, 'frozen_layers': 6, 'classifier_dropout': 0.2, 'learning_rate': 5e-05, 'weight_decay': 1e-06}. Best is trial 6 with value: 0.8242424242424242.
[I 2026-04-08 08:16:07,818] Trial 76 finished with value: 0.7696969696969697 and parameters: {'batch_size': 32, 'frozen_layers': 0, 'classifier_dropout': 0.2, 'learning_rate': 5e-05, 'weight_decay': 1e-06}. Best is trial 6 with value: 0.8242424242424242.
[I 2026-04-08 08:16:08,334] Trial 77 pruned. Duplicate hyper-parameters, same as those used in trial 75: {'batch_size': 32, 'frozen_layers': 6, 'classifier_dropout': 0.2, 'learning_rate': 5e-05, 'weight_decay': 1e-06}.
[I 2026-04-08 08:18:53,536] Trial 78 finished with value: 0.8181818181818182 and parameters: {'batch_size': 32, 'frozen_layers': 6, 'classifier_dropout': 0.2, 'learning_rate': 5e-05, 'weight_decay': 0.0001}. Best is trial 6 with value: 0.8242424242424242.
[I 2026-04-08 08:18:54,041] Trial 79 pruned. Duplicate hyper-parameters, same as those used in trial 78: {'batch_size': 32, 'frozen_layers': 6, 'classifier_dropout': 0.2, 'learning_rate': 5e-05, 'weight_decay': 0.0001}.
[I 2026-04-08 08:22:20,574] Trial 80 finished with value: 0.7757575757575758 and parameters: {'batch_size': 32, 'frozen_layers': 0, 'classifier_dropout': 0.3, 'learning_rate': 2e-05, 'weight_decay': 0.0001}. Best is trial 6 with value: 0.8242424242424242.
[I 2026-04-08 08:24:31,131] Trial 81 finished with value: 0.793939393939394 and parameters: {'batch_size': 32, 'frozen_layers': 6, 'classifier_dropout': 0.2, 'learning_rate': 0.0001, 'weight_decay': 0.001}. Best is trial 6 with value: 0.8242424242424242.
[I 2026-04-08 08:27:38,031] Trial 82 finished with value: 0.793939393939394 and parameters: {'batch_size': 64, 'frozen_layers': 6, 'classifier_dropout': 0.2, 'learning_rate': 5e-05, 'weight_decay': 0.0001}. Best is trial 6 with value: 0.8242424242424242.
[I 2026-04-08 08:30:51,484] Trial 83 finished with value: 0.7454545454545455 and parameters: {'batch_size': 32, 'frozen_layers': 6, 'classifier_dropout': 0.2, 'learning_rate': 1e-05, 'weight_decay': 1e-06}. Best is trial 6 with value: 0.8242424242424242.
[I 2026-04-08 08:33:58,976] Trial 84 finished with value: 0.793939393939394 and parameters: {'batch_size': 64, 'frozen_layers': 6, 'classifier_dropout': 0.4, 'learning_rate': 5e-05, 'weight_decay': 0.001}. Best is trial 6 with value: 0.8242424242424242.
[I 2026-04-08 08:36:07,659] Trial 85 finished with value: 0.806060606060606 and parameters: {'batch_size': 64, 'frozen_layers': 6, 'classifier_dropout': 0.3, 'learning_rate': 0.0001, 'weight_decay': 0.001}. Best is trial 6 with value: 0.8242424242424242.
[I 2026-04-08 08:38:56,930] Trial 86 finished with value: 0.8181818181818182 and parameters: {'batch_size': 32, 'frozen_layers': 6, 'classifier_dropout': 0.1, 'learning_rate': 5e-05, 'weight_decay': 0.0001}. Best is trial 6 with value: 0.8242424242424242.
[I 2026-04-08 08:38:57,494] Trial 87 pruned. Duplicate hyper-parameters, same as those used in trial 86: {'batch_size': 32, 'frozen_layers': 6, 'classifier_dropout': 0.1, 'learning_rate': 5e-05, 'weight_decay': 0.0001}.
[I 2026-04-08 08:42:05,289] Trial 88 finished with value: 0.793939393939394 and parameters: {'batch_size': 64, 'frozen_layers': 6, 'classifier_dropout': 0.3, 'learning_rate': 5e-05, 'weight_decay': 0.0001}. Best is trial 6 with value: 0.8242424242424242.
[I 2026-04-08 08:44:55,716] Trial 89 finished with value: 0.8181818181818182 and parameters: {'batch_size': 32, 'frozen_layers': 6, 'classifier_dropout': 0.2, 'learning_rate': 5e-05, 'weight_decay': 1e-05}. Best is trial 6 with value: 0.8242424242424242.
[I 2026-04-08 08:47:11,221] Trial 90 finished with value: 0.7818181818181819 and parameters: {'batch_size': 32, 'frozen_layers': 4, 'classifier_dropout': 0.2, 'learning_rate': 5e-05, 'weight_decay': 1e-05}. Best is trial 6 with value: 0.8242424242424242.
[I 2026-04-08 08:50:18,566] Trial 91 finished with value: 0.793939393939394 and parameters: {'batch_size': 64, 'frozen_layers': 6, 'classifier_dropout': 0.2, 'learning_rate': 5e-05, 'weight_decay': 1e-05}. Best is trial 6 with value: 0.8242424242424242.
[I 2026-04-08 08:50:19,081] Trial 92 pruned. Duplicate hyper-parameters, same as those used in trial 89: {'batch_size': 32, 'frozen_layers': 6, 'classifier_dropout': 0.2, 'learning_rate': 5e-05, 'weight_decay': 1e-05}.
[I 2026-04-08 08:53:17,070] Trial 93 finished with value: 0.806060606060606 and parameters: {'batch_size': 32, 'frozen_layers': 2, 'classifier_dropout': 0.2, 'learning_rate': 5e-05, 'weight_decay': 0.001}. Best is trial 6 with value: 0.8242424242424242.
[I 2026-04-08 08:56:06,802] Trial 94 finished with value: 0.8181818181818182 and parameters: {'batch_size': 32, 'frozen_layers': 6, 'classifier_dropout': 0.1, 'learning_rate': 5e-05, 'weight_decay': 1e-05}. Best is trial 6 with value: 0.8242424242424242.
[I 2026-04-08 08:56:07,294] Trial 95 pruned. Duplicate hyper-parameters, same as those used in trial 94: {'batch_size': 32, 'frozen_layers': 6, 'classifier_dropout': 0.1, 'learning_rate': 5e-05, 'weight_decay': 1e-05}.
[I 2026-04-08 08:58:53,904] Trial 96 finished with value: 0.793939393939394 and parameters: {'batch_size': 16, 'frozen_layers': 6, 'classifier_dropout': 0.1, 'learning_rate': 5e-05, 'weight_decay': 1e-06}. Best is trial 6 with value: 0.8242424242424242.
[I 2026-04-08 09:02:06,688] Trial 97 finished with value: 0.7696969696969697 and parameters: {'batch_size': 32, 'frozen_layers': 6, 'classifier_dropout': 0.1, 'learning_rate': 2e-05, 'weight_decay': 0.001}. Best is trial 6 with value: 0.8242424242424242.
[I 2026-04-08 09:04:21,881] Trial 98 finished with value: 0.7818181818181819 and parameters: {'batch_size': 32, 'frozen_layers': 4, 'classifier_dropout': 0.4, 'learning_rate': 5e-05, 'weight_decay': 0.0001}. Best is trial 6 with value: 0.8242424242424242.
[I 2026-04-08 09:07:34,542] Trial 99 finished with value: 0.806060606060606 and parameters: {'batch_size': 32, 'frozen_layers': 6, 'classifier_dropout': 0.3, 'learning_rate': 3e-05, 'weight_decay': 0.0001}. Best is trial 6 with value: 0.8242424242424242.
[I 2026-04-08 09:10:23,569] Trial 100 finished with value: 0.8181818181818182 and parameters: {'batch_size': 32, 'frozen_layers': 6, 'classifier_dropout': 0.3, 'learning_rate': 5e-05, 'weight_decay': 1e-05}. Best is trial 6 with value: 0.8242424242424242.
[I 2026-04-08 09:13:03,597] Trial 101 finished with value: 0.7696969696969697 and parameters: {'batch_size': 32, 'frozen_layers': 0, 'classifier_dropout': 0.1, 'learning_rate': 5e-05, 'weight_decay': 1e-05}. Best is trial 6 with value: 0.8242424242424242.
[I 2026-04-08 09:16:14,435] Trial 102 finished with value: 0.7696969696969697 and parameters: {'batch_size': 32, 'frozen_layers': 6, 'classifier_dropout': 0.2, 'learning_rate': 2e-05, 'weight_decay': 0.0001}. Best is trial 6 with value: 0.8242424242424242.
[I 2026-04-08 09:16:14,931] Trial 103 pruned. Duplicate hyper-parameters, same as those used in trial 100: {'batch_size': 32, 'frozen_layers': 6, 'classifier_dropout': 0.3, 'learning_rate': 5e-05, 'weight_decay': 1e-05}.
[I 2026-04-08 09:19:04,428] Trial 104 finished with value: 0.8181818181818182 and parameters: {'batch_size': 32, 'frozen_layers': 6, 'classifier_dropout': 0.4, 'learning_rate': 5e-05, 'weight_decay': 1e-05}. Best is trial 6 with value: 0.8242424242424242.
[I 2026-04-08 09:19:04,956] Trial 105 pruned. Duplicate hyper-parameters, same as those used in trial 104: {'batch_size': 32, 'frozen_layers': 6, 'classifier_dropout': 0.4, 'learning_rate': 5e-05, 'weight_decay': 1e-05}.
[I 2026-04-08 09:21:52,171] Trial 106 finished with value: 0.793939393939394 and parameters: {'batch_size': 16, 'frozen_layers': 6, 'classifier_dropout': 0.4, 'learning_rate': 5e-05, 'weight_decay': 0.0001}. Best is trial 6 with value: 0.8242424242424242.
[I 2026-04-08 09:24:58,518] Trial 107 finished with value: 0.793939393939394 and parameters: {'batch_size': 64, 'frozen_layers': 6, 'classifier_dropout': 0.1, 'learning_rate': 5e-05, 'weight_decay': 1e-05}. Best is trial 6 with value: 0.8242424242424242.
[I 2026-04-08 09:27:48,022] Trial 108 finished with value: 0.8181818181818182 and parameters: {'batch_size': 32, 'frozen_layers': 6, 'classifier_dropout': 0.1, 'learning_rate': 5e-05, 'weight_decay': 1e-06}. Best is trial 6 with value: 0.8242424242424242.
[I 2026-04-08 09:30:44,830] Trial 109 finished with value: 0.806060606060606 and parameters: {'batch_size': 32, 'frozen_layers': 2, 'classifier_dropout': 0.4, 'learning_rate': 5e-05, 'weight_decay': 0.0001}. Best is trial 6 with value: 0.8242424242424242.
[I 2026-04-08 09:33:34,850] Trial 110 finished with value: 0.8242424242424242 and parameters: {'batch_size': 32, 'frozen_layers': 6, 'classifier_dropout': 0.2, 'learning_rate': 5e-05, 'weight_decay': 0.001}. Best is trial 6 with value: 0.8242424242424242.
[I 2026-04-08 09:33:35,363] Trial 111 pruned. Duplicate hyper-parameters, same as those used in trial 110: {'batch_size': 32, 'frozen_layers': 6, 'classifier_dropout': 0.2, 'learning_rate': 5e-05, 'weight_decay': 0.001}.
[I 2026-04-08 09:36:47,762] Trial 112 finished with value: 0.7696969696969697 and parameters: {'batch_size': 32, 'frozen_layers': 6, 'classifier_dropout': 0.3, 'learning_rate': 2e-05, 'weight_decay': 1e-05}. Best is trial 6 with value: 0.8242424242424242.
[I 2026-04-08 09:39:29,096] Trial 113 finished with value: 0.7696969696969697 and parameters: {'batch_size': 32, 'frozen_layers': 0, 'classifier_dropout': 0.2, 'learning_rate': 5e-05, 'weight_decay': 0.0001}. Best is trial 6 with value: 0.8242424242424242.
[I 2026-04-08 09:41:40,687] Trial 114 finished with value: 0.8121212121212121 and parameters: {'batch_size': 32, 'frozen_layers': 6, 'classifier_dropout': 0.1, 'learning_rate': 0.0001, 'weight_decay': 1e-05}. Best is trial 6 with value: 0.8242424242424242.
[I 2026-04-08 09:44:31,565] Trial 115 finished with value: 0.793939393939394 and parameters: {'batch_size': 16, 'frozen_layers': 6, 'classifier_dropout': 0.2, 'learning_rate': 5e-05, 'weight_decay': 0.0001}. Best is trial 6 with value: 0.8242424242424242.
[I 2026-04-08 09:47:47,555] Trial 116 finished with value: 0.7454545454545455 and parameters: {'batch_size': 32, 'frozen_layers': 6, 'classifier_dropout': 0.1, 'learning_rate': 1e-05, 'weight_decay': 0.0001}. Best is trial 6 with value: 0.8242424242424242.
[I 2026-04-08 09:50:02,466] Trial 117 finished with value: 0.7818181818181819 and parameters: {'batch_size': 32, 'frozen_layers': 4, 'classifier_dropout': 0.1, 'learning_rate': 5e-05, 'weight_decay': 0.0001}. Best is trial 6 with value: 0.8242424242424242.
[I 2026-04-08 09:53:06,549] Trial 118 finished with value: 0.7757575757575758 and parameters: {'batch_size': 32, 'frozen_layers': 0, 'classifier_dropout': 0.3, 'learning_rate': 3e-05, 'weight_decay': 1e-05}. Best is trial 6 with value: 0.8242424242424242.
[I 2026-04-08 09:56:16,669] Trial 119 finished with value: 0.7575757575757576 and parameters: {'batch_size': 64, 'frozen_layers': 6, 'classifier_dropout': 0.4, 'learning_rate': 2e-05, 'weight_decay': 1e-05}. Best is trial 6 with value: 0.8242424242424242.
[I 2026-04-08 09:59:07,021] Trial 120 finished with value: 0.8242424242424242 and parameters: {'batch_size': 32, 'frozen_layers': 6, 'classifier_dropout': 0.4, 'learning_rate': 5e-05, 'weight_decay': 0.001}. Best is trial 6 with value: 0.8242424242424242.
[I 2026-04-08 09:59:07,522] Trial 121 pruned. Duplicate hyper-parameters, same as those used in trial 120: {'batch_size': 32, 'frozen_layers': 6, 'classifier_dropout': 0.4, 'learning_rate': 5e-05, 'weight_decay': 0.001}.
[I 2026-04-08 10:01:57,536] Trial 122 finished with value: 0.8242424242424242 and parameters: {'batch_size': 32, 'frozen_layers': 6, 'classifier_dropout': 0.3, 'learning_rate': 5e-05, 'weight_decay': 0.001}. Best is trial 6 with value: 0.8242424242424242.
[I 2026-04-08 10:01:58,065] Trial 123 pruned. Duplicate hyper-parameters, same as those used in trial 122: {'batch_size': 32, 'frozen_layers': 6, 'classifier_dropout': 0.3, 'learning_rate': 5e-05, 'weight_decay': 0.001}.
[I 2026-04-08 10:04:54,818] Trial 124 finished with value: 0.806060606060606 and parameters: {'batch_size': 32, 'frozen_layers': 2, 'classifier_dropout': 0.2, 'learning_rate': 5e-05, 'weight_decay': 1e-05}. Best is trial 6 with value: 0.8242424242424242.
[I 2026-04-08 10:07:55,654] Trial 125 finished with value: 0.7818181818181819 and parameters: {'batch_size': 64, 'frozen_layers': 4, 'classifier_dropout': 0.3, 'learning_rate': 5e-05, 'weight_decay': 1e-05}. Best is trial 6 with value: 0.8242424242424242.
[I 2026-04-08 10:10:25,730] Trial 126 finished with value: 0.793939393939394 and parameters: {'batch_size': 16, 'frozen_layers': 6, 'classifier_dropout': 0.1, 'learning_rate': 3e-05, 'weight_decay': 0.001}. Best is trial 6 with value: 0.8242424242424242.
[I 2026-04-08 10:13:17,316] Trial 127 finished with value: 0.8181818181818182 and parameters: {'batch_size': 32, 'frozen_layers': 6, 'classifier_dropout': 0.3, 'learning_rate': 5e-05, 'weight_decay': 1e-06}. Best is trial 6 with value: 0.8242424242424242.
[I 2026-04-08 10:16:27,719] Trial 128 finished with value: 0.806060606060606 and parameters: {'batch_size': 32, 'frozen_layers': 6, 'classifier_dropout': 0.2, 'learning_rate': 3e-05, 'weight_decay': 0.001}. Best is trial 6 with value: 0.8242424242424242.
[I 2026-04-08 10:19:21,878] Trial 129 finished with value: 0.7878787878787878 and parameters: {'batch_size': 32, 'frozen_layers': 4, 'classifier_dropout': 0.1, 'learning_rate': 3e-05, 'weight_decay': 1e-05}. Best is trial 6 with value: 0.8242424242424242.
[I 2026-04-08 10:22:16,774] Trial 130 finished with value: 0.806060606060606 and parameters: {'batch_size': 32, 'frozen_layers': 2, 'classifier_dropout': 0.3, 'learning_rate': 5e-05, 'weight_decay': 1e-05}. Best is trial 6 with value: 0.8242424242424242.
[I 2026-04-08 10:25:29,744] Trial 131 finished with value: 0.7454545454545455 and parameters: {'batch_size': 32, 'frozen_layers': 6, 'classifier_dropout': 0.3, 'learning_rate': 1e-05, 'weight_decay': 0.001}. Best is trial 6 with value: 0.8242424242424242.
[I 2026-04-08 10:29:02,435] Trial 132 finished with value: 0.7575757575757576 and parameters: {'batch_size': 32, 'frozen_layers': 0, 'classifier_dropout': 0.1, 'learning_rate': 1e-05, 'weight_decay': 0.001}. Best is trial 6 with value: 0.8242424242424242.
[I 2026-04-08 10:32:08,542] Trial 133 finished with value: 0.793939393939394 and parameters: {'batch_size': 64, 'frozen_layers': 6, 'classifier_dropout': 0.2, 'learning_rate': 5e-05, 'weight_decay': 1e-06}. Best is trial 6 with value: 0.8242424242424242.
[I 2026-04-08 10:34:17,662] Trial 134 finished with value: 0.8121212121212121 and parameters: {'batch_size': 32, 'frozen_layers': 6, 'classifier_dropout': 0.2, 'learning_rate': 0.0001, 'weight_decay': 1e-05}. Best is trial 6 with value: 0.8242424242424242.
[I 2026-04-08 10:36:31,559] Trial 135 finished with value: 0.7818181818181819 and parameters: {'batch_size': 32, 'frozen_layers': 4, 'classifier_dropout': 0.2, 'learning_rate': 5e-05, 'weight_decay': 1e-06}. Best is trial 6 with value: 0.8242424242424242.
[I 2026-04-08 10:39:31,117] Trial 136 finished with value: 0.7818181818181819 and parameters: {'batch_size': 32, 'frozen_layers': 0, 'classifier_dropout': 0.1, 'learning_rate': 5e-05, 'weight_decay': 0.001}. Best is trial 6 with value: 0.8242424242424242.
[I 2026-04-08 10:42:41,036] Trial 137 finished with value: 0.7696969696969697 and parameters: {'batch_size': 32, 'frozen_layers': 6, 'classifier_dropout': 0.4, 'learning_rate': 2e-05, 'weight_decay': 0.001}. Best is trial 6 with value: 0.8242424242424242.
[I 2026-04-08 10:45:49,048] Trial 138 finished with value: 0.7636363636363637 and parameters: {'batch_size': 64, 'frozen_layers': 6, 'classifier_dropout': 0.4, 'learning_rate': 3e-05, 'weight_decay': 0.0001}. Best is trial 6 with value: 0.8242424242424242.
[I 2026-04-08 10:48:03,928] Trial 139 finished with value: 0.7818181818181819 and parameters: {'batch_size': 32, 'frozen_layers': 4, 'classifier_dropout': 0.4, 'learning_rate': 5e-05, 'weight_decay': 1e-05}. Best is trial 6 with value: 0.8242424242424242.
[I 2026-04-08 10:51:14,901] Trial 140 finished with value: 0.7454545454545455 and parameters: {'batch_size': 32, 'frozen_layers': 6, 'classifier_dropout': 0.4, 'learning_rate': 1e-05, 'weight_decay': 1e-06}. Best is trial 6 with value: 0.8242424242424242.
[I 2026-04-08 10:51:15,381] Trial 141 pruned. Duplicate hyper-parameters, same as those used in trial 108: {'batch_size': 32, 'frozen_layers': 6, 'classifier_dropout': 0.1, 'learning_rate': 5e-05, 'weight_decay': 1e-06}.
[I 2026-04-08 10:54:01,349] Trial 142 finished with value: 0.793939393939394 and parameters: {'batch_size': 16, 'frozen_layers': 6, 'classifier_dropout': 0.3, 'learning_rate': 5e-05, 'weight_decay': 1e-05}. Best is trial 6 with value: 0.8242424242424242.
[I 2026-04-08 10:56:35,296] Trial 143 finished with value: 0.7454545454545455 and parameters: {'batch_size': 16, 'frozen_layers': 0, 'classifier_dropout': 0.4, 'learning_rate': 5e-05, 'weight_decay': 0.001}. Best is trial 6 with value: 0.8242424242424242.
[I 2026-04-08 10:59:52,363] Trial 144 finished with value: 0.7878787878787878 and parameters: {'batch_size': 64, 'frozen_layers': 2, 'classifier_dropout': 0.4, 'learning_rate': 5e-05, 'weight_decay': 1e-06}. Best is trial 6 with value: 0.8242424242424242.
[I 2026-04-08 11:02:32,763] Trial 145 finished with value: 0.7696969696969697 and parameters: {'batch_size': 32, 'frozen_layers': 0, 'classifier_dropout': 0.3, 'learning_rate': 5e-05, 'weight_decay': 1e-05}. Best is trial 6 with value: 0.8242424242424242.
[I 2026-04-08 11:05:38,085] Trial 146 finished with value: 0.793939393939394 and parameters: {'batch_size': 64, 'frozen_layers': 6, 'classifier_dropout': 0.1, 'learning_rate': 5e-05, 'weight_decay': 0.001}. Best is trial 6 with value: 0.8242424242424242.
[I 2026-04-08 11:07:51,811] Trial 147 finished with value: 0.7818181818181819 and parameters: {'batch_size': 32, 'frozen_layers': 4, 'classifier_dropout': 0.1, 'learning_rate': 5e-05, 'weight_decay': 1e-06}. Best is trial 6 with value: 0.8242424242424242.
[I 2026-04-08 11:10:02,061] Trial 148 finished with value: 0.793939393939394 and parameters: {'batch_size': 32, 'frozen_layers': 6, 'classifier_dropout': 0.1, 'learning_rate': 0.0001, 'weight_decay': 0.001}. Best is trial 6 with value: 0.8242424242424242.
[I 2026-04-08 11:12:57,528] Trial 149 finished with value: 0.806060606060606 and parameters: {'batch_size': 32, 'frozen_layers': 2, 'classifier_dropout': 0.1, 'learning_rate': 5e-05, 'weight_decay': 0.0001}. Best is trial 6 with value: 0.8242424242424242.
[I 2026-04-08 11:15:44,764] Trial 150 finished with value: 0.793939393939394 and parameters: {'batch_size': 16, 'frozen_layers': 6, 'classifier_dropout': 0.1, 'learning_rate': 5e-05, 'weight_decay': 0.001}. Best is trial 6 with value: 0.8242424242424242.
[I 2026-04-08 11:18:25,197] Trial 151 finished with value: 0.7696969696969697 and parameters: {'batch_size': 32, 'frozen_layers': 0, 'classifier_dropout': 0.4, 'learning_rate': 5e-05, 'weight_decay': 1e-05}. Best is trial 6 with value: 0.8242424242424242.
[I 2026-04-08 11:18:25,682] Trial 152 pruned. Duplicate hyper-parameters, same as those used in trial 127: {'batch_size': 32, 'frozen_layers': 6, 'classifier_dropout': 0.3, 'learning_rate': 5e-05, 'weight_decay': 1e-06}.
[I 2026-04-08 11:21:38,901] Trial 153 finished with value: 0.7696969696969697 and parameters: {'batch_size': 32, 'frozen_layers': 6, 'classifier_dropout': 0.2, 'learning_rate': 2e-05, 'weight_decay': 1e-06}. Best is trial 6 with value: 0.8242424242424242.
[I 2026-04-08 11:24:28,164] Trial 154 finished with value: 0.793939393939394 and parameters: {'batch_size': 16, 'frozen_layers': 6, 'classifier_dropout': 0.2, 'learning_rate': 5e-05, 'weight_decay': 0.001}. Best is trial 6 with value: 0.8242424242424242.
[I 2026-04-08 11:27:08,699] Trial 155 finished with value: 0.8 and parameters: {'batch_size': 64, 'frozen_layers': 0, 'classifier_dropout': 0.1, 'learning_rate': 5e-05, 'weight_decay': 1e-06}. Best is trial 6 with value: 0.8242424242424242.
[I 2026-04-08 11:30:20,570] Trial 156 finished with value: 0.7454545454545455 and parameters: {'batch_size': 32, 'frozen_layers': 6, 'classifier_dropout': 0.2, 'learning_rate': 1e-05, 'weight_decay': 1e-05}. Best is trial 6 with value: 0.8242424242424242.
[I 2026-04-08 11:30:21,077] Trial 157 pruned. Duplicate hyper-parameters, same as those used in trial 6: {'batch_size': 32, 'frozen_layers': 6, 'classifier_dropout': 0.1, 'learning_rate': 5e-05, 'weight_decay': 0.001}.
[I 2026-04-08 11:33:26,072] Trial 158 finished with value: 0.793939393939394 and parameters: {'batch_size': 64, 'frozen_layers': 6, 'classifier_dropout': 0.3, 'learning_rate': 5e-05, 'weight_decay': 1e-06}. Best is trial 6 with value: 0.8242424242424242.
[I 2026-04-08 11:36:12,648] Trial 159 finished with value: 0.7696969696969697 and parameters: {'batch_size': 32, 'frozen_layers': 0, 'classifier_dropout': 0.4, 'learning_rate': 5e-05, 'weight_decay': 1e-06}. Best is trial 6 with value: 0.8242424242424242.
[I 2026-04-08 11:39:26,629] Trial 160 finished with value: 0.806060606060606 and parameters: {'batch_size': 32, 'frozen_layers': 6, 'classifier_dropout': 0.1, 'learning_rate': 3e-05, 'weight_decay': 0.0001}. Best is trial 6 with value: 0.8242424242424242.
[I 2026-04-08 11:42:14,692] Trial 161 finished with value: 0.7696969696969697 and parameters: {'batch_size': 32, 'frozen_layers': 0, 'classifier_dropout': 0.3, 'learning_rate': 5e-05, 'weight_decay': 0.0001}. Best is trial 6 with value: 0.8242424242424242.
[I 2026-04-08 11:44:36,764] Trial 162 finished with value: 0.7818181818181819 and parameters: {'batch_size': 32, 'frozen_layers': 4, 'classifier_dropout': 0.3, 'learning_rate': 5e-05, 'weight_decay': 0.0001}. Best is trial 6 with value: 0.8242424242424242.
[I 2026-04-08 11:46:59,032] Trial 163 finished with value: 0.7636363636363637 and parameters: {'batch_size': 32, 'frozen_layers': 2, 'classifier_dropout': 0.3, 'learning_rate': 0.0001, 'weight_decay': 0.0001}. Best is trial 6 with value: 0.8242424242424242.
[I 2026-04-08 11:46:59,637] Trial 164 pruned. Duplicate hyper-parameters, same as those used in trial 66: {'batch_size': 32, 'frozen_layers': 6, 'classifier_dropout': 0.4, 'learning_rate': 5e-05, 'weight_decay': 1e-06}.
[I 2026-04-08 11:50:11,926] Trial 165 finished with value: 0.806060606060606 and parameters: {'batch_size': 32, 'frozen_layers': 6, 'classifier_dropout': 0.4, 'learning_rate': 3e-05, 'weight_decay': 0.001}. Best is trial 6 with value: 0.8242424242424242.
[I 2026-04-08 11:52:57,695] Trial 166 finished with value: 0.793939393939394 and parameters: {'batch_size': 16, 'frozen_layers': 6, 'classifier_dropout': 0.3, 'learning_rate': 5e-05, 'weight_decay': 1e-06}. Best is trial 6 with value: 0.8242424242424242.
[I 2026-04-08 11:55:08,260] Trial 167 finished with value: 0.8121212121212121 and parameters: {'batch_size': 32, 'frozen_layers': 6, 'classifier_dropout': 0.3, 'learning_rate': 0.0001, 'weight_decay': 1e-05}. Best is trial 6 with value: 0.8242424242424242.
[I 2026-04-08 11:58:05,063] Trial 168 finished with value: 0.806060606060606 and parameters: {'batch_size': 32, 'frozen_layers': 2, 'classifier_dropout': 0.1, 'learning_rate': 5e-05, 'weight_decay': 1e-06}. Best is trial 6 with value: 0.8242424242424242.
[I 2026-04-08 11:58:05,607] Trial 169 pruned. Duplicate hyper-parameters, same as those used in trial 60: {'batch_size': 32, 'frozen_layers': 6, 'classifier_dropout': 0.3, 'learning_rate': 5e-05, 'weight_decay': 0.0001}.
[I 2026-04-08 12:01:11,487] Trial 170 finished with value: 0.793939393939394 and parameters: {'batch_size': 64, 'frozen_layers': 6, 'classifier_dropout': 0.4, 'learning_rate': 5e-05, 'weight_decay': 1e-05}. Best is trial 6 with value: 0.8242424242424242.
[I 2026-04-08 12:03:21,270] Trial 171 finished with value: 0.793939393939394 and parameters: {'batch_size': 32, 'frozen_layers': 6, 'classifier_dropout': 0.3, 'learning_rate': 0.0001, 'weight_decay': 0.001}. Best is trial 6 with value: 0.8242424242424242.
[I 2026-04-08 12:05:30,788] Trial 172 finished with value: 0.8121212121212121 and parameters: {'batch_size': 32, 'frozen_layers': 6, 'classifier_dropout': 0.2, 'learning_rate': 0.0001, 'weight_decay': 1e-06}. Best is trial 6 with value: 0.8242424242424242.
[I 2026-04-08 12:08:02,303] Trial 173 finished with value: 0.7818181818181819 and parameters: {'batch_size': 16, 'frozen_layers': 2, 'classifier_dropout': 0.4, 'learning_rate': 5e-05, 'weight_decay': 1e-05}. Best is trial 6 with value: 0.8242424242424242.
[I 2026-04-08 12:08:02,866] Trial 174 pruned. Duplicate hyper-parameters, same as those used in trial 54: {'batch_size': 32, 'frozen_layers': 6, 'classifier_dropout': 0.3, 'learning_rate': 0.0001, 'weight_decay': 1e-06}.
[I 2026-04-08 12:11:16,538] Trial 175 finished with value: 0.7454545454545455 and parameters: {'batch_size': 32, 'frozen_layers': 6, 'classifier_dropout': 0.3, 'learning_rate': 1e-05, 'weight_decay': 0.0001}. Best is trial 6 with value: 0.8242424242424242.
[I 2026-04-08 12:13:30,636] Trial 176 finished with value: 0.7818181818181819 and parameters: {'batch_size': 32, 'frozen_layers': 4, 'classifier_dropout': 0.3, 'learning_rate': 5e-05, 'weight_decay': 0.001}. Best is trial 6 with value: 0.8242424242424242.
[I 2026-04-08 12:16:42,763] Trial 177 finished with value: 0.7696969696969697 and parameters: {'batch_size': 32, 'frozen_layers': 6, 'classifier_dropout': 0.1, 'learning_rate': 2e-05, 'weight_decay': 0.0001}. Best is trial 6 with value: 0.8242424242424242.

[UPDATE] Unbound limits: {'batch_size': (np.int64(16), np.int64(64)), 'frozen_layers': (np.int64(4), np.int64(6)), 'classifier_dropout': (np.float64(0.1), np.float64(0.4)), 'learning_rate': (np.float64(3e-05), np.float64(0.0001)), 'weight_decay': (np.float64(0.0001), np.float64(0.001))}
[I 2026-04-08 12:16:43,300] A new study created in RDB with name: IMDb-1k-Fine-tuning-Truncated-unbound
[I 2026-04-08 12:16:43,373] Trial 0 finished with value: 0.8242424242424242 and parameters: {'batch_size': 32, 'frozen_layers': 6, 'classifier_dropout': 0.1, 'learning_rate': 5e-05, 'weight_decay': 0.001}.
[I 2026-04-08 12:16:43,373] Trial 1 finished with value: 0.8242424242424242 and parameters: {'batch_size': 32, 'frozen_layers': 6, 'classifier_dropout': 0.2, 'learning_rate': 5e-05, 'weight_decay': 0.001}.
[I 2026-04-08 12:16:43,373] Trial 2 finished with value: 0.8242424242424242 and parameters: {'batch_size': 32, 'frozen_layers': 6, 'classifier_dropout': 0.4, 'learning_rate': 5e-05, 'weight_decay': 0.001}.
[I 2026-04-08 12:19:31,131] Trial 3 finished with value: 0.8181818181818182 and parameters: {'batch_size': 32, 'frozen_layers': 6, 'classifier_dropout': 0.31959818254342154, 'learning_rate': 6.168038158199002e-05, 'weight_decay': 0.0001432249371823026}. Best is trial 0 with value: 0.8242424242424242.
[I 2026-04-08 12:21:46,710] Trial 4 finished with value: 0.7636363636363637 and parameters: {'batch_size': 24, 'frozen_layers': 4, 'classifier_dropout': 0.3598528437324806, 'learning_rate': 6.186307704341193e-05, 'weight_decay': 0.0005105903209394755}. Best is trial 0 with value: 0.8242424242424242.
[I 2026-04-08 12:24:37,107] Trial 5 finished with value: 0.7757575757575758 and parameters: {'batch_size': 16, 'frozen_layers': 6, 'classifier_dropout': 0.34973279224012654, 'learning_rate': 3.873904074108898e-05, 'weight_decay': 0.0001519934830130982}. Best is trial 0 with value: 0.8242424242424242.
[I 2026-04-08 12:27:11,259] Trial 6 finished with value: 0.8 and parameters: {'batch_size': 24, 'frozen_layers': 4, 'classifier_dropout': 0.2574269294896714, 'learning_rate': 5.046335539165066e-05, 'weight_decay': 0.00019553708662745247}. Best is trial 0 with value: 0.8242424242424242.
[I 2026-04-08 12:30:23,394] Trial 7 finished with value: 0.7757575757575758 and parameters: {'batch_size': 48, 'frozen_layers': 4, 'classifier_dropout': 0.18764339456056545, 'learning_rate': 4.6632003580742355e-05, 'weight_decay': 0.0002858051065806936}. Best is trial 0 with value: 0.8242424242424242.
[I 2026-04-08 12:33:34,134] Trial 8 finished with value: 0.8121212121212121 and parameters: {'batch_size': 56, 'frozen_layers': 4, 'classifier_dropout': 0.2542703315240835, 'learning_rate': 6.121843755950256e-05, 'weight_decay': 0.00011128853174905746}. Best is trial 0 with value: 0.8242424242424242.
[I 2026-04-08 12:36:06,373] Trial 9 finished with value: 0.8242424242424242 and parameters: {'batch_size': 48, 'frozen_layers': 4, 'classifier_dropout': 0.11951547789558387, 'learning_rate': 9.403149345691192e-05, 'weight_decay': 0.0009239150319627245}. Best is trial 0 with value: 0.8242424242424242.
[I 2026-04-08 12:38:56,632] Trial 10 finished with value: 0.8121212121212121 and parameters: {'batch_size': 56, 'frozen_layers': 4, 'classifier_dropout': 0.12930163420191518, 'learning_rate': 6.837418474664327e-05, 'weight_decay': 0.00027551959649510803}. Best is trial 0 with value: 0.8242424242424242.
[I 2026-04-08 12:41:43,823] Trial 11 finished with value: 0.7333333333333333 and parameters: {'batch_size': 16, 'frozen_layers': 5, 'classifier_dropout': 0.11031655633456552, 'learning_rate': 8.965728132196335e-05, 'weight_decay': 0.00018145961353490273}. Best is trial 0 with value: 0.8242424242424242.
[I 2026-04-08 12:44:15,641] Trial 12 finished with value: 0.7878787878787878 and parameters: {'batch_size': 48, 'frozen_layers': 4, 'classifier_dropout': 0.2560204063533433, 'learning_rate': 5.7940793638335996e-05, 'weight_decay': 0.0001530574436550019}. Best is trial 0 with value: 0.8242424242424242.
[I 2026-04-08 12:46:43,821] Trial 13 finished with value: 0.7636363636363637 and parameters: {'batch_size': 64, 'frozen_layers': 6, 'classifier_dropout': 0.38184968246925677, 'learning_rate': 8.810640009855045e-05, 'weight_decay': 0.00039618677904065835}. Best is trial 0 with value: 0.8242424242424242.
[I 2026-04-08 12:50:00,134] Trial 14 finished with value: 0.793939393939394 and parameters: {'batch_size': 64, 'frozen_layers': 4, 'classifier_dropout': 0.15879485872574356, 'learning_rate': 3.16788671617536e-05, 'weight_decay': 0.00021150972021685588}. Best is trial 0 with value: 0.8242424242424242.
[I 2026-04-08 12:52:54,971] Trial 15 finished with value: 0.7878787878787878 and parameters: {'batch_size': 32, 'frozen_layers': 4, 'classifier_dropout': 0.34862125274557887, 'learning_rate': 4.6095654581465385e-05, 'weight_decay': 0.0001909565280104537}. Best is trial 0 with value: 0.8242424242424242.
[I 2026-04-08 12:55:30,038] Trial 16 finished with value: 0.7757575757575758 and parameters: {'batch_size': 40, 'frozen_layers': 4, 'classifier_dropout': 0.34065909422621193, 'learning_rate': 3.281725122795528e-05, 'weight_decay': 0.0009702573394120733}. Best is trial 0 with value: 0.8242424242424242.
[I 2026-04-08 12:58:01,858] Trial 17 finished with value: 0.8 and parameters: {'batch_size': 56, 'frozen_layers': 4, 'classifier_dropout': 0.10165663513708073, 'learning_rate': 8.007716757977903e-05, 'weight_decay': 0.0005091635945818553}. Best is trial 0 with value: 0.8242424242424242.
[I 2026-04-08 13:01:07,751] Trial 18 finished with value: 0.8 and parameters: {'batch_size': 56, 'frozen_layers': 6, 'classifier_dropout': 0.12221339552022711, 'learning_rate': 4.619078734619979e-05, 'weight_decay': 0.00013057771348997234}. Best is trial 0 with value: 0.8242424242424242.
[I 2026-04-08 13:04:20,575] Trial 19 finished with value: 0.7575757575757576 and parameters: {'batch_size': 64, 'frozen_layers': 5, 'classifier_dropout': 0.19926940745579477, 'learning_rate': 3.2385795199455616e-05, 'weight_decay': 0.00020463613363481617}. Best is trial 0 with value: 0.8242424242424242.
[I 2026-04-08 13:06:35,498] Trial 20 finished with value: 0.8242424242424242 and parameters: {'batch_size': 32, 'frozen_layers': 6, 'classifier_dropout': 0.29126724140656396, 'learning_rate': 8.730235124152463e-05, 'weight_decay': 0.00029662989987000704}. Best is trial 0 with value: 0.8242424242424242.
[I 2026-04-08 13:09:06,041] Trial 21 finished with value: 0.793939393939394 and parameters: {'batch_size': 16, 'frozen_layers': 6, 'classifier_dropout': 0.3282355145850693, 'learning_rate': 5.89659325790739e-05, 'weight_decay': 0.0005901564798023387}. Best is trial 0 with value: 0.8242424242424242.
[I 2026-04-08 13:12:19,857] Trial 22 finished with value: 0.8 and parameters: {'batch_size': 40, 'frozen_layers': 5, 'classifier_dropout': 0.2282623055075649, 'learning_rate': 3.093231155563182e-05, 'weight_decay': 0.00012820100418916918}. Best is trial 0 with value: 0.8242424242424242.
[I 2026-04-08 13:15:11,202] Trial 23 finished with value: 0.8121212121212121 and parameters: {'batch_size': 32, 'frozen_layers': 6, 'classifier_dropout': 0.15027255841653842, 'learning_rate': 4.483506159209742e-05, 'weight_decay': 0.0008994565884025186}. Best is trial 0 with value: 0.8242424242424242.
[I 2026-04-08 13:18:01,142] Trial 24 finished with value: 0.8181818181818182 and parameters: {'batch_size': 32, 'frozen_layers': 6, 'classifier_dropout': 0.39653355659869555, 'learning_rate': 5.3032345777167034e-05, 'weight_decay': 0.0009786647119131501}. Best is trial 0 with value: 0.8242424242424242.
[I 2026-04-08 13:20:34,100] Trial 25 finished with value: 0.7878787878787878 and parameters: {'batch_size': 32, 'frozen_layers': 6, 'classifier_dropout': 0.13200002637796973, 'learning_rate': 7.418729307991842e-05, 'weight_decay': 0.0009618725107639752}. Best is trial 0 with value: 0.8242424242424242.
[I 2026-04-08 13:23:06,370] Trial 26 finished with value: 0.7393939393939394 and parameters: {'batch_size': 40, 'frozen_layers': 5, 'classifier_dropout': 0.10150948930944863, 'learning_rate': 5.9824358172332995e-05, 'weight_decay': 0.0007178219379535155}. Best is trial 0 with value: 0.8242424242424242.
[I 2026-04-08 13:26:17,331] Trial 27 finished with value: 0.8181818181818182 and parameters: {'batch_size': 24, 'frozen_layers': 5, 'classifier_dropout': 0.10412124816726119, 'learning_rate': 3.970765897435674e-05, 'weight_decay': 0.0008490121333487039}. Best is trial 0 with value: 0.8242424242424242.
[I 2026-04-08 13:29:30,637] Trial 28 finished with value: 0.8181818181818182 and parameters: {'batch_size': 32, 'frozen_layers': 6, 'classifier_dropout': 0.28784909815440296, 'learning_rate': 4.782690134738324e-05, 'weight_decay': 0.0005292256067692216}. Best is trial 0 with value: 0.8242424242424242.
[I 2026-04-08 13:32:20,488] Trial 29 finished with value: 0.8181818181818182 and parameters: {'batch_size': 32, 'frozen_layers': 6, 'classifier_dropout': 0.13940356220645692, 'learning_rate': 3.820980211521483e-05, 'weight_decay': 0.0005834748018802573}. Best is trial 0 with value: 0.8242424242424242.
[I 2026-04-08 13:35:14,941] Trial 30 finished with value: 0.7757575757575758 and parameters: {'batch_size': 40, 'frozen_layers': 6, 'classifier_dropout': 0.17985718541894175, 'learning_rate': 5.584031414466612e-05, 'weight_decay': 0.0009869102035107628}. Best is trial 0 with value: 0.8242424242424242.
[I 2026-04-08 13:37:48,545] Trial 31 finished with value: 0.7454545454545455 and parameters: {'batch_size': 40, 'frozen_layers': 4, 'classifier_dropout': 0.11182532585184388, 'learning_rate': 9.359221508352629e-05, 'weight_decay': 0.0006408327038975281}. Best is trial 0 with value: 0.8242424242424242.
[I 2026-04-08 13:40:04,089] Trial 32 finished with value: 0.7575757575757576 and parameters: {'batch_size': 40, 'frozen_layers': 4, 'classifier_dropout': 0.18453732391589261, 'learning_rate': 9.896086548557778e-05, 'weight_decay': 0.000899351657228553}. Best is trial 0 with value: 0.8242424242424242.
[I 2026-04-08 13:42:25,688] Trial 33 finished with value: 0.8 and parameters: {'batch_size': 24, 'frozen_layers': 6, 'classifier_dropout': 0.3961724313409138, 'learning_rate': 3.618200021216643e-05, 'weight_decay': 0.0008624758786779604}. Best is trial 0 with value: 0.8242424242424242.
[I 2026-04-08 13:44:45,916] Trial 34 finished with value: 0.806060606060606 and parameters: {'batch_size': 24, 'frozen_layers': 5, 'classifier_dropout': 0.18739755654175883, 'learning_rate': 8.605079974042375e-05, 'weight_decay': 0.0007529748086637267}. Best is trial 0 with value: 0.8242424242424242.
[I 2026-04-08 13:47:55,402] Trial 35 finished with value: 0.7818181818181819 and parameters: {'batch_size': 48, 'frozen_layers': 6, 'classifier_dropout': 0.2596526910246966, 'learning_rate': 3.730044435494378e-05, 'weight_decay': 0.0009516418427609225}. Best is trial 0 with value: 0.8242424242424242.
[I 2026-04-08 13:50:44,888] Trial 36 finished with value: 0.8121212121212121 and parameters: {'batch_size': 56, 'frozen_layers': 5, 'classifier_dropout': 0.11986726354695548, 'learning_rate': 7.875476023420316e-05, 'weight_decay': 0.0009717900583132026}. Best is trial 0 with value: 0.8242424242424242.
[I 2026-04-08 13:53:32,050] Trial 37 finished with value: 0.8121212121212121 and parameters: {'batch_size': 32, 'frozen_layers': 6, 'classifier_dropout': 0.2395416348522074, 'learning_rate': 5.6029940628598796e-05, 'weight_decay': 0.0009907367923573847}. Best is trial 0 with value: 0.8242424242424242.
[I 2026-04-08 13:56:04,190] Trial 38 finished with value: 0.806060606060606 and parameters: {'batch_size': 24, 'frozen_layers': 6, 'classifier_dropout': 0.16159500347241162, 'learning_rate': 5.2491915020320035e-05, 'weight_decay': 0.0009616023777559494}. Best is trial 0 with value: 0.8242424242424242.
[I 2026-04-08 13:59:17,613] Trial 39 finished with value: 0.793939393939394 and parameters: {'batch_size': 48, 'frozen_layers': 6, 'classifier_dropout': 0.3964346382398309, 'learning_rate': 3.77777605675268e-05, 'weight_decay': 0.0006340147159023225}. Best is trial 0 with value: 0.8242424242424242.
[I 2026-04-08 14:01:49,133] Trial 40 finished with value: 0.8 and parameters: {'batch_size': 56, 'frozen_layers': 4, 'classifier_dropout': 0.13012207307063586, 'learning_rate': 9.437075326321147e-05, 'weight_decay': 0.0008930984169911292}. Best is trial 0 with value: 0.8242424242424242.
[I 2026-04-08 14:04:18,534] Trial 41 finished with value: 0.8121212121212121 and parameters: {'batch_size': 32, 'frozen_layers': 6, 'classifier_dropout': 0.25831994760233606, 'learning_rate': 9.956127142997877e-05, 'weight_decay': 0.00020516434044281836}. Best is trial 0 with value: 0.8242424242424242.
[I 2026-04-08 14:06:31,610] Trial 42 finished with value: 0.7757575757575758 and parameters: {'batch_size': 32, 'frozen_layers': 6, 'classifier_dropout': 0.3353089550069432, 'learning_rate': 9.861270439535067e-05, 'weight_decay': 0.0002563823894468271}. Best is trial 0 with value: 0.8242424242424242.
[I 2026-04-08 14:08:44,652] Trial 43 finished with value: 0.8 and parameters: {'batch_size': 40, 'frozen_layers': 5, 'classifier_dropout': 0.2506813519752699, 'learning_rate': 8.972762298439511e-05, 'weight_decay': 0.0004240658716572029}. Best is trial 0 with value: 0.8242424242424242.
[I 2026-04-08 14:10:58,972] Trial 44 finished with value: 0.7818181818181819 and parameters: {'batch_size': 24, 'frozen_layers': 6, 'classifier_dropout': 0.23801753798037045, 'learning_rate': 6.535033916260997e-05, 'weight_decay': 0.00032343067374355876}. Best is trial 0 with value: 0.8242424242424242.
[I 2026-04-08 14:13:45,450] Trial 45 finished with value: 0.8121212121212121 and parameters: {'batch_size': 40, 'frozen_layers': 6, 'classifier_dropout': 0.24877612563985807, 'learning_rate': 6.396311923814431e-05, 'weight_decay': 0.0003042265375385882}. Best is trial 0 with value: 0.8242424242424242.
[I 2026-04-08 14:15:57,353] Trial 46 finished with value: 0.7636363636363637 and parameters: {'batch_size': 32, 'frozen_layers': 6, 'classifier_dropout': 0.26206633253499706, 'learning_rate': 9.70822262622713e-05, 'weight_decay': 0.0005396348405303611}. Best is trial 0 with value: 0.8242424242424242.
[I 2026-04-08 14:18:09,641] Trial 47 finished with value: 0.806060606060606 and parameters: {'batch_size': 32, 'frozen_layers': 6, 'classifier_dropout': 0.10277249695959306, 'learning_rate': 5.8548166733386255e-05, 'weight_decay': 0.0007803693701789577}. Best is trial 0 with value: 0.8242424242424242.
[I 2026-04-08 14:20:42,501] Trial 48 finished with value: 0.7818181818181819 and parameters: {'batch_size': 16, 'frozen_layers': 5, 'classifier_dropout': 0.250016776033032, 'learning_rate': 4.3533117507073846e-05, 'weight_decay': 0.0007099055371649415}. Best is trial 0 with value: 0.8242424242424242.
[I 2026-04-08 14:23:12,290] Trial 49 finished with value: 0.8 and parameters: {'batch_size': 32, 'frozen_layers': 5, 'classifier_dropout': 0.360852489019768, 'learning_rate': 6.204328550972537e-05, 'weight_decay': 0.0005373641277674657}. Best is trial 0 with value: 0.8242424242424242.
[I 2026-04-08 14:26:18,457] Trial 50 finished with value: 0.8121212121212121 and parameters: {'batch_size': 32, 'frozen_layers': 5, 'classifier_dropout': 0.38895105354366283, 'learning_rate': 5.171693417736578e-05, 'weight_decay': 0.00010023648885686397}. Best is trial 0 with value: 0.8242424242424242.
[I 2026-04-08 14:29:03,534] Trial 51 finished with value: 0.8606060606060606 and parameters: {'batch_size': 32, 'frozen_layers': 6, 'classifier_dropout': 0.3091132475177905, 'learning_rate': 7.094466896387167e-05, 'weight_decay': 0.0001147761851124148}. Best is trial 51 with value: 0.8606060606060606.
[I 2026-04-08 14:31:16,962] Trial 52 finished with value: 0.7636363636363637 and parameters: {'batch_size': 32, 'frozen_layers': 4, 'classifier_dropout': 0.32622481129676695, 'learning_rate': 7.187448764833341e-05, 'weight_decay': 0.0003053570094316644}. Best is trial 51 with value: 0.8606060606060606.
[I 2026-04-08 14:34:21,270] Trial 53 finished with value: 0.7878787878787878 and parameters: {'batch_size': 32, 'frozen_layers': 6, 'classifier_dropout': 0.33540252254685227, 'learning_rate': 5.6696751805845694e-05, 'weight_decay': 0.00016073281618942062}. Best is trial 51 with value: 0.8606060606060606.
[I 2026-04-08 14:36:44,937] Trial 54 finished with value: 0.7393939393939394 and parameters: {'batch_size': 40, 'frozen_layers': 6, 'classifier_dropout': 0.33991489164842126, 'learning_rate': 7.14826516979569e-05, 'weight_decay': 0.00013059293157259967}. Best is trial 51 with value: 0.8606060606060606.
[I 2026-04-08 14:38:55,588] Trial 55 finished with value: 0.8242424242424242 and parameters: {'batch_size': 24, 'frozen_layers': 6, 'classifier_dropout': 0.2512668229696351, 'learning_rate': 7.472711385712778e-05, 'weight_decay': 0.0001382909629479559}. Best is trial 51 with value: 0.8606060606060606.
[I 2026-04-08 14:41:06,211] Trial 56 finished with value: 0.8121212121212121 and parameters: {'batch_size': 24, 'frozen_layers': 5, 'classifier_dropout': 0.36667802917537184, 'learning_rate': 9.468364584988966e-05, 'weight_decay': 0.0009346527666761879}. Best is trial 51 with value: 0.8606060606060606.
[I 2026-04-08 14:44:09,744] Trial 57 finished with value: 0.806060606060606 and parameters: {'batch_size': 48, 'frozen_layers': 6, 'classifier_dropout': 0.24242835366427942, 'learning_rate': 6.482062955830919e-05, 'weight_decay': 0.00011716406933335142}. Best is trial 51 with value: 0.8606060606060606.
[I 2026-04-08 14:46:35,451] Trial 58 finished with value: 0.793939393939394 and parameters: {'batch_size': 32, 'frozen_layers': 6, 'classifier_dropout': 0.2966976493168481, 'learning_rate': 7.122049841089316e-05, 'weight_decay': 0.00011805092932198057}. Best is trial 51 with value: 0.8606060606060606.
[I 2026-04-08 14:49:02,249] Trial 59 finished with value: 0.7878787878787878 and parameters: {'batch_size': 40, 'frozen_layers': 6, 'classifier_dropout': 0.13857544214007728, 'learning_rate': 4.0490410385884265e-05, 'weight_decay': 0.0007366347456767566}. Best is trial 51 with value: 0.8606060606060606.
[I 2026-04-08 14:51:12,571] Trial 60 finished with value: 0.7696969696969697 and parameters: {'batch_size': 32, 'frozen_layers': 4, 'classifier_dropout': 0.19307823910911698, 'learning_rate': 9.593269203604773e-05, 'weight_decay': 0.00012102655243673052}. Best is trial 51 with value: 0.8606060606060606.
[I 2026-04-08 14:53:22,459] Trial 61 finished with value: 0.7818181818181819 and parameters: {'batch_size': 24, 'frozen_layers': 6, 'classifier_dropout': 0.3503238516350733, 'learning_rate': 7.006658642792601e-05, 'weight_decay': 0.00013501707539634653}. Best is trial 51 with value: 0.8606060606060606.
[I 2026-04-08 14:55:32,059] Trial 62 finished with value: 0.806060606060606 and parameters: {'batch_size': 24, 'frozen_layers': 6, 'classifier_dropout': 0.10315020562134004, 'learning_rate': 5.027057495964328e-05, 'weight_decay': 0.0009405613521769186}. Best is trial 51 with value: 0.8606060606060606.
[I 2026-04-08 14:58:02,058] Trial 63 finished with value: 0.806060606060606 and parameters: {'batch_size': 24, 'frozen_layers': 6, 'classifier_dropout': 0.2344951629017908, 'learning_rate': 7.202362865515477e-05, 'weight_decay': 0.0001748583265630649}. Best is trial 51 with value: 0.8606060606060606.
[I 2026-04-08 15:00:12,178] Trial 64 finished with value: 0.7818181818181819 and parameters: {'batch_size': 24, 'frozen_layers': 6, 'classifier_dropout': 0.2684518623714644, 'learning_rate': 7.692462774915657e-05, 'weight_decay': 0.00010244801065932419}. Best is trial 51 with value: 0.8606060606060606.
[I 2026-04-08 15:02:58,297] Trial 65 finished with value: 0.8363636363636363 and parameters: {'batch_size': 32, 'frozen_layers': 6, 'classifier_dropout': 0.33807889739265984, 'learning_rate': 5.47293371233776e-05, 'weight_decay': 0.0009932916847381146}. Best is trial 51 with value: 0.8606060606060606.
[I 2026-04-08 15:06:08,207] Trial 66 finished with value: 0.8121212121212121 and parameters: {'batch_size': 64, 'frozen_layers': 4, 'classifier_dropout': 0.3820194807272556, 'learning_rate': 5.7067916061142125e-05, 'weight_decay': 0.0001841987511333516}. Best is trial 51 with value: 0.8606060606060606.
[I 2026-04-08 15:08:34,890] Trial 67 finished with value: 0.8121212121212121 and parameters: {'batch_size': 40, 'frozen_layers': 6, 'classifier_dropout': 0.3337823514456053, 'learning_rate': 6.447005326710087e-05, 'weight_decay': 0.0008686462172567954}. Best is trial 51 with value: 0.8606060606060606.
[I 2026-04-08 15:11:23,056] Trial 68 finished with value: 0.8 and parameters: {'batch_size': 32, 'frozen_layers': 6, 'classifier_dropout': 0.3309206484831212, 'learning_rate': 5.0662599641473984e-05, 'weight_decay': 0.0008331773792220377}. Best is trial 51 with value: 0.8606060606060606.
[I 2026-04-08 15:13:34,839] Trial 69 finished with value: 0.7818181818181819 and parameters: {'batch_size': 40, 'frozen_layers': 4, 'classifier_dropout': 0.17216389140838717, 'learning_rate': 6.527798683822444e-05, 'weight_decay': 0.0007125775314549776}. Best is trial 51 with value: 0.8606060606060606.
[I 2026-04-08 15:16:46,803] Trial 70 finished with value: 0.8121212121212121 and parameters: {'batch_size': 32, 'frozen_layers': 6, 'classifier_dropout': 0.37421516253368187, 'learning_rate': 4.785182863957026e-05, 'weight_decay': 0.0008610519500439123}. Best is trial 51 with value: 0.8606060606060606.
[I 2026-04-08 15:19:39,996] Trial 71 finished with value: 0.7878787878787878 and parameters: {'batch_size': 32, 'frozen_layers': 5, 'classifier_dropout': 0.23187802057264206, 'learning_rate': 5.2334059406208947e-05, 'weight_decay': 0.0001586177069528175}. Best is trial 51 with value: 0.8606060606060606.
[I 2026-04-08 15:22:25,662] Trial 72 finished with value: 0.8242424242424242 and parameters: {'batch_size': 32, 'frozen_layers': 6, 'classifier_dropout': 0.331577948798942, 'learning_rate': 7.042100403900287e-05, 'weight_decay': 0.0003398629287492103}. Best is trial 51 with value: 0.8606060606060606.
[I 2026-04-08 15:24:43,416] Trial 73 finished with value: 0.806060606060606 and parameters: {'batch_size': 24, 'frozen_layers': 6, 'classifier_dropout': 0.3985715500085971, 'learning_rate': 4.846131659624396e-05, 'weight_decay': 0.0006983122046360549}. Best is trial 51 with value: 0.8606060606060606.
[I 2026-04-08 15:27:11,325] Trial 74 finished with value: 0.7757575757575758 and parameters: {'batch_size': 32, 'frozen_layers': 6, 'classifier_dropout': 0.3939828483489088, 'learning_rate': 5.423908625659919e-05, 'weight_decay': 0.000944436811788687}. Best is trial 51 with value: 0.8606060606060606.
[I 2026-04-08 15:29:34,475] Trial 75 finished with value: 0.7757575757575758 and parameters: {'batch_size': 24, 'frozen_layers': 4, 'classifier_dropout': 0.1153856243737996, 'learning_rate': 7.054749615964649e-05, 'weight_decay': 0.0009621160992467116}. Best is trial 51 with value: 0.8606060606060606.
[I 2026-04-08 15:31:44,939] Trial 76 finished with value: 0.7878787878787878 and parameters: {'batch_size': 48, 'frozen_layers': 6, 'classifier_dropout': 0.1533517492340537, 'learning_rate': 7.662689361795223e-05, 'weight_decay': 0.0001386391100448246}. Best is trial 51 with value: 0.8606060606060606.
[I 2026-04-08 15:34:59,162] Trial 77 finished with value: 0.793939393939394 and parameters: {'batch_size': 32, 'frozen_layers': 4, 'classifier_dropout': 0.13589963971607572, 'learning_rate': 4.507260668551204e-05, 'weight_decay': 0.000234688838861069}. Best is trial 51 with value: 0.8606060606060606.
[I 2026-04-08 15:37:10,358] Trial 78 finished with value: 0.806060606060606 and parameters: {'batch_size': 48, 'frozen_layers': 4, 'classifier_dropout': 0.13001069426865858, 'learning_rate': 9.287490496303897e-05, 'weight_decay': 0.0008201750424775357}. Best is trial 51 with value: 0.8606060606060606.
[I 2026-04-08 15:39:59,262] Trial 79 finished with value: 0.8 and parameters: {'batch_size': 16, 'frozen_layers': 6, 'classifier_dropout': 0.19525882433822397, 'learning_rate': 7.840603996222742e-05, 'weight_decay': 0.00010307502050235674}. Best is trial 51 with value: 0.8606060606060606.
[I 2026-04-08 15:42:28,390] Trial 80 finished with value: 0.793939393939394 and parameters: {'batch_size': 32, 'frozen_layers': 6, 'classifier_dropout': 0.1053232521747563, 'learning_rate': 5.8303229752029305e-05, 'weight_decay': 0.000987694848732766}. Best is trial 51 with value: 0.8606060606060606.
[I 2026-04-08 15:44:57,558] Trial 81 finished with value: 0.8181818181818182 and parameters: {'batch_size': 32, 'frozen_layers': 6, 'classifier_dropout': 0.3502727865424785, 'learning_rate': 6.780244256633934e-05, 'weight_decay': 0.00038130429887274774}. Best is trial 51 with value: 0.8606060606060606.
[I 2026-04-08 15:47:07,699] Trial 82 finished with value: 0.806060606060606 and parameters: {'batch_size': 32, 'frozen_layers': 6, 'classifier_dropout': 0.30562413464237076, 'learning_rate': 6.97972028182996e-05, 'weight_decay': 0.00039885890173707757}. Best is trial 51 with value: 0.8606060606060606.
[I 2026-04-08 15:49:54,527] Trial 83 finished with value: 0.806060606060606 and parameters: {'batch_size': 32, 'frozen_layers': 6, 'classifier_dropout': 0.19070201129087214, 'learning_rate': 3.854773636418015e-05, 'weight_decay': 0.0008857523283941057}. Best is trial 51 with value: 0.8606060606060606.
[I 2026-04-08 15:52:42,439] Trial 84 finished with value: 0.8 and parameters: {'batch_size': 24, 'frozen_layers': 5, 'classifier_dropout': 0.2228605681422812, 'learning_rate': 8.81602947609216e-05, 'weight_decay': 0.0002539984502848054}. Best is trial 51 with value: 0.8606060606060606.
[I 2026-04-08 15:55:55,727] Trial 85 finished with value: 0.7818181818181819 and parameters: {'batch_size': 40, 'frozen_layers': 4, 'classifier_dropout': 0.20698916857417443, 'learning_rate': 3.0441865133528535e-05, 'weight_decay': 0.000877469059281836}. Best is trial 51 with value: 0.8606060606060606.
[I 2026-04-08 15:58:27,030] Trial 86 finished with value: 0.793939393939394 and parameters: {'batch_size': 32, 'frozen_layers': 5, 'classifier_dropout': 0.3575612747926827, 'learning_rate': 7.941186024500104e-05, 'weight_decay': 0.00025459952136513145}. Best is trial 51 with value: 0.8606060606060606.
[I 2026-04-08 16:00:38,922] Trial 87 finished with value: 0.8121212121212121 and parameters: {'batch_size': 40, 'frozen_layers': 6, 'classifier_dropout': 0.316168380705965, 'learning_rate': 7.801015521905242e-05, 'weight_decay': 0.00022147417958426067}. Best is trial 51 with value: 0.8606060606060606.
[I 2026-04-08 16:03:30,995] Trial 88 finished with value: 0.8242424242424242 and parameters: {'batch_size': 32, 'frozen_layers': 6, 'classifier_dropout': 0.20492597689067837, 'learning_rate': 4.935059683192295e-05, 'weight_decay': 0.00011146912871240063}. Best is trial 51 with value: 0.8606060606060606.
[I 2026-04-08 16:05:58,622] Trial 89 finished with value: 0.7636363636363637 and parameters: {'batch_size': 24, 'frozen_layers': 6, 'classifier_dropout': 0.21566700700712818, 'learning_rate': 5.371280022638248e-05, 'weight_decay': 0.0008130520857920765}. Best is trial 51 with value: 0.8606060606060606.
[I 2026-04-08 16:08:47,772] Trial 90 finished with value: 0.8121212121212121 and parameters: {'batch_size': 32, 'frozen_layers': 6, 'classifier_dropout': 0.2617931407084996, 'learning_rate': 5.476610516098852e-05, 'weight_decay': 0.0001367169495523449}. Best is trial 51 with value: 0.8606060606060606.
[I 2026-04-08 16:10:57,728] Trial 91 finished with value: 0.7878787878787878 and parameters: {'batch_size': 32, 'frozen_layers': 6, 'classifier_dropout': 0.26184231099811167, 'learning_rate': 8.197163013971462e-05, 'weight_decay': 0.0003030946190569644}. Best is trial 51 with value: 0.8606060606060606.
[I 2026-04-08 16:13:10,555] Trial 92 finished with value: 0.806060606060606 and parameters: {'batch_size': 24, 'frozen_layers': 6, 'classifier_dropout': 0.19851690580028164, 'learning_rate': 4.737436839054671e-05, 'weight_decay': 0.00010602915350711053}. Best is trial 51 with value: 0.8606060606060606.
[I 2026-04-08 16:15:56,591] Trial 93 finished with value: 0.806060606060606 and parameters: {'batch_size': 32, 'frozen_layers': 6, 'classifier_dropout': 0.10493945334762314, 'learning_rate': 4.679324610086928e-05, 'weight_decay': 0.0009802623258793601}. Best is trial 51 with value: 0.8606060606060606.
[I 2026-04-08 16:18:47,154] Trial 94 finished with value: 0.7878787878787878 and parameters: {'batch_size': 40, 'frozen_layers': 5, 'classifier_dropout': 0.3170835471706503, 'learning_rate': 5.0248525465514895e-05, 'weight_decay': 0.0009415285080382865}. Best is trial 51 with value: 0.8606060606060606.
[I 2026-04-08 16:21:34,329] Trial 95 finished with value: 0.8 and parameters: {'batch_size': 32, 'frozen_layers': 6, 'classifier_dropout': 0.19249850074581307, 'learning_rate': 4.337350552901241e-05, 'weight_decay': 0.00011812301091595229}. Best is trial 51 with value: 0.8606060606060606.
[I 2026-04-08 16:23:43,943] Trial 96 finished with value: 0.806060606060606 and parameters: {'batch_size': 32, 'frozen_layers': 6, 'classifier_dropout': 0.1770896491657466, 'learning_rate': 5.9219873449228984e-05, 'weight_decay': 0.00011803635439126284}. Best is trial 51 with value: 0.8606060606060606.
[I 2026-04-08 16:26:49,942] Trial 97 finished with value: 0.8181818181818182 and parameters: {'batch_size': 40, 'frozen_layers': 6, 'classifier_dropout': 0.25014744296522334, 'learning_rate': 3.6906482124300954e-05, 'weight_decay': 0.00011711774990303024}. Best is trial 51 with value: 0.8606060606060606.
[I 2026-04-08 16:29:02,121] Trial 98 finished with value: 0.806060606060606 and parameters: {'batch_size': 24, 'frozen_layers': 6, 'classifier_dropout': 0.29735338660978516, 'learning_rate': 6.156835290127358e-05, 'weight_decay': 0.00022315146206029534}. Best is trial 51 with value: 0.8606060606060606.
[I 2026-04-08 16:31:14,087] Trial 99 finished with value: 0.7636363636363637 and parameters: {'batch_size': 32, 'frozen_layers': 5, 'classifier_dropout': 0.11107737953923205, 'learning_rate': 9.850893967424542e-05, 'weight_decay': 0.0009178902266037333}. Best is trial 51 with value: 0.8606060606060606.
[I 2026-04-08 16:33:59,868] Trial 100 finished with value: 0.8121212121212121 and parameters: {'batch_size': 32, 'frozen_layers': 6, 'classifier_dropout': 0.17847838749467787, 'learning_rate': 4.256086831822517e-05, 'weight_decay': 0.00023310775071126702}. Best is trial 51 with value: 0.8606060606060606.
[I 2026-04-08 16:36:32,914] Trial 101 finished with value: 0.7818181818181819 and parameters: {'batch_size': 32, 'frozen_layers': 4, 'classifier_dropout': 0.12031206972428704, 'learning_rate': 5.884827981840434e-05, 'weight_decay': 0.0009269771287406791}. Best is trial 51 with value: 0.8606060606060606.
[I 2026-04-08 16:38:41,378] Trial 102 finished with value: 0.7515151515151515 and parameters: {'batch_size': 40, 'frozen_layers': 6, 'classifier_dropout': 0.3272296670527051, 'learning_rate': 8.077314808444119e-05, 'weight_decay': 0.00043325937632412184}. Best is trial 51 with value: 0.8606060606060606.

[TRIAL] 51 [VALIDATION PERFORMANCE] 0.8606060606060606 [TRAINING LOSS] 0.1030368059873581 [VALIDATION LOSS] 0.44587262471516925 

number                     			 51
value                      			 0.8606060606060606
params_batch_size          			 32
params_classifier_dropout  			 0.3091132475177905
params_frozen_layers       			 6
params_learning_rate       			 7.094466896387167e-05
params_weight_decay        			 0.0001147761851124148
user_attrs_duplicate       			 False
user_attrs_epoch           			 5
user_attrs_training_loss   			 0.1030368059873581
user_attrs_validation_loss 			 0.44587262471516925

[37] VALIDATION: 0.7878787878787878 TESTING: 0.8507462686567164
[38] VALIDATION: 0.7818181818181819 TESTING: 0.8029850746268656
[39] VALIDATION: 0.7818181818181819 TESTING: 0.8328358208955224
[40] VALIDATION: 0.8 TESTING: 0.8059701492537313
[41] VALIDATION: 0.8242424242424242 TESTING: 0.8388059701492537
[42] VALIDATION: 0.8606060606060606 TESTING: 0.8626865671641791
[43] VALIDATION: 0.8181818181818182 TESTING: 0.835820895522388
[44] VALIDATION: 0.8121212121212121 TESTING: 0.808955223880597
[45] VALIDATION: 0.7212121212121212 TESTING: 0.7671641791044777
[46] VALIDATION: 0.7818181818181819 TESTING: 0.8

Validation performance: 72.12 & 79.7 ± 3.65 & 86.06
Testing performance: 76.72 & 82.06 ± 2.85 & 86.27

[TRIAL] 65 [VALIDATION PERFORMANCE] 0.8363636363636363 [TRAINING LOSS] 0.21370346006006002 [VALIDATION LOSS] 0.42132213215033215 

number                     			 65
value                      			 0.8363636363636363
params_batch_size          			 32
params_classifier_dropout  			 0.33807889739265984
params_frozen_layers       			 6
params_learning_rate       			 5.47293371233776e-05
params_weight_decay        			 0.0009932916847381146
user_attrs_duplicate       			 False
user_attrs_epoch           			 5
user_attrs_training_loss   			 0.21370346006006002
user_attrs_validation_loss 			 0.42132213215033215

[37] VALIDATION: 0.8 TESTING: 0.8656716417910447
[38] VALIDATION: 0.8181818181818182 TESTING: 0.8328358208955224
[39] VALIDATION: 0.806060606060606 TESTING: 0.826865671641791
[40] VALIDATION: 0.7515151515151515 TESTING: 0.7850746268656716
[41] VALIDATION: 0.7757575757575758 TESTING: 0.844776119402985
[42] VALIDATION: 0.8363636363636363 TESTING: 0.8477611940298507
[43] VALIDATION: 0.8424242424242424 TESTING: 0.8597014925373134
[44] VALIDATION: 0.7696969696969697 TESTING: 0.808955223880597
[45] VALIDATION: 0.7696969696969697 TESTING: 0.8238805970149253
[46] VALIDATION: 0.8242424242424242 TESTING: 0.8388059701492537

Validation performance: 75.15 & 79.94 ± 3.14 & 84.24
Testing performance: 78.51 & 83.34 ± 2.4 & 86.57

[TRIAL] 20 [VALIDATION PERFORMANCE] 0.8242424242424242 [TRAINING LOSS] 0.31700905598700047 [VALIDATION LOSS] 0.3780904561281204 

number                     			 20
value                      			 0.8242424242424242
params_batch_size          			 32
params_classifier_dropout  			 0.29126724140656396
params_frozen_layers       			 6
params_learning_rate       			 8.730235124152463e-05
params_weight_decay        			 0.00029662989987000704
user_attrs_duplicate       			 False
user_attrs_epoch           			 3
user_attrs_training_loss   			 0.31700905598700047
user_attrs_validation_loss 			 0.3780904561281204

[37] VALIDATION: 0.793939393939394 TESTING: 0.8597014925373134
[38] VALIDATION: 0.8181818181818182 TESTING: 0.8029850746268656
[39] VALIDATION: 0.8 TESTING: 0.8208955223880597
[40] VALIDATION: 0.7818181818181819 TESTING: 0.8298507462686567
[41] VALIDATION: 0.8303030303030303 TESTING: 0.8597014925373134
[42] VALIDATION: 0.8242424242424242 TESTING: 0.835820895522388
[43] VALIDATION: 0.8242424242424242 TESTING: 0.8119402985074626
[44] VALIDATION: 0.8121212121212121 TESTING: 0.8417910447761194
[45] VALIDATION: 0.7515151515151515 TESTING: 0.7880597014925373
[46] VALIDATION: 0.8121212121212121 TESTING: 0.8149253731343283

Validation performance: 75.15 & 80.48 ± 2.4 & 83.03
Testing performance: 78.81 & 82.66 ± 2.34 & 85.97

[IMDb-1k] Elapsed time: 776.3701026240984 minutes.
