SLURM NODE: kn045
[I 2026-02-18 05:49:05,348] Using an existing study with name 'SST-2-Fine-tuning-Truncated' instead of creating a new one.
Last trial state: 0
Enqueuing hyper-parameters: {'batch_size': 16, 'frozen_layers': 0, 'classifier_dropout': 0.3, 'learning_rate': 5e-05, 'weight_decay': 0.0001}
[I 2026-02-18 06:39:02,144] Trial 28 finished with value: 0.8727064220183486 and parameters: {'batch_size': 16, 'frozen_layers': 0, 'classifier_dropout': 0.3, 'learning_rate': 5e-05, 'weight_decay': 0.0001}. Best is trial 11 with value: 0.9220183486238532.
[I 2026-02-18 06:39:02,761] Trial 29 pruned. Duplicate hyper-parameters, same as those used in trial 0: {'batch_size': 32, 'frozen_layers': 0, 'classifier_dropout': 0.1, 'learning_rate': 1e-05, 'weight_decay': 1e-05}.
[I 2026-02-18 06:39:03,389] Trial 30 pruned. Duplicate hyper-parameters, same as those used in trial 1: {'batch_size': 16, 'frozen_layers': 4, 'classifier_dropout': 0.4, 'learning_rate': 5e-05, 'weight_decay': 0.0001}.
[I 2026-02-18 06:39:03,972] Trial 31 pruned. Duplicate hyper-parameters, same as those used in trial 2: {'batch_size': 32, 'frozen_layers': 0, 'classifier_dropout': 0.4, 'learning_rate': 2e-05, 'weight_decay': 0.001}.
[I 2026-02-18 06:39:04,619] Trial 32 pruned. Duplicate hyper-parameters, same as those used in trial 3: {'batch_size': 64, 'frozen_layers': 4, 'classifier_dropout': 0.3, 'learning_rate': 3e-05, 'weight_decay': 1e-06}.
[I 2026-02-18 06:39:05,342] Trial 33 pruned. Duplicate hyper-parameters, same as those used in trial 4: {'batch_size': 16, 'frozen_layers': 6, 'classifier_dropout': 0.2, 'learning_rate': 5e-05, 'weight_decay': 1e-06}.
[I 2026-02-18 06:39:06,011] Trial 34 pruned. Duplicate hyper-parameters, same as those used in trial 5: {'batch_size': 32, 'frozen_layers': 2, 'classifier_dropout': 0.1, 'learning_rate': 2e-05, 'weight_decay': 0.0001}.
[I 2026-02-18 06:39:06,675] Trial 35 pruned. Duplicate hyper-parameters, same as those used in trial 6: {'batch_size': 32, 'frozen_layers': 6, 'classifier_dropout': 0.1, 'learning_rate': 5e-05, 'weight_decay': 0.001}.
[I 2026-02-18 06:39:07,334] Trial 36 pruned. Duplicate hyper-parameters, same as those used in trial 7: {'batch_size': 16, 'frozen_layers': 6, 'classifier_dropout': 0.4, 'learning_rate': 5e-05, 'weight_decay': 1e-05}.
[I 2026-02-18 06:39:07,992] Trial 37 pruned. Duplicate hyper-parameters, same as those used in trial 8: {'batch_size': 64, 'frozen_layers': 4, 'classifier_dropout': 0.4, 'learning_rate': 5e-05, 'weight_decay': 0.0001}.
[I 2026-02-18 06:39:08,652] Trial 38 pruned. Duplicate hyper-parameters, same as those used in trial 9: {'batch_size': 64, 'frozen_layers': 0, 'classifier_dropout': 0.1, 'learning_rate': 2e-05, 'weight_decay': 1e-05}.
[I 2026-02-18 06:39:09,374] Trial 39 pruned. Duplicate hyper-parameters, same as those used in trial 10: {'batch_size': 16, 'frozen_layers': 0, 'classifier_dropout': 0.1, 'learning_rate': 5e-05, 'weight_decay': 0.001}.
[I 2026-02-18 06:39:10,079] Trial 40 pruned. Duplicate hyper-parameters, same as those used in trial 11: {'batch_size': 16, 'frozen_layers': 6, 'classifier_dropout': 0.2, 'learning_rate': 0.0001, 'weight_decay': 0.0001}.
[I 2026-02-18 06:39:10,806] Trial 41 pruned. Duplicate hyper-parameters, same as those used in trial 12: {'batch_size': 32, 'frozen_layers': 4, 'classifier_dropout': 0.1, 'learning_rate': 2e-05, 'weight_decay': 1e-06}.
[I 2026-02-18 06:39:11,508] Trial 42 pruned. Duplicate hyper-parameters, same as those used in trial 13: {'batch_size': 32, 'frozen_layers': 2, 'classifier_dropout': 0.4, 'learning_rate': 3e-05, 'weight_decay': 1e-06}.
[I 2026-02-18 06:39:12,182] Trial 43 pruned. Duplicate hyper-parameters, same as those used in trial 14: {'batch_size': 16, 'frozen_layers': 2, 'classifier_dropout': 0.3, 'learning_rate': 2e-05, 'weight_decay': 1e-06}.
[I 2026-02-18 06:39:12,858] Trial 44 pruned. Duplicate hyper-parameters, same as those used in trial 15: {'batch_size': 64, 'frozen_layers': 4, 'classifier_dropout': 0.2, 'learning_rate': 3e-05, 'weight_decay': 1e-06}.
[I 2026-02-18 06:39:13,584] Trial 45 pruned. Duplicate hyper-parameters, same as those used in trial 16: {'batch_size': 32, 'frozen_layers': 2, 'classifier_dropout': 0.1, 'learning_rate': 1e-05, 'weight_decay': 1e-06}.
[I 2026-02-18 06:39:14,305] Trial 46 pruned. Duplicate hyper-parameters, same as those used in trial 17: {'batch_size': 16, 'frozen_layers': 6, 'classifier_dropout': 0.3, 'learning_rate': 1e-05, 'weight_decay': 0.0001}.
[I 2026-02-18 06:39:15,040] Trial 47 pruned. Duplicate hyper-parameters, same as those used in trial 18: {'batch_size': 32, 'frozen_layers': 6, 'classifier_dropout': 0.1, 'learning_rate': 3e-05, 'weight_decay': 1e-06}.
[I 2026-02-18 06:39:15,778] Trial 48 pruned. Duplicate hyper-parameters, same as those used in trial 19: {'batch_size': 32, 'frozen_layers': 0, 'classifier_dropout': 0.4, 'learning_rate': 0.0001, 'weight_decay': 1e-06}.
[I 2026-02-18 06:39:16,504] Trial 49 pruned. Duplicate hyper-parameters, same as those used in trial 20: {'batch_size': 32, 'frozen_layers': 4, 'classifier_dropout': 0.2, 'learning_rate': 2e-05, 'weight_decay': 0.001}.
[I 2026-02-18 06:39:17,229] Trial 50 pruned. Duplicate hyper-parameters, same as those used in trial 21: {'batch_size': 16, 'frozen_layers': 4, 'classifier_dropout': 0.1, 'learning_rate': 1e-05, 'weight_decay': 1e-05}.
[I 2026-02-18 06:39:17,964] Trial 51 pruned. Duplicate hyper-parameters, same as those used in trial 22: {'batch_size': 32, 'frozen_layers': 6, 'classifier_dropout': 0.4, 'learning_rate': 3e-05, 'weight_decay': 1e-05}.
[I 2026-02-18 06:39:18,702] Trial 52 pruned. Duplicate hyper-parameters, same as those used in trial 23: {'batch_size': 64, 'frozen_layers': 2, 'classifier_dropout': 0.3, 'learning_rate': 0.0001, 'weight_decay': 0.0001}.
[I 2026-02-18 06:39:19,450] Trial 53 pruned. Duplicate hyper-parameters, same as those used in trial 24: {'batch_size': 32, 'frozen_layers': 4, 'classifier_dropout': 0.2, 'learning_rate': 1e-05, 'weight_decay': 0.001}.
[I 2026-02-18 06:39:20,219] Trial 54 pruned. Duplicate hyper-parameters, same as those used in trial 25: {'batch_size': 16, 'frozen_layers': 6, 'classifier_dropout': 0.2, 'learning_rate': 2e-05, 'weight_decay': 0.0001}.
[I 2026-02-18 06:39:21,084] Trial 55 pruned. Duplicate hyper-parameters, same as those used in trial 26: {'batch_size': 64, 'frozen_layers': 0, 'classifier_dropout': 0.3, 'learning_rate': 1e-05, 'weight_decay': 1e-06}.
[I 2026-02-18 06:39:21,996] Trial 56 pruned. Duplicate hyper-parameters, same as those used in trial 28: {'batch_size': 16, 'frozen_layers': 0, 'classifier_dropout': 0.3, 'learning_rate': 5e-05, 'weight_decay': 0.0001}.
[I 2026-02-18 07:26:38,884] Trial 57 finished with value: 0.8910550458715596 and parameters: {'batch_size': 16, 'frozen_layers': 4, 'classifier_dropout': 0.2, 'learning_rate': 0.0001, 'weight_decay': 1e-05}. Best is trial 11 with value: 0.9220183486238532.
[I 2026-02-18 08:03:14,060] Trial 58 finished with value: 0.9231651376146789 and parameters: {'batch_size': 32, 'frozen_layers': 2, 'classifier_dropout': 0.3, 'learning_rate': 5e-05, 'weight_decay': 1e-06}. Best is trial 58 with value: 0.9231651376146789.
[I 2026-02-18 08:38:08,374] Trial 59 finished with value: 0.9105504587155964 and parameters: {'batch_size': 32, 'frozen_layers': 4, 'classifier_dropout': 0.3, 'learning_rate': 0.0001, 'weight_decay': 0.0001}. Best is trial 58 with value: 0.9231651376146789.
[I 2026-02-18 09:12:53,255] Trial 60 finished with value: 0.908256880733945 and parameters: {'batch_size': 64, 'frozen_layers': 2, 'classifier_dropout': 0.1, 'learning_rate': 1e-05, 'weight_decay': 1e-06}. Best is trial 58 with value: 0.9231651376146789.
[I 2026-02-18 09:47:48,556] Trial 61 finished with value: 0.9048165137614679 and parameters: {'batch_size': 32, 'frozen_layers': 4, 'classifier_dropout': 0.2, 'learning_rate': 3e-05, 'weight_decay': 0.0001}. Best is trial 58 with value: 0.9231651376146789.
[I 2026-02-18 10:21:43,360] Trial 62 finished with value: 0.9174311926605505 and parameters: {'batch_size': 32, 'frozen_layers': 6, 'classifier_dropout': 0.3, 'learning_rate': 0.0001, 'weight_decay': 0.0001}. Best is trial 58 with value: 0.9231651376146789.
[I 2026-02-18 11:15:44,746] Trial 63 finished with value: 0.893348623853211 and parameters: {'batch_size': 16, 'frozen_layers': 2, 'classifier_dropout': 0.2, 'learning_rate': 0.0001, 'weight_decay': 1e-05}. Best is trial 58 with value: 0.9231651376146789.
[I 2026-02-18 12:01:47,649] Trial 64 finished with value: 0.8910550458715596 and parameters: {'batch_size': 16, 'frozen_layers': 4, 'classifier_dropout': 0.1, 'learning_rate': 0.0001, 'weight_decay': 1e-05}. Best is trial 58 with value: 0.9231651376146789.
[I 2026-02-18 12:01:48,352] Trial 65 pruned. Duplicate hyper-parameters, same as those used in trial 64: {'batch_size': 16, 'frozen_layers': 4, 'classifier_dropout': 0.1, 'learning_rate': 0.0001, 'weight_decay': 1e-05}.
[I 2026-02-18 12:39:57,827] Trial 66 finished with value: 0.9048165137614679 and parameters: {'batch_size': 64, 'frozen_layers': 4, 'classifier_dropout': 0.2, 'learning_rate': 1e-05, 'weight_decay': 0.0001}. Best is trial 58 with value: 0.9231651376146789.
[I 2026-02-18 13:13:54,679] Trial 67 finished with value: 0.9036697247706422 and parameters: {'batch_size': 32, 'frozen_layers': 6, 'classifier_dropout': 0.1, 'learning_rate': 1e-05, 'weight_decay': 1e-05}. Best is trial 58 with value: 0.9231651376146789.
[I 2026-02-18 14:00:07,719] Trial 68 finished with value: 0.8910550458715596 and parameters: {'batch_size': 16, 'frozen_layers': 4, 'classifier_dropout': 0.3, 'learning_rate': 0.0001, 'weight_decay': 1e-06}. Best is trial 58 with value: 0.9231651376146789.
[I 2026-02-18 14:46:53,295] Trial 69 finished with value: 0.8990825688073395 and parameters: {'batch_size': 16, 'frozen_layers': 6, 'classifier_dropout': 0.4, 'learning_rate': 3e-05, 'weight_decay': 1e-06}. Best is trial 58 with value: 0.9231651376146789.
[I 2026-02-18 15:34:49,856] Trial 70 finished with value: 0.9185779816513762 and parameters: {'batch_size': 16, 'frozen_layers': 4, 'classifier_dropout': 0.2, 'learning_rate': 5e-05, 'weight_decay': 1e-06}. Best is trial 58 with value: 0.9231651376146789.
[I 2026-02-18 16:12:23,601] Trial 71 finished with value: 0.9094036697247706 and parameters: {'batch_size': 32, 'frozen_layers': 0, 'classifier_dropout': 0.1, 'learning_rate': 3e-05, 'weight_decay': 0.0001}. Best is trial 58 with value: 0.9231651376146789.
[I 2026-02-18 16:59:01,659] Trial 72 finished with value: 0.908256880733945 and parameters: {'batch_size': 16, 'frozen_layers': 4, 'classifier_dropout': 0.3, 'learning_rate': 2e-05, 'weight_decay': 1e-06}. Best is trial 58 with value: 0.9231651376146789.
[I 2026-02-18 17:35:34,401] Trial 73 finished with value: 0.908256880733945 and parameters: {'batch_size': 32, 'frozen_layers': 2, 'classifier_dropout': 0.4, 'learning_rate': 1e-05, 'weight_decay': 1e-05}. Best is trial 58 with value: 0.9231651376146789.
[I 2026-02-18 18:22:20,138] Trial 74 finished with value: 0.908256880733945 and parameters: {'batch_size': 16, 'frozen_layers': 4, 'classifier_dropout': 0.4, 'learning_rate': 2e-05, 'weight_decay': 1e-05}. Best is trial 58 with value: 0.9231651376146789.
[I 2026-02-18 18:58:49,858] Trial 75 finished with value: 0.9048165137614679 and parameters: {'batch_size': 64, 'frozen_layers': 0, 'classifier_dropout': 0.2, 'learning_rate': 2e-05, 'weight_decay': 1e-05}. Best is trial 58 with value: 0.9231651376146789.
[I 2026-02-18 19:35:12,496] Trial 76 finished with value: 0.908256880733945 and parameters: {'batch_size': 64, 'frozen_layers': 0, 'classifier_dropout': 0.1, 'learning_rate': 3e-05, 'weight_decay': 0.001}. Best is trial 58 with value: 0.9231651376146789.
[I 2026-02-18 20:09:42,529] Trial 77 finished with value: 0.9036697247706422 and parameters: {'batch_size': 32, 'frozen_layers': 6, 'classifier_dropout': 0.4, 'learning_rate': 1e-05, 'weight_decay': 0.001}. Best is trial 58 with value: 0.9231651376146789.
[I 2026-02-18 20:46:21,037] Trial 78 finished with value: 0.908256880733945 and parameters: {'batch_size': 32, 'frozen_layers': 2, 'classifier_dropout': 0.3, 'learning_rate': 1e-05, 'weight_decay': 0.0001}. Best is trial 58 with value: 0.9231651376146789.
[I 2026-02-18 21:21:40,065] Trial 79 finished with value: 0.908256880733945 and parameters: {'batch_size': 64, 'frozen_layers': 2, 'classifier_dropout': 0.1, 'learning_rate': 1e-05, 'weight_decay': 0.0001}. Best is trial 58 with value: 0.9231651376146789.
[UPDATE] 50 completed trials using a random sampler. Switching from random to TPE sampling.
[I 2026-02-18 21:21:40,803] Trial 80 pruned. Duplicate hyper-parameters, same as those used in trial 70: {'batch_size': 16, 'frozen_layers': 4, 'classifier_dropout': 0.2, 'learning_rate': 5e-05, 'weight_decay': 1e-06}.
[I 2026-02-18 21:21:41,506] Trial 81 pruned. Duplicate hyper-parameters, same as those used in trial 58: {'batch_size': 32, 'frozen_layers': 2, 'classifier_dropout': 0.3, 'learning_rate': 5e-05, 'weight_decay': 1e-06}.
[I 2026-02-18 22:16:51,434] Trial 82 finished with value: 0.893348623853211 and parameters: {'batch_size': 16, 'frozen_layers': 2, 'classifier_dropout': 0.4, 'learning_rate': 0.0001, 'weight_decay': 0.0001}. Best is trial 58 with value: 0.9231651376146789.
[I 2026-02-18 22:16:52,155] Trial 83 pruned. Duplicate hyper-parameters, same as those used in trial 62: {'batch_size': 32, 'frozen_layers': 6, 'classifier_dropout': 0.3, 'learning_rate': 0.0001, 'weight_decay': 0.0001}.
[I 2026-02-18 23:03:50,577] Trial 84 finished with value: 0.9174311926605505 and parameters: {'batch_size': 16, 'frozen_layers': 4, 'classifier_dropout': 0.4, 'learning_rate': 5e-05, 'weight_decay': 0.001}. Best is trial 58 with value: 0.9231651376146789.
[I 2026-02-18 23:03:51,263] Trial 85 pruned. Duplicate hyper-parameters, same as those used in trial 84: {'batch_size': 16, 'frozen_layers': 4, 'classifier_dropout': 0.4, 'learning_rate': 5e-05, 'weight_decay': 0.001}.
[I 2026-02-18 23:40:43,755] Trial 86 finished with value: 0.9128440366972477 and parameters: {'batch_size': 32, 'frozen_layers': 0, 'classifier_dropout': 0.1, 'learning_rate': 1e-05, 'weight_decay': 0.001}. Best is trial 58 with value: 0.9231651376146789.
[I 2026-02-19 00:15:42,402] Trial 87 finished with value: 0.9105504587155964 and parameters: {'batch_size': 32, 'frozen_layers': 4, 'classifier_dropout': 0.4, 'learning_rate': 5e-05, 'weight_decay': 1e-05}. Best is trial 58 with value: 0.9231651376146789.
[I 2026-02-19 00:47:51,217] Trial 88 finished with value: 0.9025229357798165 and parameters: {'batch_size': 64, 'frozen_layers': 6, 'classifier_dropout': 0.4, 'learning_rate': 0.0001, 'weight_decay': 0.0001}. Best is trial 58 with value: 0.9231651376146789.
[I 2026-02-19 01:24:39,784] Trial 89 finished with value: 0.8956422018348624 and parameters: {'batch_size': 32, 'frozen_layers': 0, 'classifier_dropout': 0.3, 'learning_rate': 0.0001, 'weight_decay': 1e-05}. Best is trial 58 with value: 0.9231651376146789.
[I 2026-02-19 02:10:21,894] Trial 90 finished with value: 0.8990825688073395 and parameters: {'batch_size': 16, 'frozen_layers': 6, 'classifier_dropout': 0.2, 'learning_rate': 3e-05, 'weight_decay': 0.0001}. Best is trial 58 with value: 0.9231651376146789.
[I 2026-02-19 02:57:16,578] Trial 91 finished with value: 0.9220183486238532 and parameters: {'batch_size': 16, 'frozen_layers': 6, 'classifier_dropout': 0.1, 'learning_rate': 0.0001, 'weight_decay': 0.0001}. Best is trial 58 with value: 0.9231651376146789.
[I 2026-02-19 03:43:56,142] Trial 92 finished with value: 0.908256880733945 and parameters: {'batch_size': 16, 'frozen_layers': 6, 'classifier_dropout': 0.1, 'learning_rate': 5e-05, 'weight_decay': 0.0001}. Best is trial 58 with value: 0.9231651376146789.
[I 2026-02-19 03:43:56,810] Trial 93 pruned. Duplicate hyper-parameters, same as those used in trial 91: {'batch_size': 16, 'frozen_layers': 6, 'classifier_dropout': 0.1, 'learning_rate': 0.0001, 'weight_decay': 0.0001}.
[I 2026-02-19 04:21:45,803] Trial 94 finished with value: 0.9036697247706422 and parameters: {'batch_size': 32, 'frozen_layers': 0, 'classifier_dropout': 0.1, 'learning_rate': 5e-05, 'weight_decay': 1e-05}. Best is trial 58 with value: 0.9231651376146789.
[I 2026-02-19 04:58:10,119] Trial 95 finished with value: 0.9162844036697247 and parameters: {'batch_size': 32, 'frozen_layers': 2, 'classifier_dropout': 0.3, 'learning_rate': 0.0001, 'weight_decay': 0.001}. Best is trial 58 with value: 0.9231651376146789.
[I 2026-02-19 04:58:10,795] Trial 96 pruned. Duplicate hyper-parameters, same as those used in trial 95: {'batch_size': 32, 'frozen_layers': 2, 'classifier_dropout': 0.3, 'learning_rate': 0.0001, 'weight_decay': 0.001}.
[I 2026-02-19 05:30:30,556] Trial 97 finished with value: 0.9048165137614679 and parameters: {'batch_size': 64, 'frozen_layers': 6, 'classifier_dropout': 0.3, 'learning_rate': 2e-05, 'weight_decay': 0.0001}. Best is trial 58 with value: 0.9231651376146789.
[I 2026-02-19 06:04:38,955] Trial 98 finished with value: 0.9174311926605505 and parameters: {'batch_size': 32, 'frozen_layers': 6, 'classifier_dropout': 0.2, 'learning_rate': 0.0001, 'weight_decay': 1e-06}. Best is trial 58 with value: 0.9231651376146789.
[I 2026-02-19 06:39:33,567] Trial 99 finished with value: 0.9105504587155964 and parameters: {'batch_size': 64, 'frozen_layers': 2, 'classifier_dropout': 0.3, 'learning_rate': 0.0001, 'weight_decay': 0.001}. Best is trial 58 with value: 0.9231651376146789.
[I 2026-02-19 06:39:34,250] Trial 100 pruned. Duplicate hyper-parameters, same as those used in trial 98: {'batch_size': 32, 'frozen_layers': 6, 'classifier_dropout': 0.2, 'learning_rate': 0.0001, 'weight_decay': 1e-06}.
