SLURM NODE: kn070
[I 2026-02-18 05:56:50,478] Using an existing study with name 'R8-Fine-tuning-Truncated' instead of creating a new one.
Last trial state: 0
Enqueuing hyper-parameters: {'batch_size': 16, 'frozen_layers': 2, 'classifier_dropout': 0.2, 'learning_rate': 0.0001, 'weight_decay': 1e-05}
[I 2026-02-18 06:34:43,823] Trial 35 finished with value: 0.94919267322826 and parameters: {'batch_size': 16, 'frozen_layers': 2, 'classifier_dropout': 0.2, 'learning_rate': 0.0001, 'weight_decay': 1e-05}. Best is trial 14 with value: 0.9634075876077042.
[I 2026-02-18 06:34:44,368] Trial 36 pruned. Duplicate hyper-parameters, same as those used in trial 0: {'batch_size': 32, 'frozen_layers': 0, 'classifier_dropout': 0.1, 'learning_rate': 1e-05, 'weight_decay': 1e-05}.
[I 2026-02-18 06:34:44,919] Trial 37 pruned. Duplicate hyper-parameters, same as those used in trial 1: {'batch_size': 16, 'frozen_layers': 4, 'classifier_dropout': 0.4, 'learning_rate': 5e-05, 'weight_decay': 0.0001}.
[I 2026-02-18 06:34:45,472] Trial 38 pruned. Duplicate hyper-parameters, same as those used in trial 2: {'batch_size': 32, 'frozen_layers': 0, 'classifier_dropout': 0.4, 'learning_rate': 2e-05, 'weight_decay': 0.001}.
[I 2026-02-18 06:34:46,049] Trial 39 pruned. Duplicate hyper-parameters, same as those used in trial 3: {'batch_size': 64, 'frozen_layers': 4, 'classifier_dropout': 0.3, 'learning_rate': 3e-05, 'weight_decay': 1e-06}.
[I 2026-02-18 06:34:46,607] Trial 40 pruned. Duplicate hyper-parameters, same as those used in trial 4: {'batch_size': 16, 'frozen_layers': 6, 'classifier_dropout': 0.2, 'learning_rate': 5e-05, 'weight_decay': 1e-06}.
[I 2026-02-18 06:34:47,148] Trial 41 pruned. Duplicate hyper-parameters, same as those used in trial 5: {'batch_size': 32, 'frozen_layers': 2, 'classifier_dropout': 0.1, 'learning_rate': 2e-05, 'weight_decay': 0.0001}.
[I 2026-02-18 06:34:47,672] Trial 42 pruned. Duplicate hyper-parameters, same as those used in trial 6: {'batch_size': 32, 'frozen_layers': 6, 'classifier_dropout': 0.1, 'learning_rate': 5e-05, 'weight_decay': 0.001}.
[I 2026-02-18 06:34:48,219] Trial 43 pruned. Duplicate hyper-parameters, same as those used in trial 7: {'batch_size': 16, 'frozen_layers': 6, 'classifier_dropout': 0.4, 'learning_rate': 5e-05, 'weight_decay': 1e-05}.
[I 2026-02-18 06:34:48,812] Trial 44 pruned. Duplicate hyper-parameters, same as those used in trial 8: {'batch_size': 64, 'frozen_layers': 4, 'classifier_dropout': 0.4, 'learning_rate': 5e-05, 'weight_decay': 0.0001}.
[I 2026-02-18 06:34:49,408] Trial 45 pruned. Duplicate hyper-parameters, same as those used in trial 9: {'batch_size': 64, 'frozen_layers': 0, 'classifier_dropout': 0.1, 'learning_rate': 2e-05, 'weight_decay': 1e-05}.
[I 2026-02-18 06:34:50,008] Trial 46 pruned. Duplicate hyper-parameters, same as those used in trial 10: {'batch_size': 16, 'frozen_layers': 0, 'classifier_dropout': 0.1, 'learning_rate': 5e-05, 'weight_decay': 0.001}.
[I 2026-02-18 06:34:50,604] Trial 47 pruned. Duplicate hyper-parameters, same as those used in trial 11: {'batch_size': 16, 'frozen_layers': 6, 'classifier_dropout': 0.2, 'learning_rate': 0.0001, 'weight_decay': 0.0001}.
[I 2026-02-18 06:34:51,184] Trial 48 pruned. Duplicate hyper-parameters, same as those used in trial 12: {'batch_size': 32, 'frozen_layers': 4, 'classifier_dropout': 0.1, 'learning_rate': 2e-05, 'weight_decay': 1e-06}.
[I 2026-02-18 06:34:51,783] Trial 49 pruned. Duplicate hyper-parameters, same as those used in trial 13: {'batch_size': 32, 'frozen_layers': 2, 'classifier_dropout': 0.4, 'learning_rate': 3e-05, 'weight_decay': 1e-06}.
[I 2026-02-18 06:34:52,387] Trial 50 pruned. Duplicate hyper-parameters, same as those used in trial 14: {'batch_size': 16, 'frozen_layers': 2, 'classifier_dropout': 0.3, 'learning_rate': 2e-05, 'weight_decay': 1e-06}.
[I 2026-02-18 06:34:52,989] Trial 51 pruned. Duplicate hyper-parameters, same as those used in trial 15: {'batch_size': 64, 'frozen_layers': 4, 'classifier_dropout': 0.2, 'learning_rate': 3e-05, 'weight_decay': 1e-06}.
[I 2026-02-18 06:34:53,594] Trial 52 pruned. Duplicate hyper-parameters, same as those used in trial 16: {'batch_size': 32, 'frozen_layers': 2, 'classifier_dropout': 0.1, 'learning_rate': 1e-05, 'weight_decay': 1e-06}.
[I 2026-02-18 06:34:54,203] Trial 53 pruned. Duplicate hyper-parameters, same as those used in trial 17: {'batch_size': 16, 'frozen_layers': 6, 'classifier_dropout': 0.3, 'learning_rate': 1e-05, 'weight_decay': 0.0001}.
[I 2026-02-18 06:34:54,815] Trial 54 pruned. Duplicate hyper-parameters, same as those used in trial 18: {'batch_size': 32, 'frozen_layers': 6, 'classifier_dropout': 0.1, 'learning_rate': 3e-05, 'weight_decay': 1e-06}.
[I 2026-02-18 06:34:55,422] Trial 55 pruned. Duplicate hyper-parameters, same as those used in trial 19: {'batch_size': 32, 'frozen_layers': 0, 'classifier_dropout': 0.4, 'learning_rate': 0.0001, 'weight_decay': 1e-06}.
[I 2026-02-18 06:34:56,028] Trial 56 pruned. Duplicate hyper-parameters, same as those used in trial 20: {'batch_size': 32, 'frozen_layers': 4, 'classifier_dropout': 0.2, 'learning_rate': 2e-05, 'weight_decay': 0.001}.
[I 2026-02-18 06:34:56,648] Trial 57 pruned. Duplicate hyper-parameters, same as those used in trial 21: {'batch_size': 16, 'frozen_layers': 4, 'classifier_dropout': 0.1, 'learning_rate': 1e-05, 'weight_decay': 1e-05}.
[I 2026-02-18 06:34:57,253] Trial 58 pruned. Duplicate hyper-parameters, same as those used in trial 22: {'batch_size': 32, 'frozen_layers': 6, 'classifier_dropout': 0.4, 'learning_rate': 3e-05, 'weight_decay': 1e-05}.
[I 2026-02-18 06:34:57,844] Trial 59 pruned. Duplicate hyper-parameters, same as those used in trial 23: {'batch_size': 64, 'frozen_layers': 2, 'classifier_dropout': 0.3, 'learning_rate': 0.0001, 'weight_decay': 0.0001}.
[I 2026-02-18 06:34:58,438] Trial 60 pruned. Duplicate hyper-parameters, same as those used in trial 24: {'batch_size': 32, 'frozen_layers': 4, 'classifier_dropout': 0.2, 'learning_rate': 1e-05, 'weight_decay': 0.001}.
[I 2026-02-18 06:34:59,035] Trial 61 pruned. Duplicate hyper-parameters, same as those used in trial 25: {'batch_size': 16, 'frozen_layers': 6, 'classifier_dropout': 0.2, 'learning_rate': 2e-05, 'weight_decay': 0.0001}.
[I 2026-02-18 06:34:59,662] Trial 62 pruned. Duplicate hyper-parameters, same as those used in trial 26: {'batch_size': 64, 'frozen_layers': 0, 'classifier_dropout': 0.3, 'learning_rate': 1e-05, 'weight_decay': 1e-06}.
[I 2026-02-18 06:35:00,296] Trial 63 pruned. Duplicate hyper-parameters, same as those used in trial 27: {'batch_size': 16, 'frozen_layers': 0, 'classifier_dropout': 0.3, 'learning_rate': 5e-05, 'weight_decay': 0.0001}.
[I 2026-02-18 06:35:00,912] Trial 64 pruned. Duplicate hyper-parameters, same as those used in trial 28: {'batch_size': 16, 'frozen_layers': 4, 'classifier_dropout': 0.2, 'learning_rate': 0.0001, 'weight_decay': 1e-05}.
[I 2026-02-18 06:35:01,517] Trial 65 pruned. Duplicate hyper-parameters, same as those used in trial 29: {'batch_size': 32, 'frozen_layers': 2, 'classifier_dropout': 0.3, 'learning_rate': 5e-05, 'weight_decay': 1e-06}.
[I 2026-02-18 06:35:02,111] Trial 66 pruned. Duplicate hyper-parameters, same as those used in trial 30: {'batch_size': 32, 'frozen_layers': 4, 'classifier_dropout': 0.3, 'learning_rate': 0.0001, 'weight_decay': 0.0001}.
[I 2026-02-18 06:35:02,996] Trial 67 pruned. Duplicate hyper-parameters, same as those used in trial 31: {'batch_size': 64, 'frozen_layers': 2, 'classifier_dropout': 0.1, 'learning_rate': 1e-05, 'weight_decay': 1e-06}.
[I 2026-02-18 06:35:03,628] Trial 68 pruned. Duplicate hyper-parameters, same as those used in trial 32: {'batch_size': 32, 'frozen_layers': 4, 'classifier_dropout': 0.2, 'learning_rate': 3e-05, 'weight_decay': 0.0001}.
[I 2026-02-18 06:35:04,246] Trial 69 pruned. Duplicate hyper-parameters, same as those used in trial 33: {'batch_size': 32, 'frozen_layers': 6, 'classifier_dropout': 0.3, 'learning_rate': 0.0001, 'weight_decay': 0.0001}.
[I 2026-02-18 06:35:04,846] Trial 70 pruned. Duplicate hyper-parameters, same as those used in trial 35: {'batch_size': 16, 'frozen_layers': 2, 'classifier_dropout': 0.2, 'learning_rate': 0.0001, 'weight_decay': 1e-05}.
[I 2026-02-18 07:15:46,576] Trial 71 finished with value: 0.9450790363727956 and parameters: {'batch_size': 16, 'frozen_layers': 4, 'classifier_dropout': 0.1, 'learning_rate': 0.0001, 'weight_decay': 1e-05}. Best is trial 14 with value: 0.9634075876077042.
[I 2026-02-18 07:15:47,184] Trial 72 pruned. Duplicate hyper-parameters, same as those used in trial 71: {'batch_size': 16, 'frozen_layers': 4, 'classifier_dropout': 0.1, 'learning_rate': 0.0001, 'weight_decay': 1e-05}.
[I 2026-02-18 07:45:20,234] Trial 73 finished with value: 0.9077627968239018 and parameters: {'batch_size': 64, 'frozen_layers': 4, 'classifier_dropout': 0.2, 'learning_rate': 1e-05, 'weight_decay': 0.0001}. Best is trial 14 with value: 0.9634075876077042.
[I 2026-02-18 08:15:42,444] Trial 74 finished with value: 0.9426122600001909 and parameters: {'batch_size': 32, 'frozen_layers': 6, 'classifier_dropout': 0.1, 'learning_rate': 1e-05, 'weight_decay': 1e-05}. Best is trial 14 with value: 0.9634075876077042.
[I 2026-02-18 08:56:37,694] Trial 75 finished with value: 0.9450790363727956 and parameters: {'batch_size': 16, 'frozen_layers': 4, 'classifier_dropout': 0.3, 'learning_rate': 0.0001, 'weight_decay': 1e-06}. Best is trial 14 with value: 0.9634075876077042.
[I 2026-02-18 09:28:49,683] Trial 76 finished with value: 0.9483927686963265 and parameters: {'batch_size': 16, 'frozen_layers': 6, 'classifier_dropout': 0.4, 'learning_rate': 3e-05, 'weight_decay': 1e-06}. Best is trial 14 with value: 0.9634075876077042.
[I 2026-02-18 10:09:45,944] Trial 77 finished with value: 0.9528564447194598 and parameters: {'batch_size': 16, 'frozen_layers': 4, 'classifier_dropout': 0.2, 'learning_rate': 5e-05, 'weight_decay': 1e-06}. Best is trial 14 with value: 0.9634075876077042.
[I 2026-02-18 10:39:11,600] Trial 78 finished with value: 0.9423697997452574 and parameters: {'batch_size': 32, 'frozen_layers': 0, 'classifier_dropout': 0.1, 'learning_rate': 3e-05, 'weight_decay': 0.0001}. Best is trial 14 with value: 0.9634075876077042.
[I 2026-02-18 11:11:52,536] Trial 79 finished with value: 0.9362932222614154 and parameters: {'batch_size': 16, 'frozen_layers': 4, 'classifier_dropout': 0.3, 'learning_rate': 2e-05, 'weight_decay': 1e-06}. Best is trial 14 with value: 0.9634075876077042.
[I 2026-02-18 11:43:59,032] Trial 80 finished with value: 0.9466628591364792 and parameters: {'batch_size': 32, 'frozen_layers': 2, 'classifier_dropout': 0.4, 'learning_rate': 1e-05, 'weight_decay': 1e-05}. Best is trial 14 with value: 0.9634075876077042.
[I 2026-02-18 12:16:40,313] Trial 81 finished with value: 0.9362932222614154 and parameters: {'batch_size': 16, 'frozen_layers': 4, 'classifier_dropout': 0.4, 'learning_rate': 2e-05, 'weight_decay': 1e-05}. Best is trial 14 with value: 0.9634075876077042.
[I 2026-02-18 12:48:07,298] Trial 82 finished with value: 0.9462294742603863 and parameters: {'batch_size': 64, 'frozen_layers': 0, 'classifier_dropout': 0.2, 'learning_rate': 2e-05, 'weight_decay': 1e-05}. Best is trial 14 with value: 0.9634075876077042.
[I 2026-02-18 13:16:09,928] Trial 83 finished with value: 0.944172480668582 and parameters: {'batch_size': 64, 'frozen_layers': 0, 'classifier_dropout': 0.1, 'learning_rate': 3e-05, 'weight_decay': 0.001}. Best is trial 14 with value: 0.9634075876077042.
[I 2026-02-18 13:46:38,116] Trial 84 finished with value: 0.9426122600001909 and parameters: {'batch_size': 32, 'frozen_layers': 6, 'classifier_dropout': 0.4, 'learning_rate': 1e-05, 'weight_decay': 0.001}. Best is trial 14 with value: 0.9634075876077042.
[I 2026-02-18 14:18:39,180] Trial 85 finished with value: 0.9466628591364792 and parameters: {'batch_size': 32, 'frozen_layers': 2, 'classifier_dropout': 0.3, 'learning_rate': 1e-05, 'weight_decay': 0.0001}. Best is trial 14 with value: 0.9634075876077042.
[I 2026-02-18 14:49:10,173] Trial 86 finished with value: 0.9267331615187251 and parameters: {'batch_size': 64, 'frozen_layers': 2, 'classifier_dropout': 0.1, 'learning_rate': 1e-05, 'weight_decay': 0.0001}. Best is trial 14 with value: 0.9634075876077042.
[UPDATE] 50 completed trials using a random sampler. Switching from random to TPE sampling.
[I 2026-02-18 14:49:10,944] Trial 87 pruned. Duplicate hyper-parameters, same as those used in trial 77: {'batch_size': 16, 'frozen_layers': 4, 'classifier_dropout': 0.2, 'learning_rate': 5e-05, 'weight_decay': 1e-06}.
[I 2026-02-18 15:19:11,689] Trial 88 finished with value: 0.9444304639192712 and parameters: {'batch_size': 16, 'frozen_layers': 0, 'classifier_dropout': 0.2, 'learning_rate': 0.0001, 'weight_decay': 1e-06}. Best is trial 14 with value: 0.9634075876077042.
[I 2026-02-18 15:51:32,960] Trial 89 finished with value: 0.9376393667508487 and parameters: {'batch_size': 16, 'frozen_layers': 6, 'classifier_dropout': 0.4, 'learning_rate': 2e-05, 'weight_decay': 1e-06}. Best is trial 14 with value: 0.9634075876077042.
[I 2026-02-18 16:14:12,561] Trial 90 finished with value: 0.9318486424979175 and parameters: {'batch_size': 32, 'frozen_layers': 0, 'classifier_dropout': 0.1, 'learning_rate': 0.0001, 'weight_decay': 1e-05}. Best is trial 14 with value: 0.9634075876077042.
[I 2026-02-18 16:46:56,706] Trial 91 finished with value: 0.9485229135991808 and parameters: {'batch_size': 16, 'frozen_layers': 4, 'classifier_dropout': 0.4, 'learning_rate': 5e-05, 'weight_decay': 0.001}. Best is trial 14 with value: 0.9634075876077042.
[I 2026-02-18 16:46:57,453] Trial 92 pruned. Duplicate hyper-parameters, same as those used in trial 76: {'batch_size': 16, 'frozen_layers': 6, 'classifier_dropout': 0.4, 'learning_rate': 3e-05, 'weight_decay': 1e-06}.
[I 2026-02-18 16:46:58,174] Trial 93 pruned. Duplicate hyper-parameters, same as those used in trial 91: {'batch_size': 16, 'frozen_layers': 4, 'classifier_dropout': 0.4, 'learning_rate': 5e-05, 'weight_decay': 0.001}.
[I 2026-02-18 17:17:48,025] Trial 94 finished with value: 0.9404588854992644 and parameters: {'batch_size': 32, 'frozen_layers': 4, 'classifier_dropout': 0.4, 'learning_rate': 5e-05, 'weight_decay': 0.001}. Best is trial 14 with value: 0.9634075876077042.
[I 2026-02-18 17:47:17,450] Trial 95 finished with value: 0.9423697997452574 and parameters: {'batch_size': 32, 'frozen_layers': 0, 'classifier_dropout': 0.4, 'learning_rate': 3e-05, 'weight_decay': 0.001}. Best is trial 14 with value: 0.9634075876077042.
[I 2026-02-18 18:28:21,269] Trial 96 finished with value: 0.9508257983426033 and parameters: {'batch_size': 16, 'frozen_layers': 4, 'classifier_dropout': 0.4, 'learning_rate': 3e-05, 'weight_decay': 1e-06}. Best is trial 14 with value: 0.9634075876077042.
[I 2026-02-18 18:28:22,036] Trial 97 pruned. Duplicate hyper-parameters, same as those used in trial 96: {'batch_size': 16, 'frozen_layers': 4, 'classifier_dropout': 0.4, 'learning_rate': 3e-05, 'weight_decay': 1e-06}.
[I 2026-02-18 19:01:27,808] Trial 98 finished with value: 0.9555972257120628 and parameters: {'batch_size': 32, 'frozen_layers': 0, 'classifier_dropout': 0.1, 'learning_rate': 1e-05, 'weight_decay': 0.001}. Best is trial 14 with value: 0.9634075876077042.
[I 2026-02-18 19:01:28,633] Trial 99 pruned. Duplicate hyper-parameters, same as those used in trial 98: {'batch_size': 32, 'frozen_layers': 0, 'classifier_dropout': 0.1, 'learning_rate': 1e-05, 'weight_decay': 0.001}.
[I 2026-02-18 19:30:54,476] Trial 100 finished with value: 0.955287244302198 and parameters: {'batch_size': 32, 'frozen_layers': 0, 'classifier_dropout': 0.4, 'learning_rate': 2e-05, 'weight_decay': 0.0001}. Best is trial 14 with value: 0.9634075876077042.
[I 2026-02-18 19:57:04,978] Trial 101 finished with value: 0.9483117739486014 and parameters: {'batch_size': 32, 'frozen_layers': 0, 'classifier_dropout': 0.4, 'learning_rate': 5e-05, 'weight_decay': 0.0001}. Best is trial 14 with value: 0.9634075876077042.
[I 2026-02-18 19:57:05,709] Trial 102 pruned. Duplicate hyper-parameters, same as those used in trial 100: {'batch_size': 32, 'frozen_layers': 0, 'classifier_dropout': 0.4, 'learning_rate': 2e-05, 'weight_decay': 0.0001}.
[I 2026-02-18 20:26:36,210] Trial 103 finished with value: 0.9336346073517126 and parameters: {'batch_size': 16, 'frozen_layers': 2, 'classifier_dropout': 0.2, 'learning_rate': 5e-05, 'weight_decay': 0.001}. Best is trial 14 with value: 0.9634075876077042.
[I 2026-02-18 20:59:44,262] Trial 104 finished with value: 0.9555972257120628 and parameters: {'batch_size': 32, 'frozen_layers': 0, 'classifier_dropout': 0.3, 'learning_rate': 1e-05, 'weight_decay': 1e-05}. Best is trial 14 with value: 0.9634075876077042.
[I 2026-02-18 20:59:45,050] Trial 105 pruned. Duplicate hyper-parameters, same as those used in trial 104: {'batch_size': 32, 'frozen_layers': 0, 'classifier_dropout': 0.3, 'learning_rate': 1e-05, 'weight_decay': 1e-05}.
[I 2026-02-18 21:40:43,694] Trial 106 finished with value: 0.9450790363727956 and parameters: {'batch_size': 16, 'frozen_layers': 4, 'classifier_dropout': 0.4, 'learning_rate': 0.0001, 'weight_decay': 0.0001}. Best is trial 14 with value: 0.9634075876077042.
[I 2026-02-18 22:23:06,334] Trial 107 finished with value: 0.9634075876077042 and parameters: {'batch_size': 16, 'frozen_layers': 2, 'classifier_dropout': 0.2, 'learning_rate': 2e-05, 'weight_decay': 1e-06}. Best is trial 14 with value: 0.9634075876077042.
[I 2026-02-18 22:54:34,283] Trial 108 finished with value: 0.9565927036480792 and parameters: {'batch_size': 32, 'frozen_layers': 4, 'classifier_dropout': 0.2, 'learning_rate': 1e-05, 'weight_decay': 1e-05}. Best is trial 14 with value: 0.9634075876077042.
[I 2026-02-18 22:54:35,050] Trial 109 pruned. Duplicate hyper-parameters, same as those used in trial 107: {'batch_size': 16, 'frozen_layers': 2, 'classifier_dropout': 0.2, 'learning_rate': 2e-05, 'weight_decay': 1e-06}.
[I 2026-02-18 23:25:55,927] Trial 110 finished with value: 0.9565927036480792 and parameters: {'batch_size': 32, 'frozen_layers': 4, 'classifier_dropout': 0.1, 'learning_rate': 1e-05, 'weight_decay': 0.001}. Best is trial 14 with value: 0.9634075876077042.
[I 2026-02-18 23:25:56,708] Trial 111 pruned. Duplicate hyper-parameters, same as those used in trial 108: {'batch_size': 32, 'frozen_layers': 4, 'classifier_dropout': 0.2, 'learning_rate': 1e-05, 'weight_decay': 1e-05}.
[I 2026-02-18 23:25:57,446] Trial 112 pruned. Duplicate hyper-parameters, same as those used in trial 110: {'batch_size': 32, 'frozen_layers': 4, 'classifier_dropout': 0.1, 'learning_rate': 1e-05, 'weight_decay': 0.001}.
[I 2026-02-19 00:07:03,781] Trial 113 finished with value: 0.9528564447194598 and parameters: {'batch_size': 16, 'frozen_layers': 4, 'classifier_dropout': 0.1, 'learning_rate': 5e-05, 'weight_decay': 0.0001}. Best is trial 14 with value: 0.9634075876077042.
[I 2026-02-19 00:36:34,997] Trial 114 finished with value: 0.955287244302198 and parameters: {'batch_size': 32, 'frozen_layers': 0, 'classifier_dropout': 0.1, 'learning_rate': 2e-05, 'weight_decay': 0.001}. Best is trial 14 with value: 0.9634075876077042.
[I 2026-02-19 01:06:01,661] Trial 115 finished with value: 0.955287244302198 and parameters: {'batch_size': 32, 'frozen_layers': 0, 'classifier_dropout': 0.2, 'learning_rate': 2e-05, 'weight_decay': 0.001}. Best is trial 14 with value: 0.9634075876077042.
[I 2026-02-19 01:06:02,416] Trial 116 pruned. Duplicate hyper-parameters, same as those used in trial 115: {'batch_size': 32, 'frozen_layers': 0, 'classifier_dropout': 0.2, 'learning_rate': 2e-05, 'weight_decay': 0.001}.
[I 2026-02-19 01:06:03,407] Trial 117 pruned. Duplicate hyper-parameters, same as those used in trial 114: {'batch_size': 32, 'frozen_layers': 0, 'classifier_dropout': 0.1, 'learning_rate': 2e-05, 'weight_decay': 0.001}.
[I 2026-02-19 01:35:33,239] Trial 118 finished with value: 0.948735368616957 and parameters: {'batch_size': 32, 'frozen_layers': 0, 'classifier_dropout': 0.3, 'learning_rate': 5e-05, 'weight_decay': 0.001}. Best is trial 14 with value: 0.9634075876077042.
[I 2026-02-19 02:08:43,533] Trial 119 finished with value: 0.9555972257120628 and parameters: {'batch_size': 32, 'frozen_layers': 0, 'classifier_dropout': 0.2, 'learning_rate': 1e-05, 'weight_decay': 0.0001}. Best is trial 14 with value: 0.9634075876077042.
[I 2026-02-19 02:08:44,286] Trial 120 pruned. Duplicate hyper-parameters, same as those used in trial 119: {'batch_size': 32, 'frozen_layers': 0, 'classifier_dropout': 0.2, 'learning_rate': 1e-05, 'weight_decay': 0.0001}.
[I 2026-02-19 02:40:06,449] Trial 121 finished with value: 0.9565927036480792 and parameters: {'batch_size': 32, 'frozen_layers': 4, 'classifier_dropout': 0.3, 'learning_rate': 1e-05, 'weight_decay': 0.001}. Best is trial 14 with value: 0.9634075876077042.
[I 2026-02-19 03:10:28,978] Trial 122 finished with value: 0.9391695724796045 and parameters: {'batch_size': 64, 'frozen_layers': 2, 'classifier_dropout': 0.3, 'learning_rate': 2e-05, 'weight_decay': 1e-06}. Best is trial 14 with value: 0.9634075876077042.
[I 2026-02-19 03:39:54,048] Trial 123 finished with value: 0.9077627968239018 and parameters: {'batch_size': 64, 'frozen_layers': 4, 'classifier_dropout': 0.1, 'learning_rate': 1e-05, 'weight_decay': 0.001}. Best is trial 14 with value: 0.9634075876077042.
[I 2026-02-19 03:39:54,785] Trial 124 pruned. Duplicate hyper-parameters, same as those used in trial 121: {'batch_size': 32, 'frozen_layers': 4, 'classifier_dropout': 0.3, 'learning_rate': 1e-05, 'weight_decay': 0.001}.
[I 2026-02-19 04:05:10,363] Trial 125 finished with value: 0.9420271403630537 and parameters: {'batch_size': 32, 'frozen_layers': 2, 'classifier_dropout': 0.1, 'learning_rate': 0.0001, 'weight_decay': 0.001}. Best is trial 14 with value: 0.9634075876077042.
[I 2026-02-19 04:43:57,557] Trial 126 finished with value: 0.9421996929922786 and parameters: {'batch_size': 16, 'frozen_layers': 0, 'classifier_dropout': 0.2, 'learning_rate': 1e-05, 'weight_decay': 0.0001}. Best is trial 14 with value: 0.9634075876077042.
[I 2026-02-19 05:15:15,271] Trial 127 finished with value: 0.9462294742603863 and parameters: {'batch_size': 64, 'frozen_layers': 0, 'classifier_dropout': 0.4, 'learning_rate': 2e-05, 'weight_decay': 0.001}. Best is trial 14 with value: 0.9634075876077042.
[I 2026-02-19 05:44:44,450] Trial 128 finished with value: 0.955287244302198 and parameters: {'batch_size': 32, 'frozen_layers': 0, 'classifier_dropout': 0.4, 'learning_rate': 2e-05, 'weight_decay': 1e-05}. Best is trial 14 with value: 0.9634075876077042.
[I 2026-02-19 06:15:57,694] Trial 129 finished with value: 0.9565927036480792 and parameters: {'batch_size': 32, 'frozen_layers': 4, 'classifier_dropout': 0.4, 'learning_rate': 1e-05, 'weight_decay': 0.0001}. Best is trial 14 with value: 0.9634075876077042.
[I 2026-02-19 06:15:58,388] Trial 130 pruned. Duplicate hyper-parameters, same as those used in trial 129: {'batch_size': 32, 'frozen_layers': 4, 'classifier_dropout': 0.4, 'learning_rate': 1e-05, 'weight_decay': 0.0001}.
[I 2026-02-19 06:49:41,546] Trial 131 finished with value: 0.9457401346655349 and parameters: {'batch_size': 16, 'frozen_layers': 2, 'classifier_dropout': 0.3, 'learning_rate': 3e-05, 'weight_decay': 1e-06}. Best is trial 14 with value: 0.9634075876077042.
[I 2026-02-19 07:21:05,648] Trial 132 finished with value: 0.9565927036480792 and parameters: {'batch_size': 32, 'frozen_layers': 4, 'classifier_dropout': 0.2, 'learning_rate': 1e-05, 'weight_decay': 1e-06}. Best is trial 14 with value: 0.9634075876077042.
[I 2026-02-19 07:21:06,453] Trial 133 pruned. Duplicate hyper-parameters, same as those used in trial 132: {'batch_size': 32, 'frozen_layers': 4, 'classifier_dropout': 0.2, 'learning_rate': 1e-05, 'weight_decay': 1e-06}.
[I 2026-02-19 07:52:31,137] Trial 134 finished with value: 0.9565927036480792 and parameters: {'batch_size': 32, 'frozen_layers': 4, 'classifier_dropout': 0.3, 'learning_rate': 1e-05, 'weight_decay': 1e-06}. Best is trial 14 with value: 0.9634075876077042.
[I 2026-02-19 08:25:42,164] Trial 135 finished with value: 0.9555972257120628 and parameters: {'batch_size': 32, 'frozen_layers': 0, 'classifier_dropout': 0.3, 'learning_rate': 1e-05, 'weight_decay': 1e-06}. Best is trial 14 with value: 0.9634075876077042.
[I 2026-02-19 08:25:42,900] Trial 136 pruned. Duplicate hyper-parameters, same as those used in trial 134: {'batch_size': 32, 'frozen_layers': 4, 'classifier_dropout': 0.3, 'learning_rate': 1e-05, 'weight_decay': 1e-06}.
[I 2026-02-19 08:48:26,035] Trial 137 finished with value: 0.9318486424979175 and parameters: {'batch_size': 32, 'frozen_layers': 0, 'classifier_dropout': 0.3, 'learning_rate': 0.0001, 'weight_decay': 1e-06}. Best is trial 14 with value: 0.9634075876077042.
[I 2026-02-19 09:20:46,195] Trial 138 finished with value: 0.9466628591364792 and parameters: {'batch_size': 32, 'frozen_layers': 2, 'classifier_dropout': 0.2, 'learning_rate': 1e-05, 'weight_decay': 0.001}. Best is trial 14 with value: 0.9634075876077042.
[I 2026-02-19 09:20:46,923] Trial 139 pruned. Duplicate hyper-parameters, same as those used in trial 135: {'batch_size': 32, 'frozen_layers': 0, 'classifier_dropout': 0.3, 'learning_rate': 1e-05, 'weight_decay': 1e-06}.
[I 2026-02-19 09:48:34,080] Trial 140 finished with value: 0.9372318287306329 and parameters: {'batch_size': 32, 'frozen_layers': 4, 'classifier_dropout': 0.2, 'learning_rate': 5e-05, 'weight_decay': 1e-05}. Best is trial 14 with value: 0.9634075876077042.
[I 2026-02-19 10:29:51,760] Trial 141 finished with value: 0.9368235095482798 and parameters: {'batch_size': 16, 'frozen_layers': 4, 'classifier_dropout': 0.2, 'learning_rate': 1e-05, 'weight_decay': 0.001}. Best is trial 14 with value: 0.9634075876077042.
[I 2026-02-19 11:01:15,616] Trial 142 finished with value: 0.9565927036480792 and parameters: {'batch_size': 32, 'frozen_layers': 4, 'classifier_dropout': 0.3, 'learning_rate': 1e-05, 'weight_decay': 1e-05}. Best is trial 14 with value: 0.9634075876077042.
[I 2026-02-19 11:42:41,773] Trial 143 finished with value: 0.9368235095482798 and parameters: {'batch_size': 16, 'frozen_layers': 4, 'classifier_dropout': 0.3, 'learning_rate': 1e-05, 'weight_decay': 1e-05}. Best is trial 14 with value: 0.9634075876077042.
[I 2026-02-19 11:42:42,552] Trial 144 pruned. Duplicate hyper-parameters, same as those used in trial 142: {'batch_size': 32, 'frozen_layers': 4, 'classifier_dropout': 0.3, 'learning_rate': 1e-05, 'weight_decay': 1e-05}.
[I 2026-02-19 12:14:12,777] Trial 145 finished with value: 0.9565927036480792 and parameters: {'batch_size': 32, 'frozen_layers': 4, 'classifier_dropout': 0.1, 'learning_rate': 1e-05, 'weight_decay': 1e-05}. Best is trial 14 with value: 0.9634075876077042.
[I 2026-02-19 12:14:13,508] Trial 146 pruned. Duplicate hyper-parameters, same as those used in trial 145: {'batch_size': 32, 'frozen_layers': 4, 'classifier_dropout': 0.1, 'learning_rate': 1e-05, 'weight_decay': 1e-05}.
[I 2026-02-19 12:45:41,374] Trial 147 finished with value: 0.9565927036480792 and parameters: {'batch_size': 32, 'frozen_layers': 4, 'classifier_dropout': 0.1, 'learning_rate': 1e-05, 'weight_decay': 0.0001}. Best is trial 14 with value: 0.9634075876077042.
[I 2026-02-19 13:17:05,668] Trial 148 finished with value: 0.9565927036480792 and parameters: {'batch_size': 32, 'frozen_layers': 4, 'classifier_dropout': 0.1, 'learning_rate': 1e-05, 'weight_decay': 1e-06}. Best is trial 14 with value: 0.9634075876077042.
[I 2026-02-19 13:17:06,402] Trial 149 pruned. Duplicate hyper-parameters, same as those used in trial 147: {'batch_size': 32, 'frozen_layers': 4, 'classifier_dropout': 0.1, 'learning_rate': 1e-05, 'weight_decay': 0.0001}.
[I 2026-02-19 13:45:03,288] Trial 150 finished with value: 0.9478342803027751 and parameters: {'batch_size': 32, 'frozen_layers': 4, 'classifier_dropout': 0.3, 'learning_rate': 2e-05, 'weight_decay': 1e-05}. Best is trial 14 with value: 0.9634075876077042.
[I 2026-02-19 13:45:04,064] Trial 151 pruned. Duplicate hyper-parameters, same as those used in trial 148: {'batch_size': 32, 'frozen_layers': 4, 'classifier_dropout': 0.1, 'learning_rate': 1e-05, 'weight_decay': 1e-06}.
[I 2026-02-19 14:16:27,641] Trial 152 finished with value: 0.9565927036480792 and parameters: {'batch_size': 32, 'frozen_layers': 4, 'classifier_dropout': 0.3, 'learning_rate': 1e-05, 'weight_decay': 0.0001}. Best is trial 14 with value: 0.9634075876077042.
[I 2026-02-19 14:16:28,376] Trial 153 pruned. Duplicate hyper-parameters, same as those used in trial 152: {'batch_size': 32, 'frozen_layers': 4, 'classifier_dropout': 0.3, 'learning_rate': 1e-05, 'weight_decay': 0.0001}.
[I 2026-02-19 14:55:22,572] Trial 154 finished with value: 0.9421996929922786 and parameters: {'batch_size': 16, 'frozen_layers': 0, 'classifier_dropout': 0.1, 'learning_rate': 1e-05, 'weight_decay': 0.001}. Best is trial 14 with value: 0.9634075876077042.
[I 2026-02-19 15:24:58,801] Trial 155 finished with value: 0.9077627968239018 and parameters: {'batch_size': 64, 'frozen_layers': 4, 'classifier_dropout': 0.2, 'learning_rate': 1e-05, 'weight_decay': 1e-05}. Best is trial 14 with value: 0.9634075876077042.
[I 2026-02-19 15:49:47,205] Trial 156 finished with value: 0.9405812686282224 and parameters: {'batch_size': 32, 'frozen_layers': 4, 'classifier_dropout': 0.1, 'learning_rate': 3e-05, 'weight_decay': 1e-05}. Best is trial 14 with value: 0.9634075876077042.
[I 2026-02-19 16:21:04,826] Trial 157 finished with value: 0.9565927036480792 and parameters: {'batch_size': 32, 'frozen_layers': 4, 'classifier_dropout': 0.4, 'learning_rate': 1e-05, 'weight_decay': 1e-05}. Best is trial 14 with value: 0.9634075876077042.
[I 2026-02-19 16:52:16,415] Trial 158 finished with value: 0.9565927036480792 and parameters: {'batch_size': 32, 'frozen_layers': 4, 'classifier_dropout': 0.4, 'learning_rate': 1e-05, 'weight_decay': 1e-06}. Best is trial 14 with value: 0.9634075876077042.
[I 2026-02-19 16:52:17,200] Trial 159 pruned. Duplicate hyper-parameters, same as those used in trial 158: {'batch_size': 32, 'frozen_layers': 4, 'classifier_dropout': 0.4, 'learning_rate': 1e-05, 'weight_decay': 1e-06}.
[I 2026-02-19 17:21:41,898] Trial 160 finished with value: 0.9077627968239018 and parameters: {'batch_size': 64, 'frozen_layers': 4, 'classifier_dropout': 0.4, 'learning_rate': 1e-05, 'weight_decay': 1e-05}. Best is trial 14 with value: 0.9634075876077042.
[I 2026-02-19 17:21:42,661] Trial 161 pruned. Duplicate hyper-parameters, same as those used in trial 157: {'batch_size': 32, 'frozen_layers': 4, 'classifier_dropout': 0.4, 'learning_rate': 1e-05, 'weight_decay': 1e-05}.
[I 2026-02-19 18:04:12,417] Trial 162 finished with value: 0.9634075876077042 and parameters: {'batch_size': 16, 'frozen_layers': 2, 'classifier_dropout': 0.1, 'learning_rate': 2e-05, 'weight_decay': 1e-06}. Best is trial 14 with value: 0.9634075876077042.
[I 2026-02-19 18:46:36,652] Trial 163 finished with value: 0.9634075876077042 and parameters: {'batch_size': 16, 'frozen_layers': 2, 'classifier_dropout': 0.4, 'learning_rate': 2e-05, 'weight_decay': 1e-06}. Best is trial 14 with value: 0.9634075876077042.
[I 2026-02-19 18:46:37,436] Trial 164 pruned. Duplicate hyper-parameters, same as those used in trial 162: {'batch_size': 16, 'frozen_layers': 2, 'classifier_dropout': 0.1, 'learning_rate': 2e-05, 'weight_decay': 1e-06}.
[I 2026-02-19 18:46:38,153] Trial 165 pruned. Duplicate hyper-parameters, same as those used in trial 163: {'batch_size': 16, 'frozen_layers': 2, 'classifier_dropout': 0.4, 'learning_rate': 2e-05, 'weight_decay': 1e-06}.
[I 2026-02-19 19:28:55,502] Trial 166 finished with value: 0.9634075876077042 and parameters: {'batch_size': 16, 'frozen_layers': 2, 'classifier_dropout': 0.3, 'learning_rate': 2e-05, 'weight_decay': 1e-05}. Best is trial 14 with value: 0.9634075876077042.
[I 2026-02-19 19:28:56,312] Trial 167 pruned. Duplicate hyper-parameters, same as those used in trial 166: {'batch_size': 16, 'frozen_layers': 2, 'classifier_dropout': 0.3, 'learning_rate': 2e-05, 'weight_decay': 1e-05}.
[I 2026-02-19 19:57:35,310] Trial 168 finished with value: 0.9452710822570798 and parameters: {'batch_size': 32, 'frozen_layers': 2, 'classifier_dropout': 0.3, 'learning_rate': 2e-05, 'weight_decay': 1e-06}. Best is trial 14 with value: 0.9634075876077042.
[I 2026-02-19 20:36:26,216] Trial 169 finished with value: 0.9450587362239102 and parameters: {'batch_size': 16, 'frozen_layers': 0, 'classifier_dropout': 0.3, 'learning_rate': 2e-05, 'weight_decay': 1e-05}. Best is trial 14 with value: 0.9634075876077042.
[I 2026-02-19 21:18:51,810] Trial 170 finished with value: 0.9634075876077042 and parameters: {'batch_size': 16, 'frozen_layers': 2, 'classifier_dropout': 0.4, 'learning_rate': 2e-05, 'weight_decay': 1e-05}. Best is trial 14 with value: 0.9634075876077042.
[I 2026-02-19 22:01:23,080] Trial 171 finished with value: 0.9634075876077042 and parameters: {'batch_size': 16, 'frozen_layers': 2, 'classifier_dropout': 0.1, 'learning_rate': 2e-05, 'weight_decay': 0.001}. Best is trial 14 with value: 0.9634075876077042.
[I 2026-02-19 22:01:23,813] Trial 172 pruned. Duplicate hyper-parameters, same as those used in trial 170: {'batch_size': 16, 'frozen_layers': 2, 'classifier_dropout': 0.4, 'learning_rate': 2e-05, 'weight_decay': 1e-05}.
[I 2026-02-19 22:01:24,535] Trial 173 pruned. Duplicate hyper-parameters, same as those used in trial 171: {'batch_size': 16, 'frozen_layers': 2, 'classifier_dropout': 0.1, 'learning_rate': 2e-05, 'weight_decay': 0.001}.
[I 2026-02-19 22:43:45,322] Trial 174 finished with value: 0.9634075876077042 and parameters: {'batch_size': 16, 'frozen_layers': 2, 'classifier_dropout': 0.2, 'learning_rate': 2e-05, 'weight_decay': 0.001}. Best is trial 14 with value: 0.9634075876077042.
[I 2026-02-19 23:26:10,056] Trial 175 finished with value: 0.9634075876077042 and parameters: {'batch_size': 16, 'frozen_layers': 2, 'classifier_dropout': 0.3, 'learning_rate': 2e-05, 'weight_decay': 0.0001}. Best is trial 14 with value: 0.9634075876077042.
[I 2026-02-19 23:26:10,790] Trial 176 pruned. Duplicate hyper-parameters, same as those used in trial 175: {'batch_size': 16, 'frozen_layers': 2, 'classifier_dropout': 0.3, 'learning_rate': 2e-05, 'weight_decay': 0.0001}.
[I 2026-02-20 00:08:36,503] Trial 177 finished with value: 0.9634075876077042 and parameters: {'batch_size': 16, 'frozen_layers': 2, 'classifier_dropout': 0.3, 'learning_rate': 2e-05, 'weight_decay': 0.001}. Best is trial 14 with value: 0.9634075876077042.
[I 2026-02-20 00:08:37,262] Trial 178 pruned. Duplicate hyper-parameters, same as those used in trial 174: {'batch_size': 16, 'frozen_layers': 2, 'classifier_dropout': 0.2, 'learning_rate': 2e-05, 'weight_decay': 0.001}.
[I 2026-02-20 00:51:04,842] Trial 179 finished with value: 0.9489650819862485 and parameters: {'batch_size': 16, 'frozen_layers': 2, 'classifier_dropout': 0.3, 'learning_rate': 1e-05, 'weight_decay': 1e-06}. Best is trial 14 with value: 0.9634075876077042.
[I 2026-02-20 00:51:05,617] Trial 180 pruned. Duplicate hyper-parameters, same as those used in trial 177: {'batch_size': 16, 'frozen_layers': 2, 'classifier_dropout': 0.3, 'learning_rate': 2e-05, 'weight_decay': 0.001}.
[I 2026-02-20 01:29:59,913] Trial 181 finished with value: 0.9450587362239102 and parameters: {'batch_size': 16, 'frozen_layers': 0, 'classifier_dropout': 0.1, 'learning_rate': 2e-05, 'weight_decay': 1e-06}. Best is trial 14 with value: 0.9634075876077042.
[I 2026-02-20 02:12:29,927] Trial 182 finished with value: 0.9634075876077042 and parameters: {'batch_size': 16, 'frozen_layers': 2, 'classifier_dropout': 0.1, 'learning_rate': 2e-05, 'weight_decay': 1e-05}. Best is trial 14 with value: 0.9634075876077042.
[I 2026-02-20 02:55:09,391] Trial 183 finished with value: 0.9634075876077042 and parameters: {'batch_size': 16, 'frozen_layers': 2, 'classifier_dropout': 0.4, 'learning_rate': 2e-05, 'weight_decay': 0.001}. Best is trial 14 with value: 0.9634075876077042.
[I 2026-02-20 03:25:35,514] Trial 184 finished with value: 0.9426122600001909 and parameters: {'batch_size': 32, 'frozen_layers': 6, 'classifier_dropout': 0.3, 'learning_rate': 1e-05, 'weight_decay': 0.001}. Best is trial 14 with value: 0.9634075876077042.
[I 2026-02-20 04:06:54,659] Trial 185 finished with value: 0.9368235095482798 and parameters: {'batch_size': 16, 'frozen_layers': 4, 'classifier_dropout': 0.4, 'learning_rate': 1e-05, 'weight_decay': 0.0001}. Best is trial 14 with value: 0.9634075876077042.
[I 2026-02-20 04:06:55,450] Trial 186 pruned. Duplicate hyper-parameters, same as those used in trial 182: {'batch_size': 16, 'frozen_layers': 2, 'classifier_dropout': 0.1, 'learning_rate': 2e-05, 'weight_decay': 1e-05}.
[I 2026-02-20 04:06:56,192] Trial 187 pruned. Duplicate hyper-parameters, same as those used in trial 183: {'batch_size': 16, 'frozen_layers': 2, 'classifier_dropout': 0.4, 'learning_rate': 2e-05, 'weight_decay': 0.001}.
[I 2026-02-20 04:45:07,707] Trial 188 finished with value: 0.94919267322826 and parameters: {'batch_size': 16, 'frozen_layers': 2, 'classifier_dropout': 0.3, 'learning_rate': 0.0001, 'weight_decay': 0.0001}. Best is trial 14 with value: 0.9634075876077042.
[I 2026-02-20 05:15:29,814] Trial 189 finished with value: 0.9391695724796045 and parameters: {'batch_size': 64, 'frozen_layers': 2, 'classifier_dropout': 0.1, 'learning_rate': 2e-05, 'weight_decay': 1e-05}. Best is trial 14 with value: 0.9634075876077042.
[I 2026-02-20 05:43:15,450] Trial 190 finished with value: 0.9138573626864139 and parameters: {'batch_size': 32, 'frozen_layers': 4, 'classifier_dropout': 0.2, 'learning_rate': 0.0001, 'weight_decay': 1e-06}. Best is trial 14 with value: 0.9634075876077042.
[I 2026-02-20 06:25:50,878] Trial 191 finished with value: 0.9634075876077042 and parameters: {'batch_size': 16, 'frozen_layers': 2, 'classifier_dropout': 0.1, 'learning_rate': 2e-05, 'weight_decay': 0.0001}. Best is trial 14 with value: 0.9634075876077042.
[I 2026-02-20 06:25:51,670] Trial 192 pruned. Duplicate hyper-parameters, same as those used in trial 191: {'batch_size': 16, 'frozen_layers': 2, 'classifier_dropout': 0.1, 'learning_rate': 2e-05, 'weight_decay': 0.0001}.
[I 2026-02-20 07:08:41,570] Trial 193 finished with value: 0.9634075876077042 and parameters: {'batch_size': 16, 'frozen_layers': 2, 'classifier_dropout': 0.4, 'learning_rate': 2e-05, 'weight_decay': 0.0001}. Best is trial 14 with value: 0.9634075876077042.
[I 2026-02-20 07:51:22,055] Trial 194 finished with value: 0.9489650819862485 and parameters: {'batch_size': 16, 'frozen_layers': 2, 'classifier_dropout': 0.4, 'learning_rate': 1e-05, 'weight_decay': 0.0001}. Best is trial 14 with value: 0.9634075876077042.
[I 2026-02-20 07:51:22,797] Trial 195 pruned. Duplicate hyper-parameters, same as those used in trial 193: {'batch_size': 16, 'frozen_layers': 2, 'classifier_dropout': 0.4, 'learning_rate': 2e-05, 'weight_decay': 0.0001}.
[I 2026-02-20 08:34:00,587] Trial 196 finished with value: 0.9634075876077042 and parameters: {'batch_size': 16, 'frozen_layers': 2, 'classifier_dropout': 0.2, 'learning_rate': 2e-05, 'weight_decay': 1e-05}. Best is trial 14 with value: 0.9634075876077042.
[I 2026-02-20 09:05:02,079] Trial 197 finished with value: 0.9404588854992644 and parameters: {'batch_size': 32, 'frozen_layers': 4, 'classifier_dropout': 0.1, 'learning_rate': 5e-05, 'weight_decay': 0.001}. Best is trial 14 with value: 0.9634075876077042.
[I 2026-02-20 09:37:35,656] Trial 198 finished with value: 0.9376393667508487 and parameters: {'batch_size': 16, 'frozen_layers': 6, 'classifier_dropout': 0.3, 'learning_rate': 2e-05, 'weight_decay': 1e-06}. Best is trial 14 with value: 0.9634075876077042.
[I 2026-02-20 09:37:36,419] Trial 199 pruned. Duplicate hyper-parameters, same as those used in trial 196: {'batch_size': 16, 'frozen_layers': 2, 'classifier_dropout': 0.2, 'learning_rate': 2e-05, 'weight_decay': 1e-05}.
[I 2026-02-20 10:16:51,240] Trial 200 finished with value: 0.9450587362239102 and parameters: {'batch_size': 16, 'frozen_layers': 0, 'classifier_dropout': 0.1, 'learning_rate': 2e-05, 'weight_decay': 0.0001}. Best is trial 14 with value: 0.9634075876077042.
[I 2026-02-20 10:59:40,606] Trial 201 finished with value: 0.9634075876077042 and parameters: {'batch_size': 16, 'frozen_layers': 2, 'classifier_dropout': 0.2, 'learning_rate': 2e-05, 'weight_decay': 0.0001}. Best is trial 14 with value: 0.9634075876077042.
[I 2026-02-20 11:24:39,927] Trial 202 finished with value: 0.9405812686282224 and parameters: {'batch_size': 32, 'frozen_layers': 4, 'classifier_dropout': 0.3, 'learning_rate': 3e-05, 'weight_decay': 0.001}. Best is trial 14 with value: 0.9634075876077042.
[I 2026-02-20 11:24:40,720] Trial 203 pruned. Duplicate hyper-parameters, same as those used in trial 201: {'batch_size': 16, 'frozen_layers': 2, 'classifier_dropout': 0.2, 'learning_rate': 2e-05, 'weight_decay': 0.0001}.
[I 2026-02-20 11:59:03,352] Trial 204 finished with value: 0.9425020237242498 and parameters: {'batch_size': 16, 'frozen_layers': 2, 'classifier_dropout': 0.1, 'learning_rate': 5e-05, 'weight_decay': 1e-05}. Best is trial 14 with value: 0.9634075876077042.
[I 2026-02-20 12:33:05,665] Trial 205 finished with value: 0.9457401346655349 and parameters: {'batch_size': 16, 'frozen_layers': 2, 'classifier_dropout': 0.1, 'learning_rate': 3e-05, 'weight_decay': 0.0001}. Best is trial 14 with value: 0.9634075876077042.
[I 2026-02-20 13:03:31,900] Trial 206 finished with value: 0.9391695724796045 and parameters: {'batch_size': 64, 'frozen_layers': 2, 'classifier_dropout': 0.3, 'learning_rate': 2e-05, 'weight_decay': 0.0001}. Best is trial 14 with value: 0.9634075876077042.
[I 2026-02-20 13:41:55,639] Trial 207 finished with value: 0.94919267322826 and parameters: {'batch_size': 16, 'frozen_layers': 2, 'classifier_dropout': 0.4, 'learning_rate': 0.0001, 'weight_decay': 1e-06}. Best is trial 14 with value: 0.9634075876077042.
[I 2026-02-20 14:24:21,694] Trial 208 finished with value: 0.9452414953362207 and parameters: {'batch_size': 16, 'frozen_layers': 2, 'classifier_dropout': 0.1, 'learning_rate': 0.0001, 'weight_decay': 0.001}. Best is trial 14 with value: 0.9634075876077042.
[I 2026-02-20 14:57:29,894] Trial 209 finished with value: 0.9362932222614154 and parameters: {'batch_size': 16, 'frozen_layers': 4, 'classifier_dropout': 0.1, 'learning_rate': 2e-05, 'weight_decay': 0.001}. Best is trial 14 with value: 0.9634075876077042.
[I 2026-02-20 15:30:02,393] Trial 210 finished with value: 0.9376393667508487 and parameters: {'batch_size': 16, 'frozen_layers': 6, 'classifier_dropout': 0.1, 'learning_rate': 2e-05, 'weight_decay': 0.001}. Best is trial 14 with value: 0.9634075876077042.
[I 2026-02-20 15:30:03,630] Trial 211 pruned. Duplicate hyper-parameters, same as those used in trial 14: {'batch_size': 16, 'frozen_layers': 2, 'classifier_dropout': 0.3, 'learning_rate': 2e-05, 'weight_decay': 1e-06}.
[I 2026-02-20 16:00:37,476] Trial 212 finished with value: 0.9426122600001909 and parameters: {'batch_size': 32, 'frozen_layers': 6, 'classifier_dropout': 0.2, 'learning_rate': 1e-05, 'weight_decay': 1e-06}. Best is trial 14 with value: 0.9634075876077042.
[I 2026-02-20 16:43:18,491] Trial 213 finished with value: 0.9489650819862485 and parameters: {'batch_size': 16, 'frozen_layers': 2, 'classifier_dropout': 0.1, 'learning_rate': 1e-05, 'weight_decay': 1e-05}. Best is trial 14 with value: 0.9634075876077042.
[I 2026-02-20 17:12:29,069] Trial 214 finished with value: 0.9452710822570798 and parameters: {'batch_size': 32, 'frozen_layers': 2, 'classifier_dropout': 0.2, 'learning_rate': 2e-05, 'weight_decay': 0.0001}. Best is trial 14 with value: 0.9634075876077042.
[I 2026-02-20 17:12:29,896] Trial 215 pruned. Duplicate hyper-parameters, same as those used in trial 24: {'batch_size': 32, 'frozen_layers': 4, 'classifier_dropout': 0.2, 'learning_rate': 1e-05, 'weight_decay': 0.001}.
[I 2026-02-20 17:43:31,238] Trial 216 finished with value: 0.9426122600001909 and parameters: {'batch_size': 32, 'frozen_layers': 6, 'classifier_dropout': 0.4, 'learning_rate': 1e-05, 'weight_decay': 0.0001}. Best is trial 14 with value: 0.9634075876077042.
[I 2026-02-20 18:22:44,918] Trial 217 finished with value: 0.9450587362239102 and parameters: {'batch_size': 16, 'frozen_layers': 0, 'classifier_dropout': 0.3, 'learning_rate': 2e-05, 'weight_decay': 0.001}. Best is trial 14 with value: 0.9634075876077042.
[I 2026-02-20 18:51:49,217] Trial 218 finished with value: 0.9452710822570798 and parameters: {'batch_size': 32, 'frozen_layers': 2, 'classifier_dropout': 0.4, 'learning_rate': 2e-05, 'weight_decay': 0.001}. Best is trial 14 with value: 0.9634075876077042.
[I 2026-02-20 19:26:14,958] Trial 219 finished with value: 0.9425020237242498 and parameters: {'batch_size': 16, 'frozen_layers': 2, 'classifier_dropout': 0.2, 'learning_rate': 5e-05, 'weight_decay': 0.0001}. Best is trial 14 with value: 0.9634075876077042.
[I 2026-02-20 19:57:10,928] Trial 220 finished with value: 0.9391695724796045 and parameters: {'batch_size': 64, 'frozen_layers': 2, 'classifier_dropout': 0.2, 'learning_rate': 2e-05, 'weight_decay': 0.001}. Best is trial 14 with value: 0.9634075876077042.
[I 2026-02-20 20:26:25,659] Trial 221 finished with value: 0.9452710822570798 and parameters: {'batch_size': 32, 'frozen_layers': 2, 'classifier_dropout': 0.2, 'learning_rate': 2e-05, 'weight_decay': 1e-06}. Best is trial 14 with value: 0.9634075876077042.
[I 2026-02-20 20:57:13,706] Trial 222 finished with value: 0.9391695724796045 and parameters: {'batch_size': 64, 'frozen_layers': 2, 'classifier_dropout': 0.4, 'learning_rate': 2e-05, 'weight_decay': 1e-05}. Best is trial 14 with value: 0.9634075876077042.
[I 2026-02-20 21:31:48,595] Trial 223 finished with value: 0.9457401346655349 and parameters: {'batch_size': 16, 'frozen_layers': 2, 'classifier_dropout': 0.2, 'learning_rate': 3e-05, 'weight_decay': 1e-05}. Best is trial 14 with value: 0.9634075876077042.
[I 2026-02-20 22:06:11,168] Trial 224 finished with value: 0.9425020237242498 and parameters: {'batch_size': 16, 'frozen_layers': 2, 'classifier_dropout': 0.3, 'learning_rate': 5e-05, 'weight_decay': 1e-05}. Best is trial 14 with value: 0.9634075876077042.
[I 2026-02-20 22:40:46,052] Trial 225 finished with value: 0.9425020237242498 and parameters: {'batch_size': 16, 'frozen_layers': 2, 'classifier_dropout': 0.2, 'learning_rate': 5e-05, 'weight_decay': 1e-06}. Best is trial 14 with value: 0.9634075876077042.
[I 2026-02-20 23:14:21,175] Trial 226 finished with value: 0.9362932222614154 and parameters: {'batch_size': 16, 'frozen_layers': 4, 'classifier_dropout': 0.2, 'learning_rate': 2e-05, 'weight_decay': 1e-05}. Best is trial 14 with value: 0.9634075876077042.
[I 2026-02-20 23:46:05,566] Trial 227 finished with value: 0.9565927036480792 and parameters: {'batch_size': 32, 'frozen_layers': 4, 'classifier_dropout': 0.4, 'learning_rate': 1e-05, 'weight_decay': 0.001}. Best is trial 14 with value: 0.9634075876077042.

[UPDATE] Unbound limits: {'batch_size': (np.int64(16), np.int64(32)), 'frozen_layers': (np.int64(0), np.int64(4)), 'classifier_dropout': (np.float64(0.1), np.float64(0.4)), 'learning_rate': (np.float64(1e-05), np.float64(3e-05)), 'weight_decay': (np.float64(1e-06), np.float64(1e-05))}
[I 2026-02-20 23:46:06,435] A new study created in RDB with name: R8-Fine-tuning-Truncated-unbound
[I 2026-02-20 23:46:06,613] Trial 0 finished with value: 0.9634075876077042 and parameters: {'batch_size': 16, 'frozen_layers': 2, 'classifier_dropout': 0.3, 'learning_rate': 2e-05, 'weight_decay': 1e-06}.
[I 2026-02-20 23:46:06,615] Trial 1 finished with value: 0.9634075876077042 and parameters: {'batch_size': 16, 'frozen_layers': 2, 'classifier_dropout': 0.2, 'learning_rate': 2e-05, 'weight_decay': 1e-06}.
[I 2026-02-20 23:46:06,616] Trial 2 finished with value: 0.9634075876077042 and parameters: {'batch_size': 16, 'frozen_layers': 2, 'classifier_dropout': 0.1, 'learning_rate': 2e-05, 'weight_decay': 1e-06}.
[I 2026-02-21 00:21:14,030] Trial 3 finished with value: 0.9529685367831915 and parameters: {'batch_size': 24, 'frozen_layers': 4, 'classifier_dropout': 0.31959818254342154, 'learning_rate': 1.9303350086293306e-05, 'weight_decay': 1.4322493718230256e-06}. Best is trial 0 with value: 0.9634075876077042.
[I 2026-02-21 00:56:27,176] Trial 4 finished with value: 0.9424960847954552 and parameters: {'batch_size': 16, 'frozen_layers': 0, 'classifier_dropout': 0.3598528437324806, 'learning_rate': 1.935551577442944e-05, 'weight_decay': 5.105903209394753e-06}. Best is trial 0 with value: 0.9634075876077042.
[I 2026-02-21 01:30:00,000] Trial 5 finished with value: 0.926817061085409 and parameters: {'batch_size': 16, 'frozen_layers': 4, 'classifier_dropout': 0.34973279224012654, 'learning_rate': 1.2627329201463669e-05, 'weight_decay': 1.5199348301309813e-06}. Best is trial 0 with value: 0.9634075876077042.
[I 2026-02-21 02:08:58,857] Trial 6 finished with value: 0.9386270199296902 and parameters: {'batch_size': 16, 'frozen_layers': 1, 'classifier_dropout': 0.2574269294896714, 'learning_rate': 1.6072748506390395e-05, 'weight_decay': 1.9553708662745237e-06}. Best is trial 0 with value: 0.9634075876077042.
[I 2026-02-21 02:41:48,170] Trial 7 finished with value: 0.9450596062562623 and parameters: {'batch_size': 24, 'frozen_layers': 0, 'classifier_dropout': 0.18764339456056545, 'learning_rate': 1.4955434061021921e-05, 'weight_decay': 2.858051065806935e-06}. Best is trial 0 with value: 0.9634075876077042.
[I 2026-02-21 03:11:38,016] Trial 8 finished with value: 0.9476662479168552 and parameters: {'batch_size': 32, 'frozen_layers': 0, 'classifier_dropout': 0.2542703315240835, 'learning_rate': 1.9171389132957902e-05, 'weight_decay': 1.1128853174905741e-06}. Best is trial 0 with value: 0.9634075876077042.
[I 2026-02-21 03:41:01,367] Trial 9 finished with value: 0.9358993066094934 and parameters: {'batch_size': 24, 'frozen_layers': 0, 'classifier_dropout': 0.11951547789558387, 'learning_rate': 2.836177831555694e-05, 'weight_decay': 9.239150319627242e-06}. Best is trial 0 with value: 0.9634075876077042.
[I 2026-02-21 04:07:20,107] Trial 10 finished with value: 0.938263532834839 and parameters: {'batch_size': 32, 'frozen_layers': 1, 'classifier_dropout': 0.12930163420191518, 'learning_rate': 2.1206164214158642e-05, 'weight_decay': 2.755195964951074e-06}. Best is trial 0 with value: 0.9634075876077042.
[I 2026-02-21 04:51:09,754] Trial 11 finished with value: 0.965791292497678 and parameters: {'batch_size': 16, 'frozen_layers': 2, 'classifier_dropout': 0.11031655633456552, 'learning_rate': 2.7155392923951256e-05, 'weight_decay': 1.8145961353490265e-06}. Best is trial 11 with value: 0.965791292497678.
[I 2026-02-21 05:27:34,658] Trial 12 finished with value: 0.9452216598238432 and parameters: {'batch_size': 24, 'frozen_layers': 1, 'classifier_dropout': 0.2560204063533433, 'learning_rate': 1.8232536617196043e-05, 'weight_decay': 1.5305744365500183e-06}. Best is trial 11 with value: 0.965791292497678.
[I 2026-02-21 05:53:25,298] Trial 13 finished with value: 0.9375593291154117 and parameters: {'batch_size': 32, 'frozen_layers': 3, 'classifier_dropout': 0.38184968246925677, 'learning_rate': 2.672644210652013e-05, 'weight_decay': 3.961867790406581e-06}. Best is trial 11 with value: 0.965791292497678.
slurmstepd: error: *** JOB 2223436 ON kn070 CANCELLED AT 2026-02-21T05:56:44 DUE TO TIME LIMIT ***
