SLURM NODE: kn061
[I 2026-04-03 07:34:14,798] Using an existing study with name 'IMDb-Chefer_importance' instead of creating a new one.
[UPDATE] 50 completed trials using a random sampler. Switching from random to TPE sampling.
Last trial state: 0
Enqueuing hyper-parameters: {'batch_size': 16, 'edge_threshold': 0.9, 'node_threshold': 0.7, 'attention_heads': 6, 'hidden_dimension': 32, 'number_of_hidden_layers': 1, 'dropout_rate': 0.1, 'learning_rate': 1e-05, 'weight_decay': 1e-06}
[I 2026-04-03 10:36:13,778] Trial 243 finished with value: 0.9364 and parameters: {'batch_size': 16, 'edge_threshold': 0.9, 'node_threshold': 0.7, 'attention_heads': 6, 'hidden_dimension': 32, 'number_of_hidden_layers': 1, 'dropout_rate': 0.1, 'learning_rate': 1e-05, 'weight_decay': 1e-06}. Best is trial 194 with value: 0.942.
[I 2026-04-03 12:43:19,871] Trial 244 finished with value: 0.524 and parameters: {'batch_size': 64, 'edge_threshold': 0.7, 'node_threshold': 0.8, 'attention_heads': 4, 'hidden_dimension': 32, 'number_of_hidden_layers': 0, 'dropout_rate': 0.2, 'learning_rate': 0.001, 'weight_decay': 1e-05}. Best is trial 194 with value: 0.942.
[I 2026-04-03 15:26:00,715] Trial 245 finished with value: 0.9392 and parameters: {'batch_size': 16, 'edge_threshold': 0.6, 'node_threshold': 0.9, 'attention_heads': 8, 'hidden_dimension': 32, 'number_of_hidden_layers': 1, 'dropout_rate': 0.3, 'learning_rate': 0.001, 'weight_decay': 1e-06}. Best is trial 194 with value: 0.942.
[I 2026-04-03 17:32:09,390] Trial 246 finished with value: 0.9364 and parameters: {'batch_size': 32, 'edge_threshold': 0.6, 'node_threshold': 0.9, 'attention_heads': 8, 'hidden_dimension': 32, 'number_of_hidden_layers': 1, 'dropout_rate': 0.3, 'learning_rate': 0.001, 'weight_decay': 0.001}. Best is trial 194 with value: 0.942.
[I 2026-04-03 20:28:51,322] Trial 247 finished with value: 0.9408 and parameters: {'batch_size': 16, 'edge_threshold': 0.9, 'node_threshold': 0.7, 'attention_heads': 6, 'hidden_dimension': 64, 'number_of_hidden_layers': 1, 'dropout_rate': 0.3, 'learning_rate': 0.001, 'weight_decay': 1e-06}. Best is trial 194 with value: 0.942.
[I 2026-04-03 22:55:11,823] Trial 248 finished with value: 0.9402 and parameters: {'batch_size': 64, 'edge_threshold': 0.9, 'node_threshold': 0.7, 'attention_heads': 6, 'hidden_dimension': 128, 'number_of_hidden_layers': 1, 'dropout_rate': 0.3, 'learning_rate': 0.001, 'weight_decay': 0.001}. Best is trial 194 with value: 0.942.
[I 2026-04-04 00:42:47,184] Trial 249 finished with value: 0.9376 and parameters: {'batch_size': 64, 'edge_threshold': 0.9, 'node_threshold': 0.95, 'attention_heads': 6, 'hidden_dimension': 128, 'number_of_hidden_layers': 1, 'dropout_rate': 0.3, 'learning_rate': 0.001, 'weight_decay': 0.001}. Best is trial 194 with value: 0.942.
[I 2026-04-04 03:44:27,347] Trial 250 finished with value: 0.9358 and parameters: {'batch_size': 16, 'edge_threshold': 0.9, 'node_threshold': 0.7, 'attention_heads': 6, 'hidden_dimension': 32, 'number_of_hidden_layers': 2, 'dropout_rate': 0.3, 'learning_rate': 0.001, 'weight_decay': 1e-05}. Best is trial 194 with value: 0.942.
[I 2026-04-04 06:28:51,620] Trial 251 finished with value: 0.9382 and parameters: {'batch_size': 16, 'edge_threshold': 0.9, 'node_threshold': 0.8, 'attention_heads': 6, 'hidden_dimension': 64, 'number_of_hidden_layers': 1, 'dropout_rate': 0.3, 'learning_rate': 0.001, 'weight_decay': 1e-06}. Best is trial 194 with value: 0.942.
[I 2026-04-04 09:18:27,417] Trial 252 finished with value: 0.9362 and parameters: {'batch_size': 16, 'edge_threshold': 0.9, 'node_threshold': 0.7, 'attention_heads': 6, 'hidden_dimension': 32, 'number_of_hidden_layers': 1, 'dropout_rate': 0.3, 'learning_rate': 0.0001, 'weight_decay': 1e-06}. Best is trial 194 with value: 0.942.
[I 2026-04-04 12:33:24,936] Trial 253 finished with value: 0.9416 and parameters: {'batch_size': 16, 'edge_threshold': 0.9, 'node_threshold': 0.7, 'attention_heads': 6, 'hidden_dimension': 128, 'number_of_hidden_layers': 1, 'dropout_rate': 0.3, 'learning_rate': 0.001, 'weight_decay': 1e-05}. Best is trial 194 with value: 0.942.
[I 2026-04-04 15:09:50,143] Trial 254 finished with value: 0.9396 and parameters: {'batch_size': 32, 'edge_threshold': 0.8, 'node_threshold': 0.7, 'attention_heads': 8, 'hidden_dimension': 32, 'number_of_hidden_layers': 1, 'dropout_rate': 0.4, 'learning_rate': 0.001, 'weight_decay': 1e-06}. Best is trial 194 with value: 0.942.
[I 2026-04-04 17:32:44,186] Trial 255 finished with value: 0.94 and parameters: {'batch_size': 64, 'edge_threshold': 0.9, 'node_threshold': 0.7, 'attention_heads': 6, 'hidden_dimension': 128, 'number_of_hidden_layers': 1, 'dropout_rate': 0.3, 'learning_rate': 0.001, 'weight_decay': 0.0001}. Best is trial 194 with value: 0.942.
[I 2026-04-04 17:32:44,998] Trial 256 pruned. Duplicate hyper-parameters, same as those used in trial 255: {'batch_size': 64, 'edge_threshold': 0.9, 'node_threshold': 0.7, 'attention_heads': 6, 'hidden_dimension': 128, 'number_of_hidden_layers': 1, 'dropout_rate': 0.3, 'learning_rate': 0.001, 'weight_decay': 0.0001}.
[I 2026-04-04 20:38:36,982] Trial 257 finished with value: 0.9398 and parameters: {'batch_size': 16, 'edge_threshold': 0.9, 'node_threshold': 0.7, 'attention_heads': 6, 'hidden_dimension': 128, 'number_of_hidden_layers': 1, 'dropout_rate': 0.3, 'learning_rate': 0.0003, 'weight_decay': 1e-05}. Best is trial 194 with value: 0.942.
[I 2026-04-04 22:51:14,546] Trial 258 finished with value: 0.9396 and parameters: {'batch_size': 64, 'edge_threshold': 0.9, 'node_threshold': 0.7, 'attention_heads': 4, 'hidden_dimension': 128, 'number_of_hidden_layers': 1, 'dropout_rate': 0.3, 'learning_rate': 0.001, 'weight_decay': 1e-05}. Best is trial 194 with value: 0.942.
[I 2026-04-05 00:49:53,466] Trial 259 finished with value: 0.9348 and parameters: {'batch_size': 64, 'edge_threshold': 0.9, 'node_threshold': 0.7, 'attention_heads': 6, 'hidden_dimension': 32, 'number_of_hidden_layers': 1, 'dropout_rate': 0.2, 'learning_rate': 1e-05, 'weight_decay': 1e-05}. Best is trial 194 with value: 0.942.
[I 2026-04-05 02:54:52,243] Trial 260 finished with value: 0.9394 and parameters: {'batch_size': 64, 'edge_threshold': 0.7, 'node_threshold': 0.8, 'attention_heads': 6, 'hidden_dimension': 32, 'number_of_hidden_layers': 2, 'dropout_rate': 0.2, 'learning_rate': 0.001, 'weight_decay': 1e-05}. Best is trial 194 with value: 0.942.
[I 2026-04-05 05:12:25,253] Trial 261 finished with value: 0.9348 and parameters: {'batch_size': 64, 'edge_threshold': 0.9, 'node_threshold': 0.7, 'attention_heads': 6, 'hidden_dimension': 128, 'number_of_hidden_layers': 1, 'dropout_rate': 0.3, 'learning_rate': 1e-05, 'weight_decay': 1e-05}. Best is trial 194 with value: 0.942.
[I 2026-04-05 08:32:15,065] Trial 262 finished with value: 0.9408 and parameters: {'batch_size': 16, 'edge_threshold': 0.9, 'node_threshold': 0.7, 'attention_heads': 6, 'hidden_dimension': 64, 'number_of_hidden_layers': 1, 'dropout_rate': 0.3, 'learning_rate': 0.001, 'weight_decay': 0.001}. Best is trial 194 with value: 0.942.
[I 2026-04-05 12:23:50,220] Trial 263 finished with value: 0.9398 and parameters: {'batch_size': 16, 'edge_threshold': 0.6, 'node_threshold': 0.7, 'attention_heads': 6, 'hidden_dimension': 64, 'number_of_hidden_layers': 1, 'dropout_rate': 0.3, 'learning_rate': 0.001, 'weight_decay': 0.001}. Best is trial 194 with value: 0.942.
[I 2026-04-05 15:24:40,214] Trial 264 finished with value: 0.9396 and parameters: {'batch_size': 16, 'edge_threshold': 0.9, 'node_threshold': 0.7, 'attention_heads': 6, 'hidden_dimension': 64, 'number_of_hidden_layers': 1, 'dropout_rate': 0.3, 'learning_rate': 0.0001, 'weight_decay': 0.001}. Best is trial 194 with value: 0.942.
[I 2026-04-05 18:14:22,437] Trial 265 finished with value: 0.9378 and parameters: {'batch_size': 16, 'edge_threshold': 0.9, 'node_threshold': 0.7, 'attention_heads': 1, 'hidden_dimension': 128, 'number_of_hidden_layers': 1, 'dropout_rate': 0.4, 'learning_rate': 0.001, 'weight_decay': 1e-05}. Best is trial 194 with value: 0.942.
[I 2026-04-05 20:21:32,388] Trial 266 finished with value: 0.939 and parameters: {'batch_size': 32, 'edge_threshold': 0.6, 'node_threshold': 0.9, 'attention_heads': 4, 'hidden_dimension': 128, 'number_of_hidden_layers': 1, 'dropout_rate': 0.3, 'learning_rate': 0.001, 'weight_decay': 1e-06}. Best is trial 194 with value: 0.942.
[I 2026-04-06 02:35:03,010] Trial 267 finished with value: 0.9418 and parameters: {'batch_size': 16, 'edge_threshold': 0.5, 'node_threshold': 0.7, 'attention_heads': 6, 'hidden_dimension': 128, 'number_of_hidden_layers': 1, 'dropout_rate': 0.3, 'learning_rate': 0.001, 'weight_decay': 1e-05}. Best is trial 194 with value: 0.942.
[I 2026-04-06 02:35:03,802] Trial 268 pruned. Duplicate hyper-parameters, same as those used in trial 267: {'batch_size': 16, 'edge_threshold': 0.5, 'node_threshold': 0.7, 'attention_heads': 6, 'hidden_dimension': 128, 'number_of_hidden_layers': 1, 'dropout_rate': 0.3, 'learning_rate': 0.001, 'weight_decay': 1e-05}.
[I 2026-04-06 02:35:04,540] Trial 269 pruned. Duplicate hyper-parameters, same as those used in trial 248: {'batch_size': 64, 'edge_threshold': 0.9, 'node_threshold': 0.7, 'attention_heads': 6, 'hidden_dimension': 128, 'number_of_hidden_layers': 1, 'dropout_rate': 0.3, 'learning_rate': 0.001, 'weight_decay': 0.001}.
[I 2026-04-06 05:13:14,773] Trial 270 finished with value: 0.9412 and parameters: {'batch_size': 16, 'edge_threshold': 0.9, 'node_threshold': 0.9, 'attention_heads': 6, 'hidden_dimension': 128, 'number_of_hidden_layers': 1, 'dropout_rate': 0.2, 'learning_rate': 0.001, 'weight_decay': 1e-05}. Best is trial 194 with value: 0.942.

[UPDATE] Unbound limits: {'batch_size': (np.int64(16), np.int64(64)), 'edge_threshold': (np.float64(0.5), np.float64(0.7)), 'node_threshold': (np.float64(0.5), np.float64(0.95)), 'attention_heads': (np.int64(4), np.int64(8)), 'hidden_dimension': (np.int64(32), np.int64(128)), 'number_of_hidden_layers': (np.int64(0), np.int64(2)), 'dropout_rate': (np.float64(0.2), np.float64(0.4)), 'learning_rate': (np.float64(0.0003), np.float64(0.001)), 'weight_decay': (np.float64(1e-06), np.float64(0.0001))}
[I 2026-04-06 05:13:15,452] A new study created in RDB with name: IMDb-Chefer_importance-unbound
[I 2026-04-06 05:13:15,580] Trial 0 finished with value: 0.942 and parameters: {'batch_size': 32, 'edge_threshold': 0.6, 'node_threshold': 0.5, 'attention_heads': 6, 'hidden_dimension': 32, 'number_of_hidden_layers': 1, 'dropout_rate': 0.3, 'learning_rate': 0.001, 'weight_decay': 1e-05}.
[I 2026-04-06 05:13:15,580] Trial 1 finished with value: 0.942 and parameters: {'batch_size': 32, 'edge_threshold': 0.6, 'node_threshold': 0.9, 'attention_heads': 6, 'hidden_dimension': 32, 'number_of_hidden_layers': 1, 'dropout_rate': 0.3, 'learning_rate': 0.001, 'weight_decay': 1e-06}.
[I 2026-04-06 05:13:15,581] Trial 2 finished with value: 0.9418 and parameters: {'batch_size': 16, 'edge_threshold': 0.5, 'node_threshold': 0.7, 'attention_heads': 6, 'hidden_dimension': 128, 'number_of_hidden_layers': 1, 'dropout_rate': 0.3, 'learning_rate': 0.001, 'weight_decay': 1e-05}.
slurmstepd: error: *** JOB 2925470 ON kn061 CANCELLED AT 2026-04-06T07:33:57 DUE TO TIME LIMIT ***
