SLURM NODE: kn064
[I 2026-03-28 07:07:38,426] Using an existing study with name 'IMDb-Chefer_importance' instead of creating a new one.
[UPDATE] 50 completed trials using a random sampler. Switching from random to TPE sampling.
Last trial state: 0
Enqueuing hyper-parameters: {'batch_size': 64, 'edge_threshold': 0.5, 'node_threshold': 0.95, 'attention_heads': 2, 'hidden_dimension': 64, 'number_of_hidden_layers': 1, 'dropout_rate': 0.2, 'learning_rate': 0.0003, 'weight_decay': 1e-05}
[I 2026-03-28 08:54:20,842] Trial 174 finished with value: 0.9362 and parameters: {'batch_size': 64, 'edge_threshold': 0.5, 'node_threshold': 0.95, 'attention_heads': 2, 'hidden_dimension': 64, 'number_of_hidden_layers': 1, 'dropout_rate': 0.2, 'learning_rate': 0.0003, 'weight_decay': 1e-05}. Best is trial 138 with value: 0.941.
[I 2026-03-28 12:40:35,122] Trial 175 finished with value: 0.9394 and parameters: {'batch_size': 64, 'edge_threshold': 0.5, 'node_threshold': 0.6, 'attention_heads': 6, 'hidden_dimension': 32, 'number_of_hidden_layers': 1, 'dropout_rate': 0.1, 'learning_rate': 0.001, 'weight_decay': 1e-05}. Best is trial 138 with value: 0.941.
[I 2026-03-28 12:40:35,911] Trial 176 pruned. Duplicate hyper-parameters, same as those used in trial 175: {'batch_size': 64, 'edge_threshold': 0.5, 'node_threshold': 0.6, 'attention_heads': 6, 'hidden_dimension': 32, 'number_of_hidden_layers': 1, 'dropout_rate': 0.1, 'learning_rate': 0.001, 'weight_decay': 1e-05}.
[I 2026-03-28 14:24:48,984] Trial 177 finished with value: 0.9388 and parameters: {'batch_size': 64, 'edge_threshold': 0.5, 'node_threshold': 0.95, 'attention_heads': 2, 'hidden_dimension': 32, 'number_of_hidden_layers': 1, 'dropout_rate': 0.2, 'learning_rate': 0.0003, 'weight_decay': 0.001}. Best is trial 138 with value: 0.941.
[I 2026-03-28 16:10:16,511] Trial 178 finished with value: 0.939 and parameters: {'batch_size': 64, 'edge_threshold': 0.5, 'node_threshold': 0.95, 'attention_heads': 2, 'hidden_dimension': 32, 'number_of_hidden_layers': 1, 'dropout_rate': 0.2, 'learning_rate': 0.0003, 'weight_decay': 0.0001}. Best is trial 138 with value: 0.941.
[I 2026-03-28 18:51:06,745] Trial 179 finished with value: 0.9356 and parameters: {'batch_size': 16, 'edge_threshold': 0.5, 'node_threshold': 0.95, 'attention_heads': 2, 'hidden_dimension': 32, 'number_of_hidden_layers': 1, 'dropout_rate': 0.2, 'learning_rate': 0.0003, 'weight_decay': 1e-05}. Best is trial 138 with value: 0.941.
[I 2026-03-28 20:39:48,819] Trial 180 finished with value: 0.938 and parameters: {'batch_size': 64, 'edge_threshold': 0.5, 'node_threshold': 0.9, 'attention_heads': 2, 'hidden_dimension': 32, 'number_of_hidden_layers': 1, 'dropout_rate': 0.2, 'learning_rate': 0.0003, 'weight_decay': 1e-06}. Best is trial 138 with value: 0.941.
[I 2026-03-28 20:39:49,698] Trial 181 pruned. Duplicate hyper-parameters, same as those used in trial 177: {'batch_size': 64, 'edge_threshold': 0.5, 'node_threshold': 0.95, 'attention_heads': 2, 'hidden_dimension': 32, 'number_of_hidden_layers': 1, 'dropout_rate': 0.2, 'learning_rate': 0.0003, 'weight_decay': 0.001}.
[I 2026-03-28 22:22:15,029] Trial 182 finished with value: 0.939 and parameters: {'batch_size': 64, 'edge_threshold': 0.5, 'node_threshold': 0.95, 'attention_heads': 2, 'hidden_dimension': 32, 'number_of_hidden_layers': 1, 'dropout_rate': 0.2, 'learning_rate': 0.001, 'weight_decay': 0.0001}. Best is trial 138 with value: 0.941.
[I 2026-03-29 00:07:56,853] Trial 183 finished with value: 0.9368 and parameters: {'batch_size': 64, 'edge_threshold': 0.5, 'node_threshold': 0.95, 'attention_heads': 2, 'hidden_dimension': 32, 'number_of_hidden_layers': 2, 'dropout_rate': 0.2, 'learning_rate': 0.001, 'weight_decay': 1e-05}. Best is trial 138 with value: 0.941.
[I 2026-03-29 03:12:05,254] Trial 184 finished with value: 0.9404 and parameters: {'batch_size': 16, 'edge_threshold': 0.7, 'node_threshold': 0.8, 'attention_heads': 6, 'hidden_dimension': 32, 'number_of_hidden_layers': 1, 'dropout_rate': 0.2, 'learning_rate': 0.0003, 'weight_decay': 1e-05}. Best is trial 138 with value: 0.941.
[I 2026-03-29 05:34:26,727] Trial 185 finished with value: 0.938 and parameters: {'batch_size': 32, 'edge_threshold': 0.9, 'node_threshold': 0.7, 'attention_heads': 6, 'hidden_dimension': 32, 'number_of_hidden_layers': 1, 'dropout_rate': 0.2, 'learning_rate': 0.0003, 'weight_decay': 1e-05}. Best is trial 138 with value: 0.941.
[I 2026-03-29 05:34:27,428] Trial 186 pruned. Duplicate hyper-parameters, same as those used in trial 182: {'batch_size': 64, 'edge_threshold': 0.5, 'node_threshold': 0.95, 'attention_heads': 2, 'hidden_dimension': 32, 'number_of_hidden_layers': 1, 'dropout_rate': 0.2, 'learning_rate': 0.001, 'weight_decay': 0.0001}.
[I 2026-03-29 05:34:28,051] Trial 187 pruned. Duplicate hyper-parameters, same as those used in trial 184: {'batch_size': 16, 'edge_threshold': 0.7, 'node_threshold': 0.8, 'attention_heads': 6, 'hidden_dimension': 32, 'number_of_hidden_layers': 1, 'dropout_rate': 0.2, 'learning_rate': 0.0003, 'weight_decay': 1e-05}.
[I 2026-03-29 07:52:58,650] Trial 188 finished with value: 0.9372 and parameters: {'batch_size': 64, 'edge_threshold': 0.8, 'node_threshold': 0.6, 'attention_heads': 2, 'hidden_dimension': 32, 'number_of_hidden_layers': 1, 'dropout_rate': 0.2, 'learning_rate': 0.0003, 'weight_decay': 0.0001}. Best is trial 138 with value: 0.941.
[I 2026-03-29 10:46:54,993] Trial 189 finished with value: 0.9362 and parameters: {'batch_size': 64, 'edge_threshold': 0.5, 'node_threshold': 0.7, 'attention_heads': 6, 'hidden_dimension': 32, 'number_of_hidden_layers': 1, 'dropout_rate': 0.3, 'learning_rate': 0.0001, 'weight_decay': 1e-05}. Best is trial 138 with value: 0.941.
[I 2026-03-29 15:35:56,793] Trial 190 finished with value: 0.9418 and parameters: {'batch_size': 32, 'edge_threshold': 0.5, 'node_threshold': 0.5, 'attention_heads': 6, 'hidden_dimension': 32, 'number_of_hidden_layers': 1, 'dropout_rate': 0.3, 'learning_rate': 0.001, 'weight_decay': 1e-05}. Best is trial 190 with value: 0.9418.
[I 2026-03-29 20:43:47,611] Trial 191 finished with value: 0.9378 and parameters: {'batch_size': 32, 'edge_threshold': 0.5, 'node_threshold': 0.5, 'attention_heads': 6, 'hidden_dimension': 32, 'number_of_hidden_layers': 1, 'dropout_rate': 0.1, 'learning_rate': 0.001, 'weight_decay': 1e-05}. Best is trial 190 with value: 0.9418.
[I 2026-03-29 23:43:40,227] Trial 192 finished with value: 0.9374 and parameters: {'batch_size': 64, 'edge_threshold': 0.5, 'node_threshold': 0.7, 'attention_heads': 6, 'hidden_dimension': 32, 'number_of_hidden_layers': 1, 'dropout_rate': 0.2, 'learning_rate': 0.001, 'weight_decay': 0.001}. Best is trial 190 with value: 0.9418.
[I 2026-03-30 03:17:37,077] Trial 193 finished with value: 0.9408 and parameters: {'batch_size': 32, 'edge_threshold': 0.8, 'node_threshold': 0.5, 'attention_heads': 6, 'hidden_dimension': 32, 'number_of_hidden_layers': 1, 'dropout_rate': 0.3, 'learning_rate': 0.001, 'weight_decay': 1e-05}. Best is trial 190 with value: 0.9418.
[I 2026-03-30 08:01:40,935] Trial 194 finished with value: 0.942 and parameters: {'batch_size': 32, 'edge_threshold': 0.6, 'node_threshold': 0.5, 'attention_heads': 6, 'hidden_dimension': 32, 'number_of_hidden_layers': 1, 'dropout_rate': 0.3, 'learning_rate': 0.001, 'weight_decay': 1e-05}. Best is trial 194 with value: 0.942.
[I 2026-03-30 08:01:41,687] Trial 195 pruned. Duplicate hyper-parameters, same as those used in trial 193: {'batch_size': 32, 'edge_threshold': 0.8, 'node_threshold': 0.5, 'attention_heads': 6, 'hidden_dimension': 32, 'number_of_hidden_layers': 1, 'dropout_rate': 0.3, 'learning_rate': 0.001, 'weight_decay': 1e-05}.
[I 2026-03-30 09:50:08,054] Trial 196 finished with value: 0.9386 and parameters: {'batch_size': 64, 'edge_threshold': 0.7, 'node_threshold': 0.95, 'attention_heads': 2, 'hidden_dimension': 32, 'number_of_hidden_layers': 1, 'dropout_rate': 0.3, 'learning_rate': 0.001, 'weight_decay': 1e-05}. Best is trial 194 with value: 0.942.
[I 2026-03-30 12:14:35,969] Trial 197 finished with value: 0.9398 and parameters: {'batch_size': 64, 'edge_threshold': 0.5, 'node_threshold': 0.8, 'attention_heads': 2, 'hidden_dimension': 128, 'number_of_hidden_layers': 1, 'dropout_rate': 0.2, 'learning_rate': 0.001, 'weight_decay': 1e-05}. Best is trial 194 with value: 0.942.
[I 2026-03-30 14:27:26,405] Trial 198 finished with value: 0.9406 and parameters: {'batch_size': 32, 'edge_threshold': 0.6, 'node_threshold': 0.95, 'attention_heads': 6, 'hidden_dimension': 32, 'number_of_hidden_layers': 1, 'dropout_rate': 0.3, 'learning_rate': 0.001, 'weight_decay': 1e-05}. Best is trial 194 with value: 0.942.
[I 2026-03-30 16:33:44,530] Trial 199 finished with value: 0.9406 and parameters: {'batch_size': 32, 'edge_threshold': 0.6, 'node_threshold': 0.95, 'attention_heads': 6, 'hidden_dimension': 32, 'number_of_hidden_layers': 1, 'dropout_rate': 0.3, 'learning_rate': 0.001, 'weight_decay': 1e-06}. Best is trial 194 with value: 0.942.
[I 2026-03-30 16:33:45,781] Trial 200 pruned. Duplicate hyper-parameters, same as those used in trial 197: {'batch_size': 64, 'edge_threshold': 0.5, 'node_threshold': 0.8, 'attention_heads': 2, 'hidden_dimension': 128, 'number_of_hidden_layers': 1, 'dropout_rate': 0.2, 'learning_rate': 0.001, 'weight_decay': 1e-05}.
[I 2026-03-30 18:14:18,868] Trial 201 finished with value: 0.9364 and parameters: {'batch_size': 128, 'edge_threshold': 0.6, 'node_threshold': 0.95, 'attention_heads': 6, 'hidden_dimension': 32, 'number_of_hidden_layers': 1, 'dropout_rate': 0.3, 'learning_rate': 0.001, 'weight_decay': 1e-06}. Best is trial 194 with value: 0.942.
[I 2026-03-30 20:17:26,878] Trial 202 finished with value: 0.937 and parameters: {'batch_size': 32, 'edge_threshold': 0.6, 'node_threshold': 0.95, 'attention_heads': 2, 'hidden_dimension': 32, 'number_of_hidden_layers': 1, 'dropout_rate': 0.3, 'learning_rate': 0.001, 'weight_decay': 1e-06}. Best is trial 194 with value: 0.942.
[I 2026-03-30 20:17:27,687] Trial 203 pruned. Duplicate hyper-parameters, same as those used in trial 198: {'batch_size': 32, 'edge_threshold': 0.6, 'node_threshold': 0.95, 'attention_heads': 6, 'hidden_dimension': 32, 'number_of_hidden_layers': 1, 'dropout_rate': 0.3, 'learning_rate': 0.001, 'weight_decay': 1e-05}.
[I 2026-03-30 22:01:22,062] Trial 204 finished with value: 0.9378 and parameters: {'batch_size': 64, 'edge_threshold': 0.5, 'node_threshold': 0.95, 'attention_heads': 2, 'hidden_dimension': 32, 'number_of_hidden_layers': 1, 'dropout_rate': 0.1, 'learning_rate': 0.001, 'weight_decay': 1e-05}. Best is trial 194 with value: 0.942.
[I 2026-03-31 00:13:55,554] Trial 205 finished with value: 0.9412 and parameters: {'batch_size': 64, 'edge_threshold': 0.9, 'node_threshold': 0.7, 'attention_heads': 6, 'hidden_dimension': 64, 'number_of_hidden_layers': 1, 'dropout_rate': 0.2, 'learning_rate': 0.001, 'weight_decay': 1e-05}. Best is trial 194 with value: 0.942.
[I 2026-03-31 02:18:19,865] Trial 206 finished with value: 0.94 and parameters: {'batch_size': 64, 'edge_threshold': 0.7, 'node_threshold': 0.8, 'attention_heads': 6, 'hidden_dimension': 32, 'number_of_hidden_layers': 1, 'dropout_rate': 0.2, 'learning_rate': 0.001, 'weight_decay': 1e-06}. Best is trial 194 with value: 0.942.
[I 2026-03-31 02:18:20,757] Trial 207 pruned. Duplicate hyper-parameters, same as those used in trial 205: {'batch_size': 64, 'edge_threshold': 0.9, 'node_threshold': 0.7, 'attention_heads': 6, 'hidden_dimension': 64, 'number_of_hidden_layers': 1, 'dropout_rate': 0.2, 'learning_rate': 0.001, 'weight_decay': 1e-05}.
[I 2026-03-31 02:18:21,545] Trial 208 pruned. Duplicate hyper-parameters, same as those used in trial 206: {'batch_size': 64, 'edge_threshold': 0.7, 'node_threshold': 0.8, 'attention_heads': 6, 'hidden_dimension': 32, 'number_of_hidden_layers': 1, 'dropout_rate': 0.2, 'learning_rate': 0.001, 'weight_decay': 1e-06}.
[I 2026-03-31 02:18:22,262] Trial 209 pruned. Duplicate hyper-parameters, same as those used in trial 190: {'batch_size': 32, 'edge_threshold': 0.5, 'node_threshold': 0.5, 'attention_heads': 6, 'hidden_dimension': 32, 'number_of_hidden_layers': 1, 'dropout_rate': 0.3, 'learning_rate': 0.001, 'weight_decay': 1e-05}.
[I 2026-03-31 05:09:05,205] Trial 210 finished with value: 0.9398 and parameters: {'batch_size': 16, 'edge_threshold': 0.9, 'node_threshold': 0.7, 'attention_heads': 6, 'hidden_dimension': 32, 'number_of_hidden_layers': 1, 'dropout_rate': 0.3, 'learning_rate': 0.001, 'weight_decay': 1e-05}. Best is trial 194 with value: 0.942.
slurmstepd: error: *** JOB 2643792 ON kn064 CANCELLED AT 2026-03-31T07:07:37 DUE TO TIME LIMIT ***
