SLURM NODE: kn063
[I 2026-03-14 04:25:11,701] Using an existing study with name 'SST-2-Chefer_importance' instead of creating a new one.
Unbound optimization already completed.

[UPDATE] Unbound limits: {'batch_size': (np.int64(32), np.int64(128)), 'edge_threshold': (np.float64(0.5), np.float64(0.9)), 'node_threshold': (np.float64(0.9), np.float64(0.95)), 'attention_heads': (np.int64(1), np.int64(8)), 'hidden_dimension': (np.int64(32), np.int64(128)), 'number_of_hidden_layers': (np.int64(0), np.int64(2)), 'dropout_rate': (np.float64(0.2), np.float64(0.4)), 'learning_rate': (np.float64(1e-05), np.float64(0.001)), 'weight_decay': (np.float64(1e-06), np.float64(0.001))}
[I 2026-03-14 04:25:12,405] Using an existing study with name 'SST-2-Chefer_importance-unbound' instead of creating a new one.
Unbound optimization already completed.

[TRIAL] 0 [VALIDATION PERFORMANCE] 0.9254587155963303 [TRAINING LOSS] 0.22118631866546945 [VALIDATION LOSS] 0.29448101403457777 

number                         			 0
value                          			 0.9254587155963303
params_attention_heads         			 1
params_batch_size              			 64
params_dropout_rate            			 0.3
params_edge_threshold          			 0.8
params_hidden_dimension        			 128
params_learning_rate           			 0.001
params_node_threshold          			 0.95
params_number_of_hidden_layers 			 1
params_weight_decay            			 1e-06
user_attrs_duplicate           			 False
user_attrs_epoch               			 1.0
user_attrs_training_loss       			 0.22118631866546945
user_attrs_validation_loss     			 0.29448101403457777

[37] VALIDATION: 0.9151376146788991 TESTING: 0.9060955518945635
[38] VALIDATION: 0.8922018348623854 TESTING: 0.8879736408566722
[39] VALIDATION: 0.908256880733945 TESTING: 0.900054914881933
[40] VALIDATION: 0.9185779816513762 TESTING: 0.9033498077979132
[41] VALIDATION: 0.9094036697247706 TESTING: 0.9049972542559034
[42] VALIDATION: 0.9254587155963303 TESTING: 0.9038989566172433
[43] VALIDATION: 0.9162844036697247 TESTING: 0.9077429983525536
[44] VALIDATION: 0.911697247706422 TESTING: 0.9011532125205931
[45] VALIDATION: 0.911697247706422 TESTING: 0.8984074684239429
[46] VALIDATION: 0.9105504587155964 TESTING: 0.9093904448105437

Validation performance: 89.22 & 91.19 ± 0.86 & 92.55
Testing performance: 88.8 & 90.23 ± 0.61 & 90.94

[TRIAL] 74 [VALIDATION PERFORMANCE] 0.9231651376146789 [TRAINING LOSS] 0.37978151878085703 [VALIDATION LOSS] 0.24213759281805583 

number                         			 74
value                          			 0.9231651376146789
params_attention_heads         			 7
params_batch_size              			 64
params_dropout_rate            			 0.30130284205736374
params_edge_threshold          			 0.69
params_hidden_dimension        			 45
params_learning_rate           			 0.00014564618914896722
params_node_threshold          			 0.95
params_number_of_hidden_layers 			 1
params_weight_decay            			 1.471150414826445e-05
user_attrs_duplicate           			 False
user_attrs_epoch               			 1.0
user_attrs_training_loss       			 0.37978151878085703
user_attrs_validation_loss     			 0.24213759281805583

[37] VALIDATION: 0.9185779816513762 TESTING: 0.9022515101592532
[38] VALIDATION: 0.911697247706422 TESTING: 0.9049972542559034
[39] VALIDATION: 0.9174311926605505 TESTING: 0.9055464030752334
[40] VALIDATION: 0.9139908256880734 TESTING: 0.9028006589785832
[41] VALIDATION: 0.9105504587155964 TESTING: 0.9033498077979132
[42] VALIDATION: 0.9231651376146789 TESTING: 0.9060955518945635
[43] VALIDATION: 0.9220183486238532 TESTING: 0.9011532125205931
[44] VALIDATION: 0.9139908256880734 TESTING: 0.8951125755079626
[45] VALIDATION: 0.9162844036697247 TESTING: 0.9017023613399231
[46] VALIDATION: 0.9105504587155964 TESTING: 0.9022515101592532

Validation performance: 91.06 & 91.58 ± 0.45 & 92.32
Testing performance: 89.51 & 90.25 ± 0.31 & 90.61

[TRIAL] 1 [VALIDATION PERFORMANCE] 0.9231651376146789 [TRAINING LOSS] 0.4570210369628504 [VALIDATION LOSS] 0.24246819636651448 

number                         			 1
value                          			 0.9231651376146789
params_attention_heads         			 8
params_batch_size              			 64
params_dropout_rate            			 0.3
params_edge_threshold          			 0.5
params_hidden_dimension        			 64
params_learning_rate           			 0.0001
params_node_threshold          			 0.95
params_number_of_hidden_layers 			 1
params_weight_decay            			 0.0001
user_attrs_duplicate           			 False
user_attrs_epoch               			 1.0
user_attrs_training_loss       			 0.4570210369628504
user_attrs_validation_loss     			 0.24246819636651448

[37] VALIDATION: 0.9185779816513762 TESTING: 0.9011532125205931
[38] VALIDATION: 0.9220183486238532 TESTING: 0.9011532125205931
[39] VALIDATION: 0.9197247706422018 TESTING: 0.9038989566172433
[40] VALIDATION: 0.9139908256880734 TESTING: 0.8956617243272927
[41] VALIDATION: 0.9151376146788991 TESTING: 0.9022515101592532
[42] VALIDATION: 0.9231651376146789 TESTING: 0.9028006589785832
[43] VALIDATION: 0.9162844036697247 TESTING: 0.9060955518945635
[44] VALIDATION: 0.9174311926605505 TESTING: 0.900604063701263
[45] VALIDATION: 0.9208715596330275 TESTING: 0.9017023613399231
[46] VALIDATION: 0.9162844036697247 TESTING: 0.9011532125205931

Validation performance: 91.4 & 91.83 ± 0.3 & 92.32
Testing performance: 89.57 & 90.16 ± 0.27 & 90.61

[SST-2] Elapsed time: 340.5184703628222 minutes.
