SLURM NODE: kn082
[I 2026-03-20 07:49:46,715] Using an existing study with name 'IMDb-Chefer_importance' instead of creating a new one.
Last trial state: 0
Enqueuing hyper-parameters: {'batch_size': 128, 'edge_threshold': 0.8, 'node_threshold': 0.9, 'attention_heads': 4, 'hidden_dimension': 64, 'number_of_hidden_layers': 0, 'dropout_rate': 0.4, 'learning_rate': 0.0003, 'weight_decay': 0.0001}
[I 2026-03-20 11:40:03,761] Trial 43 finished with value: 0.5088 and parameters: {'batch_size': 128, 'edge_threshold': 0.8, 'node_threshold': 0.9, 'attention_heads': 4, 'hidden_dimension': 64, 'number_of_hidden_layers': 0, 'dropout_rate': 0.4, 'learning_rate': 0.0003, 'weight_decay': 0.0001}. Best is trial 32 with value: 0.9402.
[I 2026-03-20 11:40:04,509] Trial 44 pruned. Duplicate hyper-parameters, same as those used in trial 0: {'batch_size': 32, 'edge_threshold': 0.8, 'node_threshold': 0.6, 'attention_heads': 8, 'hidden_dimension': 128, 'number_of_hidden_layers': 1, 'dropout_rate': 0.4, 'learning_rate': 0.001, 'weight_decay': 1e-06}.
[I 2026-03-20 11:40:05,347] Trial 45 pruned. Duplicate hyper-parameters, same as those used in trial 1: {'batch_size': 64, 'edge_threshold': 0.5, 'node_threshold': 0.6, 'attention_heads': 1, 'hidden_dimension': 128, 'number_of_hidden_layers': 2, 'dropout_rate': 0.4, 'learning_rate': 0.001, 'weight_decay': 0.0001}.
[I 2026-03-20 11:40:06,114] Trial 46 pruned. Duplicate hyper-parameters, same as those used in trial 2: {'batch_size': 64, 'edge_threshold': 0.9, 'node_threshold': 0.5, 'attention_heads': 1, 'hidden_dimension': 128, 'number_of_hidden_layers': 2, 'dropout_rate': 0.3, 'learning_rate': 0.001, 'weight_decay': 0.0001}.
[I 2026-03-20 11:40:06,934] Trial 47 pruned. Duplicate hyper-parameters, same as those used in trial 3: {'batch_size': 32, 'edge_threshold': 0.5, 'node_threshold': 0.5, 'attention_heads': 2, 'hidden_dimension': 64, 'number_of_hidden_layers': 1, 'dropout_rate': 0.3, 'learning_rate': 0.0003, 'weight_decay': 0.0001}.
[I 2026-03-20 11:40:07,719] Trial 48 pruned. Duplicate hyper-parameters, same as those used in trial 4: {'batch_size': 32, 'edge_threshold': 0.95, 'node_threshold': 0.9, 'attention_heads': 8, 'hidden_dimension': 64, 'number_of_hidden_layers': 2, 'dropout_rate': 0.1, 'learning_rate': 1e-05, 'weight_decay': 1e-05}.
[I 2026-03-20 11:40:08,485] Trial 49 pruned. Duplicate hyper-parameters, same as those used in trial 5: {'batch_size': 64, 'edge_threshold': 0.9, 'node_threshold': 0.7, 'attention_heads': 6, 'hidden_dimension': 64, 'number_of_hidden_layers': 0, 'dropout_rate': 0.2, 'learning_rate': 1e-05, 'weight_decay': 1e-06}.
[I 2026-03-20 11:40:09,306] Trial 50 pruned. Duplicate hyper-parameters, same as those used in trial 6: {'batch_size': 32, 'edge_threshold': 0.8, 'node_threshold': 0.8, 'attention_heads': 4, 'hidden_dimension': 64, 'number_of_hidden_layers': 2, 'dropout_rate': 0.1, 'learning_rate': 1e-05, 'weight_decay': 0.001}.
[I 2026-03-20 11:40:10,149] Trial 51 pruned. Duplicate hyper-parameters, same as those used in trial 8: {'batch_size': 16, 'edge_threshold': 0.8, 'node_threshold': 0.6, 'attention_heads': 6, 'hidden_dimension': 128, 'number_of_hidden_layers': 1, 'dropout_rate': 0.4, 'learning_rate': 0.0001, 'weight_decay': 1e-06}.
[I 2026-03-20 11:40:10,965] Trial 52 pruned. Duplicate hyper-parameters, same as those used in trial 17: {'batch_size': 32, 'edge_threshold': 0.95, 'node_threshold': 0.7, 'attention_heads': 6, 'hidden_dimension': 32, 'number_of_hidden_layers': 0, 'dropout_rate': 0.2, 'learning_rate': 0.001, 'weight_decay': 0.0001}.
[I 2026-03-20 11:40:11,861] Trial 53 pruned. Duplicate hyper-parameters, same as those used in trial 18: {'batch_size': 16, 'edge_threshold': 0.8, 'node_threshold': 0.95, 'attention_heads': 1, 'hidden_dimension': 64, 'number_of_hidden_layers': 1, 'dropout_rate': 0.1, 'learning_rate': 0.0001, 'weight_decay': 0.001}.
[I 2026-03-20 11:40:12,709] Trial 54 pruned. Duplicate hyper-parameters, same as those used in trial 19: {'batch_size': 16, 'edge_threshold': 0.6, 'node_threshold': 0.6, 'attention_heads': 4, 'hidden_dimension': 64, 'number_of_hidden_layers': 0, 'dropout_rate': 0.4, 'learning_rate': 1e-05, 'weight_decay': 0.0001}.
[I 2026-03-20 11:40:13,536] Trial 55 pruned. Duplicate hyper-parameters, same as those used in trial 20: {'batch_size': 64, 'edge_threshold': 0.9, 'node_threshold': 0.7, 'attention_heads': 2, 'hidden_dimension': 32, 'number_of_hidden_layers': 0, 'dropout_rate': 0.2, 'learning_rate': 0.0003, 'weight_decay': 1e-06}.
[I 2026-03-20 11:40:14,366] Trial 56 pruned. Duplicate hyper-parameters, same as those used in trial 21: {'batch_size': 128, 'edge_threshold': 0.8, 'node_threshold': 0.5, 'attention_heads': 8, 'hidden_dimension': 32, 'number_of_hidden_layers': 2, 'dropout_rate': 0.4, 'learning_rate': 1e-05, 'weight_decay': 0.001}.
[I 2026-03-20 11:40:15,204] Trial 57 pruned. Duplicate hyper-parameters, same as those used in trial 22: {'batch_size': 32, 'edge_threshold': 0.6, 'node_threshold': 0.6, 'attention_heads': 1, 'hidden_dimension': 64, 'number_of_hidden_layers': 0, 'dropout_rate': 0.2, 'learning_rate': 0.0003, 'weight_decay': 1e-05}.
[I 2026-03-20 11:40:16,053] Trial 58 pruned. Duplicate hyper-parameters, same as those used in trial 23: {'batch_size': 128, 'edge_threshold': 0.9, 'node_threshold': 0.7, 'attention_heads': 6, 'hidden_dimension': 64, 'number_of_hidden_layers': 1, 'dropout_rate': 0.3, 'learning_rate': 1e-05, 'weight_decay': 1e-06}.
[I 2026-03-20 11:40:16,905] Trial 59 pruned. Duplicate hyper-parameters, same as those used in trial 24: {'batch_size': 16, 'edge_threshold': 0.95, 'node_threshold': 0.6, 'attention_heads': 8, 'hidden_dimension': 128, 'number_of_hidden_layers': 2, 'dropout_rate': 0.4, 'learning_rate': 0.0003, 'weight_decay': 0.001}.
[I 2026-03-20 11:40:17,692] Trial 60 pruned. Duplicate hyper-parameters, same as those used in trial 25: {'batch_size': 128, 'edge_threshold': 0.8, 'node_threshold': 0.7, 'attention_heads': 6, 'hidden_dimension': 32, 'number_of_hidden_layers': 0, 'dropout_rate': 0.3, 'learning_rate': 0.001, 'weight_decay': 0.0001}.
[I 2026-03-20 11:40:18,455] Trial 61 pruned. Duplicate hyper-parameters, same as those used in trial 26: {'batch_size': 128, 'edge_threshold': 0.9, 'node_threshold': 0.7, 'attention_heads': 1, 'hidden_dimension': 32, 'number_of_hidden_layers': 1, 'dropout_rate': 0.3, 'learning_rate': 0.0001, 'weight_decay': 0.0001}.
[I 2026-03-20 11:40:19,259] Trial 62 pruned. Duplicate hyper-parameters, same as those used in trial 27: {'batch_size': 128, 'edge_threshold': 0.6, 'node_threshold': 0.95, 'attention_heads': 4, 'hidden_dimension': 128, 'number_of_hidden_layers': 1, 'dropout_rate': 0.3, 'learning_rate': 0.0003, 'weight_decay': 1e-06}.
[I 2026-03-20 11:40:20,108] Trial 63 pruned. Duplicate hyper-parameters, same as those used in trial 28: {'batch_size': 32, 'edge_threshold': 0.8, 'node_threshold': 0.5, 'attention_heads': 2, 'hidden_dimension': 64, 'number_of_hidden_layers': 2, 'dropout_rate': 0.4, 'learning_rate': 0.0003, 'weight_decay': 1e-05}.
[I 2026-03-20 11:40:20,948] Trial 64 pruned. Duplicate hyper-parameters, same as those used in trial 29: {'batch_size': 16, 'edge_threshold': 0.95, 'node_threshold': 0.95, 'attention_heads': 1, 'hidden_dimension': 128, 'number_of_hidden_layers': 2, 'dropout_rate': 0.4, 'learning_rate': 0.0003, 'weight_decay': 1e-05}.
[I 2026-03-20 11:40:21,732] Trial 65 pruned. Duplicate hyper-parameters, same as those used in trial 30: {'batch_size': 32, 'edge_threshold': 0.7, 'node_threshold': 0.95, 'attention_heads': 2, 'hidden_dimension': 64, 'number_of_hidden_layers': 0, 'dropout_rate': 0.2, 'learning_rate': 0.001, 'weight_decay': 0.001}.
[I 2026-03-20 11:40:22,554] Trial 66 pruned. Duplicate hyper-parameters, same as those used in trial 31: {'batch_size': 64, 'edge_threshold': 0.8, 'node_threshold': 0.6, 'attention_heads': 4, 'hidden_dimension': 128, 'number_of_hidden_layers': 2, 'dropout_rate': 0.2, 'learning_rate': 0.0003, 'weight_decay': 1e-05}.
[I 2026-03-20 11:40:23,396] Trial 67 pruned. Duplicate hyper-parameters, same as those used in trial 32: {'batch_size': 16, 'edge_threshold': 0.9, 'node_threshold': 0.95, 'attention_heads': 8, 'hidden_dimension': 128, 'number_of_hidden_layers': 1, 'dropout_rate': 0.4, 'learning_rate': 0.001, 'weight_decay': 1e-06}.
[I 2026-03-20 11:40:24,255] Trial 68 pruned. Duplicate hyper-parameters, same as those used in trial 33: {'batch_size': 32, 'edge_threshold': 0.8, 'node_threshold': 0.6, 'attention_heads': 2, 'hidden_dimension': 128, 'number_of_hidden_layers': 1, 'dropout_rate': 0.4, 'learning_rate': 0.001, 'weight_decay': 1e-06}.
[I 2026-03-20 11:40:25,070] Trial 69 pruned. Duplicate hyper-parameters, same as those used in trial 34: {'batch_size': 32, 'edge_threshold': 0.7, 'node_threshold': 0.9, 'attention_heads': 1, 'hidden_dimension': 128, 'number_of_hidden_layers': 2, 'dropout_rate': 0.1, 'learning_rate': 0.0001, 'weight_decay': 1e-05}.
[I 2026-03-20 11:40:25,854] Trial 70 pruned. Duplicate hyper-parameters, same as those used in trial 35: {'batch_size': 32, 'edge_threshold': 0.95, 'node_threshold': 0.5, 'attention_heads': 2, 'hidden_dimension': 128, 'number_of_hidden_layers': 2, 'dropout_rate': 0.4, 'learning_rate': 0.001, 'weight_decay': 0.001}.
[I 2026-03-20 11:40:26,722] Trial 71 pruned. Duplicate hyper-parameters, same as those used in trial 36: {'batch_size': 32, 'edge_threshold': 0.9, 'node_threshold': 0.7, 'attention_heads': 2, 'hidden_dimension': 32, 'number_of_hidden_layers': 2, 'dropout_rate': 0.4, 'learning_rate': 1e-05, 'weight_decay': 1e-06}.
[I 2026-03-20 11:40:27,575] Trial 72 pruned. Duplicate hyper-parameters, same as those used in trial 37: {'batch_size': 16, 'edge_threshold': 0.95, 'node_threshold': 0.7, 'attention_heads': 4, 'hidden_dimension': 64, 'number_of_hidden_layers': 1, 'dropout_rate': 0.3, 'learning_rate': 1e-05, 'weight_decay': 0.001}.
[I 2026-03-20 11:40:28,414] Trial 73 pruned. Duplicate hyper-parameters, same as those used in trial 38: {'batch_size': 128, 'edge_threshold': 0.6, 'node_threshold': 0.9, 'attention_heads': 4, 'hidden_dimension': 32, 'number_of_hidden_layers': 2, 'dropout_rate': 0.1, 'learning_rate': 0.001, 'weight_decay': 1e-06}.
[I 2026-03-20 11:40:29,270] Trial 74 pruned. Duplicate hyper-parameters, same as those used in trial 39: {'batch_size': 32, 'edge_threshold': 0.7, 'node_threshold': 0.5, 'attention_heads': 6, 'hidden_dimension': 128, 'number_of_hidden_layers': 2, 'dropout_rate': 0.1, 'learning_rate': 0.001, 'weight_decay': 1e-06}.
[I 2026-03-20 11:40:30,118] Trial 75 pruned. Duplicate hyper-parameters, same as those used in trial 40: {'batch_size': 16, 'edge_threshold': 0.5, 'node_threshold': 0.6, 'attention_heads': 6, 'hidden_dimension': 32, 'number_of_hidden_layers': 1, 'dropout_rate': 0.3, 'learning_rate': 1e-05, 'weight_decay': 1e-06}.
[I 2026-03-20 11:40:30,944] Trial 76 pruned. Duplicate hyper-parameters, same as those used in trial 41: {'batch_size': 16, 'edge_threshold': 0.7, 'node_threshold': 0.8, 'attention_heads': 8, 'hidden_dimension': 128, 'number_of_hidden_layers': 0, 'dropout_rate': 0.3, 'learning_rate': 0.0003, 'weight_decay': 0.0001}.
[I 2026-03-20 11:40:31,769] Trial 77 pruned. Duplicate hyper-parameters, same as those used in trial 43: {'batch_size': 128, 'edge_threshold': 0.8, 'node_threshold': 0.9, 'attention_heads': 4, 'hidden_dimension': 64, 'number_of_hidden_layers': 0, 'dropout_rate': 0.4, 'learning_rate': 0.0003, 'weight_decay': 0.0001}.
[I 2026-03-20 18:03:01,524] Trial 78 finished with value: 0.5532 and parameters: {'batch_size': 32, 'edge_threshold': 0.8, 'node_threshold': 0.6, 'attention_heads': 1, 'hidden_dimension': 64, 'number_of_hidden_layers': 0, 'dropout_rate': 0.4, 'learning_rate': 0.001, 'weight_decay': 0.001}. Best is trial 32 with value: 0.9402.
[I 2026-03-21 04:28:43,654] Trial 79 finished with value: 0.5224 and parameters: {'batch_size': 64, 'edge_threshold': 0.6, 'node_threshold': 0.5, 'attention_heads': 2, 'hidden_dimension': 128, 'number_of_hidden_layers': 0, 'dropout_rate': 0.4, 'learning_rate': 0.001, 'weight_decay': 0.001}. Best is trial 32 with value: 0.9402.
[I 2026-03-21 11:50:04,197] Trial 80 finished with value: 0.9368 and parameters: {'batch_size': 64, 'edge_threshold': 0.6, 'node_threshold': 0.6, 'attention_heads': 8, 'hidden_dimension': 32, 'number_of_hidden_layers': 1, 'dropout_rate': 0.3, 'learning_rate': 0.0003, 'weight_decay': 1e-05}. Best is trial 32 with value: 0.9402.
[I 2026-03-21 17:40:28,421] Trial 81 finished with value: 0.9288 and parameters: {'batch_size': 32, 'edge_threshold': 0.6, 'node_threshold': 0.7, 'attention_heads': 1, 'hidden_dimension': 32, 'number_of_hidden_layers': 1, 'dropout_rate': 0.3, 'learning_rate': 0.0003, 'weight_decay': 0.0001}. Best is trial 32 with value: 0.9402.
[I 2026-03-22 00:14:20,909] Trial 82 finished with value: 0.9322 and parameters: {'batch_size': 16, 'edge_threshold': 0.6, 'node_threshold': 0.8, 'attention_heads': 2, 'hidden_dimension': 128, 'number_of_hidden_layers': 2, 'dropout_rate': 0.4, 'learning_rate': 0.001, 'weight_decay': 0.0001}. Best is trial 32 with value: 0.9402.
[I 2026-03-22 09:14:24,019] Trial 83 finished with value: 0.935 and parameters: {'batch_size': 16, 'edge_threshold': 0.8, 'node_threshold': 0.6, 'attention_heads': 6, 'hidden_dimension': 128, 'number_of_hidden_layers': 1, 'dropout_rate': 0.3, 'learning_rate': 0.0001, 'weight_decay': 0.001}. Best is trial 32 with value: 0.9402.
[I 2026-03-22 14:02:46,941] Trial 84 finished with value: 0.5212 and parameters: {'batch_size': 64, 'edge_threshold': 0.5, 'node_threshold': 0.8, 'attention_heads': 2, 'hidden_dimension': 64, 'number_of_hidden_layers': 0, 'dropout_rate': 0.3, 'learning_rate': 1e-05, 'weight_decay': 1e-06}. Best is trial 32 with value: 0.9402.
[I 2026-03-22 20:54:27,199] Trial 85 finished with value: 0.5756 and parameters: {'batch_size': 16, 'edge_threshold': 0.9, 'node_threshold': 0.6, 'attention_heads': 2, 'hidden_dimension': 128, 'number_of_hidden_layers': 0, 'dropout_rate': 0.2, 'learning_rate': 0.001, 'weight_decay': 1e-06}. Best is trial 32 with value: 0.9402.
[I 2026-03-23 03:52:01,776] Trial 86 finished with value: 0.9262 and parameters: {'batch_size': 16, 'edge_threshold': 0.95, 'node_threshold': 0.5, 'attention_heads': 2, 'hidden_dimension': 64, 'number_of_hidden_layers': 2, 'dropout_rate': 0.3, 'learning_rate': 0.0003, 'weight_decay': 1e-06}. Best is trial 32 with value: 0.9402.
slurmstepd: error: *** JOB 2449527 ON kn082 CANCELLED AT 2026-03-23T07:49:16 DUE TO TIME LIMIT ***
