SLURM NODE: kn054

[TRIAL] 38 [VALIDATION PERFORMANCE] 0.9694626941075009 [TRAINING LOSS] 0.08850789768621325 [VALIDATION LOSS] 0.1577101149596274 

number                         			 38
value                          			 0.9694626941075009
params_attention_heads         			 5
params_batch_size              			 128
params_dropout_rate            			 0.12232200989360004
params_edge_threshold          			 0.58
params_hidden_dimension        			 39
params_learning_rate           			 0.0008829915716386434
params_node_threshold          			 0.8099999999999999
params_number_of_hidden_layers 			 2
params_weight_decay            			 0.0006154657655895834
user_attrs_duplicate           			 False
user_attrs_epoch               			 4.0
user_attrs_training_loss       			 0.08850789768621325
user_attrs_validation_loss     			 0.1577101149596274

[37] VALIDATION: 0.9605230621624077 TESTING: 0.9450761126360742
[38] VALIDATION: 0.9427611295702658 TESTING: 0.9341851581299021
[39] VALIDATION: 0.9505506512378806 TESTING: 0.9377944646565008
[40] VALIDATION: 0.9447470260065811 TESTING: 0.9430091426860909
[41] VALIDATION: 0.940727751365473 TESTING: 0.9333103205461851
[42] VALIDATION: 0.9566550009467838 TESTING: 0.9399567062274901
[43] VALIDATION: 0.9411317523853922 TESTING: 0.937234164705495
[44] VALIDATION: 0.9375353520420479 TESTING: 0.9366519332793981
[45] VALIDATION: 0.9440337992812553 TESTING: 0.9406502532383532
[46] VALIDATION: 0.9568306414865064 TESTING: 0.9385702398586224

Validation performance: 93.75 & 94.75 ± 0.8 & 96.05
Testing performance: 93.33 & 93.86 ± 0.37 & 94.51

[TRIAL] 40 [VALIDATION PERFORMANCE] 0.9680419250536636 [TRAINING LOSS] 0.060670493519864976 [VALIDATION LOSS] 0.15769106592051685 

number                         			 40
value                          			 0.9680419250536636
params_attention_heads         			 5
params_batch_size              			 128
params_dropout_rate            			 0.11658630998114217
params_edge_threshold          			 0.56
params_hidden_dimension        			 39
params_learning_rate           			 0.0006997453057409489
params_node_threshold          			 0.82
params_number_of_hidden_layers 			 2
params_weight_decay            			 0.00013796178291034688
user_attrs_duplicate           			 False
user_attrs_epoch               			 5.0
user_attrs_training_loss       			 0.060670493519864976
user_attrs_validation_loss     			 0.15769106592051685

[37] VALIDATION: 0.9550379590006223 TESTING: 0.9377949728663326
[38] VALIDATION: 0.9443151498889338 TESTING: 0.941513701105384
[39] VALIDATION: 0.9495754343356395 TESTING: 0.9380698379657291
[40] VALIDATION: 0.9344137797987068 TESTING: 0.9385263605851888
[41] VALIDATION: 0.946061257104725 TESTING: 0.9374324961535084
[42] VALIDATION: 0.9575302252160205 TESTING: 0.9410113011263123
[43] VALIDATION: 0.9436171296274323 TESTING: 0.9409603671389142
[44] VALIDATION: 0.9406135272191889 TESTING: 0.9228064027401885
[45] VALIDATION: 0.9576778824288508 TESTING: 0.9362751130968787
[46] VALIDATION: 0.9411127652118652 TESTING: 0.9448089987852064

Validation performance: 93.44 & 94.7 ± 0.78 & 95.77
Testing performance: 92.28 & 93.79 ± 0.59 & 94.48

[TRIAL] 89 [VALIDATION PERFORMANCE] 0.9639108588484683 [TRAINING LOSS] 0.07446873188018799 [VALIDATION LOSS] 0.17842172210415205 

number                         			 89
value                          			 0.9639108588484683
params_attention_heads         			 6
params_batch_size              			 120
params_dropout_rate            			 0.1177977504794174
params_edge_threshold          			 0.5700000000000001
params_hidden_dimension        			 34
params_learning_rate           			 0.0003211958730854032
params_node_threshold          			 0.7899999999999999
params_number_of_hidden_layers 			 1
params_weight_decay            			 0.00027076496930015213
user_attrs_duplicate           			 False
user_attrs_epoch               			 6.0
user_attrs_training_loss       			 0.07446873188018799
user_attrs_validation_loss     			 0.17842172210415205

[37] VALIDATION: 0.9479259938348557 TESTING: 0.9414979274754222
[38] VALIDATION: 0.9380702663139958 TESTING: 0.9403542743049593
[39] VALIDATION: 0.9576740218375606 TESTING: 0.93715954944219
[40] VALIDATION: 0.9501464760487655 TESTING: 0.9395286812548678
[41] VALIDATION: 0.943681757567668 TESTING: 0.9392143031716801
[42] VALIDATION: 0.9538231084608199 TESTING: 0.9308415990291025
[43] VALIDATION: 0.940883827613215 TESTING: 0.941095158185522
[44] VALIDATION: 0.9396608359477633 TESTING: 0.9412116736834993
[45] VALIDATION: 0.9439672499451004 TESTING: 0.9408996686448866
[46] VALIDATION: 0.9392788956507429 TESTING: 0.9411161756038625

Validation performance: 93.81 & 94.55 ± 0.67 & 95.77
Testing performance: 93.08 & 93.93 ± 0.32 & 94.15

[R8] Elapsed time: 1929.8000623901685 minutes.
