SLURM NODE: kn040
------------------------------ SST-2 ------------------------------

Text length
Train 1 16.30736994219653 ± 8.326767194135167 47
Validation 1 16.567660550458715 ± 7.847865149353508 43
Test 1 16.340472267984623 ± 8.013618463324885 50

Token count
Train 4 24.962138728323698 ± 11.151028528886188 66
Validation 4 25.17775229357798 ± 10.380778425940308 55
Test 4 24.86710598572213 ± 10.735118492017774 64

Type-token ratio
Train 0.5833333333333334 0.9495522212654126 ± 0.06237850707979926 1.0
Validation 0.6 0.9494763099124625 ± 0.06399728377805121 1.0
Test 0.64 0.9504782078250463 ± 0.06388829942782412 1.0

Flesch-Reading ease score
Train -301.78 51.70985771935639 ± 29.068202824921542 121.22000000000003 Fairly Difficult 53.639285714285734
Validation -136.63999999999996 52.7518983519602 ± 27.03126415169937 121.22000000000003 Fairly Difficult 52.994000000000014
Test -132.57999999999996 53.18373732870646 ± 26.986027529067194 121.22000000000003 Fairly Difficult 54.70142857142861

Average syllables per word
Train 0.6 1.7201345476038823 ± 0.3598060585110017 4.5
Validation 1.0 1.7002956419449853 ± 0.32843567302709964 3.75
Test 1.0 1.6993359526176985 ± 0.33832248235065554 4.0

Average sentence length
Train 1.0 15.793521194605008 ± 8.213058946858336 47.0
Validation 1.0 16.14334862385321 ± 7.818923835471988 43.0
Test 1.0 15.785374336445177 ± 7.868566248846192 50.0

Percentage of monosyllabic words
Train 0.0 0.6519993860720936 ± 0.19701767172150422 2.0
Validation 0.0 0.6601937466202428 ± 0.18208996251284487 2.0
Test 0.0 0.6550426109928025 ± 0.1889550315941259 2.0

Percentage of polysyllabic words
Train 0.0 0.17470630346248217 ± 0.1374491920437456 1.0
Validation 0.0 0.1679702555322517 ± 0.11751692278369912 0.8333333333333334
Test 0.0 0.16620953360328122 ± 0.12701773243693773 1.0

------------------------------ IMDb ------------------------------

Text length
Train 9 222.40845 ± 166.62043883368375 2360
Validation 15 225.4814 ± 168.67334405127176 1369
Test 6 217.85644 ± 162.1680975105782 2185

Token indices sequence length is longer than the specified maximum sequence length for this model (513 > 512). Running this sequence through the model will result in indexing errors
Token count
Train 13 296.82585 ± 220.8732663129834 3055
Validation 24 300.6406 ± 222.83272362061913 1786
Test 10 290.7842 ± 214.9435516119876 2875

Type-token ratio
Train 0.1696969696969697 0.6683633108207552 ± 0.09324717098725872 1.0
Validation 0.1619047619047619 0.6670942466170231 ± 0.09321093403206102 1.0
Test 0.04186046511627907 0.6698981087369638 ± 0.0934109348547003 1.0

Flesch-Reading ease score
Train -218.07044220665495 63.725349142660285 ± 13.567465234627344 103.68723684210525 Standard 64.92440298507464
Validation -166.9955731225296 63.69592085989319 ± 13.414684022256141 97.49714285714288 Standard 64.87916161507457
Test -279.50806818181815 63.94775488800774 ± 13.473728900972889 106.90140350877192 Standard 65.1400266027371

Average syllables per word
Train 1.0666666666666667 1.5087184932572488 ± 0.10151017294951047 2.2857142857142856
Validation 1.0909090909090908 1.5090984564153118 ± 0.10012607758386699 2.054054054054054
Test 1.05 1.507698239802579 ± 0.10281389284372747 3.4583333333333335

Average sentence length
Train 4.9 18.248063481262474 ± 8.711935866091126 280.5
Validation 5.222222222222222 18.23727490004588 ± 8.552031915824877 243.0
Test 5.0 18.171135693522793 ± 8.426621658680247 339.0

Percentage of monosyllabic words
Train 0.36 0.7020538619537855 ± 0.06871381586572284 1.0606060606060606
Validation 0.37142857142857144 0.7017458388126169 ± 0.0685427218165632 0.9776119402985075
Test 0.0 0.7038001988776031 ± 0.06889530973129922 1.3333333333333333

Percentage of polysyllabic words
Train 0.0 0.1104345825221247 ± 0.03982955459685264 0.4666666666666667
Validation 0.0 0.11075598834552233 ± 0.03939566996646448 0.32432432432432434
Test 0.0 0.11015490572967375 ± 0.04002918664475343 0.6666666666666666

------------------------------ AGNews ------------------------------

Text length
Train 14 39.544697916666664 ± 10.601161780805896 172
Validation 14 39.44375 ± 10.330885710858263 175
Test 16 39.32934210526316 ± 10.421102427326607 137

Token count
Train 21 59.18720833333333 ± 19.185122697669893 385
Validation 22 59.08325 ± 18.525652109851734 374
Test 24 58.746184210526316 ± 18.227912539411296 283

Type-token ratio
Train 0.4583333333333333 0.8460528291158824 ± 0.06755215455906183 1.0
Validation 0.43283582089552236 0.8462657942169592 ± 0.06700257451097293 1.0
Test 0.48936170212765956 0.8476628168038406 ± 0.06761646953658679 1.0

Flesch-Reading ease score
Train -158.12833333333327 34.838062705512684 ± 19.146150130670875 96.06202898550725 Difficult 34.93000000000001
Validation -75.49838235294115 34.8198308547846 ± 19.167302697378656 95.955 Difficult 35.10500000000002
Test -56.60749999999999 34.79187400518759 ± 19.105734594730684 99.94000000000003 Difficult 35.05938664596277

Average syllables per word
Train 0.8285714285714286 1.6897582244505378 ± 0.1842083145117063 2.8
Validation 1.0 1.6892663964098464 ± 0.18413969956374693 2.5625
Test 1.0 1.6927417911780103 ± 0.18401873918924697 2.4864864864864864

Average sentence length
Train 3.75 28.502187731264677 ± 11.197428920900247 81.0
Validation 3.6923076923076925 28.517568530196655 ± 11.161719366428315 70.0
Test 4.142857142857143 28.472506735588972 ± 11.204959738611594 65.0

Percentage of monosyllabic words
Train 0.05263157894736842 0.529911433556109 ± 0.10344058559072242 1.0666666666666667
Validation 0.07692307692307693 0.5290575878051821 ± 0.10399420632985223 1.0208333333333333
Test 0.09090909090909091 0.5296069590358519 ± 0.10476806484482214 1.2592592592592593

Percentage of polysyllabic words
Train 0.0 0.15903933573815268 ± 0.07322382397644008 0.6538461538461539
Validation 0.0 0.1589210729580419 ± 0.07327536341076761 0.5
Test 0.0 0.16014590275059 ± 0.07323662474976275 0.5294117647058824

------------------------------ DBPedia ------------------------------

Text length
Train 3 49.87528571428572 ± 22.623154806888294 1474
Validation 5 49.98275892857143 ± 22.304906414192903 418
Test 5 49.9032 ± 22.455446787644206 508

Token count
Train 12 74.68662946428572 ± 31.26373260163141 3849
Validation 12 74.82432142857142 ± 29.448338928581816 1084
Test 13 74.7458 ± 30.21985771097259 1219

Type-token ratio
Train 0.16091954022988506 0.7610826597446612 ± 0.08457162955847784 1.0
Validation 0.33175355450236965 0.7605966566604797 ± 0.08461072924729236 1.0
Test 0.3779527559055118 0.7607453313506671 ± 0.0844888866706886 1.0

Flesch-Reading ease score
Train -911.3102866242036 43.20493038033226 ± 18.27181446016374 105.41261904761906 Difficult 45.26235294117649
Validation -377.958353221957 43.26124782198323 ± 18.015318843166387 100.24000000000002 Difficult 45.26235294117649
Test -475.34341846758343 43.21724520062966 ± 18.343118778418887 99.00000000000001 Difficult 45.27114427860698

Average syllables per word
Train 0.3695652173913043 1.738557782423661 ± 0.2076806843487922 4.973333333333334
Validation 1.0 1.7378360907088288 ± 0.20707067652965316 4.428571428571429
Test 1.125 1.7390220460961119 ± 0.2091724067487131 3.0434782608695654

Average sentence length
Train 2.5 19.125235478148397 ± 7.892918403795193 941.0
Validation 2.5 19.111649118118986 ± 7.455310527147263 418.0
Test 2.5 19.083315381523242 ± 7.810614581804462 508.0

Percentage of monosyllabic words
Train 0.0 0.553978139286638 ± 0.09828827766601037 1.2162162162162162
Validation 0.0 0.554009512215971 ± 0.09840446759292978 1.1764705882352942
Test 0.1111111111111111 0.5537483345108863 ± 0.09840881656245351 1.0476190476190477

Percentage of polysyllabic words
Train 0.0 0.17452754335029996 ± 0.08327435361117007 0.8
Validation 0.0 0.17433377406671302 ± 0.08308658495949911 0.65
Test 0.0 0.17450417660041243 ± 0.08366240313361155 0.6666666666666666

------------------------------ Ohsumed ------------------------------

Text length
Train 31 181.64320297951582 ± 68.51936368553949 420
Validation 32 183.0610119047619 ± 71.6253135542631 418
Test 27 183.14988869651248 ± 73.74955139113287 597

Token count
Train 48 286.5731843575419 ± 119.72296771085296 815
Validation 44 288.0208333333333 ± 122.04190302062719 639
Test 38 287.3076923076923 ± 124.69735875013583 820

Type-token ratio
Train 0.30943396226415093 0.5726874280074492 ± 0.08758780050128026 0.9090909090909091
Validation 0.3047945205479452 0.5706134038453101 ± 0.09217237934545851 0.864406779661017
Test 0.3018867924528302 0.5733639876933319 ± 0.09023598435521038 0.9230769230769231

Flesch-Reading ease score
Train -26.971746724890806 24.86990063438805 ± 14.918992904616761 75.80414925373135 Very Confusing 25.296686567164215
Validation -32.378320610686984 25.425344068680758 ± 14.521638481470855 68.94786458333334 Very Confusing 25.391943556662028
Test -39.08879950495049 24.53425095399892 ± 14.763429083838778 76.84404858299597 Very Confusing 24.899486486486524

Average syllables per word
Train 1.3880597014925373 1.947660400488625 ± 0.16271009222189237 2.6774193548387095
Validation 1.4487179487179487 1.9401010809474002 ± 0.1548008758921461 2.544776119402985
Test 1.4564315352697095 1.9462658318501531 ± 0.1589474924328753 2.5671641791044775

Average sentence length
Train 5.242424242424242 19.050585868006326 ± 4.889552652559733 43.333333333333336
Validation 7.653846153846154 18.921427408575955 ± 4.879284254655672 36.714285714285715
Test 5.864864864864865 19.115355245997737 ± 5.048076616104046 55.666666666666664

Percentage of monosyllabic words
Train 0.2833333333333333 0.5226732643864098 ± 0.07087112469016409 0.8439306358381503
Validation 0.31746031746031744 0.5247760513421016 ± 0.06765578676135237 0.7872340425531915
Test 0.25961538461538464 0.519264903763572 ± 0.06962629058460813 0.8146551724137931

Percentage of polysyllabic words
Train 0.05970149253731343 0.2673410056648472 ± 0.059732899485765795 0.5333333333333333
Validation 0.08974358974358974 0.26361644600439477 ± 0.05810506112464542 0.4925373134328358
Test 0.09375 0.26776886185113646 ± 0.059242476760447624 0.5223880597014925

