SLURM NODE: kn132
------------------------------ IMDb-1k ------------------------------

Text length
Train 734 891.98 ± 140.55446886326618 2360
Validation 733 855.6242424242424 ± 77.3774681638852 1033
Test 717 878.8328358208955 ± 148.90408678842005 2185

Token indices sequence length is longer than the specified maximum sequence length for this model (1050 > 512). Running this sequence through the model will result in indexing errors
Token count
Train 912 1179.322 ± 189.4452250720646 3055
Validation 910 1132.0 ± 114.74792096527787 1411
Test 900 1161.1462686567165 ± 208.38684541933023 2875

Type-token ratio
Train 0.2851694915254237 0.47726383634664044 ± 0.045019008982122764 0.6371681415929203
Validation 0.28347996089931576 0.4819834452033759 ± 0.045186016119245755 0.5765645805592543
Test 0.3107932379713914 0.480922523286135 ± 0.04441605606299649 0.6085858585858586

Flesch-Reading ease score
Train 16.936198722910262 57.36760805778251 ± 10.005838424589607 79.64416419771295 Fairly Difficult 58.203594295767424
Validation 27.205601503759425 57.083186242206814 ± 10.6044206307797 82.0206620851492 Fairly Difficult 57.62165748242586
Test 17.699830553855605 57.149520912202505 ± 10.736817611407073 82.34978928884988 Fairly Difficult 57.08533518329199

Average syllables per word
Train 1.3328859060402685 1.5226169134258745 ± 0.07302016000505943 1.8154450261780104
Validation 1.3501683501683501 1.5305021201740225 ± 0.07027188364724085 1.7129724208375894
Test 1.3060796645702306 1.528560800363358 ± 0.07962013081839876 1.7945879458794587

Average sentence length
Train 7.958762886597938 22.208952295798472 ± 6.359243799940841 60.1875
Validation 10.055555555555555 22.121323771663494 ± 6.782427313048915 44.473684210526315
Test 10.513513513513514 22.016341166127628 ± 6.098024897661633 49.5

Percentage of monosyllabic words
Train 0.5055055055055055 0.6815600947228786 ± 0.04297992913092559 0.8267008985879333
Validation 0.5747474747474748 0.6810623423603835 ± 0.04538739286210993 0.8215488215488216
Test 0.5409090909090909 0.679113477267055 ± 0.04669615678525362 0.7984293193717278

Percentage of polysyllabic words
Train 0.05391527599486521 0.11969916208696246 ± 0.028563689939012867 0.2591623036649215
Validation 0.04826038159371493 0.12150279767447784 ± 0.02658221755428497 0.20633299284984677
Test 0.027308192457737322 0.12185840874318925 ± 0.030249394868271596 0.21033210332103322

