SLURM NODE: kn074
------------------------------ SST-2 ------------------------------

Text length
Train 1 16.30736994219653 ± 8.326767194135167 47
Validation 1 16.567660550458715 ± 7.847865149353508 43
Test 1 16.340472267984623 ± 8.013618463324885 50

Token count
Train 4 24.962138728323698 ± 11.151028528886188 66
Validation 4 25.17775229357798 ± 10.380778425940308 55
Test 4 24.86710598572213 ± 10.735118492017774 64

Type-token ratio
Train 0.5833333333333334 0.9495522212654126 ± 0.06237850707979926 1.0
Validation 0.6 0.9494763099124625 ± 0.06399728377805121 1.0
Test 0.64 0.9504782078250463 ± 0.06388829942782412 1.0

Flesch-Reading ease score
Train -301.78 51.70985771935639 ± 29.068202824921542 121.22000000000003 Fairly Difficult 53.639285714285734
Validation -136.63999999999996 52.7518983519602 ± 27.03126415169937 121.22000000000003 Fairly Difficult 52.994000000000014
Test -132.57999999999996 53.18373732870646 ± 26.986027529067194 121.22000000000003 Fairly Difficult 54.70142857142861

Average syllables per word
Train 0.6 1.7201345476038823 ± 0.3598060585110017 4.5
Validation 1.0 1.7002956419449853 ± 0.32843567302709964 3.75
Test 1.0 1.6993359526176985 ± 0.33832248235065554 4.0

Average sentence length
Train 1.0 15.793521194605008 ± 8.213058946858336 47.0
Validation 1.0 16.14334862385321 ± 7.818923835471988 43.0
Test 1.0 15.785374336445177 ± 7.868566248846192 50.0

Percentage of monosyllabic words
Train 0.0 0.6519993860720936 ± 0.19701767172150422 2.0
Validation 0.0 0.6601937466202428 ± 0.18208996251284487 2.0
Test 0.0 0.6550426109928025 ± 0.1889550315941259 2.0

Percentage of polysyllabic words
Train 0.0 0.17470630346248217 ± 0.1374491920437456 1.0
Validation 0.0 0.1679702555322517 ± 0.11751692278369912 0.8333333333333334
Test 0.0 0.16620953360328122 ± 0.12701773243693773 1.0

------------------------------ IMDb-1k ------------------------------

Text length
Train 734 891.98 ± 140.55446886326618 2360
Validation 733 855.6242424242424 ± 77.3774681638852 1033
Test 717 878.8328358208955 ± 148.90408678842005 2185

Token indices sequence length is longer than the specified maximum sequence length for this model (1050 > 512). Running this sequence through the model will result in indexing errors
Token count
Train 912 1179.322 ± 189.4452250720646 3055
Validation 910 1132.0 ± 114.74792096527787 1411
Test 900 1161.1462686567165 ± 208.38684541933023 2875

Type-token ratio
Train 0.2851694915254237 0.47726383634664044 ± 0.045019008982122764 0.6371681415929203
Validation 0.28347996089931576 0.4819834452033759 ± 0.045186016119245755 0.5765645805592543
Test 0.3107932379713914 0.480922523286135 ± 0.04441605606299649 0.6085858585858586

Flesch-Reading ease score
Train 16.936198722910262 57.36760805778251 ± 10.005838424589607 79.64416419771295 Fairly Difficult 58.203594295767424
Validation 27.205601503759425 57.083186242206814 ± 10.6044206307797 82.0206620851492 Fairly Difficult 57.62165748242586
Test 17.699830553855605 57.149520912202505 ± 10.736817611407073 82.34978928884988 Fairly Difficult 57.08533518329199

Average syllables per word
Train 1.3328859060402685 1.5226169134258745 ± 0.07302016000505943 1.8154450261780104
Validation 1.3501683501683501 1.5305021201740225 ± 0.07027188364724085 1.7129724208375894
Test 1.3060796645702306 1.528560800363358 ± 0.07962013081839876 1.7945879458794587

Average sentence length
Train 7.958762886597938 22.208952295798472 ± 6.359243799940841 60.1875
Validation 10.055555555555555 22.121323771663494 ± 6.782427313048915 44.473684210526315
Test 10.513513513513514 22.016341166127628 ± 6.098024897661633 49.5

Percentage of monosyllabic words
Train 0.5055055055055055 0.6815600947228786 ± 0.04297992913092559 0.8267008985879333
Validation 0.5747474747474748 0.6810623423603835 ± 0.04538739286210993 0.8215488215488216
Test 0.5409090909090909 0.679113477267055 ± 0.04669615678525362 0.7984293193717278

Percentage of polysyllabic words
Train 0.05391527599486521 0.11969916208696246 ± 0.028563689939012867 0.2591623036649215
Validation 0.04826038159371493 0.12150279767447784 ± 0.02658221755428497 0.20633299284984677
Test 0.027308192457737322 0.12185840874318925 ± 0.030249394868271596 0.21033210332103322

------------------------------ R8 ------------------------------

Text length
Train 9 110.42761527020328 ± 116.25259928057066 909
Validation 10 111.18731417244797 ± 126.57185360349438 844
Test 11 100.78048780487805 ± 104.57024601746123 815

Token count
Train 15 155.66013882002974 ± 152.09056042168808 1297
Validation 16 156.91575817641228 ± 166.70617936220793 1147
Test 18 146.39721254355402 ± 137.4744398995404 1054

Type-token ratio
Train 0.3301707779886148 0.6734462140442867 ± 0.12614986720184862 1.0
Validation 0.3235294117647059 0.6723177293477492 ± 0.13202271043568142 1.0
Test 0.26785714285714285 0.6623848021208186 ± 0.1173335339749904 1.0

Flesch-Reading ease score
Train -47.42499999999997 62.16322705720276 ± 20.089078399546974 106.59678571428573 Standard 60.751526017484444
Validation -9.279642857142818 62.87842354378955 ± 19.593517207511855 106.23263636363636 Standard 61.05125000000001
Test -4.659999999999997 66.23380570923149 ± 21.86136962829045 106.9769696969697 Standard 65.45786713286716

Average syllables per word
Train 0.8518518518518519 1.4987936508331237 ± 0.24835925621852747 2.3255813953488373
Validation 0.8333333333333334 1.4862142576012096 ± 0.2542388733356395 2.55
Test 0.8518518518518519 1.4489196231918164 ± 0.27337233530150973 2.2857142857142856

Average sentence length
Train 3.05 16.973364808495635 ± 8.77930023406079 156.0
Validation 3.25 16.879444332800784 ± 8.078586386622694 78.0
Test 3.1666666666666665 15.637878027723081 ± 8.738785679942964 96.0

Percentage of monosyllabic words
Train 0.25 0.6511714261673552 ± 0.07652180985824927 1.0263157894736843
Validation 0.35714285714285715 0.6494227447283502 ± 0.0782579835526857 1.0714285714285714
Test 0.3617021276595745 0.6555209591702232 ± 0.08101756161559187 1.0

Percentage of polysyllabic words
Train 0.0 0.12400923034150203 ± 0.08545497234242717 0.41935483870967744
Validation 0.0 0.12073980039164278 ± 0.08761272121134324 0.45
Test 0.0 0.11419375985235532 ± 0.08834281002633683 0.4772727272727273

------------------------------ Ohsumed ------------------------------

Text length
Train 31 181.64320297951582 ± 68.51936368553949 420
Validation 32 183.0610119047619 ± 71.6253135542631 418
Test 27 183.14988869651248 ± 73.74955139113287 597

Token count
Train 48 286.5731843575419 ± 119.72296771085296 815
Validation 44 288.0208333333333 ± 122.04190302062719 639
Test 38 287.3076923076923 ± 124.69735875013583 820

Type-token ratio
Train 0.30943396226415093 0.5726874280074492 ± 0.08758780050128026 0.9090909090909091
Validation 0.3047945205479452 0.5706134038453101 ± 0.09217237934545851 0.864406779661017
Test 0.3018867924528302 0.5733639876933319 ± 0.09023598435521038 0.9230769230769231

Flesch-Reading ease score
Train -26.971746724890806 24.86990063438805 ± 14.918992904616761 75.80414925373135 Very Confusing 25.296686567164215
Validation -32.378320610686984 25.425344068680758 ± 14.521638481470855 68.94786458333334 Very Confusing 25.391943556662028
Test -39.08879950495049 24.53425095399892 ± 14.763429083838778 76.84404858299597 Very Confusing 24.899486486486524

Average syllables per word
Train 1.3880597014925373 1.947660400488625 ± 0.16271009222189237 2.6774193548387095
Validation 1.4487179487179487 1.9401010809474002 ± 0.1548008758921461 2.544776119402985
Test 1.4564315352697095 1.9462658318501531 ± 0.1589474924328753 2.5671641791044775

Average sentence length
Train 5.242424242424242 19.050585868006326 ± 4.889552652559733 43.333333333333336
Validation 7.653846153846154 18.921427408575955 ± 4.879284254655672 36.714285714285715
Test 5.864864864864865 19.115355245997737 ± 5.048076616104046 55.666666666666664

Percentage of monosyllabic words
Train 0.2833333333333333 0.5226732643864098 ± 0.07087112469016409 0.8439306358381503
Validation 0.31746031746031744 0.5247760513421016 ± 0.06765578676135237 0.7872340425531915
Test 0.25961538461538464 0.519264903763572 ± 0.06962629058460813 0.8146551724137931

Percentage of polysyllabic words
Train 0.05970149253731343 0.2673410056648472 ± 0.059732899485765795 0.5333333333333333
Validation 0.08974358974358974 0.26361644600439477 ± 0.05810506112464542 0.4925373134328358
Test 0.09375 0.26776886185113646 ± 0.059242476760447624 0.5223880597014925

