SLURM NODE: kn051

[TRIAL] 55 [VALIDATION PERFORMANCE] 0.6543188019429754 [TRAINING LOSS] 0.6284693945199251 [VALIDATION LOSS] 1.5670334647099178 

number                         			 55
value                          			 0.6543188019429754
params_attention_heads         			 8
params_batch_size              			 56
params_dropout_rate            			 0.10854688298020293
params_edge_threshold          			 0.72
params_hidden_dimension        			 122
params_learning_rate           			 0.00028666422518832296
params_node_threshold          			 0.82
params_number_of_hidden_layers 			 2
params_weight_decay            			 1.0005035451047945e-06
user_attrs_duplicate           			 False
user_attrs_epoch               			 2.0
user_attrs_training_loss       			 0.6284693945199251
user_attrs_validation_loss     			 1.5670334647099178

[37] VALIDATION: 0.6417112588750006 TESTING: 0.6273741635783348
[38] VALIDATION: 0.6185609632696967 TESTING: 0.6345916336633032
[39] VALIDATION: 0.6413330375621884 TESTING: 0.6317751117077232
[40] VALIDATION: 0.638592422920081 TESTING: 0.635632775100104
[41] VALIDATION: 0.632039942467508 TESTING: 0.6139940479562319
[42] VALIDATION: 0.6273427922902188 TESTING: 0.6257918086887042
[43] VALIDATION: 0.6395225881393113 TESTING: 0.6243654096804141
[44] VALIDATION: 0.6315771936253725 TESTING: 0.6275015235798901
[45] VALIDATION: 0.6470430013437118 TESTING: 0.6332463168003492
[46] VALIDATION: 0.6382587541671186 TESTING: 0.6260953775527114

Validation performance: 61.86 & 63.56 ± 0.83 & 64.7
Testing performance: 61.4 & 62.8 ± 0.63 & 63.56

[TRIAL] 0 [VALIDATION PERFORMANCE] 0.6537266560341978 [TRAINING LOSS] 0.4819786704721905 [VALIDATION LOSS] 1.3726309212771328 

number                         			 0
value                          			 0.6537266560341978
params_attention_heads         			 8
params_batch_size              			 64
params_dropout_rate            			 0.1
params_edge_threshold          			 0.7
params_hidden_dimension        			 128
params_learning_rate           			 0.0001
params_node_threshold          			 0.8
params_number_of_hidden_layers 			 2
params_weight_decay            			 1e-05
user_attrs_duplicate           			 False
user_attrs_epoch               			 4.0
user_attrs_training_loss       			 0.4819786704721905
user_attrs_validation_loss     			 1.3726309212771328

[37] VALIDATION: 0.6460555066161925 TESTING: 0.6397364797380982
slurmstepd: error: *** JOB 2778446 ON kn051 CANCELLED AT 2026-03-31T07:03:37 ***
