SLURM NODE: kn062

[TRIAL] 38 [VALIDATION PERFORMANCE] 0.9694626941075009 [TRAINING LOSS] 0.08850789768621325 [VALIDATION LOSS] 0.1577101149596274 

number                         			 38
value                          			 0.9694626941075009
params_attention_heads         			 5
params_batch_size              			 128
params_dropout_rate            			 0.12232200989360004
params_edge_threshold          			 0.58
params_hidden_dimension        			 39
params_learning_rate           			 0.0008829915716386434
params_node_threshold          			 0.8099999999999999
params_number_of_hidden_layers 			 2
params_weight_decay            			 0.0006154657655895834
user_attrs_duplicate           			 False
user_attrs_epoch               			 4.0
user_attrs_training_loss       			 0.08850789768621325
user_attrs_validation_loss     			 0.1577101149596274

[37] VALIDATION: 0.9352145143301434 TESTING: 0.9344994085745602
[38] VALIDATION: 0.9466544780335415 TESTING: 0.935890292039534
[39] VALIDATION: 0.9609732710796812 TESTING: 0.9415840859306099
[40] VALIDATION: 0.9535101568623459 TESTING: 0.9329058016121203
[41] VALIDATION: 0.9506829745821657 TESTING: 0.9369203623855197
[42] VALIDATION: 0.9511366274791482 TESTING: 0.943086378123602
[43] VALIDATION: 0.9552781013088278 TESTING: 0.9329748255155503
[44] VALIDATION: 0.949305147492615 TESTING: 0.9363818823056654
[45] VALIDATION: 0.951789803512753 TESTING: 0.9391327542906736
[46] VALIDATION: 0.9492141340379505 TESTING: 0.9399015088285915

Validation performance: 93.52 & 95.04 ± 0.66 & 96.1
Testing performance: 93.29 & 93.73 ± 0.35 & 94.31

[TRIAL] 40 [VALIDATION PERFORMANCE] 0.9680419250536636 [TRAINING LOSS] 0.060670493519864976 [VALIDATION LOSS] 0.15769106592051685 

number                         			 40
value                          			 0.9680419250536636
params_attention_heads         			 5
params_batch_size              			 128
params_dropout_rate            			 0.11658630998114217
params_edge_threshold          			 0.56
params_hidden_dimension        			 39
params_learning_rate           			 0.0006997453057409489
params_node_threshold          			 0.82
params_number_of_hidden_layers 			 2
params_weight_decay            			 0.00013796178291034688
user_attrs_duplicate           			 False
user_attrs_epoch               			 5.0
user_attrs_training_loss       			 0.060670493519864976
user_attrs_validation_loss     			 0.15769106592051685

[37] VALIDATION: 0.9439807494339918 TESTING: 0.9410449084989597
[38] VALIDATION: 0.9512755674039748 TESTING: 0.9340648459434988
[39] VALIDATION: 0.9537094826178529 TESTING: 0.9388745477807554
[40] VALIDATION: 0.9414750898642701 TESTING: 0.938861187912952
[41] VALIDATION: 0.9545581599959438 TESTING: 0.9428572344565163
[42] VALIDATION: 0.9539015430755802 TESTING: 0.9297096138062161
[43] VALIDATION: 0.9445632513462439 TESTING: 0.9446865389548353
[44] VALIDATION: 0.9510759907693367 TESTING: 0.9368055557751045
[45] VALIDATION: 0.9494156762218371 TESTING: 0.9447374659645386
[46] VALIDATION: 0.9437521967785715 TESTING: 0.9350322707825365

Validation performance: 94.15 & 94.88 ± 0.49 & 95.46
Testing performance: 92.97 & 93.87 ± 0.49 & 94.47

[TRIAL] 89 [VALIDATION PERFORMANCE] 0.9639108588484683 [TRAINING LOSS] 0.07446873188018799 [VALIDATION LOSS] 0.17842172210415205 

number                         			 89
value                          			 0.9639108588484683
params_attention_heads         			 6
params_batch_size              			 120
params_dropout_rate            			 0.1177977504794174
params_edge_threshold          			 0.5700000000000001
params_hidden_dimension        			 34
params_learning_rate           			 0.0003211958730854032
params_node_threshold          			 0.7899999999999999
params_number_of_hidden_layers 			 1
params_weight_decay            			 0.00027076496930015213
user_attrs_duplicate           			 False
user_attrs_epoch               			 6.0
user_attrs_training_loss       			 0.07446873188018799
user_attrs_validation_loss     			 0.17842172210415205

[37] VALIDATION: 0.946834762636434 TESTING: 0.9436513419137036
[38] VALIDATION: 0.9541587771687072 TESTING: 0.9403237557755997
[39] VALIDATION: 0.9434421520325426 TESTING: 0.9362986477617106
[40] VALIDATION: 0.9588705439013652 TESTING: 0.9349545613208159
[41] VALIDATION: 0.9537207447123206 TESTING: 0.9436411749899003
[42] VALIDATION: 0.9535097186231936 TESTING: 0.9324895175602546
[43] VALIDATION: 0.9588911272470286 TESTING: 0.9488391703859451
[44] VALIDATION: 0.9459599705885247 TESTING: 0.9441651531769504
[45] VALIDATION: 0.9477676577354104 TESTING: 0.944270103572347
[46] VALIDATION: 0.9396347571656773 TESTING: 0.9339693042524855

Validation performance: 93.96 & 95.03 ± 0.65 & 95.89
Testing performance: 93.25 & 94.03 ± 0.55 & 94.88

[R8] Elapsed time: 1849.6416162133216 minutes.
