SLURM NODE: kn066

[TRIAL] 55 [VALIDATION PERFORMANCE] 0.6543188019429754 [TRAINING LOSS] 0.6284693945199251 [VALIDATION LOSS] 1.5670334647099178 

number                         			 55
value                          			 0.6543188019429754
params_attention_heads         			 8
params_batch_size              			 56
params_dropout_rate            			 0.10854688298020293
params_edge_threshold          			 0.72
params_hidden_dimension        			 122
params_learning_rate           			 0.00028666422518832296
params_node_threshold          			 0.82
params_number_of_hidden_layers 			 2
params_weight_decay            			 1.0005035451047945e-06
user_attrs_duplicate           			 False
user_attrs_epoch               			 2.0
user_attrs_training_loss       			 0.6284693945199251
user_attrs_validation_loss     			 1.5670334647099178

[37] VALIDATION: 0.6054231353456736 TESTING: 0.5854601856526791
[38] VALIDATION: 0.6260785544471686 TESTING: 0.62044943047472
[39] VALIDATION: 0.6154404879002381 TESTING: 0.5943406639121279
[40] VALIDATION: 0.6089683851421134 TESTING: 0.6094978189553326
[41] VALIDATION: 0.5891668074963079 TESTING: 0.5789519440651444
[42] VALIDATION: 0.6106901565957911 TESTING: 0.5941713962647298
[43] VALIDATION: 0.5871036509511149 TESTING: 0.5879598355261172
[44] VALIDATION: 0.5897876163948746 TESTING: 0.596800046296504
[45] VALIDATION: 0.5875708208656406 TESTING: 0.5876972098279525
[46] VALIDATION: 0.598019048990697 TESTING: 0.5842447036184449

Validation performance: 58.71 & 60.18 ± 1.36 & 62.61
Testing performance: 57.9 & 59.4 ± 1.26 & 62.04

[TRIAL] 0 [VALIDATION PERFORMANCE] 0.6537266560341978 [TRAINING LOSS] 0.4819786704721905 [VALIDATION LOSS] 1.3726309212771328 

number                         			 0
value                          			 0.6537266560341978
params_attention_heads         			 8
params_batch_size              			 64
params_dropout_rate            			 0.1
params_edge_threshold          			 0.7
params_hidden_dimension        			 128
params_learning_rate           			 0.0001
params_node_threshold          			 0.8
params_number_of_hidden_layers 			 2
params_weight_decay            			 1e-05
user_attrs_duplicate           			 False
user_attrs_epoch               			 4.0
user_attrs_training_loss       			 0.4819786704721905
user_attrs_validation_loss     			 1.3726309212771328

CUDA out of memory. Tried to allocate 5.88 GiB. GPU 0 has a total capacity of 44.40 GiB of which 5.08 GiB is free. Including non-PyTorch memory, this process has 39.32 GiB memory in use. Of the allocated memory 38.68 GiB is allocated by PyTorch, and 93.81 MiB is reserved by PyTorch but unallocated. If reserved but unallocated memory is large try setting PYTORCH_CUDA_ALLOC_CONF=expandable_segments:True to avoid fragmentation.  See documentation for Memory Management  (https://pytorch.org/docs/stable/notes/cuda.html#environment-variables)
37 Exception...
CUDA out of memory. Tried to allocate 5.91 GiB. GPU 0 has a total capacity of 44.40 GiB of which 4.94 GiB is free. Including non-PyTorch memory, this process has 39.46 GiB memory in use. Of the allocated memory 38.86 GiB is allocated by PyTorch, and 46.45 MiB is reserved by PyTorch but unallocated. If reserved but unallocated memory is large try setting PYTORCH_CUDA_ALLOC_CONF=expandable_segments:True to avoid fragmentation.  See documentation for Memory Management  (https://pytorch.org/docs/stable/notes/cuda.html#environment-variables)
38 Exception...
CUDA out of memory. Tried to allocate 5.96 GiB. GPU 0 has a total capacity of 44.40 GiB of which 4.57 GiB is free. Including non-PyTorch memory, this process has 39.83 GiB memory in use. Of the allocated memory 39.21 GiB is allocated by PyTorch, and 66.56 MiB is reserved by PyTorch but unallocated. If reserved but unallocated memory is large try setting PYTORCH_CUDA_ALLOC_CONF=expandable_segments:True to avoid fragmentation.  See documentation for Memory Management  (https://pytorch.org/docs/stable/notes/cuda.html#environment-variables)
39 Exception...
CUDA out of memory. Tried to allocate 5.97 GiB. GPU 0 has a total capacity of 44.40 GiB of which 4.47 GiB is free. Including non-PyTorch memory, this process has 39.92 GiB memory in use. Of the allocated memory 39.29 GiB is allocated by PyTorch, and 91.03 MiB is reserved by PyTorch but unallocated. If reserved but unallocated memory is large try setting PYTORCH_CUDA_ALLOC_CONF=expandable_segments:True to avoid fragmentation.  See documentation for Memory Management  (https://pytorch.org/docs/stable/notes/cuda.html#environment-variables)
40 Exception...
CUDA out of memory. Tried to allocate 6.01 GiB. GPU 0 has a total capacity of 44.40 GiB of which 4.22 GiB is free. Including non-PyTorch memory, this process has 40.18 GiB memory in use. Of the allocated memory 39.55 GiB is allocated by PyTorch, and 81.50 MiB is reserved by PyTorch but unallocated. If reserved but unallocated memory is large try setting PYTORCH_CUDA_ALLOC_CONF=expandable_segments:True to avoid fragmentation.  See documentation for Memory Management  (https://pytorch.org/docs/stable/notes/cuda.html#environment-variables)
41 Exception...
CUDA out of memory. Tried to allocate 5.98 GiB. GPU 0 has a total capacity of 44.40 GiB of which 4.39 GiB is free. Including non-PyTorch memory, this process has 40.00 GiB memory in use. Of the allocated memory 39.37 GiB is allocated by PyTorch, and 88.76 MiB is reserved by PyTorch but unallocated. If reserved but unallocated memory is large try setting PYTORCH_CUDA_ALLOC_CONF=expandable_segments:True to avoid fragmentation.  See documentation for Memory Management  (https://pytorch.org/docs/stable/notes/cuda.html#environment-variables)
42 Exception...
CUDA out of memory. Tried to allocate 6.01 GiB. GPU 0 has a total capacity of 44.40 GiB of which 4.24 GiB is free. Including non-PyTorch memory, this process has 40.16 GiB memory in use. Of the allocated memory 39.51 GiB is allocated by PyTorch, and 100.66 MiB is reserved by PyTorch but unallocated. If reserved but unallocated memory is large try setting PYTORCH_CUDA_ALLOC_CONF=expandable_segments:True to avoid fragmentation.  See documentation for Memory Management  (https://pytorch.org/docs/stable/notes/cuda.html#environment-variables)
43 Exception...
slurmstepd: error: *** JOB 2778447 ON kn066 CANCELLED AT 2026-04-01T03:40:31 ***
