SLURM NODE: kn068

[TRIAL] 38 [VALIDATION PERFORMANCE] 0.9694626941075009 [TRAINING LOSS] 0.08850789768621325 [VALIDATION LOSS] 0.1577101149596274 

number                         			 38
value                          			 0.9694626941075009
params_attention_heads         			 5
params_batch_size              			 128
params_dropout_rate            			 0.12232200989360004
params_edge_threshold          			 0.58
params_hidden_dimension        			 39
params_learning_rate           			 0.0008829915716386434
params_node_threshold          			 0.8099999999999999
params_number_of_hidden_layers 			 2
params_weight_decay            			 0.0006154657655895834
user_attrs_duplicate           			 False
user_attrs_epoch               			 4.0
user_attrs_training_loss       			 0.08850789768621325
user_attrs_validation_loss     			 0.1577101149596274

[37] VALIDATION: 0.9501075661810957 TESTING: 0.9374238917935195
[38] VALIDATION: 0.9479141813709235 TESTING: 0.9432155663789397
[39] VALIDATION: 0.9507446608183512 TESTING: 0.9354330471429639
[40] VALIDATION: 0.9373095905158259 TESTING: 0.9381855324974473
[41] VALIDATION: 0.9513110998802612 TESTING: 0.9421878763011562
[42] VALIDATION: 0.969471941207948 TESTING: 0.9346863476608006
[43] VALIDATION: 0.9579132473771682 TESTING: 0.9454557025227502
[44] VALIDATION: 0.9513208608428072 TESTING: 0.9377457519467146
[45] VALIDATION: 0.9448551958293678 TESTING: 0.9367715811737147
[46] VALIDATION: 0.9456877875934155 TESTING: 0.9342900594115614

Validation performance: 93.73 & 95.07 ± 0.85 & 96.95
Testing performance: 93.43 & 93.85 ± 0.38 & 94.55

[TRIAL] 40 [VALIDATION PERFORMANCE] 0.9680419250536636 [TRAINING LOSS] 0.060670493519864976 [VALIDATION LOSS] 0.15769106592051685 

number                         			 40
value                          			 0.9680419250536636
params_attention_heads         			 5
params_batch_size              			 128
params_dropout_rate            			 0.11658630998114217
params_edge_threshold          			 0.56
params_hidden_dimension        			 39
params_learning_rate           			 0.0006997453057409489
params_node_threshold          			 0.82
params_number_of_hidden_layers 			 2
params_weight_decay            			 0.00013796178291034688
user_attrs_duplicate           			 False
user_attrs_epoch               			 5.0
user_attrs_training_loss       			 0.060670493519864976
user_attrs_validation_loss     			 0.15769106592051685

[37] VALIDATION: 0.9542448097367073 TESTING: 0.932116288111307
[38] VALIDATION: 0.9443958230067857 TESTING: 0.9363662807470807
[39] VALIDATION: 0.9464669477227762 TESTING: 0.9379423718570412
[40] VALIDATION: 0.9508268747151618 TESTING: 0.9389555355119584
[41] VALIDATION: 0.9597214399226786 TESTING: 0.942138554762512
[42] VALIDATION: 0.9549572388325147 TESTING: 0.9403388285058609
[43] VALIDATION: 0.9520521133670624 TESTING: 0.9477940509124481
[44] VALIDATION: 0.9464563701515947 TESTING: 0.938500546421275
[45] VALIDATION: 0.9349830064939311 TESTING: 0.9374461853435183
[46] VALIDATION: 0.9445916781898225 TESTING: 0.9418467824693717

Validation performance: 93.5 & 94.89 ± 0.7 & 95.97
Testing performance: 93.21 & 93.93 ± 0.41 & 94.78

[TRIAL] 89 [VALIDATION PERFORMANCE] 0.9639108588484683 [TRAINING LOSS] 0.07446873188018799 [VALIDATION LOSS] 0.17842172210415205 

number                         			 89
value                          			 0.9639108588484683
params_attention_heads         			 6
params_batch_size              			 120
params_dropout_rate            			 0.1177977504794174
params_edge_threshold          			 0.5700000000000001
params_hidden_dimension        			 34
params_learning_rate           			 0.0003211958730854032
params_node_threshold          			 0.7899999999999999
params_number_of_hidden_layers 			 1
params_weight_decay            			 0.00027076496930015213
user_attrs_duplicate           			 False
user_attrs_epoch               			 6.0
user_attrs_training_loss       			 0.07446873188018799
user_attrs_validation_loss     			 0.17842172210415205

[37] VALIDATION: 0.949624308218709 TESTING: 0.9390111094450061
[38] VALIDATION: 0.9502268122003446 TESTING: 0.9414365640210387
slurmstepd: error: *** JOB 3086200 ON kn068 CANCELLED AT 2026-04-13T04:47:24 ***
