SLURM NODE: kn061

[TRIAL] 38 [VALIDATION PERFORMANCE] 0.9694626941075009 [TRAINING LOSS] 0.08850789768621325 [VALIDATION LOSS] 0.1577101149596274 

number                         			 38
value                          			 0.9694626941075009
params_attention_heads         			 5
params_batch_size              			 128
params_dropout_rate            			 0.12232200989360004
params_edge_threshold          			 0.58
params_hidden_dimension        			 39
params_learning_rate           			 0.0008829915716386434
params_node_threshold          			 0.8099999999999999
params_number_of_hidden_layers 			 2
params_weight_decay            			 0.0006154657655895834
user_attrs_duplicate           			 False
user_attrs_epoch               			 4.0
user_attrs_training_loss       			 0.08850789768621325
user_attrs_validation_loss     			 0.1577101149596274

[37] VALIDATION: 0.9528206466384345 TESTING: 0.9418159777670023
[38] VALIDATION: 0.9501234897694931 TESTING: 0.9352084656162936
[39] VALIDATION: 0.9590534795932582 TESTING: 0.9424476133723454
[40] VALIDATION: 0.9443557665576413 TESTING: 0.936651355062083
[41] VALIDATION: 0.9485677642791193 TESTING: 0.9335104548930239
[42] VALIDATION: 0.9467489749351751 TESTING: 0.927318365669082
[43] VALIDATION: 0.9475806746559117 TESTING: 0.9400928718544799
[44] VALIDATION: 0.9480592080323107 TESTING: 0.9391696422681974
[45] VALIDATION: 0.9360712036510672 TESTING: 0.9464549481492878
[46] VALIDATION: 0.9311687039912688 TESTING: 0.9297956694579144

Validation performance: 93.12 & 94.65 ± 0.79 & 95.91
Testing performance: 92.73 & 93.72 ± 0.59 & 94.65

[TRIAL] 40 [VALIDATION PERFORMANCE] 0.9680419250536636 [TRAINING LOSS] 0.060670493519864976 [VALIDATION LOSS] 0.15769106592051685 

number                         			 40
value                          			 0.9680419250536636
params_attention_heads         			 5
params_batch_size              			 128
params_dropout_rate            			 0.11658630998114217
params_edge_threshold          			 0.56
params_hidden_dimension        			 39
params_learning_rate           			 0.0006997453057409489
params_node_threshold          			 0.82
params_number_of_hidden_layers 			 2
params_weight_decay            			 0.00013796178291034688
user_attrs_duplicate           			 False
user_attrs_epoch               			 5.0
user_attrs_training_loss       			 0.060670493519864976
user_attrs_validation_loss     			 0.15769106592051685

[37] VALIDATION: 0.9520307324636395 TESTING: 0.9401434517551388
[38] VALIDATION: 0.9411483754511423 TESTING: 0.9434987695430262
[39] VALIDATION: 0.9501592922021989 TESTING: 0.9386806401247014
[40] VALIDATION: 0.93679449483565 TESTING: 0.9343909593272461
[41] VALIDATION: 0.9550010526070969 TESTING: 0.9415447479999313
[42] VALIDATION: 0.9559409365984826 TESTING: 0.934912689873958
[43] VALIDATION: 0.9452652522427094 TESTING: 0.9397231290126395
[44] VALIDATION: 0.9491428143465365 TESTING: 0.9318162755616675
[45] VALIDATION: 0.9402435685255894 TESTING: 0.93679006337815
[46] VALIDATION: 0.9431293265812681 TESTING: 0.9337503836978672

Validation performance: 93.68 & 94.69 ± 0.65 & 95.59
Testing performance: 93.18 & 93.75 ± 0.38 & 94.35

[TRIAL] 89 [VALIDATION PERFORMANCE] 0.9639108588484683 [TRAINING LOSS] 0.07446873188018799 [VALIDATION LOSS] 0.17842172210415205 

number                         			 89
value                          			 0.9639108588484683
params_attention_heads         			 6
params_batch_size              			 120
params_dropout_rate            			 0.1177977504794174
params_edge_threshold          			 0.5700000000000001
params_hidden_dimension        			 34
params_learning_rate           			 0.0003211958730854032
params_node_threshold          			 0.7899999999999999
params_number_of_hidden_layers 			 1
params_weight_decay            			 0.00027076496930015213
user_attrs_duplicate           			 False
user_attrs_epoch               			 6.0
user_attrs_training_loss       			 0.07446873188018799
user_attrs_validation_loss     			 0.17842172210415205

[37] VALIDATION: 0.9513271725274224 TESTING: 0.9410233964725994
[38] VALIDATION: 0.9489157233456328 TESTING: 0.9317699235719543
[39] VALIDATION: 0.9587537640024038 TESTING: 0.9360977102716556
[40] VALIDATION: 0.9470639043184156 TESTING: 0.937776346255006
[41] VALIDATION: 0.9470891363621483 TESTING: 0.94468023763824
[42] VALIDATION: 0.9528850170297539 TESTING: 0.9322838877466828
[43] VALIDATION: 0.95119257333467 TESTING: 0.936087064912648
[44] VALIDATION: 0.9427336671082511 TESTING: 0.9314814688323962
[45] VALIDATION: 0.9466824221647839 TESTING: 0.9342268441158628
[46] VALIDATION: 0.9430127649445712 TESTING: 0.9445291670449301

Validation performance: 94.27 & 94.9 ± 0.48 & 95.88
Testing performance: 93.15 & 93.7 ± 0.5 & 94.47

[R8] Elapsed time: 2204.775418615341 minutes.
