SLURM NODE: kn071

[TRIAL] 55 [VALIDATION PERFORMANCE] 0.6543188019429754 [TRAINING LOSS] 0.6284693945199251 [VALIDATION LOSS] 1.5670334647099178 

number                         			 55
value                          			 0.6543188019429754
datetime_start                 			 2026-03-18 22:20:45.168200
datetime_complete              			 2026-03-18 23:34:39.019223
duration                       			 0 days 01:13:53.851023
params_attention_heads         			 8
params_batch_size              			 56
params_dropout_rate            			 0.10854688298020293
params_edge_threshold          			 0.72
params_hidden_dimension        			 122
params_learning_rate           			 0.00028666422518832296
params_node_threshold          			 0.82
params_number_of_hidden_layers 			 2
params_weight_decay            			 1.0005035451047945e-06
user_attrs_duplicate           			 False
user_attrs_epoch               			 2.0
user_attrs_training_loss       			 0.6284693945199251
user_attrs_validation_loss     			 1.5670334647099178
system_attrs_fixed_params      			 nan
state                          			 COMPLETE

subsample_percentage           			 0.75

[37] VALIDATION: 0.6067510246493018 TESTING: 0.6082271970348817
[38] VALIDATION: 0.5840884007396668 TESTING: 0.5923073894317843
[39] VALIDATION: 0.6019683706069688 TESTING: 0.5898044934673142
[40] VALIDATION: 0.6054895351309713 TESTING: 0.5964788446233308
[41] VALIDATION: 0.5934928581915572 TESTING: 0.5879118291485839
[42] VALIDATION: 0.6019358893981357 TESTING: 0.5940920315052155
[43] VALIDATION: 0.6140540309462071 TESTING: 0.6011820953291949
[44] VALIDATION: 0.6130723429715228 TESTING: 0.5949369845357458
[45] VALIDATION: 0.6273944476052948 TESTING: 0.6052421513871751
[46] VALIDATION: 0.5937581612374994 TESTING: 0.5927870509450325

Validation performance: 58.41 & 60.42 ± 1.23 & 62.74
Testing performance: 58.79 & 59.63 ± 0.66 & 60.82
subsample_percentage           			 0.5

[37] VALIDATION: 0.583562875370416 TESTING: 0.5696361296512292
[38] VALIDATION: 0.587024929166411 TESTING: 0.5659959169693727
[39] VALIDATION: 0.5898295784111272 TESTING: 0.5814182857828445
[40] VALIDATION: 0.5985136334973028 TESTING: 0.5691358736653135
[41] VALIDATION: 0.5634000732434794 TESTING: 0.5607326243897863
[42] VALIDATION: 0.5864347683396645 TESTING: 0.5832666598264146
[43] VALIDATION: 0.5864527562500195 TESTING: 0.5806921712107068
[44] VALIDATION: 0.5785821921622993 TESTING: 0.5681598113015549
[45] VALIDATION: 0.5947337789045578 TESTING: 0.5704617564375927
[46] VALIDATION: 0.5826884539201467 TESTING: 0.5660518774986414

Validation performance: 56.34 & 58.51 ± 0.96 & 59.85
Testing performance: 56.07 & 57.16 ± 0.76 & 58.33
subsample_percentage           			 0.25

[37] VALIDATION: 0.5234914075391038 TESTING: 0.511608967435446
[38] VALIDATION: 0.5289913552278537 TESTING: 0.5084197362155239
[39] VALIDATION: 0.49237939998575614 TESTING: 0.5014572345498379
[40] VALIDATION: 0.48658508108313075 TESTING: 0.492977390072041
[41] VALIDATION: 0.5119122813911777 TESTING: 0.508599976419665
[42] VALIDATION: 0.5532458898723204 TESTING: 0.5282146292542736
[43] VALIDATION: 0.5083927635475729 TESTING: 0.4979275448069068
[44] VALIDATION: 0.5262260744486086 TESTING: 0.5135215131796255
[45] VALIDATION: 0.5368244379584283 TESTING: 0.5212783628733496
[46] VALIDATION: 0.5151191032153948 TESTING: 0.5210902862229501

Validation performance: 48.66 & 51.83 ± 2.0 & 55.32
Testing performance: 49.3 & 51.05 ± 1.11 & 52.82

[Ohsumed] Elapsed time: 4105.547677457333 minutes.
