SLURM NODE: kn055

[TRIAL] 38 [VALIDATION PERFORMANCE] 0.9694626941075009 [TRAINING LOSS] 0.08850789768621325 [VALIDATION LOSS] 0.1577101149596274 

number                         			 38
value                          			 0.9694626941075009
datetime_start                 			 2026-03-16 18:39:15.128878
datetime_complete              			 2026-03-16 19:19:39.207836
duration                       			 0 days 00:40:24.078958
params_attention_heads         			 5
params_batch_size              			 128
params_dropout_rate            			 0.12232200989360004
params_edge_threshold          			 0.58
params_hidden_dimension        			 39
params_learning_rate           			 0.0008829915716386434
params_node_threshold          			 0.8099999999999999
params_number_of_hidden_layers 			 2
params_weight_decay            			 0.0006154657655895834
user_attrs_duplicate           			 False
user_attrs_epoch               			 4.0
user_attrs_training_loss       			 0.08850789768621325
user_attrs_validation_loss     			 0.1577101149596274
system_attrs_fixed_params      			 nan
state                          			 COMPLETE

subsample_percentage           			 0.75

[37] VALIDATION: 0.9436423710929374 TESTING: 0.9322176122276203
[38] VALIDATION: 0.9381840017862058 TESTING: 0.9411866092098127
[39] VALIDATION: 0.9524312462816112 TESTING: 0.9316227710459709
[40] VALIDATION: 0.9437774936082515 TESTING: 0.937268480531791
[41] VALIDATION: 0.9379105307527777 TESTING: 0.9337298696704526
[42] VALIDATION: 0.9517579698441515 TESTING: 0.9395157598300833
[43] VALIDATION: 0.9400147162474858 TESTING: 0.9378107393026004
[44] VALIDATION: 0.9285890036155408 TESTING: 0.9422298189246652
[45] VALIDATION: 0.9205545374434919 TESTING: 0.9461597220270059
[46] VALIDATION: 0.939829285664991 TESTING: 0.9342013734004154

Validation performance: 92.06 & 93.97 ± 0.96 & 95.24
Testing performance: 93.16 & 93.76 ± 0.47 & 94.62
subsample_percentage           			 0.5

[37] VALIDATION: 0.9364219129284854 TESTING: 0.9494668861804247
[38] VALIDATION: 0.9428064679654398 TESTING: 0.9502293181413748
[39] VALIDATION: 0.9386481703172191 TESTING: 0.9432983484920108
[40] VALIDATION: 0.9311218170821776 TESTING: 0.947563897999368
[41] VALIDATION: 0.9242189073037499 TESTING: 0.9483846868667412
[42] VALIDATION: 0.919790955865065 TESTING: 0.944319345882001
[43] VALIDATION: 0.9410049149779461 TESTING: 0.9548174898858579
[44] VALIDATION: 0.921637578931905 TESTING: 0.9469135312456973
[45] VALIDATION: 0.916655427991165 TESTING: 0.9449147729424262
[46] VALIDATION: 0.9334623907324268 TESTING: 0.9447761513125237

Validation performance: 91.67 & 93.06 ± 0.94 & 94.28
Testing performance: 94.33 & 94.75 ± 0.35 & 95.48
subsample_percentage           			 0.25

[37] VALIDATION: 0.9451192009758943 TESTING: 0.9364133360556037
[38] VALIDATION: 0.9448037209379128 TESTING: 0.9411690389444836
[39] VALIDATION: 0.9355263459029446 TESTING: 0.9265021809423062
[40] VALIDATION: 0.9256223895529593 TESTING: 0.9176970412035627
[41] VALIDATION: 0.9157567266676069 TESTING: 0.9339832207939162
[42] VALIDATION: 0.9237602705150743 TESTING: 0.9075855048225403
[43] VALIDATION: 0.9371391020739593 TESTING: 0.9393700208590431
[44] VALIDATION: 0.9466922056579837 TESTING: 0.9506724854914081
[45] VALIDATION: 0.9467805809021408 TESTING: 0.9319500667541993
[46] VALIDATION: 0.9349384490965265 TESTING: 0.9345732022445835

Validation performance: 91.58 & 93.56 ± 1.09 & 94.68
Testing performance: 90.76 & 93.2 ± 1.22 & 95.07

[R8] Elapsed time: 1700.1274223168691 minutes.
