SLURM NODE: kn071

[TRIAL] 38 [VALIDATION PERFORMANCE] 0.9694626941075009 [TRAINING LOSS] 0.08850789768621325 [VALIDATION LOSS] 0.1577101149596274 

number                         			 38
value                          			 0.9694626941075009
datetime_start                 			 2026-03-16 18:39:15.128878
datetime_complete              			 2026-03-16 19:19:39.207836
duration                       			 0 days 00:40:24.078958
params_attention_heads         			 5
params_batch_size              			 128
params_dropout_rate            			 0.12232200989360004
params_edge_threshold          			 0.58
params_hidden_dimension        			 39
params_learning_rate           			 0.0008829915716386434
params_node_threshold          			 0.8099999999999999
params_number_of_hidden_layers 			 2
params_weight_decay            			 0.0006154657655895834
user_attrs_duplicate           			 False
user_attrs_epoch               			 4.0
user_attrs_training_loss       			 0.08850789768621325
user_attrs_validation_loss     			 0.1577101149596274
system_attrs_fixed_params      			 nan
state                          			 COMPLETE

subsample_percentage           			 0.75

[37] VALIDATION: 0.9379298856560765 TESTING: 0.9307461633631217
[38] VALIDATION: 0.9209425014941777 TESTING: 0.9246823942610443
[39] VALIDATION: 0.9191431054560151 TESTING: 0.9258842412165322
[40] VALIDATION: 0.9380491173477341 TESTING: 0.9356519156265373
[41] VALIDATION: 0.9319591273582652 TESTING: 0.9337252400812652
[42] VALIDATION: 0.9366567430884808 TESTING: 0.9393904390347092
[43] VALIDATION: 0.9455982441649153 TESTING: 0.9461025749013796
[44] VALIDATION: 0.9443992501628717 TESTING: 0.936639215594024
[45] VALIDATION: 0.9499718702738356 TESTING: 0.9236848603579927
[46] VALIDATION: 0.9304939714331939 TESTING: 0.9348384105961923

Validation performance: 91.91 & 93.55 ± 1.01 & 95.0
Testing performance: 92.37 & 93.31 ± 0.71 & 94.61
subsample_percentage           			 0.5

[37] VALIDATION: 0.9161372635827134 TESTING: 0.9333572275347486
[38] VALIDATION: 0.9279231680263065 TESTING: 0.9340454567288837
[39] VALIDATION: 0.9369737019971047 TESTING: 0.9428462232983841
[40] VALIDATION: 0.9109523164944273 TESTING: 0.9274742865734243
[41] VALIDATION: 0.9274892443144107 TESTING: 0.9292087838903826
[42] VALIDATION: 0.9341192493963042 TESTING: 0.9375591321472949
[43] VALIDATION: 0.9175307057960167 TESTING: 0.9352909007987262
[44] VALIDATION: 0.9347975806868938 TESTING: 0.9454153584455756
[45] VALIDATION: 0.9281752263328249 TESTING: 0.9323257177110991
[46] VALIDATION: 0.9208337510365097 TESTING: 0.9400873846001295

Validation performance: 91.1 & 92.55 ± 0.88 & 93.7
Testing performance: 92.75 & 93.58 ± 0.58 & 94.54
subsample_percentage           			 0.25

[37] VALIDATION: 0.936845136603653 TESTING: 0.9340442609013242
[38] VALIDATION: 0.9371541204815961 TESTING: 0.9463930765662187
[39] VALIDATION: 0.9353689234978939 TESTING: 0.9378970152499386
[40] VALIDATION: 0.9218966233603407 TESTING: 0.9211975211108817
[41] VALIDATION: 0.9397907870913423 TESTING: 0.9467684702787523
[42] VALIDATION: 0.9189381456594528 TESTING: 0.9149219645011297
[43] VALIDATION: 0.9321666658155656 TESTING: 0.938259866255331
[44] VALIDATION: 0.9358735889949659 TESTING: 0.9239072636969519
[45] VALIDATION: 0.9404398416427786 TESTING: 0.9362758447671233
[46] VALIDATION: 0.9425950716663387 TESTING: 0.9372023785510541

Validation performance: 91.89 & 93.41 ± 0.78 & 94.26
Testing performance: 91.49 & 93.37 ± 1.05 & 94.68

[R8] Elapsed time: 1938.526880009969 minutes.
