SLURM NODE: kn078

[TRIAL] 74 [VALIDATION PERFORMANCE] 0.9231651376146789 [TRAINING LOSS] 0.37978151878085703 [VALIDATION LOSS] 0.24213759281805583 

number                         			 74
value                          			 0.9231651376146789
datetime_start                 			 2026-03-10 01:04:59.657598
datetime_complete              			 2026-03-10 01:46:24.299836
duration                       			 0 days 00:41:24.642238
params_attention_heads         			 7
params_batch_size              			 64
params_dropout_rate            			 0.30130284205736374
params_edge_threshold          			 0.69
params_hidden_dimension        			 45
params_learning_rate           			 0.00014564618914896722
params_node_threshold          			 0.95
params_number_of_hidden_layers 			 1
params_weight_decay            			 1.471150414826445e-05
user_attrs_duplicate           			 False
user_attrs_epoch               			 1.0
user_attrs_training_loss       			 0.37978151878085703
user_attrs_validation_loss     			 0.24213759281805583
system_attrs_fixed_params      			 nan
state                          			 COMPLETE

subsample_percentage           			 0.75

[37] VALIDATION: 0.9036697247706422 TESTING: 0.9082921471718836
[38] VALIDATION: 0.8887614678899083 TESTING: 0.9093904448105437
[39] VALIDATION: 0.8967889908256881 TESTING: 0.9093904448105437
[40] VALIDATION: 0.893348623853211 TESTING: 0.9060955518945635
[41] VALIDATION: 0.9002293577981652 TESTING: 0.9049972542559034
[42] VALIDATION: 0.893348623853211 TESTING: 0.9033498077979132
[43] VALIDATION: 0.8967889908256881 TESTING: 0.9121361889071938
[44] VALIDATION: 0.8944954128440367 TESTING: 0.9028006589785832
[45] VALIDATION: 0.8979357798165137 TESTING: 0.900054914881933
[46] VALIDATION: 0.8967889908256881 TESTING: 0.9066447007138935

Validation performance: 88.88 & 89.62 ± 0.41 & 90.37
Testing performance: 90.01 & 90.63 ± 0.36 & 91.21
subsample_percentage           			 0.5

[37] VALIDATION: 0.8899082568807339 TESTING: 0.8901702361339923
[38] VALIDATION: 0.8944954128440367 TESTING: 0.8868753432180121
[39] VALIDATION: 0.8956422018348624 TESTING: 0.8923668314113125
[40] VALIDATION: 0.8910550458715596 TESTING: 0.886326194398682
[41] VALIDATION: 0.8944954128440367 TESTING: 0.8907193849533224
[42] VALIDATION: 0.8841743119266054 TESTING: 0.8879736408566722
[43] VALIDATION: 0.8887614678899083 TESTING: 0.8907193849533224
[44] VALIDATION: 0.8887614678899083 TESTING: 0.8896210873146623
[45] VALIDATION: 0.8922018348623854 TESTING: 0.885227896760022
[46] VALIDATION: 0.8899082568807339 TESTING: 0.885777045579352

Validation performance: 88.42 & 89.09 ± 0.34 & 89.56
Testing performance: 88.52 & 88.86 ± 0.25 & 89.24
subsample_percentage           			 0.25

[37] VALIDATION: 0.8967889908256881 TESTING: 0.8802855573860516
[38] VALIDATION: 0.8979357798165137 TESTING: 0.8747940691927513
[39] VALIDATION: 0.8944954128440367 TESTING: 0.8791872597473915
[40] VALIDATION: 0.8887614678899083 TESTING: 0.8775398132894014
[41] VALIDATION: 0.8990825688073395 TESTING: 0.8907193849533224
[42] VALIDATION: 0.8899082568807339 TESTING: 0.8808347062053816
[43] VALIDATION: 0.8876146788990825 TESTING: 0.8813838550247117
[44] VALIDATION: 0.8795871559633027 TESTING: 0.8693025809994509
[45] VALIDATION: 0.8887614678899083 TESTING: 0.8704008786381109
[46] VALIDATION: 0.8887614678899083 TESTING: 0.8698517298187809

Validation performance: 87.96 & 89.12 ± 0.59 & 89.91
Testing performance: 86.93 & 87.74 ± 0.66 & 89.07

[SST-2] Elapsed time: 1722.3164405028026 minutes.
