SLURM NODE: kn060

[TRIAL] 74 [VALIDATION PERFORMANCE] 0.9231651376146789 [TRAINING LOSS] 0.37978151878085703 [VALIDATION LOSS] 0.24213759281805583 

number                         			 74
value                          			 0.9231651376146789
datetime_start                 			 2026-03-10 01:04:59.657598
datetime_complete              			 2026-03-10 01:46:24.299836
duration                       			 0 days 00:41:24.642238
params_attention_heads         			 7
params_batch_size              			 64
params_dropout_rate            			 0.30130284205736374
params_edge_threshold          			 0.69
params_hidden_dimension        			 45
params_learning_rate           			 0.00014564618914896722
params_node_threshold          			 0.95
params_number_of_hidden_layers 			 1
params_weight_decay            			 1.471150414826445e-05
user_attrs_duplicate           			 False
user_attrs_epoch               			 1.0
user_attrs_training_loss       			 0.37978151878085703
user_attrs_validation_loss     			 0.24213759281805583
system_attrs_fixed_params      			 nan
state                          			 COMPLETE

subsample_percentage           			 0.75

[37] VALIDATION: 0.9002293577981652 TESTING: 0.9049972542559034
[38] VALIDATION: 0.8899082568807339 TESTING: 0.9115870400878638
[39] VALIDATION: 0.8899082568807339 TESTING: 0.914881933003844
[40] VALIDATION: 0.8944954128440367 TESTING: 0.9104887424492037
[41] VALIDATION: 0.9002293577981652 TESTING: 0.9022515101592532
[42] VALIDATION: 0.893348623853211 TESTING: 0.9088412959912137
[43] VALIDATION: 0.893348623853211 TESTING: 0.9099395936298736
[44] VALIDATION: 0.8887614678899083 TESTING: 0.9022515101592532
[45] VALIDATION: 0.8899082568807339 TESTING: 0.9071938495332235
[46] VALIDATION: 0.8990825688073395 TESTING: 0.9066447007138935

Validation performance: 88.88 & 89.39 ± 0.45 & 90.02
Testing performance: 90.23 & 90.79 ± 0.41 & 91.49
subsample_percentage           			 0.5

[37] VALIDATION: 0.8910550458715596 TESTING: 0.8879736408566722
[38] VALIDATION: 0.8944954128440367 TESTING: 0.8896210873146623
[39] VALIDATION: 0.8887614678899083 TESTING: 0.8896210873146623
[40] VALIDATION: 0.8910550458715596 TESTING: 0.8885227896760022
[41] VALIDATION: 0.8922018348623854 TESTING: 0.8896210873146623
[42] VALIDATION: 0.8841743119266054 TESTING: 0.8929159802306426
[43] VALIDATION: 0.8830275229357798 TESTING: 0.8885227896760022
[44] VALIDATION: 0.8853211009174312 TESTING: 0.8879736408566722
[45] VALIDATION: 0.893348623853211 TESTING: 0.8918176825919825
[46] VALIDATION: 0.8853211009174312 TESTING: 0.8835804503020318

Validation performance: 88.3 & 88.89 ± 0.41 & 89.45
Testing performance: 88.36 & 88.9 ± 0.25 & 89.29
subsample_percentage           			 0.25

[37] VALIDATION: 0.8990825688073395 TESTING: 0.8802855573860516
[38] VALIDATION: 0.8990825688073395 TESTING: 0.8802855573860516
[39] VALIDATION: 0.8967889908256881 TESTING: 0.8835804503020318
[40] VALIDATION: 0.8818807339449541 TESTING: 0.8764415156507414
[41] VALIDATION: 0.8899082568807339 TESTING: 0.8687534321801208
[42] VALIDATION: 0.8910550458715596 TESTING: 0.8819330038440417
[43] VALIDATION: 0.8853211009174312 TESTING: 0.8824821526633718
[44] VALIDATION: 0.8887614678899083 TESTING: 0.8835804503020318
[45] VALIDATION: 0.8853211009174312 TESTING: 0.8747940691927513
[46] VALIDATION: 0.8967889908256881 TESTING: 0.8967600219659527

Validation performance: 88.19 & 89.14 ± 0.62 & 89.91
Testing performance: 86.88 & 88.09 ± 0.73 & 89.68

[SST-2] Elapsed time: 1448.4278518597284 minutes.
