SLURM NODE: kn043

[TRIAL] 55 [VALIDATION PERFORMANCE] 0.6543188019429754 [TRAINING LOSS] 0.6284693945199251 [VALIDATION LOSS] 1.5670334647099178 

number                         			 55
value                          			 0.6543188019429754
datetime_start                 			 2026-03-18 22:20:45.168200
datetime_complete              			 2026-03-18 23:34:39.019223
duration                       			 0 days 01:13:53.851023
params_attention_heads         			 8
params_batch_size              			 56
params_dropout_rate            			 0.10854688298020293
params_edge_threshold          			 0.72
params_hidden_dimension        			 122
params_learning_rate           			 0.00028666422518832296
params_node_threshold          			 0.82
params_number_of_hidden_layers 			 2
params_weight_decay            			 1.0005035451047945e-06
user_attrs_duplicate           			 False
user_attrs_epoch               			 2.0
user_attrs_training_loss       			 0.6284693945199251
user_attrs_validation_loss     			 1.5670334647099178
system_attrs_fixed_params      			 nan
state                          			 COMPLETE

subsample_percentage           			 0.75

[37] VALIDATION: 0.600302205988909 TESTING: 0.5915458581755962
[38] VALIDATION: 0.6155477877886987 TESTING: 0.5915200471824701
[39] VALIDATION: 0.6038942495982115 TESTING: 0.5926872675493976
[40] VALIDATION: 0.5979951642675322 TESTING: 0.5984709155961064
[41] VALIDATION: 0.6172272787104565 TESTING: 0.5880117926958877
[42] VALIDATION: 0.6275353148298624 TESTING: 0.6017971627047349
[43] VALIDATION: 0.6093292934635411 TESTING: 0.5986581733639582
[44] VALIDATION: 0.6101271067295133 TESTING: 0.5969811665919716
[45] VALIDATION: 0.623986669596004 TESTING: 0.6008286955131481
[46] VALIDATION: 0.5991074403508155 TESTING: 0.5849943696659735

Validation performance: 59.8 & 61.05 ± 1.04 & 62.75
Testing performance: 58.5 & 59.45 ± 0.56 & 60.18
subsample_percentage           			 0.5

[37] VALIDATION: 0.5787052663238798 TESTING: 0.571616846079147
[38] VALIDATION: 0.591469252811803 TESTING: 0.5784881281261252
[39] VALIDATION: 0.5634713947800983 TESTING: 0.5636720885424833
[40] VALIDATION: 0.5897313466502198 TESTING: 0.574444093841629
[41] VALIDATION: 0.5844065146355071 TESTING: 0.5754419513222873
[42] VALIDATION: 0.5896980752407989 TESTING: 0.5855237536653037
[43] VALIDATION: 0.5989825165250217 TESTING: 0.5753449377107251
[44] VALIDATION: 0.5870005302572386 TESTING: 0.5696166687617904
[45] VALIDATION: 0.5862914107162707 TESTING: 0.5854014956646618
[46] VALIDATION: 0.5658211784127487 TESTING: 0.5529309497782721

Validation performance: 56.35 & 58.36 ± 1.12 & 59.9
Testing performance: 55.29 & 57.32 ± 0.98 & 58.55
subsample_percentage           			 0.25

[37] VALIDATION: 0.47748788553537425 TESTING: 0.4961505664413308
[38] VALIDATION: 0.5031594950023266 TESTING: 0.508033641320087
[39] VALIDATION: 0.5134735368258643 TESTING: 0.5266227563935854
[40] VALIDATION: 0.5041300553504445 TESTING: 0.526924085713321
[41] VALIDATION: 0.48581168271103253 TESTING: 0.4942796780848118
[42] VALIDATION: 0.5291289736569561 TESTING: 0.5114439030519797
[43] VALIDATION: 0.5161566065294586 TESTING: 0.5225493706033206
[44] VALIDATION: 0.5208606590947585 TESTING: 0.5100902404308159
[45] VALIDATION: 0.5034558173678914 TESTING: 0.5084131974016939
[46] VALIDATION: 0.5044761957391423 TESTING: 0.5121279403974013

Validation performance: 47.75 & 50.58 ± 1.55 & 52.91
Testing performance: 49.43 & 51.17 ± 1.13 & 52.69

[Ohsumed] Elapsed time: 3959.9595842162767 minutes.
