SLURM NODE: kn076

[TRIAL] 0 [VALIDATION PERFORMANCE] 0.9151515151515152 [TRAINING LOSS] 0.12278323387727141 [VALIDATION LOSS] 0.19778592636187872 

number                         			 0
value                          			 0.9151515151515152
datetime_start                 			 2026-04-11 21:05:55.714895
datetime_complete              			 2026-04-11 21:05:55.714895
duration                       			 0 days 00:00:00
params_attention_heads         			 1
params_batch_size              			 32
params_dropout_rate            			 0.3
params_edge_threshold          			 0.6
params_hidden_dimension        			 128
params_learning_rate           			 0.0001
params_node_threshold          			 0.9
params_number_of_hidden_layers 			 1
params_weight_decay            			 0.0001
user_attrs_duplicate           			 False
user_attrs_epoch               			 12.0
user_attrs_training_loss       			 0.12278323387727141
user_attrs_validation_loss     			 0.19778592636187872
system_attrs_fixed_params      			 nan
state                          			 COMPLETE

subsample_percentage           			 0.75

[37] VALIDATION: 0.8242424242424242 TESTING: 0.8746268656716418
[38] VALIDATION: 0.8303030303030303 TESTING: 0.8597014925373134
[39] VALIDATION: 0.8606060606060606 TESTING: 0.8776119402985074
[40] VALIDATION: 0.8424242424242424 TESTING: 0.8925373134328358
[41] VALIDATION: 0.8303030303030303 TESTING: 0.8776119402985074
[42] VALIDATION: 0.8545454545454545 TESTING: 0.8656716417910447
[43] VALIDATION: 0.8545454545454545 TESTING: 0.8835820895522388
[44] VALIDATION: 0.8484848484848485 TESTING: 0.8716417910447761
[45] VALIDATION: 0.8424242424242424 TESTING: 0.8716417910447761
[46] VALIDATION: 0.8424242424242424 TESTING: 0.8656716417910447

Validation performance: 82.42 & 84.3 ± 1.19 & 86.06
Testing performance: 85.97 & 87.4 ± 0.95 & 89.25
subsample_percentage           			 0.5

[37] VALIDATION: 0.8848484848484849 TESTING: 0.9104477611940298
[38] VALIDATION: 0.8666666666666667 TESTING: 0.8805970149253731
[39] VALIDATION: 0.8666666666666667 TESTING: 0.8925373134328358
[40] VALIDATION: 0.8787878787878788 TESTING: 0.8567164179104477
[41] VALIDATION: 0.8787878787878788 TESTING: 0.8895522388059701
[42] VALIDATION: 0.8666666666666667 TESTING: 0.8835820895522388
[43] VALIDATION: 0.8787878787878788 TESTING: 0.9014925373134328
[44] VALIDATION: 0.8666666666666667 TESTING: 0.8746268656716418
[45] VALIDATION: 0.8787878787878788 TESTING: 0.8746268656716418
[46] VALIDATION: 0.8606060606060606 TESTING: 0.8805970149253731

Validation performance: 86.06 & 87.27 ± 0.81 & 88.48
Testing performance: 85.67 & 88.45 ± 1.51 & 91.04
subsample_percentage           			 0.25

[37] VALIDATION: 0.8242424242424242 TESTING: 0.8835820895522388
[38] VALIDATION: 0.7696969696969697 TESTING: 0.8119402985074626
[39] VALIDATION: 0.806060606060606 TESTING: 0.8567164179104477
[40] VALIDATION: 0.7878787878787878 TESTING: 0.817910447761194
[41] VALIDATION: 0.793939393939394 TESTING: 0.8208955223880597
[42] VALIDATION: 0.806060606060606 TESTING: 0.8895522388059701
[43] VALIDATION: 0.8484848484848485 TESTING: 0.8686567164179104
[44] VALIDATION: 0.7878787878787878 TESTING: 0.8388059701492537
[45] VALIDATION: 0.8484848484848485 TESTING: 0.8895522388059701
[46] VALIDATION: 0.7878787878787878 TESTING: 0.8417910447761194

Validation performance: 76.97 & 80.61 ± 2.66 & 84.85
Testing performance: 81.19 & 85.19 ± 3.01 & 88.96

[IMDb-1k] Elapsed time: 478.34488747119906 minutes.
