SLURM NODE: kn065
[I 2026-04-06 07:52:50,807] Using an existing study with name 'IMDb-Attention_distillation' instead of creating a new one.
[UPDATE] 50 completed trials using a random sampler. Switching from random to TPE sampling.
Last trial state: 0
Enqueuing hyper-parameters: {'batch_size': 32, 'threshold': 0.8, 'attention_heads': 1, 'hidden_dimension': 128, 'number_of_hidden_layers': 2, 'dropout_rate': 0.1, 'learning_rate': 0.001, 'weight_decay': 0.001}
[I 2026-04-06 12:08:59,829] Trial 295 finished with value: 0.942 and parameters: {'batch_size': 32, 'threshold': 0.8, 'attention_heads': 1, 'hidden_dimension': 128, 'number_of_hidden_layers': 2, 'dropout_rate': 0.1, 'learning_rate': 0.001, 'weight_decay': 0.001}. Best is trial 286 with value: 0.9432.
[I 2026-04-06 17:17:31,527] Trial 296 finished with value: 0.9368 and parameters: {'batch_size': 16, 'threshold': 0.7, 'attention_heads': 1, 'hidden_dimension': 128, 'number_of_hidden_layers': 1, 'dropout_rate': 0.1, 'learning_rate': 0.001, 'weight_decay': 1e-05}. Best is trial 286 with value: 0.9432.
[I 2026-04-06 20:29:40,227] Trial 297 finished with value: 0.938 and parameters: {'batch_size': 32, 'threshold': 0.8, 'attention_heads': 1, 'hidden_dimension': 64, 'number_of_hidden_layers': 0, 'dropout_rate': 0.4, 'learning_rate': 0.001, 'weight_decay': 0.001}. Best is trial 286 with value: 0.9432.
CUDA out of memory. Tried to allocate 7.64 GiB. GPU 0 has a total capacity of 44.40 GiB of which 5.15 GiB is free. Including non-PyTorch memory, this process has 39.24 GiB memory in use. Of the allocated memory 38.63 GiB is allocated by PyTorch, and 63.87 MiB is reserved by PyTorch but unallocated. If reserved but unallocated memory is large try setting PYTORCH_CUDA_ALLOC_CONF=expandable_segments:True to avoid fragmentation.  See documentation for Memory Management  (https://pytorch.org/docs/stable/notes/cuda.html#environment-variables)
[I 2026-04-06 23:27:29,933] Trial 298 finished with value: -1.0 and parameters: {'batch_size': 32, 'threshold': 0.8, 'attention_heads': 6, 'hidden_dimension': 64, 'number_of_hidden_layers': 0, 'dropout_rate': 0.4, 'learning_rate': 0.001, 'weight_decay': 0.001}. Best is trial 286 with value: 0.9432.
[I 2026-04-06 23:27:30,867] Trial 299 pruned. Duplicate hyper-parameters, same as those used in trial 295: {'batch_size': 32, 'threshold': 0.8, 'attention_heads': 1, 'hidden_dimension': 128, 'number_of_hidden_layers': 2, 'dropout_rate': 0.1, 'learning_rate': 0.001, 'weight_decay': 0.001}.
[I 2026-04-07 02:34:00,936] Trial 300 finished with value: 0.938 and parameters: {'batch_size': 64, 'threshold': 0.8, 'attention_heads': 1, 'hidden_dimension': 64, 'number_of_hidden_layers': 0, 'dropout_rate': 0.4, 'learning_rate': 0.001, 'weight_decay': 0.001}. Best is trial 286 with value: 0.9432.
[I 2026-04-07 02:34:01,816] Trial 301 pruned. Duplicate hyper-parameters, same as those used in trial 300: {'batch_size': 64, 'threshold': 0.8, 'attention_heads': 1, 'hidden_dimension': 64, 'number_of_hidden_layers': 0, 'dropout_rate': 0.4, 'learning_rate': 0.001, 'weight_decay': 0.001}.
[I 2026-04-07 05:50:41,810] Trial 302 finished with value: 0.938 and parameters: {'batch_size': 32, 'threshold': 0.8, 'attention_heads': 1, 'hidden_dimension': 64, 'number_of_hidden_layers': 0, 'dropout_rate': 0.4, 'learning_rate': 0.001, 'weight_decay': 0.0001}. Best is trial 286 with value: 0.9432.
[I 2026-04-07 05:50:42,683] Trial 303 pruned. Duplicate hyper-parameters, same as those used in trial 302: {'batch_size': 32, 'threshold': 0.8, 'attention_heads': 1, 'hidden_dimension': 64, 'number_of_hidden_layers': 0, 'dropout_rate': 0.4, 'learning_rate': 0.001, 'weight_decay': 0.0001}.
[I 2026-04-07 05:50:43,524] Trial 304 pruned. Duplicate hyper-parameters, same as those used in trial 281: {'batch_size': 32, 'threshold': 0.8, 'attention_heads': 1, 'hidden_dimension': 128, 'number_of_hidden_layers': 2, 'dropout_rate': 0.4, 'learning_rate': 0.001, 'weight_decay': 0.001}.
[I 2026-04-07 09:31:14,242] Trial 305 finished with value: 0.93 and parameters: {'batch_size': 64, 'threshold': 0.8, 'attention_heads': 1, 'hidden_dimension': 128, 'number_of_hidden_layers': 1, 'dropout_rate': 0.4, 'learning_rate': 0.0001, 'weight_decay': 0.0001}. Best is trial 286 with value: 0.9432.
[I 2026-04-07 15:23:06,826] Trial 306 finished with value: 0.936 and parameters: {'batch_size': 16, 'threshold': 0.95, 'attention_heads': 8, 'hidden_dimension': 128, 'number_of_hidden_layers': 1, 'dropout_rate': 0.3, 'learning_rate': 0.001, 'weight_decay': 1e-05}. Best is trial 286 with value: 0.9432.
[I 2026-04-07 15:23:07,805] Trial 307 pruned. Duplicate hyper-parameters, same as those used in trial 297: {'batch_size': 32, 'threshold': 0.8, 'attention_heads': 1, 'hidden_dimension': 64, 'number_of_hidden_layers': 0, 'dropout_rate': 0.4, 'learning_rate': 0.001, 'weight_decay': 0.001}.
[I 2026-04-07 19:04:36,085] Trial 308 finished with value: 0.9302 and parameters: {'batch_size': 16, 'threshold': 0.99, 'attention_heads': 6, 'hidden_dimension': 128, 'number_of_hidden_layers': 1, 'dropout_rate': 0.3, 'learning_rate': 0.001, 'weight_decay': 1e-05}. Best is trial 286 with value: 0.9432.
[I 2026-04-07 22:07:38,024] Trial 309 finished with value: 0.935 and parameters: {'batch_size': 32, 'threshold': 0.95, 'attention_heads': 1, 'hidden_dimension': 128, 'number_of_hidden_layers': 0, 'dropout_rate': 0.3, 'learning_rate': 0.0001, 'weight_decay': 1e-05}. Best is trial 286 with value: 0.9432.
[I 2026-04-08 01:02:03,406] Trial 310 finished with value: 0.937 and parameters: {'batch_size': 64, 'threshold': 0.95, 'attention_heads': 1, 'hidden_dimension': 128, 'number_of_hidden_layers': 2, 'dropout_rate': 0.3, 'learning_rate': 0.001, 'weight_decay': 0.0001}. Best is trial 286 with value: 0.9432.
[I 2026-04-08 05:03:59,239] Trial 311 finished with value: 0.9336 and parameters: {'batch_size': 64, 'threshold': 0.8, 'attention_heads': 1, 'hidden_dimension': 128, 'number_of_hidden_layers': 2, 'dropout_rate': 0.1, 'learning_rate': 0.0003, 'weight_decay': 0.0001}. Best is trial 286 with value: 0.9432.
[I 2026-04-08 09:33:30,089] Trial 312 finished with value: 0.9376 and parameters: {'batch_size': 32, 'threshold': 0.9, 'attention_heads': 2, 'hidden_dimension': 128, 'number_of_hidden_layers': 2, 'dropout_rate': 0.1, 'learning_rate': 0.001, 'weight_decay': 0.001}. Best is trial 286 with value: 0.9432.
CUDA out of memory. Tried to allocate 6.43 GiB. GPU 0 has a total capacity of 44.40 GiB of which 6.16 GiB is free. Including non-PyTorch memory, this process has 38.23 GiB memory in use. Of the allocated memory 37.61 GiB is allocated by PyTorch, and 72.48 MiB is reserved by PyTorch but unallocated. If reserved but unallocated memory is large try setting PYTORCH_CUDA_ALLOC_CONF=expandable_segments:True to avoid fragmentation.  See documentation for Memory Management  (https://pytorch.org/docs/stable/notes/cuda.html#environment-variables)
[I 2026-04-08 11:47:37,416] Trial 313 finished with value: -1.0 and parameters: {'batch_size': 64, 'threshold': 0.9, 'attention_heads': 4, 'hidden_dimension': 128, 'number_of_hidden_layers': 1, 'dropout_rate': 0.1, 'learning_rate': 1e-05, 'weight_decay': 0.0001}. Best is trial 286 with value: 0.9432.
CUDA out of memory. Tried to allocate 5.85 GiB. GPU 0 has a total capacity of 44.40 GiB of which 5.00 GiB is free. Including non-PyTorch memory, this process has 39.38 GiB memory in use. Of the allocated memory 38.75 GiB is allocated by PyTorch, and 81.66 MiB is reserved by PyTorch but unallocated. If reserved but unallocated memory is large try setting PYTORCH_CUDA_ALLOC_CONF=expandable_segments:True to avoid fragmentation.  See documentation for Memory Management  (https://pytorch.org/docs/stable/notes/cuda.html#environment-variables)
[I 2026-04-08 13:56:41,465] Trial 314 finished with value: -1.0 and parameters: {'batch_size': 128, 'threshold': 0.8, 'attention_heads': 1, 'hidden_dimension': 128, 'number_of_hidden_layers': 2, 'dropout_rate': 0.1, 'learning_rate': 0.001, 'weight_decay': 1e-06}. Best is trial 286 with value: 0.9432.
[I 2026-04-08 17:39:08,905] Trial 315 finished with value: 0.94 and parameters: {'batch_size': 32, 'threshold': 0.9, 'attention_heads': 1, 'hidden_dimension': 128, 'number_of_hidden_layers': 2, 'dropout_rate': 0.4, 'learning_rate': 0.001, 'weight_decay': 1e-05}. Best is trial 286 with value: 0.9432.
[I 2026-04-08 21:14:25,595] Trial 316 finished with value: 0.941 and parameters: {'batch_size': 32, 'threshold': 0.9, 'attention_heads': 1, 'hidden_dimension': 128, 'number_of_hidden_layers': 2, 'dropout_rate': 0.3, 'learning_rate': 0.001, 'weight_decay': 1e-05}. Best is trial 286 with value: 0.9432.
[I 2026-04-08 21:14:26,421] Trial 317 pruned. Duplicate hyper-parameters, same as those used in trial 316: {'batch_size': 32, 'threshold': 0.9, 'attention_heads': 1, 'hidden_dimension': 128, 'number_of_hidden_layers': 2, 'dropout_rate': 0.3, 'learning_rate': 0.001, 'weight_decay': 1e-05}.
[I 2026-04-09 00:40:17,168] Trial 318 finished with value: 0.9336 and parameters: {'batch_size': 32, 'threshold': 0.9, 'attention_heads': 1, 'hidden_dimension': 128, 'number_of_hidden_layers': 2, 'dropout_rate': 0.3, 'learning_rate': 1e-05, 'weight_decay': 1e-06}. Best is trial 286 with value: 0.9432.
[I 2026-04-09 04:38:08,600] Trial 319 finished with value: 0.9382 and parameters: {'batch_size': 128, 'threshold': 0.6, 'attention_heads': 1, 'hidden_dimension': 32, 'number_of_hidden_layers': 0, 'dropout_rate': 0.3, 'learning_rate': 0.0003, 'weight_decay': 0.001}. Best is trial 286 with value: 0.9432.
[I 2026-04-09 04:38:09,482] Trial 320 pruned. Duplicate hyper-parameters, same as those used in trial 319: {'batch_size': 128, 'threshold': 0.6, 'attention_heads': 1, 'hidden_dimension': 32, 'number_of_hidden_layers': 0, 'dropout_rate': 0.3, 'learning_rate': 0.0003, 'weight_decay': 0.001}.
[I 2026-04-09 07:44:20,673] Trial 321 finished with value: 0.9374 and parameters: {'batch_size': 128, 'threshold': 0.9, 'attention_heads': 1, 'hidden_dimension': 128, 'number_of_hidden_layers': 2, 'dropout_rate': 0.4, 'learning_rate': 0.001, 'weight_decay': 0.0001}. Best is trial 286 with value: 0.9432.
slurmstepd: error: *** JOB 2972498 ON kn065 CANCELLED AT 2026-04-09T07:52:49 DUE TO TIME LIMIT ***
