SLURM NODE: kn077
[I 2026-03-25 04:43:54,475] Using an existing study with name 'IMDb-Attention_distillation' instead of creating a new one.
Last trial state: 0
Enqueuing hyper-parameters: {'batch_size': 16, 'threshold': 0.95, 'attention_heads': 4, 'hidden_dimension': 32, 'number_of_hidden_layers': 1, 'dropout_rate': 0.3, 'learning_rate': 0.001, 'weight_decay': 1e-06}
[I 2026-03-25 08:19:53,290] Trial 100 finished with value: 0.932 and parameters: {'batch_size': 16, 'threshold': 0.95, 'attention_heads': 4, 'hidden_dimension': 32, 'number_of_hidden_layers': 1, 'dropout_rate': 0.3, 'learning_rate': 0.001, 'weight_decay': 1e-06}. Best is trial 21 with value: 0.9374.
[I 2026-03-25 08:19:53,928] Trial 101 pruned. Duplicate hyper-parameters, same as those used in trial 0: {'batch_size': 32, 'threshold': 0.9, 'attention_heads': 2, 'hidden_dimension': 128, 'number_of_hidden_layers': 2, 'dropout_rate': 0.4, 'learning_rate': 1e-05, 'weight_decay': 1e-05}.
[I 2026-03-25 08:19:54,538] Trial 102 pruned. Duplicate hyper-parameters, same as those used in trial 1: {'batch_size': 32, 'threshold': 0.7, 'attention_heads': 1, 'hidden_dimension': 128, 'number_of_hidden_layers': 1, 'dropout_rate': 0.2, 'learning_rate': 0.0003, 'weight_decay': 1e-06}.
[I 2026-03-25 08:19:55,061] Trial 103 pruned. Duplicate hyper-parameters, same as those used in trial 2: {'batch_size': 128, 'threshold': 0.9, 'attention_heads': 8, 'hidden_dimension': 32, 'number_of_hidden_layers': 2, 'dropout_rate': 0.2, 'learning_rate': 0.001, 'weight_decay': 1e-05}.
[I 2026-03-25 08:19:55,580] Trial 104 pruned. Duplicate hyper-parameters, same as those used in trial 3: {'batch_size': 64, 'threshold': 0.7, 'attention_heads': 6, 'hidden_dimension': 64, 'number_of_hidden_layers': 1, 'dropout_rate': 0.2, 'learning_rate': 0.001, 'weight_decay': 1e-05}.
[I 2026-03-25 08:19:56,175] Trial 105 pruned. Duplicate hyper-parameters, same as those used in trial 4: {'batch_size': 64, 'threshold': 0.9, 'attention_heads': 8, 'hidden_dimension': 32, 'number_of_hidden_layers': 0, 'dropout_rate': 0.2, 'learning_rate': 1e-05, 'weight_decay': 1e-05}.
[I 2026-03-25 08:19:56,849] Trial 106 pruned. Duplicate hyper-parameters, same as those used in trial 5: {'batch_size': 16, 'threshold': 0.7, 'attention_heads': 6, 'hidden_dimension': 128, 'number_of_hidden_layers': 0, 'dropout_rate': 0.1, 'learning_rate': 0.0003, 'weight_decay': 0.001}.
[I 2026-03-25 08:19:57,544] Trial 107 pruned. Duplicate hyper-parameters, same as those used in trial 6: {'batch_size': 16, 'threshold': 0.7, 'attention_heads': 6, 'hidden_dimension': 64, 'number_of_hidden_layers': 1, 'dropout_rate': 0.1, 'learning_rate': 0.001, 'weight_decay': 1e-05}.
[I 2026-03-25 08:19:58,430] Trial 108 pruned. Duplicate hyper-parameters, same as those used in trial 7: {'batch_size': 32, 'threshold': 0.99, 'attention_heads': 1, 'hidden_dimension': 64, 'number_of_hidden_layers': 0, 'dropout_rate': 0.1, 'learning_rate': 1e-05, 'weight_decay': 1e-05}.
[I 2026-03-25 08:19:59,290] Trial 109 pruned. Duplicate hyper-parameters, same as those used in trial 8: {'batch_size': 16, 'threshold': 0.99, 'attention_heads': 4, 'hidden_dimension': 64, 'number_of_hidden_layers': 2, 'dropout_rate': 0.3, 'learning_rate': 0.001, 'weight_decay': 0.001}.
[I 2026-03-25 08:19:59,895] Trial 110 pruned. Duplicate hyper-parameters, same as those used in trial 10: {'batch_size': 32, 'threshold': 0.95, 'attention_heads': 2, 'hidden_dimension': 64, 'number_of_hidden_layers': 0, 'dropout_rate': 0.4, 'learning_rate': 0.0003, 'weight_decay': 1e-05}.
[I 2026-03-25 08:20:00,509] Trial 111 pruned. Duplicate hyper-parameters, same as those used in trial 21: {'batch_size': 32, 'threshold': 0.8, 'attention_heads': 1, 'hidden_dimension': 64, 'number_of_hidden_layers': 1, 'dropout_rate': 0.1, 'learning_rate': 0.001, 'weight_decay': 0.0001}.
[I 2026-03-25 08:20:01,124] Trial 112 pruned. Duplicate hyper-parameters, same as those used in trial 22: {'batch_size': 128, 'threshold': 0.6, 'attention_heads': 6, 'hidden_dimension': 32, 'number_of_hidden_layers': 2, 'dropout_rate': 0.2, 'learning_rate': 0.0003, 'weight_decay': 0.001}.
[I 2026-03-25 08:20:01,775] Trial 113 pruned. Duplicate hyper-parameters, same as those used in trial 23: {'batch_size': 16, 'threshold': 0.7, 'attention_heads': 4, 'hidden_dimension': 64, 'number_of_hidden_layers': 0, 'dropout_rate': 0.4, 'learning_rate': 1e-05, 'weight_decay': 0.0001}.
[I 2026-03-25 08:20:02,432] Trial 114 pruned. Duplicate hyper-parameters, same as those used in trial 24: {'batch_size': 64, 'threshold': 0.95, 'attention_heads': 4, 'hidden_dimension': 128, 'number_of_hidden_layers': 0, 'dropout_rate': 0.4, 'learning_rate': 0.0001, 'weight_decay': 0.001}.
[I 2026-03-25 08:20:03,120] Trial 115 pruned. Duplicate hyper-parameters, same as those used in trial 25: {'batch_size': 64, 'threshold': 0.99, 'attention_heads': 6, 'hidden_dimension': 64, 'number_of_hidden_layers': 1, 'dropout_rate': 0.3, 'learning_rate': 0.0001, 'weight_decay': 1e-06}.
[I 2026-03-25 08:20:03,720] Trial 116 pruned. Duplicate hyper-parameters, same as those used in trial 26: {'batch_size': 128, 'threshold': 0.6, 'attention_heads': 6, 'hidden_dimension': 128, 'number_of_hidden_layers': 0, 'dropout_rate': 0.3, 'learning_rate': 0.0003, 'weight_decay': 1e-06}.
[I 2026-03-25 08:20:04,354] Trial 117 pruned. Duplicate hyper-parameters, same as those used in trial 27: {'batch_size': 128, 'threshold': 0.6, 'attention_heads': 4, 'hidden_dimension': 32, 'number_of_hidden_layers': 1, 'dropout_rate': 0.3, 'learning_rate': 0.0001, 'weight_decay': 1e-05}.
[I 2026-03-25 08:20:04,951] Trial 118 pruned. Duplicate hyper-parameters, same as those used in trial 28: {'batch_size': 128, 'threshold': 0.9, 'attention_heads': 8, 'hidden_dimension': 64, 'number_of_hidden_layers': 2, 'dropout_rate': 0.3, 'learning_rate': 0.001, 'weight_decay': 1e-05}.
[I 2026-03-25 08:20:05,582] Trial 119 pruned. Duplicate hyper-parameters, same as those used in trial 29: {'batch_size': 16, 'threshold': 0.9, 'attention_heads': 8, 'hidden_dimension': 128, 'number_of_hidden_layers': 2, 'dropout_rate': 0.1, 'learning_rate': 1e-05, 'weight_decay': 1e-05}.
[I 2026-03-25 08:20:06,324] Trial 120 pruned. Duplicate hyper-parameters, same as those used in trial 30: {'batch_size': 16, 'threshold': 0.6, 'attention_heads': 4, 'hidden_dimension': 64, 'number_of_hidden_layers': 0, 'dropout_rate': 0.1, 'learning_rate': 0.0001, 'weight_decay': 0.0001}.
[I 2026-03-25 08:20:06,999] Trial 121 pruned. Duplicate hyper-parameters, same as those used in trial 31: {'batch_size': 32, 'threshold': 0.99, 'attention_heads': 2, 'hidden_dimension': 32, 'number_of_hidden_layers': 0, 'dropout_rate': 0.4, 'learning_rate': 0.001, 'weight_decay': 0.001}.
[I 2026-03-25 08:20:07,718] Trial 122 pruned. Duplicate hyper-parameters, same as those used in trial 32: {'batch_size': 64, 'threshold': 0.6, 'attention_heads': 4, 'hidden_dimension': 128, 'number_of_hidden_layers': 0, 'dropout_rate': 0.4, 'learning_rate': 0.0003, 'weight_decay': 0.001}.
[I 2026-03-25 08:20:08,403] Trial 123 pruned. Duplicate hyper-parameters, same as those used in trial 33: {'batch_size': 32, 'threshold': 0.99, 'attention_heads': 2, 'hidden_dimension': 64, 'number_of_hidden_layers': 1, 'dropout_rate': 0.2, 'learning_rate': 1e-05, 'weight_decay': 0.001}.
[I 2026-03-25 08:20:09,036] Trial 124 pruned. Duplicate hyper-parameters, same as those used in trial 34: {'batch_size': 16, 'threshold': 0.95, 'attention_heads': 4, 'hidden_dimension': 32, 'number_of_hidden_layers': 0, 'dropout_rate': 0.1, 'learning_rate': 0.0001, 'weight_decay': 1e-05}.
[I 2026-03-25 08:20:09,742] Trial 125 pruned. Duplicate hyper-parameters, same as those used in trial 35: {'batch_size': 128, 'threshold': 0.6, 'attention_heads': 8, 'hidden_dimension': 32, 'number_of_hidden_layers': 0, 'dropout_rate': 0.1, 'learning_rate': 0.001, 'weight_decay': 0.001}.
[I 2026-03-25 08:20:10,410] Trial 126 pruned. Duplicate hyper-parameters, same as those used in trial 36: {'batch_size': 16, 'threshold': 0.99, 'attention_heads': 2, 'hidden_dimension': 64, 'number_of_hidden_layers': 0, 'dropout_rate': 0.2, 'learning_rate': 0.001, 'weight_decay': 0.001}.
[I 2026-03-25 08:20:11,067] Trial 127 pruned. Duplicate hyper-parameters, same as those used in trial 37: {'batch_size': 64, 'threshold': 0.9, 'attention_heads': 2, 'hidden_dimension': 32, 'number_of_hidden_layers': 0, 'dropout_rate': 0.3, 'learning_rate': 0.0001, 'weight_decay': 0.001}.
[I 2026-03-25 08:20:11,769] Trial 128 pruned. Duplicate hyper-parameters, same as those used in trial 38: {'batch_size': 16, 'threshold': 0.8, 'attention_heads': 8, 'hidden_dimension': 32, 'number_of_hidden_layers': 1, 'dropout_rate': 0.1, 'learning_rate': 0.0001, 'weight_decay': 0.0001}.
[I 2026-03-25 08:20:12,433] Trial 129 pruned. Duplicate hyper-parameters, same as those used in trial 39: {'batch_size': 128, 'threshold': 0.95, 'attention_heads': 6, 'hidden_dimension': 32, 'number_of_hidden_layers': 1, 'dropout_rate': 0.3, 'learning_rate': 0.0003, 'weight_decay': 1e-06}.
[I 2026-03-25 08:20:13,094] Trial 130 pruned. Duplicate hyper-parameters, same as those used in trial 40: {'batch_size': 64, 'threshold': 0.99, 'attention_heads': 8, 'hidden_dimension': 32, 'number_of_hidden_layers': 1, 'dropout_rate': 0.4, 'learning_rate': 0.0003, 'weight_decay': 0.001}.
[I 2026-03-25 08:20:13,741] Trial 131 pruned. Duplicate hyper-parameters, same as those used in trial 41: {'batch_size': 16, 'threshold': 0.95, 'attention_heads': 4, 'hidden_dimension': 128, 'number_of_hidden_layers': 1, 'dropout_rate': 0.1, 'learning_rate': 1e-05, 'weight_decay': 0.001}.
[I 2026-03-25 08:20:14,409] Trial 132 pruned. Duplicate hyper-parameters, same as those used in trial 43: {'batch_size': 16, 'threshold': 0.6, 'attention_heads': 8, 'hidden_dimension': 128, 'number_of_hidden_layers': 0, 'dropout_rate': 0.1, 'learning_rate': 0.0003, 'weight_decay': 0.0001}.
[I 2026-03-25 08:20:14,997] Trial 133 pruned. Duplicate hyper-parameters, same as those used in trial 76: {'batch_size': 16, 'threshold': 0.7, 'attention_heads': 4, 'hidden_dimension': 32, 'number_of_hidden_layers': 0, 'dropout_rate': 0.3, 'learning_rate': 0.001, 'weight_decay': 0.001}.
[I 2026-03-25 08:20:15,604] Trial 134 pruned. Duplicate hyper-parameters, same as those used in trial 77: {'batch_size': 32, 'threshold': 0.99, 'attention_heads': 4, 'hidden_dimension': 32, 'number_of_hidden_layers': 0, 'dropout_rate': 0.1, 'learning_rate': 0.001, 'weight_decay': 0.001}.
[I 2026-03-25 08:20:16,268] Trial 135 pruned. Duplicate hyper-parameters, same as those used in trial 78: {'batch_size': 16, 'threshold': 0.95, 'attention_heads': 8, 'hidden_dimension': 128, 'number_of_hidden_layers': 0, 'dropout_rate': 0.3, 'learning_rate': 0.0003, 'weight_decay': 1e-06}.
[I 2026-03-25 08:20:16,910] Trial 136 pruned. Duplicate hyper-parameters, same as those used in trial 79: {'batch_size': 64, 'threshold': 0.7, 'attention_heads': 2, 'hidden_dimension': 64, 'number_of_hidden_layers': 1, 'dropout_rate': 0.1, 'learning_rate': 1e-05, 'weight_decay': 1e-05}.
[I 2026-03-25 08:20:17,720] Trial 137 pruned. Duplicate hyper-parameters, same as those used in trial 80: {'batch_size': 32, 'threshold': 0.95, 'attention_heads': 4, 'hidden_dimension': 128, 'number_of_hidden_layers': 0, 'dropout_rate': 0.1, 'learning_rate': 1e-05, 'weight_decay': 0.001}.
[I 2026-03-25 08:20:18,375] Trial 138 pruned. Duplicate hyper-parameters, same as those used in trial 81: {'batch_size': 64, 'threshold': 0.9, 'attention_heads': 6, 'hidden_dimension': 128, 'number_of_hidden_layers': 1, 'dropout_rate': 0.2, 'learning_rate': 0.0003, 'weight_decay': 1e-06}.
[I 2026-03-25 08:20:19,081] Trial 139 pruned. Duplicate hyper-parameters, same as those used in trial 82: {'batch_size': 16, 'threshold': 0.9, 'attention_heads': 8, 'hidden_dimension': 128, 'number_of_hidden_layers': 0, 'dropout_rate': 0.3, 'learning_rate': 0.0003, 'weight_decay': 0.0001}.
[I 2026-03-25 08:20:19,859] Trial 140 pruned. Duplicate hyper-parameters, same as those used in trial 83: {'batch_size': 128, 'threshold': 0.9, 'attention_heads': 8, 'hidden_dimension': 128, 'number_of_hidden_layers': 0, 'dropout_rate': 0.4, 'learning_rate': 0.0001, 'weight_decay': 1e-05}.
[I 2026-03-25 08:20:20,497] Trial 141 pruned. Duplicate hyper-parameters, same as those used in trial 84: {'batch_size': 64, 'threshold': 0.6, 'attention_heads': 6, 'hidden_dimension': 128, 'number_of_hidden_layers': 2, 'dropout_rate': 0.2, 'learning_rate': 0.001, 'weight_decay': 1e-05}.
[I 2026-03-25 08:20:21,118] Trial 142 pruned. Duplicate hyper-parameters, same as those used in trial 85: {'batch_size': 128, 'threshold': 0.9, 'attention_heads': 8, 'hidden_dimension': 128, 'number_of_hidden_layers': 1, 'dropout_rate': 0.2, 'learning_rate': 0.0001, 'weight_decay': 1e-06}.
[I 2026-03-25 08:20:21,899] Trial 143 pruned. Duplicate hyper-parameters, same as those used in trial 86: {'batch_size': 64, 'threshold': 0.99, 'attention_heads': 6, 'hidden_dimension': 128, 'number_of_hidden_layers': 2, 'dropout_rate': 0.3, 'learning_rate': 0.001, 'weight_decay': 1e-06}.
[I 2026-03-25 08:20:22,623] Trial 144 pruned. Duplicate hyper-parameters, same as those used in trial 87: {'batch_size': 16, 'threshold': 0.7, 'attention_heads': 1, 'hidden_dimension': 128, 'number_of_hidden_layers': 0, 'dropout_rate': 0.1, 'learning_rate': 1e-05, 'weight_decay': 1e-06}.
[I 2026-03-25 08:20:23,323] Trial 145 pruned. Duplicate hyper-parameters, same as those used in trial 88: {'batch_size': 128, 'threshold': 0.6, 'attention_heads': 4, 'hidden_dimension': 64, 'number_of_hidden_layers': 2, 'dropout_rate': 0.4, 'learning_rate': 0.001, 'weight_decay': 1e-05}.
[I 2026-03-25 08:20:24,092] Trial 146 pruned. Duplicate hyper-parameters, same as those used in trial 89: {'batch_size': 64, 'threshold': 0.99, 'attention_heads': 8, 'hidden_dimension': 32, 'number_of_hidden_layers': 2, 'dropout_rate': 0.4, 'learning_rate': 0.0003, 'weight_decay': 0.001}.
[I 2026-03-25 08:20:24,755] Trial 147 pruned. Duplicate hyper-parameters, same as those used in trial 90: {'batch_size': 128, 'threshold': 0.8, 'attention_heads': 1, 'hidden_dimension': 64, 'number_of_hidden_layers': 1, 'dropout_rate': 0.2, 'learning_rate': 0.0001, 'weight_decay': 0.001}.
[I 2026-03-25 08:20:25,399] Trial 148 pruned. Duplicate hyper-parameters, same as those used in trial 91: {'batch_size': 64, 'threshold': 0.95, 'attention_heads': 6, 'hidden_dimension': 32, 'number_of_hidden_layers': 1, 'dropout_rate': 0.2, 'learning_rate': 0.0001, 'weight_decay': 0.0001}.
[I 2026-03-25 08:20:26,072] Trial 149 pruned. Duplicate hyper-parameters, same as those used in trial 92: {'batch_size': 16, 'threshold': 0.9, 'attention_heads': 1, 'hidden_dimension': 32, 'number_of_hidden_layers': 1, 'dropout_rate': 0.3, 'learning_rate': 0.0001, 'weight_decay': 0.001}.
[I 2026-03-25 08:20:26,771] Trial 150 pruned. Duplicate hyper-parameters, same as those used in trial 93: {'batch_size': 64, 'threshold': 0.8, 'attention_heads': 6, 'hidden_dimension': 128, 'number_of_hidden_layers': 1, 'dropout_rate': 0.1, 'learning_rate': 0.001, 'weight_decay': 1e-05}.
[I 2026-03-25 08:20:27,491] Trial 151 pruned. Duplicate hyper-parameters, same as those used in trial 94: {'batch_size': 128, 'threshold': 0.7, 'attention_heads': 8, 'hidden_dimension': 128, 'number_of_hidden_layers': 1, 'dropout_rate': 0.1, 'learning_rate': 0.0003, 'weight_decay': 0.0001}.
[I 2026-03-25 08:20:28,541] Trial 152 pruned. Duplicate hyper-parameters, same as those used in trial 95: {'batch_size': 128, 'threshold': 0.8, 'attention_heads': 2, 'hidden_dimension': 128, 'number_of_hidden_layers': 2, 'dropout_rate': 0.3, 'learning_rate': 0.0001, 'weight_decay': 0.001}.
[I 2026-03-25 08:20:29,314] Trial 153 pruned. Duplicate hyper-parameters, same as those used in trial 96: {'batch_size': 64, 'threshold': 0.95, 'attention_heads': 2, 'hidden_dimension': 32, 'number_of_hidden_layers': 1, 'dropout_rate': 0.4, 'learning_rate': 0.0001, 'weight_decay': 0.001}.
[I 2026-03-25 08:20:29,954] Trial 154 pruned. Duplicate hyper-parameters, same as those used in trial 97: {'batch_size': 32, 'threshold': 0.7, 'attention_heads': 4, 'hidden_dimension': 128, 'number_of_hidden_layers': 0, 'dropout_rate': 0.4, 'learning_rate': 1e-05, 'weight_decay': 0.001}.
[I 2026-03-25 08:20:30,616] Trial 155 pruned. Duplicate hyper-parameters, same as those used in trial 98: {'batch_size': 128, 'threshold': 0.99, 'attention_heads': 8, 'hidden_dimension': 32, 'number_of_hidden_layers': 0, 'dropout_rate': 0.3, 'learning_rate': 0.001, 'weight_decay': 1e-06}.
[I 2026-03-25 08:20:31,315] Trial 156 pruned. Duplicate hyper-parameters, same as those used in trial 100: {'batch_size': 16, 'threshold': 0.95, 'attention_heads': 4, 'hidden_dimension': 32, 'number_of_hidden_layers': 1, 'dropout_rate': 0.3, 'learning_rate': 0.001, 'weight_decay': 1e-06}.
[I 2026-03-25 12:07:09,556] Trial 157 finished with value: 0.9274 and parameters: {'batch_size': 16, 'threshold': 0.8, 'attention_heads': 1, 'hidden_dimension': 64, 'number_of_hidden_layers': 1, 'dropout_rate': 0.2, 'learning_rate': 1e-05, 'weight_decay': 0.001}. Best is trial 21 with value: 0.9374.
[I 2026-03-25 15:22:27,575] Trial 158 finished with value: 0.9288 and parameters: {'batch_size': 16, 'threshold': 0.95, 'attention_heads': 2, 'hidden_dimension': 32, 'number_of_hidden_layers': 0, 'dropout_rate': 0.1, 'learning_rate': 1e-05, 'weight_decay': 0.0001}. Best is trial 21 with value: 0.9374.
[I 2026-03-25 18:37:03,689] Trial 159 finished with value: 0.936 and parameters: {'batch_size': 64, 'threshold': 0.8, 'attention_heads': 1, 'hidden_dimension': 64, 'number_of_hidden_layers': 2, 'dropout_rate': 0.3, 'learning_rate': 0.001, 'weight_decay': 1e-05}. Best is trial 21 with value: 0.9374.
[I 2026-03-25 21:33:31,456] Trial 160 finished with value: 0.936 and parameters: {'batch_size': 64, 'threshold': 0.9, 'attention_heads': 4, 'hidden_dimension': 32, 'number_of_hidden_layers': 0, 'dropout_rate': 0.4, 'learning_rate': 0.001, 'weight_decay': 0.0001}. Best is trial 21 with value: 0.9374.
[I 2026-03-26 00:23:42,034] Trial 161 finished with value: 0.929 and parameters: {'batch_size': 32, 'threshold': 0.99, 'attention_heads': 1, 'hidden_dimension': 64, 'number_of_hidden_layers': 1, 'dropout_rate': 0.2, 'learning_rate': 0.0003, 'weight_decay': 0.001}. Best is trial 21 with value: 0.9374.
[I 2026-03-26 06:47:16,576] Trial 162 finished with value: 0.934 and parameters: {'batch_size': 32, 'threshold': 0.9, 'attention_heads': 8, 'hidden_dimension': 64, 'number_of_hidden_layers': 2, 'dropout_rate': 0.1, 'learning_rate': 0.0003, 'weight_decay': 0.0001}. Best is trial 21 with value: 0.9374.
[I 2026-03-26 10:43:22,899] Trial 163 finished with value: 0.9366 and parameters: {'batch_size': 32, 'threshold': 0.9, 'attention_heads': 4, 'hidden_dimension': 64, 'number_of_hidden_layers': 1, 'dropout_rate': 0.4, 'learning_rate': 0.001, 'weight_decay': 0.001}. Best is trial 21 with value: 0.9374.
CUDA out of memory. Tried to allocate 6.67 GiB. GPU 0 has a total capacity of 44.40 GiB of which 4.98 GiB is free. Including non-PyTorch memory, this process has 39.40 GiB memory in use. Of the allocated memory 38.80 GiB is allocated by PyTorch, and 60.84 MiB is reserved by PyTorch but unallocated. If reserved but unallocated memory is large try setting PYTORCH_CUDA_ALLOC_CONF=expandable_segments:True to avoid fragmentation.  See documentation for Memory Management  (https://pytorch.org/docs/stable/notes/cuda.html#environment-variables)
[I 2026-03-26 17:21:56,862] Trial 164 finished with value: -1.0 and parameters: {'batch_size': 16, 'threshold': 0.6, 'attention_heads': 4, 'hidden_dimension': 64, 'number_of_hidden_layers': 1, 'dropout_rate': 0.1, 'learning_rate': 0.001, 'weight_decay': 1e-05}. Best is trial 21 with value: 0.9374.
[I 2026-03-26 21:35:17,733] Trial 165 finished with value: 0.9324 and parameters: {'batch_size': 32, 'threshold': 0.9, 'attention_heads': 4, 'hidden_dimension': 64, 'number_of_hidden_layers': 2, 'dropout_rate': 0.3, 'learning_rate': 0.0003, 'weight_decay': 1e-05}. Best is trial 21 with value: 0.9374.
CUDA out of memory. Tried to allocate 6.42 GiB. GPU 0 has a total capacity of 44.40 GiB of which 6.31 GiB is free. Including non-PyTorch memory, this process has 38.08 GiB memory in use. Of the allocated memory 37.48 GiB is allocated by PyTorch, and 56.31 MiB is reserved by PyTorch but unallocated. If reserved but unallocated memory is large try setting PYTORCH_CUDA_ALLOC_CONF=expandable_segments:True to avoid fragmentation.  See documentation for Memory Management  (https://pytorch.org/docs/stable/notes/cuda.html#environment-variables)
[I 2026-03-27 00:21:07,398] Trial 166 finished with value: -1.0 and parameters: {'batch_size': 16, 'threshold': 0.6, 'attention_heads': 8, 'hidden_dimension': 32, 'number_of_hidden_layers': 2, 'dropout_rate': 0.3, 'learning_rate': 0.001, 'weight_decay': 1e-05}. Best is trial 21 with value: 0.9374.
[I 2026-03-27 04:33:39,170] Trial 167 finished with value: 0.928 and parameters: {'batch_size': 16, 'threshold': 0.9, 'attention_heads': 6, 'hidden_dimension': 32, 'number_of_hidden_layers': 1, 'dropout_rate': 0.2, 'learning_rate': 0.0003, 'weight_decay': 0.0001}. Best is trial 21 with value: 0.9374.
[I 2026-03-27 07:22:32,303] Trial 168 finished with value: 0.936 and parameters: {'batch_size': 64, 'threshold': 0.9, 'attention_heads': 1, 'hidden_dimension': 64, 'number_of_hidden_layers': 1, 'dropout_rate': 0.1, 'learning_rate': 1e-05, 'weight_decay': 0.001}. Best is trial 21 with value: 0.9374.
[I 2026-03-27 10:37:12,576] Trial 169 finished with value: 0.9276 and parameters: {'batch_size': 16, 'threshold': 0.9, 'attention_heads': 1, 'hidden_dimension': 64, 'number_of_hidden_layers': 0, 'dropout_rate': 0.3, 'learning_rate': 1e-05, 'weight_decay': 1e-05}. Best is trial 21 with value: 0.9374.
[I 2026-03-27 13:22:19,533] Trial 170 finished with value: 0.9266 and parameters: {'batch_size': 32, 'threshold': 0.99, 'attention_heads': 6, 'hidden_dimension': 64, 'number_of_hidden_layers': 1, 'dropout_rate': 0.3, 'learning_rate': 0.0003, 'weight_decay': 1e-05}. Best is trial 21 with value: 0.9374.
[I 2026-03-27 16:26:05,429] Trial 171 finished with value: 0.9382 and parameters: {'batch_size': 32, 'threshold': 0.6, 'attention_heads': 1, 'hidden_dimension': 32, 'number_of_hidden_layers': 0, 'dropout_rate': 0.3, 'learning_rate': 0.0001, 'weight_decay': 1e-05}. Best is trial 171 with value: 0.9382.
[I 2026-03-27 19:37:03,100] Trial 172 finished with value: 0.9354 and parameters: {'batch_size': 32, 'threshold': 0.95, 'attention_heads': 6, 'hidden_dimension': 32, 'number_of_hidden_layers': 2, 'dropout_rate': 0.1, 'learning_rate': 0.001, 'weight_decay': 1e-06}. Best is trial 171 with value: 0.9382.
CUDA out of memory. Tried to allocate 4.82 GiB. GPU 0 has a total capacity of 44.40 GiB of which 4.30 GiB is free. Including non-PyTorch memory, this process has 40.08 GiB memory in use. Of the allocated memory 39.48 GiB is allocated by PyTorch, and 52.19 MiB is reserved by PyTorch but unallocated. If reserved but unallocated memory is large try setting PYTORCH_CUDA_ALLOC_CONF=expandable_segments:True to avoid fragmentation.  See documentation for Memory Management  (https://pytorch.org/docs/stable/notes/cuda.html#environment-variables)
[I 2026-03-27 21:39:03,975] Trial 173 finished with value: -1.0 and parameters: {'batch_size': 128, 'threshold': 0.8, 'attention_heads': 4, 'hidden_dimension': 64, 'number_of_hidden_layers': 0, 'dropout_rate': 0.2, 'learning_rate': 0.001, 'weight_decay': 0.001}. Best is trial 171 with value: 0.9382.
CUDA out of memory. Tried to allocate 7.64 GiB. GPU 0 has a total capacity of 44.40 GiB of which 5.16 GiB is free. Including non-PyTorch memory, this process has 39.22 GiB memory in use. Of the allocated memory 38.63 GiB is allocated by PyTorch, and 43.87 MiB is reserved by PyTorch but unallocated. If reserved but unallocated memory is large try setting PYTORCH_CUDA_ALLOC_CONF=expandable_segments:True to avoid fragmentation.  See documentation for Memory Management  (https://pytorch.org/docs/stable/notes/cuda.html#environment-variables)
[I 2026-03-28 00:28:54,873] Trial 174 finished with value: -1.0 and parameters: {'batch_size': 32, 'threshold': 0.8, 'attention_heads': 6, 'hidden_dimension': 64, 'number_of_hidden_layers': 0, 'dropout_rate': 0.3, 'learning_rate': 1e-05, 'weight_decay': 0.0001}. Best is trial 171 with value: 0.9382.
[I 2026-03-28 03:13:04,731] Trial 175 finished with value: 0.932 and parameters: {'batch_size': 32, 'threshold': 0.99, 'attention_heads': 4, 'hidden_dimension': 32, 'number_of_hidden_layers': 0, 'dropout_rate': 0.2, 'learning_rate': 0.0003, 'weight_decay': 1e-06}. Best is trial 171 with value: 0.9382.
slurmstepd: error: *** JOB 2554383 ON kn077 CANCELLED AT 2026-03-28T04:43:24 DUE TO TIME LIMIT ***
