SLURM NODE: kn080
[I 2026-03-16 14:36:21,262] Using an existing study with name 'R8-Attention_distillation' instead of creating a new one.
Unbound optimization already completed.

[UPDATE] Unbound limits: {'batch_size': (np.int64(16), np.int64(128)), 'threshold': (np.float64(0.6), np.float64(0.99)), 'attention_heads': (np.int64(1), np.int64(2)), 'hidden_dimension': (np.int64(32), np.int64(128)), 'number_of_hidden_layers': (np.int64(0), np.int64(2)), 'dropout_rate': (np.float64(0.1), np.float64(0.3)), 'learning_rate': (np.float64(1e-05), np.float64(0.001)), 'weight_decay': (np.float64(1e-05), np.float64(0.001))}
[I 2026-03-16 14:36:22,163] Using an existing study with name 'R8-Attention_distillation-unbound' instead of creating a new one.
Unbound optimization already completed.

[TRIAL] 2 [VALIDATION PERFORMANCE] 0.9689518803908748 [TRAINING LOSS] 0.020308952651320444 [VALIDATION LOSS] 0.20438248998220843 

number                         			 2
value                          			 0.9689518803908748
params_attention_heads         			 1
params_batch_size              			 16
params_dropout_rate            			 0.1
params_hidden_dimension        			 64
params_learning_rate           			 0.001
params_number_of_hidden_layers 			 1
params_threshold               			 0.7
params_weight_decay            			 0.0001
user_attrs_duplicate           			 False
user_attrs_epoch               			 39.0
user_attrs_training_loss       			 0.020308952651320444
user_attrs_validation_loss     			 0.20438248998220843

[37] VALIDATION: 0.9508143156436314 TESTING: 0.9439202987941618
[38] VALIDATION: 0.9473138139061603 TESTING: 0.9490524080269114
[39] VALIDATION: 0.9483435346373671 TESTING: 0.9381388223060139
[40] VALIDATION: 0.9578591036975854 TESTING: 0.9421519667427929
[41] VALIDATION: 0.946696083482998 TESTING: 0.9471484717139402
[42] VALIDATION: 0.9689518803908748 TESTING: 0.9360168840187297
[43] VALIDATION: 0.9527028199223179 TESTING: 0.9412797841138676
[44] VALIDATION: 0.951733037091035 TESTING: 0.9335550268811218
[45] VALIDATION: 0.9534504349360844 TESTING: 0.9371366088025839
[46] VALIDATION: 0.9525969970339073 TESTING: 0.9377259584786761

Validation performance: 94.67 & 95.3 ± 0.65 & 96.9
Testing performance: 93.36 & 94.06 ± 0.5 & 94.91

[TRIAL] 53 [VALIDATION PERFORMANCE] 0.966179269376035 [TRAINING LOSS] 0.020792265663690426 [VALIDATION LOSS] 0.16113128827419132 

number                         			 53
value                          			 0.966179269376035
params_attention_heads         			 1
params_batch_size              			 48
params_dropout_rate            			 0.2670088341157761
params_hidden_dimension        			 53
params_learning_rate           			 0.00016936852799260185
params_number_of_hidden_layers 			 0
params_threshold               			 0.85
params_weight_decay            			 8.245348411167805e-05
user_attrs_duplicate           			 False
user_attrs_epoch               			 39.0
user_attrs_training_loss       			 0.020792265663690426
user_attrs_validation_loss     			 0.16113128827419132

[37] VALIDATION: 0.9600560497601764 TESTING: 0.9467397494073706
[38] VALIDATION: 0.9477218957916748 TESTING: 0.9457607798396643
[39] VALIDATION: 0.9483801692470354 TESTING: 0.9437619259591075
[40] VALIDATION: 0.9598298133128221 TESTING: 0.9390812689021499
[41] VALIDATION: 0.9620582869399603 TESTING: 0.934972606359556
[42] VALIDATION: 0.966179269376035 TESTING: 0.9404632612933193
[43] VALIDATION: 0.956951980542857 TESTING: 0.9372056431919882
[44] VALIDATION: 0.9579189691901095 TESTING: 0.9450140676789386
[45] VALIDATION: 0.9615783952528293 TESTING: 0.9392825909724567
[46] VALIDATION: 0.9492089143539789 TESTING: 0.9423832433493278

Validation performance: 94.77 & 95.7 ± 0.64 & 96.62
Testing performance: 93.5 & 94.15 ± 0.39 & 94.67

[TRIAL] 69 [VALIDATION PERFORMANCE] 0.9642583329411233 [TRAINING LOSS] 0.012660572034142474 [VALIDATION LOSS] 0.15202604690487284 

number                         			 69
value                          			 0.9642583329411233
params_attention_heads         			 1
params_batch_size              			 48
params_dropout_rate            			 0.22611423302610936
params_hidden_dimension        			 37
params_learning_rate           			 0.0004915606737622543
params_number_of_hidden_layers 			 0
params_threshold               			 0.9299999999999999
params_weight_decay            			 0.00015315714872468256
user_attrs_duplicate           			 False
user_attrs_epoch               			 39.0
user_attrs_training_loss       			 0.012660572034142474
user_attrs_validation_loss     			 0.15202604690487284

[37] VALIDATION: 0.9446233221971778 TESTING: 0.9451428444050713
[38] VALIDATION: 0.9555934064649096 TESTING: 0.9402894972845791
[39] VALIDATION: 0.9622356515285996 TESTING: 0.9497243912854402
[40] VALIDATION: 0.9543574019825649 TESTING: 0.9353135294430757
[41] VALIDATION: 0.9459083025873298 TESTING: 0.9468126235959787
[42] VALIDATION: 0.9642583329411233 TESTING: 0.9395720890202974
[43] VALIDATION: 0.954330745927401 TESTING: 0.9388539765280035
[44] VALIDATION: 0.9513151752781875 TESTING: 0.950098094695577
[45] VALIDATION: 0.9473611407896145 TESTING: 0.9461205478634489
[46] VALIDATION: 0.9663107757654513 TESTING: 0.938877633130069

Validation performance: 94.46 & 95.46 ± 0.77 & 96.63
Testing performance: 93.53 & 94.31 ± 0.51 & 95.01

[R8] Elapsed time: 68.06488219896953 minutes.
