SLURM NODE: kn061
[I 2026-03-31 07:11:29,989] Using an existing study with name 'IMDb-Attention_distillation' instead of creating a new one.
[UPDATE] 50 completed trials using a random sampler. Switching from random to TPE sampling.
Last trial state: 0
Enqueuing hyper-parameters: {'batch_size': 128, 'threshold': 0.95, 'attention_heads': 6, 'hidden_dimension': 64, 'number_of_hidden_layers': 0, 'dropout_rate': 0.4, 'learning_rate': 0.0001, 'weight_decay': 1e-06}
[I 2026-03-31 10:06:29,948] Trial 223 finished with value: 0.9356 and parameters: {'batch_size': 128, 'threshold': 0.95, 'attention_heads': 6, 'hidden_dimension': 64, 'number_of_hidden_layers': 0, 'dropout_rate': 0.4, 'learning_rate': 0.0001, 'weight_decay': 1e-06}. Best is trial 177 with value: 0.9386.
[I 2026-03-31 10:06:30,716] Trial 224 pruned. Duplicate hyper-parameters, same as those used in trial 217: {'batch_size': 128, 'threshold': 0.95, 'attention_heads': 6, 'hidden_dimension': 32, 'number_of_hidden_layers': 0, 'dropout_rate': 0.4, 'learning_rate': 0.0001, 'weight_decay': 0.001}.
[I 2026-03-31 12:59:18,365] Trial 225 finished with value: 0.9366 and parameters: {'batch_size': 128, 'threshold': 0.95, 'attention_heads': 4, 'hidden_dimension': 64, 'number_of_hidden_layers': 1, 'dropout_rate': 0.2, 'learning_rate': 0.0001, 'weight_decay': 0.001}. Best is trial 177 with value: 0.9386.
[I 2026-03-31 17:05:25,278] Trial 226 finished with value: 0.9376 and parameters: {'batch_size': 32, 'threshold': 0.8, 'attention_heads': 1, 'hidden_dimension': 128, 'number_of_hidden_layers': 1, 'dropout_rate': 0.3, 'learning_rate': 0.001, 'weight_decay': 0.001}. Best is trial 177 with value: 0.9386.
[I 2026-03-31 17:05:26,556] Trial 227 pruned. Duplicate hyper-parameters, same as those used in trial 225: {'batch_size': 128, 'threshold': 0.95, 'attention_heads': 4, 'hidden_dimension': 64, 'number_of_hidden_layers': 1, 'dropout_rate': 0.2, 'learning_rate': 0.0001, 'weight_decay': 0.001}.
[I 2026-03-31 20:51:45,759] Trial 228 finished with value: 0.9384 and parameters: {'batch_size': 64, 'threshold': 0.8, 'attention_heads': 1, 'hidden_dimension': 128, 'number_of_hidden_layers': 1, 'dropout_rate': 0.3, 'learning_rate': 0.001, 'weight_decay': 0.001}. Best is trial 177 with value: 0.9386.
[I 2026-03-31 20:51:46,668] Trial 229 pruned. Duplicate hyper-parameters, same as those used in trial 226: {'batch_size': 32, 'threshold': 0.8, 'attention_heads': 1, 'hidden_dimension': 128, 'number_of_hidden_layers': 1, 'dropout_rate': 0.3, 'learning_rate': 0.001, 'weight_decay': 0.001}.
[I 2026-04-01 00:43:15,992] Trial 230 finished with value: 0.936 and parameters: {'batch_size': 32, 'threshold': 0.6, 'attention_heads': 1, 'hidden_dimension': 64, 'number_of_hidden_layers': 1, 'dropout_rate': 0.3, 'learning_rate': 1e-05, 'weight_decay': 0.001}. Best is trial 177 with value: 0.9386.
[I 2026-04-01 00:43:16,651] Trial 231 pruned. Duplicate hyper-parameters, same as those used in trial 230: {'batch_size': 32, 'threshold': 0.6, 'attention_heads': 1, 'hidden_dimension': 64, 'number_of_hidden_layers': 1, 'dropout_rate': 0.3, 'learning_rate': 1e-05, 'weight_decay': 0.001}.
CUDA out of memory. Tried to allocate 7.28 GiB. GPU 0 has a total capacity of 44.40 GiB of which 6.84 GiB is free. Including non-PyTorch memory, this process has 37.54 GiB memory in use. Of the allocated memory 36.94 GiB is allocated by PyTorch, and 64.30 MiB is reserved by PyTorch but unallocated. If reserved but unallocated memory is large try setting PYTORCH_CUDA_ALLOC_CONF=expandable_segments:True to avoid fragmentation.  See documentation for Memory Management  (https://pytorch.org/docs/stable/notes/cuda.html#environment-variables)
[I 2026-04-01 03:19:08,148] Trial 232 finished with value: -1.0 and parameters: {'batch_size': 64, 'threshold': 0.7, 'attention_heads': 1, 'hidden_dimension': 128, 'number_of_hidden_layers': 1, 'dropout_rate': 0.3, 'learning_rate': 0.001, 'weight_decay': 0.001}. Best is trial 177 with value: 0.9386.
[I 2026-04-01 06:35:37,526] Trial 233 finished with value: 0.9372 and parameters: {'batch_size': 32, 'threshold': 0.8, 'attention_heads': 2, 'hidden_dimension': 32, 'number_of_hidden_layers': 0, 'dropout_rate': 0.3, 'learning_rate': 0.0001, 'weight_decay': 0.001}. Best is trial 177 with value: 0.9386.
[I 2026-04-01 10:12:45,233] Trial 234 finished with value: 0.9326 and parameters: {'batch_size': 64, 'threshold': 0.8, 'attention_heads': 1, 'hidden_dimension': 128, 'number_of_hidden_layers': 1, 'dropout_rate': 0.3, 'learning_rate': 1e-05, 'weight_decay': 0.001}. Best is trial 177 with value: 0.9386.
[I 2026-04-01 13:43:43,550] Trial 235 finished with value: 0.939 and parameters: {'batch_size': 64, 'threshold': 0.8, 'attention_heads': 1, 'hidden_dimension': 128, 'number_of_hidden_layers': 1, 'dropout_rate': 0.4, 'learning_rate': 0.001, 'weight_decay': 0.001}. Best is trial 235 with value: 0.939.
[I 2026-04-01 17:18:45,345] Trial 236 finished with value: 0.939 and parameters: {'batch_size': 64, 'threshold': 0.8, 'attention_heads': 1, 'hidden_dimension': 128, 'number_of_hidden_layers': 1, 'dropout_rate': 0.1, 'learning_rate': 0.001, 'weight_decay': 0.001}. Best is trial 235 with value: 0.939.
[I 2026-04-01 17:18:46,160] Trial 237 pruned. Duplicate hyper-parameters, same as those used in trial 233: {'batch_size': 32, 'threshold': 0.8, 'attention_heads': 2, 'hidden_dimension': 32, 'number_of_hidden_layers': 0, 'dropout_rate': 0.3, 'learning_rate': 0.0001, 'weight_decay': 0.001}.
[I 2026-04-01 20:22:45,798] Trial 238 finished with value: 0.938 and parameters: {'batch_size': 64, 'threshold': 0.8, 'attention_heads': 1, 'hidden_dimension': 64, 'number_of_hidden_layers': 1, 'dropout_rate': 0.1, 'learning_rate': 0.001, 'weight_decay': 0.001}. Best is trial 235 with value: 0.939.
[I 2026-04-01 20:22:46,619] Trial 239 pruned. Duplicate hyper-parameters, same as those used in trial 235: {'batch_size': 64, 'threshold': 0.8, 'attention_heads': 1, 'hidden_dimension': 128, 'number_of_hidden_layers': 1, 'dropout_rate': 0.4, 'learning_rate': 0.001, 'weight_decay': 0.001}.
[I 2026-04-02 00:09:06,377] Trial 240 finished with value: 0.9384 and parameters: {'batch_size': 64, 'threshold': 0.8, 'attention_heads': 1, 'hidden_dimension': 128, 'number_of_hidden_layers': 1, 'dropout_rate': 0.3, 'learning_rate': 0.001, 'weight_decay': 1e-05}. Best is trial 235 with value: 0.939.
[I 2026-04-02 02:47:54,352] Trial 241 finished with value: 0.9362 and parameters: {'batch_size': 64, 'threshold': 0.8, 'attention_heads': 1, 'hidden_dimension': 32, 'number_of_hidden_layers': 1, 'dropout_rate': 0.3, 'learning_rate': 0.001, 'weight_decay': 1e-05}. Best is trial 235 with value: 0.939.
[I 2026-04-02 07:15:57,694] Trial 242 finished with value: 0.94 and parameters: {'batch_size': 16, 'threshold': 0.8, 'attention_heads': 1, 'hidden_dimension': 128, 'number_of_hidden_layers': 1, 'dropout_rate': 0.3, 'learning_rate': 0.001, 'weight_decay': 1e-05}. Best is trial 242 with value: 0.94.
[I 2026-04-02 07:15:58,367] Trial 243 pruned. Duplicate hyper-parameters, same as those used in trial 241: {'batch_size': 64, 'threshold': 0.8, 'attention_heads': 1, 'hidden_dimension': 32, 'number_of_hidden_layers': 1, 'dropout_rate': 0.3, 'learning_rate': 0.001, 'weight_decay': 1e-05}.
[I 2026-04-02 07:15:59,078] Trial 244 pruned. Duplicate hyper-parameters, same as those used in trial 242: {'batch_size': 16, 'threshold': 0.8, 'attention_heads': 1, 'hidden_dimension': 128, 'number_of_hidden_layers': 1, 'dropout_rate': 0.3, 'learning_rate': 0.001, 'weight_decay': 1e-05}.
[I 2026-04-02 10:25:55,343] Trial 245 finished with value: 0.9376 and parameters: {'batch_size': 64, 'threshold': 0.8, 'attention_heads': 1, 'hidden_dimension': 64, 'number_of_hidden_layers': 2, 'dropout_rate': 0.1, 'learning_rate': 0.001, 'weight_decay': 0.001}. Best is trial 242 with value: 0.94.
[I 2026-04-02 10:25:56,168] Trial 246 pruned. Duplicate hyper-parameters, same as those used in trial 238: {'batch_size': 64, 'threshold': 0.8, 'attention_heads': 1, 'hidden_dimension': 64, 'number_of_hidden_layers': 1, 'dropout_rate': 0.1, 'learning_rate': 0.001, 'weight_decay': 0.001}.
[I 2026-04-02 13:46:56,483] Trial 247 finished with value: 0.9384 and parameters: {'batch_size': 32, 'threshold': 0.8, 'attention_heads': 1, 'hidden_dimension': 64, 'number_of_hidden_layers': 2, 'dropout_rate': 0.1, 'learning_rate': 0.001, 'weight_decay': 0.001}. Best is trial 242 with value: 0.94.
[I 2026-04-02 13:46:57,353] Trial 248 pruned. Duplicate hyper-parameters, same as those used in trial 247: {'batch_size': 32, 'threshold': 0.8, 'attention_heads': 1, 'hidden_dimension': 64, 'number_of_hidden_layers': 2, 'dropout_rate': 0.1, 'learning_rate': 0.001, 'weight_decay': 0.001}.
[I 2026-04-02 16:49:12,952] Trial 249 finished with value: 0.9374 and parameters: {'batch_size': 64, 'threshold': 0.8, 'attention_heads': 1, 'hidden_dimension': 64, 'number_of_hidden_layers': 2, 'dropout_rate': 0.1, 'learning_rate': 0.0001, 'weight_decay': 0.001}. Best is trial 242 with value: 0.94.
[I 2026-04-02 20:41:01,287] Trial 250 finished with value: 0.9356 and parameters: {'batch_size': 64, 'threshold': 0.6, 'attention_heads': 1, 'hidden_dimension': 64, 'number_of_hidden_layers': 2, 'dropout_rate': 0.1, 'learning_rate': 0.001, 'weight_decay': 0.001}. Best is trial 242 with value: 0.94.
[I 2026-04-02 23:47:12,859] Trial 251 finished with value: 0.936 and parameters: {'batch_size': 64, 'threshold': 0.8, 'attention_heads': 1, 'hidden_dimension': 32, 'number_of_hidden_layers': 2, 'dropout_rate': 0.1, 'learning_rate': 0.0001, 'weight_decay': 0.001}. Best is trial 242 with value: 0.94.
[I 2026-04-03 03:20:13,469] Trial 252 finished with value: 0.9374 and parameters: {'batch_size': 64, 'threshold': 0.8, 'attention_heads': 1, 'hidden_dimension': 64, 'number_of_hidden_layers': 2, 'dropout_rate': 0.1, 'learning_rate': 0.0001, 'weight_decay': 0.0001}. Best is trial 242 with value: 0.94.
CUDA out of memory. Tried to allocate 7.11 GiB. GPU 0 has a total capacity of 44.40 GiB of which 2.25 GiB is free. Including non-PyTorch memory, this process has 42.13 GiB memory in use. Of the allocated memory 41.50 GiB is allocated by PyTorch, and 90.70 MiB is reserved by PyTorch but unallocated. If reserved but unallocated memory is large try setting PYTORCH_CUDA_ALLOC_CONF=expandable_segments:True to avoid fragmentation.  See documentation for Memory Management  (https://pytorch.org/docs/stable/notes/cuda.html#environment-variables)
[I 2026-04-03 05:44:13,374] Trial 253 finished with value: -1.0 and parameters: {'batch_size': 64, 'threshold': 0.8, 'attention_heads': 6, 'hidden_dimension': 64, 'number_of_hidden_layers': 2, 'dropout_rate': 0.1, 'learning_rate': 0.001, 'weight_decay': 0.001}. Best is trial 242 with value: 0.94.
[I 2026-04-03 05:44:14,395] Trial 254 pruned. Duplicate hyper-parameters, same as those used in trial 252: {'batch_size': 64, 'threshold': 0.8, 'attention_heads': 1, 'hidden_dimension': 64, 'number_of_hidden_layers': 2, 'dropout_rate': 0.1, 'learning_rate': 0.0001, 'weight_decay': 0.0001}.
slurmstepd: error: *** JOB 2831204 ON kn061 CANCELLED AT 2026-04-03T07:11:14 DUE TO TIME LIMIT ***
