SLURM NODE: kn044

[TRIAL] 0 [VALIDATION PERFORMANCE] 0.9151515151515152 [TRAINING LOSS] 0.12278323387727141 [VALIDATION LOSS] 0.19778592636187872 

number                         			 0
value                          			 0.9151515151515152
params_attention_heads         			 1
params_batch_size              			 32
params_dropout_rate            			 0.3
params_edge_threshold          			 0.6
params_hidden_dimension        			 128
params_learning_rate           			 0.0001
params_node_threshold          			 0.9
params_number_of_hidden_layers 			 1
params_weight_decay            			 0.0001
user_attrs_duplicate           			 False
user_attrs_epoch               			 12.0
user_attrs_training_loss       			 0.12278323387727141
user_attrs_validation_loss     			 0.19778592636187872

[37] VALIDATION: 0.8666666666666667 TESTING: 0.8507462686567164
[38] VALIDATION: 0.8909090909090909 TESTING: 0.8686567164179104
[39] VALIDATION: 0.8484848484848485 TESTING: 0.8388059701492537
[40] VALIDATION: 0.8727272727272727 TESTING: 0.8805970149253731
[41] VALIDATION: 0.8666666666666667 TESTING: 0.8716417910447761
[42] VALIDATION: 0.8606060606060606 TESTING: 0.8746268656716418
[43] VALIDATION: 0.8181818181818182 TESTING: 0.8537313432835821
[44] VALIDATION: 0.8242424242424242 TESTING: 0.8388059701492537
[45] VALIDATION: 0.8484848484848485 TESTING: 0.8656716417910447
[46] VALIDATION: 0.8242424242424242 TESTING: 0.8537313432835821

Validation performance: 81.82 & 85.21 ± 2.39 & 89.09
Testing performance: 83.88 & 85.97 ± 1.47 & 88.06

[TRIAL] 1 [VALIDATION PERFORMANCE] 0.9151515151515152 [TRAINING LOSS] 0.12278323387727141 [VALIDATION LOSS] 0.19778592636187872 

number                         			 1
value                          			 0.9151515151515152
params_attention_heads         			 1
params_batch_size              			 32
params_dropout_rate            			 0.3
params_edge_threshold          			 0.6
params_hidden_dimension        			 128
params_learning_rate           			 0.0001
params_node_threshold          			 0.9
params_number_of_hidden_layers 			 1
params_weight_decay            			 1e-05
user_attrs_duplicate           			 False
user_attrs_epoch               			 12.0
user_attrs_training_loss       			 0.12278323387727141
user_attrs_validation_loss     			 0.19778592636187872

slurmstepd: error: *** JOB 3206181 ON kn044 CANCELLED AT 2026-04-22T09:30:34 ***
