SLURM NODE: kn064

[TRIAL] 55 [VALIDATION PERFORMANCE] 0.6543188019429754 [TRAINING LOSS] 0.6284693945199251 [VALIDATION LOSS] 1.5670334647099178 

number                         			 55
value                          			 0.6543188019429754
params_attention_heads         			 8
params_batch_size              			 56
params_dropout_rate            			 0.10854688298020293
params_edge_threshold          			 0.72
params_hidden_dimension        			 122
params_learning_rate           			 0.00028666422518832296
params_node_threshold          			 0.82
params_number_of_hidden_layers 			 2
params_weight_decay            			 1.0005035451047945e-06
user_attrs_duplicate           			 False
user_attrs_epoch               			 2.0
user_attrs_training_loss       			 0.6284693945199251
user_attrs_validation_loss     			 1.5670334647099178

[37] VALIDATION: 0.47602380648704523 TESTING: 0.472851570542459
[38] VALIDATION: 0.5616821855120238 TESTING: 0.5456134943705442
[39] VALIDATION: 0.5258113743979862 TESTING: 0.4962042872178237
slurmstepd: error: *** JOB 3189656 ON kn064 CANCELLED AT 2026-04-21T04:36:41 ***
