SLURM NODE: kn048

[TRIAL] 38 [VALIDATION PERFORMANCE] 0.9694626941075009 [TRAINING LOSS] 0.08850789768621325 [VALIDATION LOSS] 0.1577101149596274 

number                         			 38
value                          			 0.9694626941075009
params_attention_heads         			 5
params_batch_size              			 128
params_dropout_rate            			 0.12232200989360004
params_edge_threshold          			 0.58
params_hidden_dimension        			 39
params_learning_rate           			 0.0008829915716386434
params_node_threshold          			 0.8099999999999999
params_number_of_hidden_layers 			 2
params_weight_decay            			 0.0006154657655895834
user_attrs_duplicate           			 False
user_attrs_epoch               			 4.0
user_attrs_training_loss       			 0.08850789768621325
user_attrs_validation_loss     			 0.1577101149596274

[37] VALIDATION: 0.9536610785089105 TESTING: 0.9279935082002261
[38] VALIDATION: 0.9484006357084107 TESTING: 0.9380597554841588
[39] VALIDATION: 0.9537960734078089 TESTING: 0.9119514507993105
[40] VALIDATION: 0.9404345792357149 TESTING: 0.9252076739587363
[41] VALIDATION: 0.9574038711264125 TESTING: 0.9186903407652871
[42] VALIDATION: 0.9561699376750653 TESTING: 0.9353570535127771
[43] VALIDATION: 0.9578980785916794 TESTING: 0.9401982614542781
[44] VALIDATION: 0.9324332729278761 TESTING: 0.9206911325167632
[45] VALIDATION: 0.9473464754644234 TESTING: 0.9240376456742493
[46] VALIDATION: 0.9483165632971832 TESTING: 0.9287812328658609

Validation performance: 93.24 & 94.96 ± 0.81 & 95.79
Testing performance: 91.2 & 92.71 ± 0.89 & 94.02

[TRIAL] 40 [VALIDATION PERFORMANCE] 0.9680419250536636 [TRAINING LOSS] 0.060670493519864976 [VALIDATION LOSS] 0.15769106592051685 

number                         			 40
value                          			 0.9680419250536636
params_attention_heads         			 5
params_batch_size              			 128
params_dropout_rate            			 0.11658630998114217
params_edge_threshold          			 0.56
params_hidden_dimension        			 39
params_learning_rate           			 0.0006997453057409489
params_node_threshold          			 0.82
params_number_of_hidden_layers 			 2
params_weight_decay            			 0.00013796178291034688
user_attrs_duplicate           			 False
user_attrs_epoch               			 5.0
user_attrs_training_loss       			 0.060670493519864976
user_attrs_validation_loss     			 0.15769106592051685

slurmstepd: error: *** JOB 3189657 ON kn048 CANCELLED AT 2026-04-20T04:10:06 ***
