SLURM NODE: kn027

[TRIAL] 55 [VALIDATION PERFORMANCE] 0.6543188019429754 [TRAINING LOSS] 0.6284693945199251 [VALIDATION LOSS] 1.5670334647099178 

number                         			 55
value                          			 0.6543188019429754
params_attention_heads         			 8
params_batch_size              			 56
params_dropout_rate            			 0.10854688298020293
params_edge_threshold          			 0.72
params_hidden_dimension        			 122
params_learning_rate           			 0.00028666422518832296
params_node_threshold          			 0.82
params_number_of_hidden_layers 			 2
params_weight_decay            			 1.0005035451047945e-06
user_attrs_duplicate           			 False
user_attrs_epoch               			 2.0
user_attrs_training_loss       			 0.6284693945199251
user_attrs_validation_loss     			 1.5670334647099178

[37] VALIDATION: 0.47602380648704523 TESTING: 0.472851570542459
[38] VALIDATION: 0.5616821855120238 TESTING: 0.5456134943705442
[39] VALIDATION: 0.5258113743979862 TESTING: 0.4962042872178237
[40] VALIDATION: 0.6040536100937802 TESTING: 0.5754433074878048
[41] VALIDATION: 0.4360534925884962 TESTING: 0.4469287689684617
[42] VALIDATION: 0.5599848199007574 TESTING: 0.5247951647879109
[43] VALIDATION: 0.5722691167942792 TESTING: 0.5363996930248768
[44] VALIDATION: 0.5707836002088201 TESTING: 0.5276624641757622
[45] VALIDATION: 0.4466159869391348 TESTING: 0.44321655379230807
[46] VALIDATION: 0.5312575255391712 TESTING: 0.5317394914098936

Validation performance: 43.61 & 52.85 ± 5.73 & 60.41
Testing performance: 44.32 & 51.01 ± 4.38 & 57.54

[TRIAL] 0 [VALIDATION PERFORMANCE] 0.6537266560341978 [TRAINING LOSS] 0.4819786704721905 [VALIDATION LOSS] 1.3726309212771328 

number                         			 0
value                          			 0.6537266560341978
params_attention_heads         			 8
params_batch_size              			 64
params_dropout_rate            			 0.1
params_edge_threshold          			 0.7
params_hidden_dimension        			 128
params_learning_rate           			 0.0001
params_node_threshold          			 0.8
params_number_of_hidden_layers 			 2
params_weight_decay            			 1e-05
user_attrs_duplicate           			 False
user_attrs_epoch               			 4.0
user_attrs_training_loss       			 0.4819786704721905
user_attrs_validation_loss     			 1.3726309212771328

slurmstepd: error: *** JOB 3270896 ON kn027 CANCELLED AT 2026-04-23T06:26:01 ***
