SLURM NODE: kn043

[TRIAL] 55 [VALIDATION PERFORMANCE] 0.6543188019429754 [TRAINING LOSS] 0.6284693945199251 [VALIDATION LOSS] 1.5670334647099178 

number                         			 55
value                          			 0.6543188019429754
params_attention_heads         			 8
params_batch_size              			 56
params_dropout_rate            			 0.10854688298020293
params_edge_threshold          			 0.72
params_hidden_dimension        			 122
params_learning_rate           			 0.00028666422518832296
params_node_threshold          			 0.82
params_number_of_hidden_layers 			 2
params_weight_decay            			 1.0005035451047945e-06
user_attrs_duplicate           			 False
user_attrs_epoch               			 2.0
user_attrs_training_loss       			 0.6284693945199251
user_attrs_validation_loss     			 1.5670334647099178

[37] VALIDATION: 0.6424291715245634 TESTING: 0.6333311524038033
[38] VALIDATION: 0.6143402265691726 TESTING: 0.6180719490708778
[39] VALIDATION: 0.6299164549253937 TESTING: 0.6228561403503275
[40] VALIDATION: 0.6328527287435474 TESTING: 0.6377182650392007
[41] VALIDATION: 0.6337711398935302 TESTING: 0.6255104937540084
[42] VALIDATION: 0.6360788525898606 TESTING: 0.6272821525199523
[43] VALIDATION: 0.6385676845563303 TESTING: 0.6203784114139029
[44] VALIDATION: 0.6309959544043512 TESTING: 0.6242469574253607
[45] VALIDATION: 0.6589515151674284 TESTING: 0.6318251400776783
[46] VALIDATION: 0.6503903978925087 TESTING: 0.6196113285077921

Validation performance: 61.43 & 63.68 ± 1.21 & 65.9
Testing performance: 61.81 & 62.61 ± 0.65 & 63.77

[TRIAL] 0 [VALIDATION PERFORMANCE] 0.6537266560341978 [TRAINING LOSS] 0.4819786704721905 [VALIDATION LOSS] 1.3726309212771328 

number                         			 0
value                          			 0.6537266560341978
params_attention_heads         			 8
params_batch_size              			 64
params_dropout_rate            			 0.1
params_edge_threshold          			 0.7
params_hidden_dimension        			 128
params_learning_rate           			 0.0001
params_node_threshold          			 0.8
params_number_of_hidden_layers 			 2
params_weight_decay            			 1e-05
user_attrs_duplicate           			 False
user_attrs_epoch               			 4.0
user_attrs_training_loss       			 0.4819786704721905
user_attrs_validation_loss     			 1.3726309212771328

slurmstepd: error: *** JOB 3100693 ON kn043 CANCELLED AT 2026-04-14T04:49:33 ***
