SLURM NODE: kn060

[TRIAL] 0 [VALIDATION PERFORMANCE] 0.9254587155963303 [TRAINING LOSS] 0.22118631866546945 [VALIDATION LOSS] 0.29448101403457777 

number                         			 0
value                          			 0.9254587155963303
params_attention_heads         			 1
params_batch_size              			 64
params_dropout_rate            			 0.3
params_edge_threshold          			 0.8
params_hidden_dimension        			 128
params_learning_rate           			 0.001
params_node_threshold          			 0.95
params_number_of_hidden_layers 			 1
params_weight_decay            			 1e-06
user_attrs_duplicate           			 False
user_attrs_epoch               			 1.0
user_attrs_training_loss       			 0.22118631866546945
user_attrs_validation_loss     			 0.29448101403457777

[37] VALIDATION: 0.9128440366972477 TESTING: 0.9088412959912137
[38] VALIDATION: 0.9162844036697247 TESTING: 0.8929159802306426
[39] VALIDATION: 0.9105504587155964 TESTING: 0.9038989566172433
[40] VALIDATION: 0.9128440366972477 TESTING: 0.9071938495332235
[41] VALIDATION: 0.908256880733945 TESTING: 0.9022515101592532
[42] VALIDATION: 0.9185779816513762 TESTING: 0.9060955518945635
[43] VALIDATION: 0.9151376146788991 TESTING: 0.9088412959912137
[44] VALIDATION: 0.9185779816513762 TESTING: 0.9099395936298736
[45] VALIDATION: 0.9128440366972477 TESTING: 0.9060955518945635
[46] VALIDATION: 0.9151376146788991 TESTING: 0.9099395936298736

Validation performance: 90.83 & 91.41 ± 0.33 & 91.86
Testing performance: 89.29 & 90.56 ± 0.51 & 90.99

[TRIAL] 74 [VALIDATION PERFORMANCE] 0.9231651376146789 [TRAINING LOSS] 0.37978151878085703 [VALIDATION LOSS] 0.24213759281805583 

number                         			 74
value                          			 0.9231651376146789
params_attention_heads         			 7
params_batch_size              			 64
params_dropout_rate            			 0.30130284205736374
params_edge_threshold          			 0.69
params_hidden_dimension        			 45
params_learning_rate           			 0.00014564618914896722
params_node_threshold          			 0.95
params_number_of_hidden_layers 			 1
params_weight_decay            			 1.471150414826445e-05
user_attrs_duplicate           			 False
user_attrs_epoch               			 1.0
user_attrs_training_loss       			 0.37978151878085703
user_attrs_validation_loss     			 0.24213759281805583

[37] VALIDATION: 0.911697247706422 TESTING: 0.9022515101592532
[38] VALIDATION: 0.9105504587155964 TESTING: 0.9022515101592532
[39] VALIDATION: 0.9071100917431193 TESTING: 0.9066447007138935
[40] VALIDATION: 0.9197247706422018 TESTING: 0.900054914881933
[41] VALIDATION: 0.9071100917431193 TESTING: 0.8967600219659527
[42] VALIDATION: 0.9162844036697247 TESTING: 0.9055464030752334
[43] VALIDATION: 0.9185779816513762 TESTING: 0.8984074684239429
[44] VALIDATION: 0.908256880733945 TESTING: 0.8951125755079626
[45] VALIDATION: 0.9048165137614679 TESTING: 0.900604063701263
[46] VALIDATION: 0.9071100917431193 TESTING: 0.899505766062603

Validation performance: 90.48 & 91.11 ± 0.53 & 91.97
Testing performance: 89.51 & 90.07 ± 0.36 & 90.66

[TRIAL] 1 [VALIDATION PERFORMANCE] 0.9231651376146789 [TRAINING LOSS] 0.4570210369628504 [VALIDATION LOSS] 0.24246819636651448 

number                         			 1
value                          			 0.9231651376146789
params_attention_heads         			 8
params_batch_size              			 64
params_dropout_rate            			 0.3
params_edge_threshold          			 0.5
params_hidden_dimension        			 64
params_learning_rate           			 0.0001
params_node_threshold          			 0.95
params_number_of_hidden_layers 			 1
params_weight_decay            			 0.0001
user_attrs_duplicate           			 False
user_attrs_epoch               			 1.0
user_attrs_training_loss       			 0.4570210369628504
user_attrs_validation_loss     			 0.24246819636651448

[37] VALIDATION: 0.9162844036697247 TESTING: 0.9011532125205931
[38] VALIDATION: 0.9094036697247706 TESTING: 0.9028006589785832
[39] VALIDATION: 0.9151376146788991 TESTING: 0.9044481054365733
[40] VALIDATION: 0.9059633027522935 TESTING: 0.900054914881933
[41] VALIDATION: 0.9174311926605505 TESTING: 0.9011532125205931
[42] VALIDATION: 0.9013761467889908 TESTING: 0.8896210873146623
[43] VALIDATION: 0.9162844036697247 TESTING: 0.9071938495332235
[44] VALIDATION: 0.9071100917431193 TESTING: 0.8989566172432729
[45] VALIDATION: 0.9139908256880734 TESTING: 0.9017023613399231
[46] VALIDATION: 0.9174311926605505 TESTING: 0.9044481054365733

Validation performance: 90.14 & 91.2 ± 0.57 & 91.74
Testing performance: 88.96 & 90.12 ± 0.47 & 90.72

[SST-2] Elapsed time: 1469.7567316969237 minutes.
