SLURM NODE: kn062

[TRIAL] 38 [VALIDATION PERFORMANCE] 0.9694626941075009 [TRAINING LOSS] 0.08850789768621325 [VALIDATION LOSS] 0.1577101149596274 

number                         			 38
value                          			 0.9694626941075009
params_attention_heads         			 5
params_batch_size              			 128
params_dropout_rate            			 0.12232200989360004
params_edge_threshold          			 0.58
params_hidden_dimension        			 39
params_learning_rate           			 0.0008829915716386434
params_node_threshold          			 0.8099999999999999
params_number_of_hidden_layers 			 2
params_weight_decay            			 0.0006154657655895834
user_attrs_duplicate           			 False
user_attrs_epoch               			 4.0
user_attrs_training_loss       			 0.08850789768621325
user_attrs_validation_loss     			 0.1577101149596274

[37] VALIDATION: 0.949658583215611 TESTING: 0.9365897494275057
[38] VALIDATION: 0.9375212506534079 TESTING: 0.9280192273597405
[39] VALIDATION: 0.9548081812909006 TESTING: 0.9363492155979145
[40] VALIDATION: 0.9389154670303987 TESTING: 0.9410715748614431
[41] VALIDATION: 0.9481035545513031 TESTING: 0.9394544734309516
[42] VALIDATION: 0.9516795457632146 TESTING: 0.9330594205417009
[43] VALIDATION: 0.9477244933940255 TESTING: 0.9401471994453793
[44] VALIDATION: 0.9472247993212806 TESTING: 0.9317180777182313
[45] VALIDATION: 0.946300294721093 TESTING: 0.9333396049517816
[46] VALIDATION: 0.9371208259763838 TESTING: 0.9300791234062302

Validation performance: 93.71 & 94.59 ± 0.61 & 95.48
Testing performance: 92.8 & 93.5 ± 0.44 & 94.11

[TRIAL] 40 [VALIDATION PERFORMANCE] 0.9680419250536636 [TRAINING LOSS] 0.060670493519864976 [VALIDATION LOSS] 0.15769106592051685 

number                         			 40
value                          			 0.9680419250536636
params_attention_heads         			 5
params_batch_size              			 128
params_dropout_rate            			 0.11658630998114217
params_edge_threshold          			 0.56
params_hidden_dimension        			 39
params_learning_rate           			 0.0006997453057409489
params_node_threshold          			 0.82
params_number_of_hidden_layers 			 2
params_weight_decay            			 0.00013796178291034688
user_attrs_duplicate           			 False
user_attrs_epoch               			 5.0
user_attrs_training_loss       			 0.060670493519864976
user_attrs_validation_loss     			 0.15769106592051685

[37] VALIDATION: 0.9439174917715275 TESTING: 0.9387324988903949
[38] VALIDATION: 0.946011014618958 TESTING: 0.9366097120962156
[39] VALIDATION: 0.9480874711723443 TESTING: 0.9361620806256952
[40] VALIDATION: 0.9485035965532299 TESTING: 0.9364806938665831
[41] VALIDATION: 0.9478122392205517 TESTING: 0.9356512875530415
[42] VALIDATION: 0.9571696188079206 TESTING: 0.9401816099459938
[43] VALIDATION: 0.9435209405477407 TESTING: 0.9362757887525702
[44] VALIDATION: 0.9518451664352419 TESTING: 0.930037944300233
[45] VALIDATION: 0.9346951504524296 TESTING: 0.9316105004667556
[46] VALIDATION: 0.9456762515817612 TESTING: 0.9302268582295921

Validation performance: 93.47 & 94.67 ± 0.58 & 95.72
Testing performance: 93.0 & 93.52 ± 0.35 & 94.02

[TRIAL] 89 [VALIDATION PERFORMANCE] 0.9639108588484683 [TRAINING LOSS] 0.07446873188018799 [VALIDATION LOSS] 0.17842172210415205 

number                         			 89
value                          			 0.9639108588484683
params_attention_heads         			 6
params_batch_size              			 120
params_dropout_rate            			 0.1177977504794174
params_edge_threshold          			 0.5700000000000001
params_hidden_dimension        			 34
params_learning_rate           			 0.0003211958730854032
params_node_threshold          			 0.7899999999999999
params_number_of_hidden_layers 			 1
params_weight_decay            			 0.00027076496930015213
user_attrs_duplicate           			 False
user_attrs_epoch               			 6.0
user_attrs_training_loss       			 0.07446873188018799
user_attrs_validation_loss     			 0.17842172210415205

[37] VALIDATION: 0.9476363364020619 TESTING: 0.9389444912307641
[38] VALIDATION: 0.9529455628749766 TESTING: 0.9429264685508617
[39] VALIDATION: 0.9544351137781482 TESTING: 0.9292592267693915
[40] VALIDATION: 0.9348835178244468 TESTING: 0.9374201610120365
[41] VALIDATION: 0.9505980554082751 TESTING: 0.9425592830153104
[42] VALIDATION: 0.9538433794292684 TESTING: 0.934972438003095
[43] VALIDATION: 0.9455456773421164 TESTING: 0.9353849681970865
[44] VALIDATION: 0.9511191174500824 TESTING: 0.9407847581657105
[45] VALIDATION: 0.9410511811424412 TESTING: 0.9396715388697858
[46] VALIDATION: 0.9421902117030547 TESTING: 0.9294936286867603

Validation performance: 93.49 & 94.74 ± 0.64 & 95.44
Testing performance: 92.93 & 93.71 ± 0.49 & 94.29

[R8] Elapsed time: 1930.3371240417162 minutes.
