SLURM NODE: kn055

[TRIAL] 0 [VALIDATION PERFORMANCE] 0.9254587155963303 [TRAINING LOSS] 0.22118631866546945 [VALIDATION LOSS] 0.29448101403457777 

number                         			 0
value                          			 0.9254587155963303
params_attention_heads         			 1
params_batch_size              			 64
params_dropout_rate            			 0.3
params_edge_threshold          			 0.8
params_hidden_dimension        			 128
params_learning_rate           			 0.001
params_node_threshold          			 0.95
params_number_of_hidden_layers 			 1
params_weight_decay            			 1e-06
user_attrs_duplicate           			 False
user_attrs_epoch               			 1.0
user_attrs_training_loss       			 0.22118631866546945
user_attrs_validation_loss     			 0.29448101403457777

[37] VALIDATION: 0.9174311926605505 TESTING: 0.9071938495332235
[38] VALIDATION: 0.9174311926605505 TESTING: 0.9104887424492037
[39] VALIDATION: 0.911697247706422 TESTING: 0.9044481054365733
[40] VALIDATION: 0.9174311926605505 TESTING: 0.9082921471718836
[41] VALIDATION: 0.9254587155963303 TESTING: 0.9022515101592532
[42] VALIDATION: 0.9174311926605505 TESTING: 0.9099395936298736
[43] VALIDATION: 0.9162844036697247 TESTING: 0.9071938495332235
[44] VALIDATION: 0.9197247706422018 TESTING: 0.9099395936298736
[45] VALIDATION: 0.9174311926605505 TESTING: 0.9082921471718836
[46] VALIDATION: 0.9197247706422018 TESTING: 0.9104887424492037

Validation performance: 91.17 & 91.8 ± 0.34 & 92.55
Testing performance: 90.23 & 90.79 ± 0.27 & 91.05

[TRIAL] 74 [VALIDATION PERFORMANCE] 0.9231651376146789 [TRAINING LOSS] 0.37978151878085703 [VALIDATION LOSS] 0.24213759281805583 

number                         			 74
value                          			 0.9231651376146789
params_attention_heads         			 7
params_batch_size              			 64
params_dropout_rate            			 0.30130284205736374
params_edge_threshold          			 0.69
params_hidden_dimension        			 45
params_learning_rate           			 0.00014564618914896722
params_node_threshold          			 0.95
params_number_of_hidden_layers 			 1
params_weight_decay            			 1.471150414826445e-05
user_attrs_duplicate           			 False
user_attrs_epoch               			 1.0
user_attrs_training_loss       			 0.37978151878085703
user_attrs_validation_loss     			 0.24213759281805583

[37] VALIDATION: 0.9185779816513762 TESTING: 0.9055464030752334
[38] VALIDATION: 0.9139908256880734 TESTING: 0.9077429983525536
[39] VALIDATION: 0.9174311926605505 TESTING: 0.9071938495332235
[40] VALIDATION: 0.9208715596330275 TESTING: 0.8989566172432729
[41] VALIDATION: 0.9208715596330275 TESTING: 0.9066447007138935
[42] VALIDATION: 0.9197247706422018 TESTING: 0.9071938495332235
[43] VALIDATION: 0.9162844036697247 TESTING: 0.9022515101592532
[44] VALIDATION: 0.9139908256880734 TESTING: 0.9088412959912137
[45] VALIDATION: 0.9151376146788991 TESTING: 0.9060955518945635
[46] VALIDATION: 0.9139908256880734 TESTING: 0.9093904448105437

Validation performance: 91.4 & 91.71 ± 0.28 & 92.09
Testing performance: 89.9 & 90.6 ± 0.32 & 90.94

[TRIAL] 1 [VALIDATION PERFORMANCE] 0.9231651376146789 [TRAINING LOSS] 0.4570210369628504 [VALIDATION LOSS] 0.24246819636651448 

number                         			 1
value                          			 0.9231651376146789
params_attention_heads         			 8
params_batch_size              			 64
params_dropout_rate            			 0.3
params_edge_threshold          			 0.5
params_hidden_dimension        			 64
params_learning_rate           			 0.0001
params_node_threshold          			 0.95
params_number_of_hidden_layers 			 1
params_weight_decay            			 0.0001
user_attrs_duplicate           			 False
user_attrs_epoch               			 1.0
user_attrs_training_loss       			 0.4570210369628504
user_attrs_validation_loss     			 0.24246819636651448

[37] VALIDATION: 0.9151376146788991 TESTING: 0.9017023613399231
[38] VALIDATION: 0.9162844036697247 TESTING: 0.9060955518945635
[39] VALIDATION: 0.9162844036697247 TESTING: 0.9077429983525536
[40] VALIDATION: 0.9174311926605505 TESTING: 0.9055464030752334
[41] VALIDATION: 0.9174311926605505 TESTING: 0.9028006589785832
[42] VALIDATION: 0.9151376146788991 TESTING: 0.8973091707852828
[43] VALIDATION: 0.9174311926605505 TESTING: 0.9038989566172433
[44] VALIDATION: 0.911697247706422 TESTING: 0.9055464030752334
[45] VALIDATION: 0.9128440366972477 TESTING: 0.9044481054365733
[46] VALIDATION: 0.9139908256880734 TESTING: 0.9077429983525536

Validation performance: 91.17 & 91.54 ± 0.2 & 91.74
Testing performance: 89.73 & 90.43 ± 0.31 & 90.77

[SST-2] Elapsed time: 1417.6105363488198 minutes.
