SLURM NODE: kn062

[TRIAL] 38 [VALIDATION PERFORMANCE] 0.9694626941075009 [TRAINING LOSS] 0.08850789768621325 [VALIDATION LOSS] 0.1577101149596274 

number                         			 38
value                          			 0.9694626941075009
params_attention_heads         			 5
params_batch_size              			 128
params_dropout_rate            			 0.12232200989360004
params_edge_threshold          			 0.58
params_hidden_dimension        			 39
params_learning_rate           			 0.0008829915716386434
params_node_threshold          			 0.8099999999999999
params_number_of_hidden_layers 			 2
params_weight_decay            			 0.0006154657655895834
user_attrs_duplicate           			 False
user_attrs_epoch               			 4.0
user_attrs_training_loss       			 0.08850789768621325
user_attrs_validation_loss     			 0.1577101149596274

[37] VALIDATION: 0.9510895618050803 TESTING: 0.9430215659725849
[38] VALIDATION: 0.9523712627094361 TESTING: 0.9394129144749692
[39] VALIDATION: 0.9520428877642804 TESTING: 0.9338865865835116
[40] VALIDATION: 0.9544895524375224 TESTING: 0.9372778552173134
[41] VALIDATION: 0.9542368958637559 TESTING: 0.9375775563608828
[42] VALIDATION: 0.9697464454569834 TESTING: 0.9378922541961215
[43] VALIDATION: 0.9659454835196807 TESTING: 0.9373489755099913
[44] VALIDATION: 0.9512662048690057 TESTING: 0.9404359003057329
[45] VALIDATION: 0.9530295361647967 TESTING: 0.9371922294280715
[46] VALIDATION: 0.9518310382279864 TESTING: 0.9376589159699524

Validation performance: 95.11 & 95.56 ± 0.66 & 96.97
Testing performance: 93.39 & 93.82 ± 0.24 & 94.3

[TRIAL] 40 [VALIDATION PERFORMANCE] 0.9680419250536636 [TRAINING LOSS] 0.060670493519864976 [VALIDATION LOSS] 0.15769106592051685 

number                         			 40
value                          			 0.9680419250536636
params_attention_heads         			 5
params_batch_size              			 128
params_dropout_rate            			 0.11658630998114217
params_edge_threshold          			 0.56
params_hidden_dimension        			 39
params_learning_rate           			 0.0006997453057409489
params_node_threshold          			 0.82
params_number_of_hidden_layers 			 2
params_weight_decay            			 0.00013796178291034688
user_attrs_duplicate           			 False
user_attrs_epoch               			 5.0
user_attrs_training_loss       			 0.060670493519864976
user_attrs_validation_loss     			 0.15769106592051685

[37] VALIDATION: 0.9504308524451305 TESTING: 0.9416447229790457
[38] VALIDATION: 0.9530295361647967 TESTING: 0.9401706706963775
[39] VALIDATION: 0.9563906943370795 TESTING: 0.9350077960442429
[40] VALIDATION: 0.9486459196533477 TESTING: 0.9360345540879884
[41] VALIDATION: 0.94935943335442 TESTING: 0.9423402945510494
[42] VALIDATION: 0.9507775978036546 TESTING: 0.9421655638622091
[43] VALIDATION: 0.9540041154711556 TESTING: 0.9449306581121281
[44] VALIDATION: 0.9488547499277853 TESTING: 0.9427514678001688
[45] VALIDATION: 0.9512053028005891 TESTING: 0.9443214711186192
[46] VALIDATION: 0.9599852864837519 TESTING: 0.9383805942909063

Validation performance: 94.86 & 95.23 ± 0.37 & 96.0
Testing performance: 93.5 & 94.08 ± 0.33 & 94.49

[TRIAL] 89 [VALIDATION PERFORMANCE] 0.9639108588484683 [TRAINING LOSS] 0.07446873188018799 [VALIDATION LOSS] 0.17842172210415205 

number                         			 89
value                          			 0.9639108588484683
params_attention_heads         			 6
params_batch_size              			 120
params_dropout_rate            			 0.1177977504794174
params_edge_threshold          			 0.5700000000000001
params_hidden_dimension        			 34
params_learning_rate           			 0.0003211958730854032
params_node_threshold          			 0.7899999999999999
params_number_of_hidden_layers 			 1
params_weight_decay            			 0.00027076496930015213
user_attrs_duplicate           			 False
user_attrs_epoch               			 6.0
user_attrs_training_loss       			 0.07446873188018799
user_attrs_validation_loss     			 0.17842172210415205

[37] VALIDATION: 0.9533594435164019 TESTING: 0.936188133052714
[38] VALIDATION: 0.9539789214624481 TESTING: 0.9434468454787435
[39] VALIDATION: 0.9542368958637559 TESTING: 0.9467277878135697
[40] VALIDATION: 0.9481288040753548 TESTING: 0.9443705354174585
[41] VALIDATION: 0.954566306208231 TESTING: 0.9449261353050538
[42] VALIDATION: 0.9422499283009056 TESTING: 0.9392056202462338
[43] VALIDATION: 0.9515923875331948 TESTING: 0.9356671812425799
[44] VALIDATION: 0.9514671402696464 TESTING: 0.9412868728549504
[45] VALIDATION: 0.9520775815663085 TESTING: 0.9425356551721606
[46] VALIDATION: 0.9663177539878086 TESTING: 0.9422329570538969

Validation performance: 94.22 & 95.28 ± 0.6 & 96.63
Testing performance: 93.57 & 94.17 ± 0.37 & 94.67

[R8] Elapsed time: 1982.2731031298638 minutes.
