SLURM NODE: kn063

[TRIAL] 0 [VALIDATION PERFORMANCE] 0.9254587155963303 [TRAINING LOSS] 0.22118631866546945 [VALIDATION LOSS] 0.29448101403457777 

number                         			 0
value                          			 0.9254587155963303
params_attention_heads         			 1
params_batch_size              			 64
params_dropout_rate            			 0.3
params_edge_threshold          			 0.8
params_hidden_dimension        			 128
params_learning_rate           			 0.001
params_node_threshold          			 0.95
params_number_of_hidden_layers 			 1
params_weight_decay            			 1e-06
user_attrs_duplicate           			 False
user_attrs_epoch               			 1.0
user_attrs_training_loss       			 0.22118631866546945
user_attrs_validation_loss     			 0.29448101403457777

[37] VALIDATION: 0.9105504587155964 TESTING: 0.900604063701263
[38] VALIDATION: 0.9025229357798165 TESTING: 0.8923668314113125
[39] VALIDATION: 0.9094036697247706 TESTING: 0.8901702361339923
[40] VALIDATION: 0.9105504587155964 TESTING: 0.9017023613399231
[41] VALIDATION: 0.9128440366972477 TESTING: 0.9033498077979132
[42] VALIDATION: 0.9139908256880734 TESTING: 0.9038989566172433
[43] VALIDATION: 0.908256880733945 TESTING: 0.9038989566172433
[44] VALIDATION: 0.9139908256880734 TESTING: 0.9017023613399231
[45] VALIDATION: 0.9094036697247706 TESTING: 0.9038989566172433
[46] VALIDATION: 0.9139908256880734 TESTING: 0.9044481054365733

Validation performance: 90.25 & 91.06 ± 0.35 & 91.4
Testing performance: 89.02 & 90.06 ± 0.51 & 90.44

[TRIAL] 74 [VALIDATION PERFORMANCE] 0.9231651376146789 [TRAINING LOSS] 0.37978151878085703 [VALIDATION LOSS] 0.24213759281805583 

number                         			 74
value                          			 0.9231651376146789
params_attention_heads         			 7
params_batch_size              			 64
params_dropout_rate            			 0.30130284205736374
params_edge_threshold          			 0.69
params_hidden_dimension        			 45
params_learning_rate           			 0.00014564618914896722
params_node_threshold          			 0.95
params_number_of_hidden_layers 			 1
params_weight_decay            			 1.471150414826445e-05
user_attrs_duplicate           			 False
user_attrs_epoch               			 1.0
user_attrs_training_loss       			 0.37978151878085703
user_attrs_validation_loss     			 0.24213759281805583

[37] VALIDATION: 0.9025229357798165 TESTING: 0.8956617243272927
[38] VALIDATION: 0.908256880733945 TESTING: 0.9017023613399231
[39] VALIDATION: 0.9048165137614679 TESTING: 0.9038989566172433
[40] VALIDATION: 0.8990825688073395 TESTING: 0.8962108731466227
[41] VALIDATION: 0.908256880733945 TESTING: 0.8934651290499726
[42] VALIDATION: 0.9094036697247706 TESTING: 0.900604063701263
[43] VALIDATION: 0.9002293577981652 TESTING: 0.900604063701263
[44] VALIDATION: 0.9048165137614679 TESTING: 0.8956617243272927
[45] VALIDATION: 0.911697247706422 TESTING: 0.8956617243272927
[46] VALIDATION: 0.9025229357798165 TESTING: 0.8978583196046128

Validation performance: 89.91 & 90.52 ± 0.42 & 91.17
Testing performance: 89.35 & 89.81 ± 0.34 & 90.39

[TRIAL] 1 [VALIDATION PERFORMANCE] 0.9231651376146789 [TRAINING LOSS] 0.4570210369628504 [VALIDATION LOSS] 0.24246819636651448 

number                         			 1
value                          			 0.9231651376146789
params_attention_heads         			 8
params_batch_size              			 64
params_dropout_rate            			 0.3
params_edge_threshold          			 0.5
params_hidden_dimension        			 64
params_learning_rate           			 0.0001
params_node_threshold          			 0.95
params_number_of_hidden_layers 			 1
params_weight_decay            			 0.0001
user_attrs_duplicate           			 False
user_attrs_epoch               			 1.0
user_attrs_training_loss       			 0.4570210369628504
user_attrs_validation_loss     			 0.24246819636651448

[37] VALIDATION: 0.9105504587155964 TESTING: 0.8989566172432729
[38] VALIDATION: 0.9025229357798165 TESTING: 0.9022515101592532
[39] VALIDATION: 0.9105504587155964 TESTING: 0.9082921471718836
[40] VALIDATION: 0.9048165137614679 TESTING: 0.8967600219659527
[41] VALIDATION: 0.9105504587155964 TESTING: 0.8984074684239429
[42] VALIDATION: 0.9002293577981652 TESTING: 0.8940142778693025
[43] VALIDATION: 0.908256880733945 TESTING: 0.9022515101592532
slurmstepd: error: *** JOB 3085933 ON kn063 CANCELLED AT 2026-04-13T04:47:49 ***
