SLURM NODE: kn051

[TRIAL] 38 [VALIDATION PERFORMANCE] 0.9694626941075009 [TRAINING LOSS] 0.08850789768621325 [VALIDATION LOSS] 0.1577101149596274 

number                         			 38
value                          			 0.9694626941075009
params_attention_heads         			 5
params_batch_size              			 128
params_dropout_rate            			 0.12232200989360004
params_edge_threshold          			 0.58
params_hidden_dimension        			 39
params_learning_rate           			 0.0008829915716386434
params_node_threshold          			 0.8099999999999999
params_number_of_hidden_layers 			 2
params_weight_decay            			 0.0006154657655895834
user_attrs_duplicate           			 False
user_attrs_epoch               			 4.0
user_attrs_training_loss       			 0.08850789768621325
user_attrs_validation_loss     			 0.1577101149596274

[37] VALIDATION: 0.9530724421473887 TESTING: 0.9386618097097666
[38] VALIDATION: 0.9355776678614738 TESTING: 0.940172368657734
[39] VALIDATION: 0.9695739660312945 TESTING: 0.9300512031051997
[40] VALIDATION: 0.9569757797954485 TESTING: 0.938635122732486
[41] VALIDATION: 0.9541257823358549 TESTING: 0.926945825201139
[42] VALIDATION: 0.9641146371047215 TESTING: 0.9335150507022866
[43] VALIDATION: 0.9468741210064433 TESTING: 0.9368506376470023
[44] VALIDATION: 0.9548348945217167 TESTING: 0.9268442104236112
[45] VALIDATION: 0.9324725027654969 TESTING: 0.937032188341237
[46] VALIDATION: 0.9653170596189142 TESTING: 0.9382294837367833

Validation performance: 93.25 & 95.33 ± 1.22 & 96.96
Testing performance: 92.68 & 93.47 ± 0.5 & 94.02

[TRIAL] 40 [VALIDATION PERFORMANCE] 0.9680419250536636 [TRAINING LOSS] 0.060670493519864976 [VALIDATION LOSS] 0.15769106592051685 

number                         			 40
value                          			 0.9680419250536636
params_attention_heads         			 5
params_batch_size              			 128
params_dropout_rate            			 0.11658630998114217
params_edge_threshold          			 0.56
params_hidden_dimension        			 39
params_learning_rate           			 0.0006997453057409489
params_node_threshold          			 0.82
params_number_of_hidden_layers 			 2
params_weight_decay            			 0.00013796178291034688
user_attrs_duplicate           			 False
user_attrs_epoch               			 5.0
user_attrs_training_loss       			 0.060670493519864976
user_attrs_validation_loss     			 0.15769106592051685

slurmstepd: error: *** JOB 2837583 ON kn051 CANCELLED AT 2026-04-03T11:30:01 DUE TO TIME LIMIT ***
