SLURM NODE: kn073

[TRIAL] 0 [VALIDATION PERFORMANCE] 0.9151515151515152 [TRAINING LOSS] 0.12278323387727141 [VALIDATION LOSS] 0.19778592636187872 

number                         			 0
value                          			 0.9151515151515152
params_attention_heads         			 1
params_batch_size              			 32
params_dropout_rate            			 0.3
params_edge_threshold          			 0.6
params_hidden_dimension        			 128
params_learning_rate           			 0.0001
params_node_threshold          			 0.9
params_number_of_hidden_layers 			 1
params_weight_decay            			 0.0001
user_attrs_duplicate           			 False
user_attrs_epoch               			 12.0
user_attrs_training_loss       			 0.12278323387727141
user_attrs_validation_loss     			 0.19778592636187872

[37] VALIDATION: 0.8363636363636363 TESTING: 0.817910447761194
[38] VALIDATION: 0.8424242424242424 TESTING: 0.808955223880597
[39] VALIDATION: 0.8303030303030303 TESTING: 0.8119402985074626
[40] VALIDATION: 0.7757575757575758 TESTING: 0.7880597014925373
[41] VALIDATION: 0.8787878787878788 TESTING: 0.8477611940298507
[42] VALIDATION: 0.806060606060606 TESTING: 0.8119402985074626
[43] VALIDATION: 0.8484848484848485 TESTING: 0.8238805970149253
[44] VALIDATION: 0.7696969696969697 TESTING: 0.746268656716418
[45] VALIDATION: 0.8666666666666667 TESTING: 0.844776119402985
[46] VALIDATION: 0.8727272727272727 TESTING: 0.844776119402985

Validation performance: 76.97 & 83.27 ± 3.82 & 87.88
Testing performance: 74.63 & 81.46 ± 3.06 & 84.78

[TRIAL] 1 [VALIDATION PERFORMANCE] 0.9151515151515152 [TRAINING LOSS] 0.12278323387727141 [VALIDATION LOSS] 0.19778592636187872 

number                         			 1
value                          			 0.9151515151515152
params_attention_heads         			 1
params_batch_size              			 32
params_dropout_rate            			 0.3
params_edge_threshold          			 0.6
params_hidden_dimension        			 128
params_learning_rate           			 0.0001
params_node_threshold          			 0.9
params_number_of_hidden_layers 			 1
params_weight_decay            			 1e-05
user_attrs_duplicate           			 False
user_attrs_epoch               			 12.0
user_attrs_training_loss       			 0.12278323387727141
user_attrs_validation_loss     			 0.19778592636187872

slurmstepd: error: *** JOB 3206374 ON kn073 CANCELLED AT 2026-04-21T03:50:42 ***
