SLURM NODE: kn062

[TRIAL] 38 [VALIDATION PERFORMANCE] 0.9694626941075009 [TRAINING LOSS] 0.08850789768621325 [VALIDATION LOSS] 0.1577101149596274 

number                         			 38
value                          			 0.9694626941075009
params_attention_heads         			 5
params_batch_size              			 128
params_dropout_rate            			 0.12232200989360004
params_edge_threshold          			 0.58
params_hidden_dimension        			 39
params_learning_rate           			 0.0008829915716386434
params_node_threshold          			 0.8099999999999999
params_number_of_hidden_layers 			 2
params_weight_decay            			 0.0006154657655895834
user_attrs_duplicate           			 False
user_attrs_epoch               			 4.0
user_attrs_training_loss       			 0.08850789768621325
user_attrs_validation_loss     			 0.1577101149596274

[37] VALIDATION: 0.948333139754111 TESTING: 0.9352511710873289
[38] VALIDATION: 0.9412385775477976 TESTING: 0.9420870727778301
[39] VALIDATION: 0.9509775593042389 TESTING: 0.9331777236580758
[40] VALIDATION: 0.9418317977020036 TESTING: 0.9350954216455531
[41] VALIDATION: 0.9502257160748566 TESTING: 0.939380667329391
[42] VALIDATION: 0.9494298331666948 TESTING: 0.9373021900819922
[43] VALIDATION: 0.9502306726279492 TESTING: 0.9381352666392622
[44] VALIDATION: 0.9438657776883445 TESTING: 0.9403094564893848
[45] VALIDATION: 0.9477275125161677 TESTING: 0.9395868094422934
[46] VALIDATION: 0.9312279682792585 TESTING: 0.9367082215324811

Validation performance: 93.12 & 94.55 ± 0.62 & 95.1
Testing performance: 93.32 & 93.77 ± 0.27 & 94.21

[TRIAL] 40 [VALIDATION PERFORMANCE] 0.9680419250536636 [TRAINING LOSS] 0.060670493519864976 [VALIDATION LOSS] 0.15769106592051685 

number                         			 40
value                          			 0.9680419250536636
params_attention_heads         			 5
params_batch_size              			 128
params_dropout_rate            			 0.11658630998114217
params_edge_threshold          			 0.56
params_hidden_dimension        			 39
params_learning_rate           			 0.0006997453057409489
params_node_threshold          			 0.82
params_number_of_hidden_layers 			 2
params_weight_decay            			 0.00013796178291034688
user_attrs_duplicate           			 False
user_attrs_epoch               			 5.0
user_attrs_training_loss       			 0.060670493519864976
user_attrs_validation_loss     			 0.15769106592051685

[37] VALIDATION: 0.9509517109611392 TESTING: 0.9347391512084007
[38] VALIDATION: 0.9412175243377743 TESTING: 0.9375773221088195
[39] VALIDATION: 0.9501850103681695 TESTING: 0.9410666471092082
[40] VALIDATION: 0.9508960484938653 TESTING: 0.9339094736859381
[41] VALIDATION: 0.9506885403648089 TESTING: 0.9411625484326337
[42] VALIDATION: 0.9489620670836965 TESTING: 0.9391541150734937
[43] VALIDATION: 0.9449264450986239 TESTING: 0.9405532786224147
[44] VALIDATION: 0.9418389271449572 TESTING: 0.919901822630997
[45] VALIDATION: 0.9470665907143394 TESTING: 0.9396724389045104
[46] VALIDATION: 0.9381330044621641 TESTING: 0.9309111368792123

Validation performance: 93.81 & 94.65 ± 0.47 & 95.1
Testing performance: 91.99 & 93.59 ± 0.66 & 94.12

[TRIAL] 89 [VALIDATION PERFORMANCE] 0.9639108588484683 [TRAINING LOSS] 0.07446873188018799 [VALIDATION LOSS] 0.17842172210415205 

number                         			 89
value                          			 0.9639108588484683
params_attention_heads         			 6
params_batch_size              			 120
params_dropout_rate            			 0.1177977504794174
params_edge_threshold          			 0.5700000000000001
params_hidden_dimension        			 34
params_learning_rate           			 0.0003211958730854032
params_node_threshold          			 0.7899999999999999
params_number_of_hidden_layers 			 1
params_weight_decay            			 0.00027076496930015213
user_attrs_duplicate           			 False
user_attrs_epoch               			 6.0
user_attrs_training_loss       			 0.07446873188018799
user_attrs_validation_loss     			 0.17842172210415205

[37] VALIDATION: 0.9529793986134998 TESTING: 0.9412638032029946
[38] VALIDATION: 0.9346293309773981 TESTING: 0.9380034356675537
[39] VALIDATION: 0.9580014165988511 TESTING: 0.9381656287089701
[40] VALIDATION: 0.9488372043154979 TESTING: 0.9427926360101426
[41] VALIDATION: 0.9540559330534086 TESTING: 0.9411971098213047
[42] VALIDATION: 0.9485663202921426 TESTING: 0.9330667484044997
[43] VALIDATION: 0.9423275556046287 TESTING: 0.9409091894093098
[44] VALIDATION: 0.9553756981024446 TESTING: 0.9419948426055483
[45] VALIDATION: 0.9428468273882911 TESTING: 0.9391131450628429
[46] VALIDATION: 0.9416831757009883 TESTING: 0.9414111787322401

Validation performance: 93.46 & 94.79 ± 0.74 & 95.8
Testing performance: 93.31 & 93.98 ± 0.29 & 94.28

[R8] Elapsed time: 1764.910751569271 minutes.
