SLURM NODE: kn069

[TRIAL] 38 [VALIDATION PERFORMANCE] 0.9694626941075009 [TRAINING LOSS] 0.08850789768621325 [VALIDATION LOSS] 0.1577101149596274 

number                         			 38
value                          			 0.9694626941075009
params_attention_heads         			 5
params_batch_size              			 128
params_dropout_rate            			 0.12232200989360004
params_edge_threshold          			 0.58
params_hidden_dimension        			 39
params_learning_rate           			 0.0008829915716386434
params_node_threshold          			 0.8099999999999999
params_number_of_hidden_layers 			 2
params_weight_decay            			 0.0006154657655895834
user_attrs_duplicate           			 False
user_attrs_epoch               			 4.0
user_attrs_training_loss       			 0.08850789768621325
user_attrs_validation_loss     			 0.1577101149596274

[37] VALIDATION: 0.9575321559554804 TESTING: 0.9434515720064331
[38] VALIDATION: 0.9479246872767508 TESTING: 0.944313456698382
[39] VALIDATION: 0.9492260584861731 TESTING: 0.9415754921964309
[40] VALIDATION: 0.9405846127391599 TESTING: 0.940034661163043
[41] VALIDATION: 0.9501316069695989 TESTING: 0.9439966650573088
[42] VALIDATION: 0.9509733583057256 TESTING: 0.9396178121385148
[43] VALIDATION: 0.9488517008175932 TESTING: 0.9438028422799831
[44] VALIDATION: 0.9502382614600553 TESTING: 0.9434667362573391
[45] VALIDATION: 0.946654469104155 TESTING: 0.9441553360264918
[46] VALIDATION: 0.9371640570621997 TESTING: 0.9427851023705682

Validation performance: 93.72 & 94.79 ± 0.56 & 95.75
Testing performance: 93.96 & 94.27 ± 0.17 & 94.43

[TRIAL] 40 [VALIDATION PERFORMANCE] 0.9680419250536636 [TRAINING LOSS] 0.060670493519864976 [VALIDATION LOSS] 0.15769106592051685 

number                         			 40
value                          			 0.9680419250536636
params_attention_heads         			 5
params_batch_size              			 128
params_dropout_rate            			 0.11658630998114217
params_edge_threshold          			 0.56
params_hidden_dimension        			 39
params_learning_rate           			 0.0006997453057409489
params_node_threshold          			 0.82
params_number_of_hidden_layers 			 2
params_weight_decay            			 0.00013796178291034688
user_attrs_duplicate           			 False
user_attrs_epoch               			 5.0
user_attrs_training_loss       			 0.060670493519864976
user_attrs_validation_loss     			 0.15769106592051685

[37] VALIDATION: 0.9585482345991103 TESTING: 0.9422095265654682
[38] VALIDATION: 0.9449152345182574 TESTING: 0.9448032646426034
[39] VALIDATION: 0.9504078729283925 TESTING: 0.9377021660656679
[40] VALIDATION: 0.9542341340098953 TESTING: 0.9465933503243461
[41] VALIDATION: 0.9613001734787762 TESTING: 0.9417585140760787
[42] VALIDATION: 0.9540863339438155 TESTING: 0.941405684612299
[43] VALIDATION: 0.941262616247317 TESTING: 0.9451472826226661
[44] VALIDATION: 0.9455546137587748 TESTING: 0.9436509444674382
[45] VALIDATION: 0.9464665571221813 TESTING: 0.940758371683442
[46] VALIDATION: 0.9511825640700391 TESTING: 0.9406649804408821

Validation performance: 94.13 & 95.08 ± 0.64 & 96.13
Testing performance: 93.77 & 94.25 ± 0.26 & 94.66

[TRIAL] 89 [VALIDATION PERFORMANCE] 0.9639108588484683 [TRAINING LOSS] 0.07446873188018799 [VALIDATION LOSS] 0.17842172210415205 

number                         			 89
value                          			 0.9639108588484683
params_attention_heads         			 6
params_batch_size              			 120
params_dropout_rate            			 0.1177977504794174
params_edge_threshold          			 0.5700000000000001
params_hidden_dimension        			 34
params_learning_rate           			 0.0003211958730854032
params_node_threshold          			 0.7899999999999999
params_number_of_hidden_layers 			 1
params_weight_decay            			 0.00027076496930015213
user_attrs_duplicate           			 False
user_attrs_epoch               			 6.0
user_attrs_training_loss       			 0.07446873188018799
user_attrs_validation_loss     			 0.17842172210415205

[37] VALIDATION: 0.9512170902273128 TESTING: 0.934560392846487
[38] VALIDATION: 0.9456698246576617 TESTING: 0.9396757231248869
[39] VALIDATION: 0.9542805850913245 TESTING: 0.9368272861530621
[40] VALIDATION: 0.949531002750686 TESTING: 0.94111980649265
[41] VALIDATION: 0.9501842847060384 TESTING: 0.93389653253585
[42] VALIDATION: 0.9570860063493865 TESTING: 0.9377809566041462
[43] VALIDATION: 0.9557654853414472 TESTING: 0.9453692586268705
[44] VALIDATION: 0.9537765532996064 TESTING: 0.9428170403670473
[45] VALIDATION: 0.9424087046874795 TESTING: 0.9386658394310818
slurmstepd: error: *** JOB 3086197 ON kn069 CANCELLED AT 2026-04-13T04:46:23 ***
